1996
Aaliyah(Girl): 335
Aaron(Boy): 34
Abbey(Girl): 452
Abbie(Girl): 642
Abbigail(Girl): 760
Abby(Girl): 208
Abdul(Boy): 947
Abdullah(Boy): 974
Abel(Boy): 387
Abigail(Girl): 32
Abraham(Boy): 227
Abram(Boy): 878
Adam(Boy): 39
Adan(Boy): 512
Addison(Boy): 544
Addison(Girl): 547
Adolfo(Boy): 644
Adonis(Boy): 830
Adrian(Boy): 92
Adrian(Girl): 912
Adriana(Girl): 153
Adrianna(Girl): 277
Adrienne(Girl): 439
Agustin(Boy): 613
Ahmad(Boy): 520
Ahmed(Boy): 572
Aidan(Boy): 258
Aiden(Boy): 824
Aileen(Girl): 704
Aimee(Girl): 390
Aisha(Girl): 564
Aja(Girl): 822
Akeem(Boy): 902
Alaina(Girl): 384
Alan(Boy): 144
Alana(Girl): 242
Alanna(Girl): 462
Alayna(Girl): 631
Albert(Boy): 231
Alberto(Boy): 236
Alden(Boy): 914
Aldo(Boy): 713
Aleah(Girl): 708
Alec(Boy): 117
Alecia(Girl): 866
Alejandra(Girl): 160
Alejandro(Boy): 107
Alek(Boy): 953
Alena(Girl): 799
Alesha(Girl): 961
Alessandra(Girl): 786
Alex(Boy): 54
Alex(Girl): 636
Alexa(Girl): 100
Alexander(Boy): 22
Alexandra(Girl): 26
Alexandre(Boy): 967
Alexandrea(Girl): 545
Alexandria(Girl): 76
Alexandro(Boy): 826
Alexia(Girl): 266
Alexis(Boy): 180
Alexis(Girl): 8
Alexus(Girl): 178
Alfonso(Boy): 442
Alfred(Boy): 496
Alfredo(Boy): 273
Ali(Boy): 424
Ali(Girl): 676
Alia(Girl): 934
Alice(Girl): 430
Alicia(Girl): 91
Alina(Girl): 559
Alisa(Girl): 561
Alisha(Girl): 240
Alison(Girl): 166
Alissa(Girl): 267
Alivia(Girl): 995
Aliyah(Girl): 391
Alize(Girl): 748
Allan(Boy): 481
Allen(Boy): 212
Allie(Girl): 438
Allison(Girl): 38
Allyson(Girl): 232
Allyssa(Girl): 731
Alma(Girl): 448
Alondra(Girl): 157
Alonso(Boy): 765
Alonzo(Boy): 509
Alton(Boy): 948
Alvaro(Boy): 576
Alvin(Boy): 451
Alycia(Girl): 755
Alysa(Girl): 839
Alysha(Girl): 627
Alysia(Girl): 746
Alyson(Girl): 396
Alyssa(Girl): 23
Alyssia(Girl): 950
Amanda(Girl): 13
Amani(Girl): 828
Amari(Girl): 888
Amber(Girl): 27
Amelia(Girl): 222
Amir(Boy): 536
Amos(Boy): 982
Amy(Girl): 88
Ana(Girl): 141
Anastasia(Girl): 327
Anderson(Boy): 808
Andre(Boy): 172
Andrea(Girl): 61
Andreas(Boy): 908
Andres(Boy): 161
Andrew(Boy): 10
Andy(Boy): 235
Anfernee(Boy): 597
Angel(Boy): 102
Angel(Girl): 162
Angela(Girl): 90
Angelica(Girl): 97
Angelina(Girl): 310
Angelique(Girl): 455
Angelo(Boy): 333
Angie(Girl): 643
Anika(Girl): 811
Anissa(Girl): 711
Anita(Girl): 582
Anjelica(Girl): 951
Ann(Girl): 397
Anna(Girl): 33
Annabelle(Girl): 924
Annamarie(Girl): 889
Anne(Girl): 219
Annette(Girl): 717
Annie(Girl): 292
Annika(Girl): 667
Ansley(Girl): 957
Anthony(Boy): 19
Antoine(Boy): 558
Antoinette(Girl): 644
Anton(Boy): 720
Antonia(Girl): 395
Antonio(Boy): 80
Antony(Boy): 775
Antwan(Boy): 730
April(Girl): 177
Araceli(Girl): 595
Ari(Boy): 791
Ariana(Girl): 156
Arianna(Girl): 214
Aric(Boy): 821
Ariel(Boy): 463
Ariel(Girl): 163
Arielle(Girl): 419
Arlene(Girl): 706
Armand(Boy): 949
Armando(Boy): 222
Armani(Boy): 738
Arnold(Boy): 681
Aron(Boy): 575
Arron(Boy): 772
Arthur(Boy): 276
Arturo(Boy): 265
Asa(Boy): 846
Asha(Girl): 890
Ashanti(Girl): 691
Asher(Boy): 776
Ashlee(Girl): 202
Ashleigh(Girl): 238
Ashley(Girl): 3
Ashli(Girl): 768
Ashlie(Girl): 678
Ashly(Girl): 756
Ashlyn(Girl): 227
Ashlynn(Girl): 513
Ashton(Boy): 327
Ashton(Girl): 315
Asia(Girl): 200
Aspen(Girl): 629
Astrid(Girl): 974
Athena(Girl): 688
Aubree(Girl): 918
Aubrey(Boy): 742
Aubrey(Girl): 258
Audra(Girl): 894
Audrey(Girl): 164
August(Boy): 709
Augustus(Boy): 942
Aurora(Girl): 632
Austen(Boy): 423
Austin(Boy): 9
Auston(Boy): 894
Austyn(Boy): 629
Autumn(Girl): 104
Ava(Girl): 739
Avery(Boy): 251
Avery(Girl): 486
Axel(Boy): 859
Ayana(Girl): 819
Ayanna(Girl): 659
Ayla(Girl): 847
Baby(Boy): 637
Baby(Girl): 898
Bailee(Girl): 479
Bailey(Boy): 200
Bailey(Girl): 85
Barbara(Girl): 402
Barrett(Boy): 909
Barry(Boy): 552
Baylee(Girl): 331
Beatrice(Girl): 913
Beatriz(Girl): 597
Beau(Boy): 425
Belinda(Girl): 971
Ben(Boy): 580
Benito(Boy): 755
Benjamin(Boy): 29
Bennett(Boy): 565
Benny(Boy): 801
Berenice(Girl): 752
Bernard(Boy): 566
Bernardo(Boy): 725
Beth(Girl): 837
Bethany(Girl): 117
Betty(Girl): 919
Beverly(Girl): 782
Bianca(Girl): 123
Billie(Girl): 952
Billy(Boy): 286
Blaine(Boy): 506
Blair(Girl): 665
Blaise(Boy): 977
Blake(Boy): 84
Blake(Girl): 991
Blanca(Girl): 519
Bo(Boy): 769
Bobbi(Girl): 835
Bobbie(Girl): 753
Bobby(Boy): 289
Bonnie(Girl): 590
Brad(Boy): 499
Braden(Boy): 277
Bradford(Boy): 727
Bradley(Boy): 83
Bradly(Boy): 841
Brady(Boy): 176
Braeden(Boy): 827
Brandan(Boy): 701
Branden(Boy): 288
Brandi(Girl): 161
Brandie(Girl): 842
Brandon(Boy): 8
Brandy(Girl): 215
Brandyn(Boy): 757
Branson(Boy): 998
Brant(Boy): 957
Braxton(Boy): 397
Brayan(Boy): 843
Brayden(Boy): 388
Braydon(Boy): 892
Breana(Girl): 381
Breann(Girl): 709
Breanna(Girl): 74
Breanne(Girl): 571
Brenda(Girl): 132
Brendan(Boy): 131
Brenden(Boy): 293
Brendon(Boy): 349
Brenna(Girl): 247
Brennan(Boy): 297
Brennen(Boy): 655
Brennon(Boy): 924
Brent(Boy): 226
Brenton(Boy): 573
Breonna(Girl): 773
Bret(Boy): 545
Brett(Boy): 110
Bria(Girl): 389
Brian(Boy): 36
Briana(Girl): 72
Brianna(Girl): 17
Brianne(Girl): 398
Brice(Boy): 600
Bridget(Girl): 192
Bridgette(Girl): 577
Brielle(Girl): 615
Brionna(Girl): 740
Britney(Girl): 382
Brittani(Girl): 538
Brittany(Girl): 14
Brittney(Girl): 115
Brittni(Girl): 914
Brock(Boy): 299
Broderick(Boy): 822
Brody(Boy): 395
Bronson(Boy): 847
Brook(Girl): 694
Brooke(Girl): 45
Brooklyn(Girl): 286
Brooklynn(Girl): 769
Brooks(Boy): 662
Bruce(Boy): 364
Bruno(Boy): 999
Bryan(Boy): 66
Bryana(Girl): 796
Bryanna(Girl): 363
Bryant(Boy): 308
Bryce(Boy): 120
Bryon(Boy): 968
Bryson(Boy): 351
Byron(Boy): 410
Cade(Boy): 493
Caden(Boy): 633
Cain(Boy): 958
Caitlin(Girl): 84
Caitlyn(Girl): 138
Caitlynn(Girl): 975
Cale(Boy): 915
Caleb(Boy): 48
Callie(Girl): 318
Calvin(Boy): 183
Camden(Boy): 684
Cameron(Boy): 49
Cameron(Girl): 517
Camille(Girl): 300
Camron(Boy): 786
Candace(Girl): 362
Candice(Girl): 415
Cara(Girl): 325
Carina(Girl): 417
Carissa(Girl): 373
Carl(Boy): 250
Carla(Girl): 360
Carlee(Girl): 674
Carley(Girl): 376
Carli(Girl): 622
Carlie(Girl): 491
Carlo(Boy): 885
Carlos(Boy): 67
Carlton(Boy): 616
Carly(Girl): 124
Carmen(Girl): 321
Carol(Girl): 565
Carolina(Girl): 275
Caroline(Girl): 78
Carolyn(Girl): 233
Carrie(Girl): 319
Carson(Boy): 275
Carson(Girl): 812
Carter(Boy): 243
Casandra(Girl): 572
Casey(Boy): 142
Casey(Girl): 121
Cassandra(Girl): 89
Cassidy(Girl): 109
Cassie(Girl): 403
Catalina(Girl): 858
Catherine(Girl): 94
Cayla(Girl): 535
Cecelia(Girl): 743
Cecil(Boy): 884
Cecilia(Girl): 269
Cedric(Boy): 399
Cedrick(Boy): 920
Celeste(Girl): 243
Celia(Girl): 662
Celina(Girl): 630
Celine(Girl): 774
Cesar(Boy): 170
Chad(Boy): 160
Chadwick(Boy): 983
Chaim(Boy): 860
Chance(Boy): 154
Chandler(Boy): 157
Chandler(Girl): 485
Chanel(Girl): 560
Chantal(Girl): 824
Chantel(Girl): 506
Charity(Girl): 487
Charlene(Girl): 728
Charles(Boy): 43
Charlie(Boy): 476
Charlotte(Girl): 302
Chase(Boy): 76
Chase(Girl): 884
Chasity(Girl): 459
Chaya(Girl): 925
Chaz(Boy): 601
Chelsea(Girl): 55
Chelsey(Girl): 224
Chelsie(Girl): 474
Cheryl(Girl): 809
Cheyanne(Girl): 307
Cheyenne(Girl): 69
China(Girl): 992
Chloe(Girl): 112
Chris(Boy): 414
Christa(Girl): 504
Christen(Girl): 793
Christian(Boy): 24
Christian(Girl): 374
Christiana(Girl): 695
Christie(Girl): 903
Christin(Girl): 978
Christina(Girl): 57
Christine(Girl): 135
Christopher(Boy): 4
Christy(Girl): 460
Chyna(Girl): 953
Chynna(Girl): 833
Ciara(Girl): 205
Ciera(Girl): 467
Cierra(Girl): 187
Cindy(Girl): 195
Cinthia(Girl): 942
Claire(Girl): 116
Clara(Girl): 400
Clare(Girl): 526
Clarence(Boy): 528
Clarissa(Girl): 244
Clark(Boy): 641
Claudia(Girl): 173
Clay(Boy): 370
Clayton(Boy): 149
Clifford(Boy): 539
Clifton(Boy): 695
Clint(Boy): 611
Clinton(Boy): 516
Clyde(Boy): 959
Coby(Boy): 731
Codey(Boy): 788
Codie(Boy): 886
Cody(Boy): 31
Colby(Boy): 225
Cole(Boy): 106
Coleman(Boy): 547
Colin(Boy): 126
Colleen(Girl): 272
Collin(Boy): 115
Colt(Boy): 669
Colten(Boy): 500
Colton(Boy): 105
Conner(Boy): 199
Connie(Girl): 800
Connor(Boy): 53
Conor(Boy): 318
Conrad(Boy): 673
Constance(Girl): 843
Cooper(Boy): 362
Cora(Girl): 675
Corbin(Boy): 419
Cordell(Boy): 595
Corey(Boy): 94
Cori(Girl): 867
Corina(Girl): 761
Corinne(Girl): 587
Cornelius(Boy): 675
Cortez(Boy): 732
Cortney(Girl): 509
Cory(Boy): 143
Coty(Boy): 784
Courtney(Boy): 657
Courtney(Girl): 21
Craig(Boy): 247
Cristal(Girl): 463
Cristian(Boy): 130
Cristina(Girl): 246
Cristobal(Boy): 950
Cristopher(Boy): 751
Cruz(Boy): 715
Crystal(Girl): 92
Cullen(Boy): 518
Curtis(Boy): 191
Cydney(Girl): 926
Cynthia(Girl): 101
Cyrus(Boy): 733
Daija(Girl): 808
Daijah(Girl): 976
Daisha(Girl): 698
Daisy(Girl): 125
Daja(Girl): 830
Dakoda(Boy): 932
Dakota(Boy): 58
Dakota(Girl): 273
Dakotah(Boy): 835
Dale(Boy): 412
Dalia(Girl): 687
Dallas(Boy): 233
Dallas(Girl): 536
Dallin(Boy): 779
Dalton(Boy): 99
Dalvin(Boy): 975
Damaris(Girl): 877
Damian(Boy): 214
Damien(Boy): 313
Damion(Boy): 486
Damon(Boy): 279
Dan(Boy): 828
Dana(Boy): 861
Dana(Girl): 174
Dandre(Boy): 537
Dane(Boy): 435
Dangelo(Boy): 389
Dania(Girl): 764
Daniel(Boy): 11
Daniela(Girl): 253
Daniella(Girl): 434
Danielle(Girl): 29
Danny(Boy): 245
Dante(Boy): 283
Daphne(Girl): 834
Daquan(Boy): 441
Darby(Girl): 543
Darian(Boy): 420
Darian(Girl): 498
Darien(Boy): 548
Darin(Boy): 686
Dario(Boy): 960
Darion(Boy): 617
Darius(Boy): 182
Darlene(Girl): 744
Darnell(Boy): 507
Daron(Boy): 984
Darrell(Boy): 383
Darren(Boy): 253
Darrian(Boy): 895
Darrin(Boy): 671
Darrion(Boy): 758
Darrius(Boy): 646
Darryl(Boy): 431
Daryl(Boy): 609
Dashawn(Boy): 574
Dasia(Girl): 765
David(Boy): 13
Davin(Boy): 893
Davion(Boy): 687
Davis(Boy): 409
Davon(Boy): 464
Davonte(Boy): 679
Dawn(Girl): 792
Dawson(Boy): 759
Dayna(Girl): 878
Dayton(Boy): 623
Dean(Boy): 312
Deandre(Boy): 269
Deangelo(Boy): 490
Deanna(Girl): 210
Deborah(Girl): 410
Debra(Girl): 870
Deion(Boy): 411
Deja(Girl): 182
Dejah(Girl): 982
Dejuan(Boy): 925
Delaney(Girl): 264
Demarco(Boy): 862
Demarcus(Boy): 511
Demetrius(Boy): 338
Demi(Girl): 645
Denise(Girl): 230
Denisse(Girl): 935
Dennis(Boy): 203
Denver(Boy): 903
Denzel(Boy): 472
Deon(Boy): 513
Deondre(Boy): 802
Deonta(Boy): 1000
Deonte(Boy): 491
Dequan(Boy): 682
Derek(Boy): 101
Derick(Boy): 563
Derrick(Boy): 169
Deshaun(Boy): 803
Deshawn(Boy): 453
Desirae(Girl): 524
Desiree(Girl): 144
Desmond(Boy): 375
Destin(Boy): 794
Destinee(Girl): 312
Destiney(Girl): 616
Destini(Girl): 658
Destiny(Girl): 56
Devan(Boy): 421
Devan(Girl): 807
Devante(Boy): 357
Deven(Boy): 540
Devin(Boy): 59
Devin(Girl): 393
Devon(Boy): 127
Devon(Girl): 404
Devonta(Boy): 702
Devontae(Boy): 928
Devonte(Boy): 356
Devyn(Boy): 614
Devyn(Girl): 804
Dewayne(Boy): 873
Dexter(Boy): 585
Diamond(Girl): 179
Diana(Girl): 107
Diane(Girl): 584
Dianna(Girl): 820
Diego(Boy): 218
Dillan(Boy): 688
Dillion(Boy): 817
Dillon(Boy): 121
Dimitri(Boy): 766
Dina(Girl): 931
Dion(Boy): 560
Dionte(Boy): 933
Domenic(Boy): 926
Dominic(Boy): 135
Dominick(Boy): 290
Dominik(Boy): 985
Dominique(Boy): 345
Dominique(Girl): 122
Domonique(Girl): 901
Don(Boy): 694
Donald(Boy): 158
Donavan(Boy): 763
Donna(Girl): 554
Donnell(Boy): 848
Donnie(Boy): 804
Donovan(Boy): 246
Dontae(Boy): 719
Donte(Boy): 436
Dorian(Boy): 517
Dorothy(Girl): 638
Douglas(Boy): 181
Drake(Boy): 305
Draven(Boy): 852
Drew(Boy): 163
Drew(Girl): 732
Duane(Boy): 692
Dulce(Girl): 682
Duncan(Boy): 444
Dustin(Boy): 78
Dusty(Boy): 760
Dwayne(Boy): 459
Dwight(Boy): 636
Dylan(Boy): 33
Dyllan(Boy): 986
Dylon(Boy): 810
Earl(Boy): 571
Easton(Boy): 842
Eboni(Girl): 962
Ebony(Girl): 346
Eddie(Boy): 319
Eddy(Boy): 939
Eden(Girl): 639
Edgar(Boy): 148
Edgardo(Boy): 940
Edith(Girl): 569
Edmund(Boy): 978
Eduardo(Boy): 123
Edward(Boy): 95
Edwin(Boy): 196
Efrain(Boy): 527
Efren(Boy): 789
Eileen(Girl): 613
Elaina(Girl): 635
Elaine(Girl): 470
Eleanor(Girl): 492
Elena(Girl): 301
Eli(Boy): 309
Eliana(Girl): 885
Elias(Boy): 292
Eliezer(Boy): 943
Elijah(Boy): 81
Elisa(Girl): 442
Elisabeth(Girl): 367
Elise(Girl): 305
Eliseo(Boy): 910
Elisha(Boy): 697
Elisha(Girl): 879
Elissa(Girl): 779
Eliza(Girl): 465
Elizabeth(Girl): 10
Ella(Girl): 600
Ellen(Girl): 245
Ellie(Girl): 610
Elliot(Boy): 477
Elliott(Boy): 501
Ellis(Boy): 780
Elmer(Boy): 723
Elsa(Girl): 871
Elvis(Boy): 781
Elyse(Girl): 907
Elyssa(Girl): 862
Emanuel(Boy): 352
Emely(Girl): 633
Emerald(Girl): 844
Emerson(Boy): 987
Emilee(Girl): 350
Emilia(Girl): 880
Emilie(Girl): 475
Emilio(Boy): 337
Emily(Girl): 1
Emma(Girl): 53
Emmanuel(Boy): 211
Emmett(Boy): 863
Enrique(Boy): 228
Eric(Boy): 35
Erica(Girl): 79
Erich(Boy): 856
Erick(Boy): 188
Ericka(Girl): 540
Erik(Boy): 122
Erika(Girl): 106
Erin(Boy): 916
Erin(Girl): 51
Ernest(Boy): 438
Ernesto(Boy): 334
Ervin(Boy): 904
Eryn(Girl): 973
Esmeralda(Girl): 359
Esperanza(Girl): 729
Essence(Girl): 544
Esteban(Boy): 339
Estefania(Girl): 592
Estefany(Girl): 954
Estevan(Boy): 685
Esther(Girl): 320
Ethan(Boy): 62
Eugene(Boy): 450
Eva(Girl): 348
Evan(Boy): 65
Evelyn(Girl): 188
Everett(Boy): 618
Ezekiel(Boy): 521
Ezequiel(Boy): 561
Ezra(Boy): 556
Fabian(Boy): 328
Fabiola(Girl): 683
Faith(Girl): 149
Fatima(Girl): 552
Felicia(Girl): 265
Felipe(Boy): 447
Felix(Boy): 380
Fernanda(Girl): 983
Fernando(Boy): 178
Fidel(Boy): 818
Fiona(Girl): 608
Floyd(Boy): 961
Forrest(Boy): 492
Frances(Girl): 461
Francesca(Girl): 353
Francesco(Boy): 969
Francis(Boy): 386
Francisco(Boy): 132
Frank(Boy): 162
Frankie(Boy): 627
Franklin(Boy): 350
Fred(Boy): 652
Freddie(Boy): 756
Freddy(Boy): 569
Frederick(Boy): 325
Fredrick(Boy): 586
Gabriel(Boy): 61
Gabriel(Girl): 868
Gabriela(Girl): 131
Gabriella(Girl): 139
Gabrielle(Girl): 54
Gage(Boy): 201
Galen(Boy): 917
Garett(Boy): 850
Garret(Boy): 479
Garrett(Boy): 85
Garrison(Boy): 752
Gary(Boy): 202
Gavin(Boy): 192
Gene(Boy): 838
Genesis(Girl): 282
Genevieve(Girl): 514
Geoffrey(Boy): 503
George(Boy): 118
Georgia(Girl): 583
Gerald(Boy): 322
Gerard(Boy): 761
Gerardo(Boy): 205
German(Boy): 647
Giancarlo(Boy): 990
Gianna(Girl): 401
Gilbert(Boy): 465
Gilberto(Boy): 460
Gillian(Girl): 603
Gina(Girl): 235
Gino(Boy): 753
Giovanna(Girl): 964
Giovanni(Boy): 237
Giselle(Girl): 624
Gladys(Girl): 766
Glen(Boy): 649
Glenn(Boy): 455
Gloria(Girl): 308
Gonzalo(Boy): 790
Gordon(Boy): 549
Grace(Girl): 95
Graciela(Girl): 770
Grady(Boy): 831
Graham(Boy): 404
Grant(Boy): 119
Grayson(Boy): 401
Gregorio(Boy): 857
Gregory(Boy): 98
Gretchen(Girl): 721
Greyson(Boy): 811
Griffin(Boy): 281
Griselda(Girl): 996
Guadalupe(Boy): 631
Guadalupe(Girl): 218
Guillermo(Boy): 353
Gunnar(Boy): 553
Gunner(Boy): 812
Gustavo(Boy): 296
Guy(Boy): 767
Gwendolyn(Girl): 749
Hailee(Girl): 478
Hailey(Girl): 93
Hakeem(Boy): 680
Haleigh(Girl): 388
Haley(Girl): 30
Hali(Girl): 872
Halie(Girl): 527
Halle(Girl): 607
Hallie(Girl): 499
Hana(Girl): 891
Hanna(Girl): 206
Hannah(Girl): 7
Harley(Boy): 390
Harley(Girl): 368
Harold(Boy): 440
Harrison(Boy): 209
Harry(Boy): 456
Harvey(Boy): 962
Hassan(Boy): 737
Haven(Girl): 939
Hayden(Boy): 168
Haylee(Girl): 358
Hayley(Girl): 120
Haylie(Girl): 838
Heath(Boy): 642
Heather(Girl): 71
Heaven(Girl): 586
Hector(Boy): 173
Heidi(Girl): 290
Helen(Girl): 313
Helena(Girl): 646
Henry(Boy): 139
Herbert(Boy): 745
Heriberto(Boy): 762
Herman(Boy): 796
Hernan(Boy): 813
Hillary(Girl): 693
Holden(Boy): 567
Hollie(Girl): 815
Holly(Girl): 130
Hope(Girl): 186
Houston(Boy): 635
Howard(Boy): 589
Hudson(Boy): 650
Hugh(Boy): 768
Hugo(Boy): 432
Humberto(Boy): 543
Hunter(Boy): 47
Hunter(Girl): 354
Ian(Boy): 70
Ibrahim(Boy): 743
Iesha(Girl): 757
Ignacio(Boy): 659
Imani(Girl): 239
India(Girl): 394
Infant(Boy): 750
Infant(Girl): 979
Ingrid(Girl): 802
Irene(Girl): 418
Iris(Girl): 520
Irvin(Boy): 608
Irving(Boy): 889
Isaac(Boy): 86
Isabel(Girl): 197
Isabella(Girl): 152
Isabelle(Girl): 370
Isai(Boy): 899
Isaiah(Boy): 71
Isaias(Boy): 612
Ishmael(Boy): 927
Isiah(Boy): 365
Isis(Girl): 902
Ismael(Boy): 335
Israel(Boy): 264
Issac(Boy): 522
Itzel(Girl): 701
Ivan(Boy): 166
Ivette(Girl): 955
Ivy(Girl): 405
Jabari(Boy): 825
Jace(Boy): 466
Jacey(Girl): 965
Jack(Boy): 89
Jackie(Boy): 785
Jackie(Girl): 783
Jacklyn(Girl): 601
Jackson(Boy): 136
Jaclyn(Girl): 303
Jacob(Boy): 3
Jacoby(Boy): 867
Jacqueline(Girl): 68
Jacquelyn(Girl): 311
Jacques(Boy): 941
Jada(Girl): 225
Jade(Boy): 836
Jade(Girl): 145
Jaden(Boy): 519
Jaden(Girl): 999
Jailene(Girl): 945
Jaime(Boy): 230
Jaime(Girl): 481
Jair(Boy): 887
Jairo(Boy): 696
Jake(Boy): 114
Jakob(Boy): 381
Jaleel(Boy): 744
Jalen(Boy): 221
Jalisa(Girl): 936
Jamaal(Boy): 954
Jamal(Boy): 282
Jamar(Boy): 663
Jamarcus(Boy): 814
Jamel(Boy): 667
James(Boy): 17
Jameson(Boy): 710
Jami(Girl): 937
Jamie(Boy): 354
Jamie(Girl): 96
Jamil(Boy): 868
Jamison(Boy): 716
Jana(Girl): 851
Janae(Girl): 505
Janay(Girl): 985
Jane(Girl): 407
Janelle(Girl): 386
Janessa(Girl): 700
Janet(Girl): 338
Janette(Girl): 863
Janice(Girl): 655
Janie(Girl): 860
Jaquan(Boy): 449
Jaqueline(Girl): 580
Jared(Boy): 64
Jarod(Boy): 721
Jaron(Boy): 640
Jarred(Boy): 468
Jarrett(Boy): 372
Jarrod(Boy): 531
Jarvis(Boy): 593
Jasmin(Girl): 189
Jasmine(Girl): 28
Jasmyn(Girl): 977
Jason(Boy): 41
Jasper(Boy): 660
Javier(Boy): 153
Javon(Boy): 417
Javonte(Boy): 773
Jay(Boy): 287
Jayce(Boy): 934
Jaycie(Girl): 963
Jayden(Boy): 606
Jayla(Girl): 553
Jaylan(Boy): 963
Jaylen(Boy): 495
Jaylin(Boy): 664
Jaylon(Boy): 603
Jayme(Girl): 787
Jayson(Boy): 454
Jazlyn(Girl): 946
Jazmin(Girl): 216
Jazmine(Girl): 228
Jazmyn(Girl): 920
Jean(Boy): 683
Jeanette(Girl): 521
Jeff(Boy): 881
Jefferson(Boy): 693
Jeffery(Boy): 255
Jeffrey(Boy): 72
Jena(Girl): 705
Jenifer(Girl): 829
Jenna(Girl): 83
Jennie(Girl): 827
Jennifer(Girl): 19
Jenny(Girl): 285
Jeremiah(Boy): 164
Jeremy(Boy): 56
Jermaine(Boy): 427
Jerome(Boy): 393
Jerrod(Boy): 815
Jerry(Boy): 194
Jess(Boy): 912
Jesse(Boy): 51
Jesse(Girl): 722
Jessi(Girl): 988
Jessica(Girl): 2
Jessie(Boy): 300
Jessie(Girl): 296
Jessika(Girl): 886
Jessy(Boy): 896
Jesus(Boy): 74
Jill(Girl): 649
Jillian(Girl): 199
Jim(Boy): 874
Jimmie(Boy): 741
Jimmy(Boy): 223
Joanna(Girl): 209
Joanne(Girl): 789
Joaquin(Boy): 591
Jocelyn(Girl): 127
Jocelyne(Girl): 515
Jodi(Girl): 750
Jody(Boy): 979
Joe(Boy): 267
Joel(Boy): 124
Joelle(Girl): 852
Joey(Boy): 461
Johanna(Girl): 433
John(Boy): 15
Johnathan(Boy): 138
Johnathon(Boy): 301
Johnnie(Boy): 749
Johnny(Boy): 193
Jon(Boy): 315
Jonah(Boy): 197
Jonas(Boy): 570
Jonatan(Boy): 918
Jonathan(Boy): 21
Jonathon(Boy): 171
Jordan(Boy): 27
Jordan(Girl): 49
Jorden(Boy): 869
Jordon(Boy): 433
Jordyn(Girl): 254
Jorge(Boy): 113
Jose(Boy): 32
Josef(Boy): 823
Joselyn(Girl): 685
Joseph(Boy): 12
Josephine(Girl): 371
Josh(Boy): 849
Joshua(Boy): 5
Josiah(Boy): 240
Josie(Girl): 340
Joslyn(Girl): 980
Josue(Boy): 254
Jovan(Boy): 764
Joy(Girl): 436
Joyce(Girl): 651
Juan(Boy): 52
Juana(Girl): 895
Juanita(Girl): 690
Jude(Boy): 935
Judith(Girl): 508
Judy(Girl): 845
Julia(Girl): 48
Julian(Boy): 129
Juliana(Girl): 339
Julianna(Girl): 334
Julianne(Girl): 537
Julie(Girl): 150
Julien(Boy): 754
Juliet(Girl): 825
Juliette(Girl): 892
Julio(Boy): 213
Julissa(Girl): 784
Julius(Boy): 510
Junior(Boy): 734
Justen(Boy): 955
Justice(Boy): 320
Justice(Girl): 324
Justin(Boy): 20
Justina(Girl): 733
Justine(Girl): 259
Justus(Boy): 665
Justyn(Boy): 792
Juwan(Boy): 489
Kacey(Girl): 710
Kaci(Girl): 790
Kacie(Girl): 566
Kade(Boy): 554
Kaden(Boy): 530
Kaela(Girl): 650
Kaelyn(Girl): 712
Kahlil(Boy): 735
Kai(Boy): 599
Kaila(Girl): 427
Kailee(Girl): 625
Kailey(Girl): 369
Kailyn(Girl): 715
Kaitlin(Girl): 103
Kaitlyn(Girl): 40
Kaitlynn(Girl): 365
Kala(Girl): 853
Kaleb(Boy): 186
Kaleigh(Girl): 482
Kaley(Girl): 480
Kali(Girl): 332
Kalie(Girl): 854
Kallie(Girl): 896
Kalyn(Girl): 775
Kameron(Boy): 344
Kane(Boy): 658
Kara(Girl): 165
Kareem(Boy): 596
Karen(Girl): 134
Kari(Girl): 464
Karina(Girl): 108
Karissa(Girl): 422
Karl(Boy): 448
Karla(Girl): 204
Karlee(Girl): 617
Karley(Girl): 741
Karli(Girl): 614
Karlie(Girl): 619
Karly(Girl): 596
Kasandra(Girl): 677
Kasey(Boy): 559
Kasey(Girl): 252
Kassandra(Girl): 203
Kassidy(Girl): 435
Katarina(Girl): 618
Kate(Girl): 344
Katelin(Girl): 546
Katelyn(Girl): 64
Katelynn(Girl): 223
Katerina(Girl): 940
Katharine(Girl): 541
Katherine(Girl): 31
Kathleen(Girl): 151
Kathryn(Girl): 87
Kathy(Girl): 528
Katia(Girl): 772
Katie(Girl): 82
Katlin(Girl): 656
Katlyn(Girl): 236
Katlynn(Girl): 908
Katrina(Girl): 191
Katy(Girl): 771
Kaycee(Girl): 909
Kayla(Girl): 11
Kaylah(Girl): 922
Kaylee(Girl): 110
Kayleigh(Girl): 411
Kayley(Girl): 803
Kayli(Girl): 794
Kaylie(Girl): 493
Kaylin(Girl): 483
Kaylyn(Girl): 556
Kaylynn(Girl): 810
Keagan(Boy): 991
Keanu(Boy): 619
Keaton(Boy): 429
Keegan(Boy): 330
Keely(Girl): 518
Keenan(Boy): 396
Keion(Boy): 870
Keisha(Girl): 626
Keith(Boy): 159
Kellen(Boy): 739
Kelley(Girl): 640
Kelli(Girl): 349
Kellie(Girl): 387
Kelly(Boy): 551
Kelly(Girl): 73
Kelsea(Girl): 652
Kelsey(Boy): 929
Kelsey(Girl): 36
Kelsi(Girl): 473
Kelsie(Girl): 283
Kelton(Boy): 799
Kelvin(Boy): 358
Kendal(Boy): 992
Kendal(Girl): 915
Kendall(Boy): 359
Kendall(Girl): 198
Kendra(Girl): 136
Kendrick(Boy): 407
Kenia(Girl): 921
Kennedy(Boy): 839
Kennedy(Girl): 207
Kenneth(Boy): 77
Kenny(Boy): 408
Kent(Boy): 651
Kenton(Boy): 936
Kenya(Girl): 425
Kenzie(Girl): 826
Keon(Boy): 714
Keri(Girl): 696
Kerri(Girl): 692
Kerry(Boy): 797
Kerry(Girl): 724
Keshawn(Boy): 705
Keven(Boy): 871
Kevin(Boy): 26
Kevon(Boy): 805
Keyshawn(Boy): 782
Khadijah(Girl): 795
Khalid(Boy): 829
Khalil(Boy): 348
Kia(Girl): 875
Kiana(Girl): 190
Kianna(Girl): 621
Kiara(Girl): 211
Kiera(Girl): 496
Kieran(Boy): 624
Kierra(Girl): 352
Kiersten(Girl): 424
Kiley(Girl): 575
Killian(Boy): 911
Kimberlee(Girl): 1000
Kimberley(Girl): 997
Kimberly(Girl): 41
Kinsey(Girl): 910
Kira(Girl): 372
Kirby(Boy): 970
Kirk(Boy): 594
Kirsten(Girl): 176
Kirstin(Girl): 702
Kody(Boy): 270
Kolby(Boy): 674
Kole(Boy): 882
Kolton(Boy): 555
Kordell(Boy): 993
Korey(Boy): 604
Kori(Girl): 720
Kortney(Girl): 831
Kory(Boy): 557
Kourtney(Girl): 429
Krista(Girl): 221
Kristen(Girl): 70
Kristi(Girl): 574
Kristian(Boy): 384
Kristian(Girl): 758
Kristin(Girl): 147
Kristina(Girl): 148
Kristine(Girl): 500
Kristofer(Boy): 717
Kristopher(Boy): 239
Kristy(Girl): 494
Kristyn(Girl): 797
Krysta(Girl): 928
Krystal(Girl): 217
Kurt(Boy): 457
Kurtis(Boy): 541
Kyla(Girl): 288
Kyle(Boy): 25
Kylee(Girl): 281
Kyleigh(Girl): 947
Kyler(Boy): 311
Kylie(Girl): 111
Kyra(Girl): 262
Lacey(Girl): 274
Lacie(Girl): 967
Lacy(Girl): 767
Ladarius(Boy): 704
Lamar(Boy): 605
Lamont(Boy): 711
Lance(Boy): 268
Landon(Boy): 216
Lane(Boy): 261
Lara(Girl): 777
Larissa(Girl): 408
Larry(Boy): 219
Laura(Girl): 66
Laurel(Girl): 611
Lauren(Girl): 16
Lauryn(Girl): 660
Lawrence(Boy): 256
Layla(Girl): 916
Layne(Boy): 708
Lazaro(Boy): 980
Lea(Girl): 568
Leah(Girl): 98
Leann(Girl): 998
Leanna(Girl): 525
Leanne(Girl): 798
Lee(Boy): 343
Leeann(Girl): 989
Leigh(Girl): 899
Leilani(Girl): 932
Leland(Boy): 913
Lena(Girl): 562
Leo(Boy): 482
Leon(Boy): 458
Leonard(Boy): 416
Leonardo(Boy): 402
Leonel(Boy): 562
Leroy(Boy): 598
Lesley(Girl): 431
Leslie(Boy): 819
Leslie(Girl): 118
Lesly(Girl): 670
Lester(Boy): 844
Leticia(Girl): 458
Levi(Boy): 165
Lewis(Boy): 494
Lexi(Girl): 570
Lexie(Girl): 634
Lexis(Girl): 966
Lexus(Girl): 449
Liam(Boy): 184
Liana(Girl): 941
Liliana(Girl): 343
Lillian(Girl): 251
Lilly(Girl): 855
Lily(Girl): 260
Lincoln(Boy): 897
Linda(Girl): 294
Lindsay(Girl): 133
Lindsey(Girl): 86
Lionel(Boy): 972
Lisa(Girl): 168
Lizbeth(Girl): 523
Lizette(Girl): 778
Lloyd(Boy): 728
Logan(Boy): 42
Logan(Girl): 257
Lonnie(Boy): 672
Loren(Boy): 890
Loren(Girl): 697
Lorena(Girl): 347
Lorenzo(Boy): 274
Lori(Girl): 648
Louis(Boy): 234
Lucas(Boy): 93
Lucero(Girl): 762
Lucia(Girl): 576
Luciano(Boy): 905
Lucy(Girl): 406
Luis(Boy): 57
Luisa(Girl): 993
Lukas(Boy): 382
Luke(Boy): 75
Luz(Girl): 679
Lydia(Girl): 175
Lyndsey(Girl): 593
Lynn(Girl): 933
Lyric(Girl): 548
Macey(Girl): 745
Macie(Girl): 763
Mackenzie(Boy): 469
Mackenzie(Girl): 75
Macy(Girl): 366
Madalyn(Girl): 532
Maddison(Girl): 530
Madeleine(Girl): 263
Madeline(Girl): 67
Madelyn(Girl): 322
Madisen(Girl): 904
Madison(Boy): 638
Madison(Girl): 15
Madyson(Girl): 958
Maegan(Girl): 725
Magdalena(Girl): 814
Maggie(Girl): 256
Maia(Girl): 823
Makayla(Girl): 129
Makenna(Girl): 531
Makenzie(Girl): 306
Malachi(Boy): 505
Malcolm(Boy): 314
Malia(Girl): 780
Malik(Boy): 97
Mallory(Girl): 183
Mandy(Girl): 791
Manuel(Boy): 145
Mara(Girl): 585
Maranda(Girl): 550
Marc(Boy): 232
Marcel(Boy): 626
Marcelo(Boy): 875
Marco(Boy): 174
Marcos(Boy): 224
Marcus(Boy): 87
Margaret(Girl): 105
Margarita(Girl): 511
Maria(Girl): 37
Mariah(Girl): 63
Mariam(Girl): 821
Mariana(Girl): 413
Marianna(Girl): 869
Maribel(Girl): 502
Maricela(Girl): 818
Marie(Girl): 345
Mariela(Girl): 719
Marilyn(Girl): 416
Marina(Girl): 268
Mario(Boy): 147
Marisa(Girl): 169
Marisela(Girl): 905
Marisol(Girl): 234
Marissa(Girl): 59
Maritza(Girl): 472
Mark(Boy): 55
Markel(Boy): 937
Markus(Boy): 588
Marlee(Girl): 938
Marlena(Girl): 927
Marlene(Girl): 476
Marley(Girl): 856
Marlon(Boy): 470
Marques(Boy): 690
Marquez(Boy): 703
Marquis(Boy): 295
Marquise(Boy): 418
Marshall(Boy): 310
Martha(Girl): 323
Martin(Boy): 152
Martina(Girl): 887
Marvin(Boy): 307
Mary(Girl): 44
Mason(Boy): 104
Mateo(Boy): 698
Mathew(Boy): 204
Matthew(Boy): 2
Mattie(Girl): 881
Maura(Girl): 699
Maureen(Girl): 848
Maurice(Boy): 324
Mauricio(Boy): 488
Maverick(Boy): 845
Max(Boy): 208
Maximilian(Boy): 497
Maximillian(Boy): 832
Maxine(Girl): 984
Maxwell(Boy): 177
Maya(Girl): 201
Mayra(Girl): 316
Mckayla(Girl): 453
Mckenna(Girl): 229
Mckenzie(Girl): 158
Meagan(Girl): 193
Meaghan(Girl): 522
Megan(Girl): 12
Meghan(Girl): 113
Melanie(Girl): 119
Melina(Girl): 734
Melinda(Girl): 466
Melisa(Girl): 990
Melissa(Girl): 42
Melody(Girl): 399
Melvin(Boy): 400
Menachem(Boy): 944
Mercedes(Girl): 212
Meredith(Girl): 237
Mia(Girl): 180
Micaela(Girl): 450
Micah(Boy): 210
Micah(Girl): 628
Michael(Boy): 1
Michaela(Girl): 102
Micheal(Boy): 262
Michele(Girl): 579
Michelle(Girl): 47
Mickey(Boy): 864
Miguel(Boy): 91
Mikaela(Girl): 280
Mikala(Girl): 730
Mikayla(Girl): 143
Mike(Boy): 534
Mikel(Boy): 840
Miles(Boy): 317
Milton(Boy): 620
Mindy(Girl): 813
Miracle(Girl): 735
Miranda(Girl): 77
Mireya(Girl): 747
Miriam(Girl): 289
Misael(Boy): 770
Misty(Girl): 620
Mitchel(Boy): 568
Mitchell(Boy): 88
Moesha(Girl): 549
Mohamed(Boy): 615
Mohammad(Boy): 514
Mohammed(Boy): 582
Moises(Boy): 403
Mollie(Girl): 551
Molly(Girl): 99
Monica(Girl): 81
Monika(Girl): 801
Monique(Girl): 196
Montana(Boy): 777
Montana(Girl): 612
Montel(Boy): 994
Morgan(Boy): 244
Morgan(Girl): 25
Moriah(Girl): 488
Moses(Boy): 533
Moshe(Boy): 634
Muhammad(Boy): 774
Myles(Boy): 366
Myra(Girl): 846
Myranda(Girl): 754
Myron(Boy): 851
Nadia(Girl): 356
Nadine(Girl): 864
Najee(Boy): 921
Nancy(Girl): 172
Naomi(Girl): 213
Nasir(Boy): 965
Natalia(Girl): 337
Natalie(Girl): 46
Nataly(Girl): 781
Natasha(Girl): 170
Nathalie(Girl): 598
Nathan(Boy): 37
Nathanael(Boy): 473
Nathanial(Boy): 628
Nathaniel(Boy): 69
Nayeli(Girl): 876
Neal(Boy): 639
Neil(Boy): 405
Nelson(Boy): 377
Nestor(Boy): 689
Nia(Girl): 447
Nicholas(Boy): 6
Nichole(Girl): 355
Nick(Boy): 837
Nickolas(Boy): 263
Nico(Boy): 872
Nicolas(Boy): 151
Nicole(Girl): 22
Nicolette(Girl): 423
Nigel(Boy): 524
Nikki(Girl): 385
Niko(Boy): 901
Nikolas(Boy): 394
Nina(Girl): 241
Noah(Boy): 50
Noe(Boy): 485
Noel(Boy): 437
Noel(Girl): 832
Noelle(Girl): 412
Noemi(Girl): 588
Nolan(Boy): 257
Nora(Girl): 451
Norma(Girl): 669
Norman(Boy): 648
Octavia(Girl): 840
Octavio(Boy): 645
Odalis(Girl): 911
Odalys(Girl): 680
Olga(Girl): 968
Oliver(Boy): 385
Olivia(Girl): 34
Omar(Boy): 140
Orion(Boy): 787
Orlando(Boy): 367
Oscar(Boy): 125
Osvaldo(Boy): 498
Owen(Boy): 278
Pablo(Boy): 331
Paige(Girl): 65
Paloma(Girl): 959
Pamela(Girl): 341
Paola(Girl): 377
Paris(Boy): 746
Paris(Girl): 539
Parker(Boy): 179
Patience(Girl): 805
Patricia(Girl): 159
Patrick(Boy): 44
Paul(Boy): 79
Paula(Girl): 454
Paulina(Girl): 512
Pauline(Girl): 986
Payton(Boy): 406
Payton(Girl): 284
Pedro(Boy): 198
Perla(Girl): 495
Perry(Boy): 583
Pete(Boy): 995
Peter(Boy): 96
Peyton(Boy): 336
Peyton(Girl): 255
Philip(Boy): 185
Phillip(Boy): 150
Phoebe(Girl): 542
Pierce(Boy): 584
Pierre(Boy): 853
Precious(Girl): 378
Preston(Boy): 189
Princess(Girl): 923
Priscilla(Girl): 261
Quentin(Boy): 284
Quincy(Boy): 487
Quinn(Boy): 332
Quinn(Girl): 981
Quinten(Boy): 676
Quintin(Boy): 542
Quinton(Boy): 302
Rachael(Girl): 128
Racheal(Girl): 836
Rachel(Girl): 9
Rachelle(Girl): 534
Raekwon(Boy): 483
Rafael(Boy): 215
Raheem(Boy): 625
Ralph(Boy): 504
Ramiro(Boy): 452
Ramon(Boy): 280
Randall(Boy): 321
Randi(Girl): 501
Randolph(Boy): 981
Randy(Boy): 206
Raphael(Boy): 656
Raquan(Boy): 879
Raquel(Girl): 279
Rashad(Boy): 502
Rashawn(Boy): 771
Rasheed(Boy): 800
Raul(Boy): 207
Raven(Girl): 184
Ray(Boy): 484
Raymond(Boy): 133
Raymundo(Boy): 706
Rayna(Girl): 994
Reagan(Boy): 930
Reagan(Girl): 446
Rebeca(Girl): 716
Rebecca(Girl): 24
Rebekah(Girl): 146
Reece(Boy): 653
Reed(Boy): 422
Reese(Boy): 736
Regan(Girl): 489
Regina(Girl): 414
Reginald(Boy): 323
Reid(Boy): 443
Reilly(Boy): 919
Reina(Girl): 900
Remington(Boy): 854
Rene(Boy): 368
Renee(Girl): 298
Reuben(Boy): 729
Rex(Boy): 938
Reyna(Girl): 594
Reynaldo(Boy): 677
Rhett(Boy): 610
Rhiannon(Girl): 713
Ricardo(Boy): 128
Richard(Boy): 45
Rick(Boy): 724
Rickey(Boy): 726
Ricky(Boy): 248
Rico(Boy): 945
Rigoberto(Boy): 654
Rikki(Girl): 960
Riley(Boy): 146
Riley(Girl): 248
Rita(Girl): 703
River(Boy): 632
Robert(Boy): 23
Roberto(Boy): 175
Robin(Boy): 809
Robin(Girl): 375
Robyn(Girl): 477
Rochelle(Girl): 681
Rocio(Girl): 673
Rocky(Boy): 922
Roderick(Boy): 535
Rodney(Boy): 266
Rodolfo(Boy): 415
Rodrick(Boy): 996
Rodrigo(Boy): 378
Rogelio(Boy): 471
Roger(Boy): 285
Rohan(Boy): 880
Roland(Boy): 578
Rolando(Boy): 523
Roman(Boy): 363
Romello(Boy): 923
Romeo(Boy): 973
Ronald(Boy): 156
Ronnie(Boy): 391
Rory(Boy): 678
Rosa(Girl): 291
Rose(Girl): 379
Rosemary(Girl): 557
Ross(Boy): 271
Roxana(Girl): 806
Roxanne(Girl): 671
Roy(Boy): 346
Royce(Boy): 806
Ruben(Boy): 190
Ruby(Girl): 295
Rudy(Boy): 478
Russell(Boy): 260
Ruth(Girl): 351
Ryan(Boy): 16
Ryan(Girl): 599
Rylee(Girl): 604
Ryne(Boy): 891
Sabrina(Girl): 58
Sade(Girl): 751
Sadie(Girl): 278
Sage(Boy): 581
Sage(Girl): 661
Sally(Girl): 623
Salvador(Boy): 303
Salvatore(Boy): 602
Sam(Boy): 430
Samantha(Girl): 5
Sammy(Boy): 793
Samuel(Boy): 30
Sandra(Girl): 181
Sandy(Girl): 573
Santiago(Boy): 508
Santos(Boy): 712
Sara(Girl): 50
Sarah(Girl): 4
Sarahi(Girl): 929
Sarai(Girl): 589
Sarina(Girl): 714
Sasha(Girl): 380
Saul(Boy): 304
Savanah(Girl): 563
Savanna(Girl): 250
Savannah(Girl): 43
Sawyer(Boy): 525
Scarlett(Girl): 816
Scott(Boy): 108
Seamus(Boy): 876
Sean(Boy): 46
Sebastian(Boy): 195
Selena(Girl): 142
Selina(Girl): 609
Serena(Girl): 309
Sergio(Boy): 167
Seth(Boy): 103
Shaina(Girl): 507
Shakira(Girl): 647
Shamar(Boy): 865
Shana(Girl): 653
Shane(Boy): 112
Shania(Girl): 171
Shanice(Girl): 686
Shanna(Girl): 736
Shannon(Boy): 577
Shannon(Girl): 80
Shantel(Girl): 578
Shaquan(Boy): 951
Shaquille(Boy): 661
Sharon(Girl): 326
Shaun(Boy): 371
Shauna(Girl): 637
Shawn(Boy): 111
Shawna(Girl): 468
Shayla(Girl): 276
Shayna(Girl): 432
Shayne(Boy): 607
Shea(Boy): 883
Shea(Girl): 737
Sheila(Girl): 605
Shelbi(Girl): 684
Shelbie(Girl): 664
Shelby(Boy): 590
Shelby(Girl): 35
Sheldon(Boy): 475
Shelly(Girl): 906
Shelton(Boy): 971
Shemar(Boy): 906
Sheridan(Girl): 956
Shianne(Girl): 873
Shirley(Girl): 654
Shyann(Girl): 776
Shyanne(Girl): 510
Sidney(Boy): 529
Sidney(Girl): 336
Sienna(Girl): 817
Sierra(Girl): 62
Silas(Boy): 740
Silvia(Girl): 718
Simeon(Boy): 900
Simon(Boy): 342
Simone(Girl): 443
Skye(Girl): 581
Skylar(Boy): 373
Skylar(Girl): 328
Skyler(Boy): 217
Skyler(Girl): 469
Sofia(Girl): 361
Solomon(Boy): 538
Sonia(Girl): 409
Sonny(Boy): 888
Sonya(Girl): 726
Sophia(Girl): 126
Sophie(Girl): 329
Spencer(Boy): 109
Spenser(Boy): 946
Stacey(Girl): 437
Stacie(Girl): 882
Stacy(Girl): 420
Stanley(Boy): 426
Stefan(Boy): 480
Stefanie(Girl): 602
Stephan(Boy): 532
Stephanie(Girl): 20
Stephany(Girl): 533
Stephen(Boy): 60
Stephon(Boy): 546
Sterling(Boy): 462
Steve(Boy): 369
Steven(Boy): 38
Stevie(Girl): 857
Stewart(Boy): 833
Stone(Boy): 699
Storm(Boy): 952
Stormy(Girl): 917
Stuart(Boy): 564
Summer(Girl): 137
Susan(Girl): 299
Susana(Girl): 558
Susanna(Girl): 897
Suzanne(Girl): 666
Sydnee(Girl): 742
Sydney(Boy): 988
Sydney(Girl): 39
Sydni(Girl): 849
Sydnie(Girl): 850
Syed(Boy): 964
Sylvia(Girl): 457
Tabatha(Girl): 883
Tabitha(Girl): 231
Talia(Girl): 456
Talon(Boy): 718
Tamara(Girl): 287
Tamera(Girl): 738
Tamia(Girl): 497
Tammy(Girl): 874
Tania(Girl): 426
Tanisha(Girl): 555
Tanner(Boy): 90
Tanya(Girl): 445
Tara(Girl): 167
Tarik(Boy): 855
Tariq(Boy): 807
Taryn(Girl): 392
Tasha(Girl): 663
Tate(Boy): 587
Tatiana(Girl): 220
Tatianna(Girl): 859
Tatum(Girl): 948
Tatyana(Girl): 357
Tavon(Boy): 778
Tayler(Boy): 898
Tayler(Girl): 383
Taylor(Boy): 82
Taylor(Girl): 6
Ted(Boy): 956
Teddy(Boy): 976
Terence(Boy): 668
Teresa(Girl): 270
Terra(Girl): 943
Terrance(Boy): 340
Terrell(Boy): 361
Terrence(Boy): 376
Terri(Girl): 865
Terry(Boy): 259
Tess(Girl): 567
Tessa(Girl): 226
Tevin(Boy): 434
Thaddeus(Boy): 722
Thalia(Girl): 490
Theodore(Boy): 294
Theresa(Girl): 317
Thomas(Boy): 28
Tia(Girl): 271
Tiana(Girl): 304
Tianna(Girl): 471
Tiara(Girl): 249
Tierra(Girl): 364
Tiffani(Girl): 440
Tiffany(Girl): 52
Timothy(Boy): 40
Tina(Girl): 441
Titus(Boy): 877
Tobias(Boy): 747
Toby(Boy): 550
Todd(Boy): 298
Tom(Boy): 997
Tomas(Boy): 439
Tommy(Boy): 306
Toni(Girl): 342
Tony(Boy): 229
Tonya(Girl): 893
Tori(Girl): 185
Trace(Boy): 748
Tracey(Girl): 969
Tracy(Boy): 700
Tracy(Girl): 516
Travis(Boy): 73
Travon(Boy): 621
Trayvon(Boy): 966
Tre(Boy): 630
Trent(Boy): 252
Trenton(Boy): 187
Trever(Boy): 707
Trevon(Boy): 360
Trevor(Boy): 63
Trey(Boy): 238
Trinity(Girl): 672
Trisha(Girl): 668
Trista(Girl): 861
Tristan(Boy): 68
Tristan(Girl): 591
Tristen(Boy): 249
Tristen(Girl): 723
Tristian(Boy): 592
Tristin(Boy): 374
Triston(Boy): 341
Troy(Boy): 155
Trystan(Boy): 795
Tucker(Boy): 326
Turner(Boy): 834
Ty(Boy): 242
Tyesha(Girl): 970
Tyler(Boy): 7
Tyler(Girl): 333
Tylor(Boy): 467
Tyquan(Boy): 820
Tyra(Girl): 421
Tyree(Boy): 474
Tyrell(Boy): 413
Tyron(Boy): 798
Tyrone(Boy): 355
Tyshawn(Boy): 866
Tyson(Boy): 445
Ulises(Boy): 643
Ulysses(Boy): 816
Unique(Girl): 788
Uriel(Boy): 515
Valentin(Boy): 907
Valentina(Girl): 949
Valeria(Girl): 330
Valerie(Girl): 154
Vance(Boy): 858
Vanesa(Girl): 841
Vanessa(Girl): 60
Vaughn(Boy): 931
Vernon(Boy): 670
Veronica(Girl): 114
Vicente(Boy): 579
Victor(Boy): 100
Victoria(Girl): 18
Vincent(Boy): 116
Virginia(Girl): 293
Viridiana(Girl): 944
Vivian(Girl): 314
Viviana(Girl): 484
Wade(Boy): 398
Walker(Boy): 446
Walter(Boy): 272
Warren(Boy): 428
Waylon(Boy): 989
Wayne(Boy): 392
Wendy(Girl): 297
Wesley(Boy): 137
Weston(Boy): 379
Whitney(Girl): 140
Will(Boy): 622
William(Boy): 18
Willie(Boy): 329
Wilson(Boy): 526
Winston(Boy): 666
Wyatt(Boy): 134
Xavier(Boy): 141
Xena(Girl): 759
Yadira(Girl): 641
Yajaira(Girl): 930
Yamilex(Girl): 707
Yaritza(Girl): 987
Yasmeen(Girl): 785
Yasmin(Girl): 444
Yasmine(Girl): 428
Yazmin(Girl): 972
Yesenia(Girl): 194
Yessenia(Girl): 689
Yolanda(Girl): 606
Yvette(Girl): 503
Yvonne(Girl): 529
Zachariah(Boy): 347
Zachary(Boy): 14
Zachery(Boy): 220
Zackary(Boy): 241
Zackery(Boy): 316
Zakary(Boy): 783
Zane(Boy): 291
Zaria(Girl): 727
Zechariah(Boy): 691
Zoe(Girl): 155
Zoey(Girl): 657
