2006
Aaliyah(Girl): 91
Aaron(Boy): 57
Abagail(Girl): 895
Abbey(Girl): 695
Abbie(Girl): 650
Abbigail(Girl): 490
Abby(Girl): 205
Abdullah(Boy): 888
Abel(Boy): 338
Abigail(Girl): 6
Abigale(Girl): 889
Abigayle(Girl): 777
Abraham(Boy): 183
Abram(Boy): 586
Abril(Girl): 845
Ace(Boy): 838
Ada(Girl): 715
Adam(Boy): 64
Adamaris(Girl): 920
Adan(Boy): 302
Addison(Boy): 562
Addison(Girl): 27
Addisyn(Girl): 612
Addyson(Girl): 370
Adelaide(Girl): 921
Adeline(Girl): 467
Aden(Boy): 244
Adison(Girl): 767
Aditya(Boy): 810
Adolfo(Boy): 581
Adonis(Boy): 822
Adrian(Boy): 63
Adriana(Girl): 106
Adrianna(Girl): 179
Adriel(Boy): 707
Adrien(Boy): 754
Adrienne(Girl): 736
Adyson(Girl): 877
Aedan(Boy): 760
Agustin(Boy): 657
Ahmad(Boy): 524
Ahmed(Boy): 559
Aidan(Boy): 44
Aiden(Boy): 30
Aidyn(Boy): 910
Aileen(Girl): 537
Aimee(Girl): 763
Ainsley(Girl): 456
Aisha(Girl): 683
Aiyana(Girl): 739
Akeelah(Girl): 711
Akira(Girl): 965
Alaina(Girl): 248
Alan(Boy): 122
Alana(Girl): 166
Alani(Girl): 933
Alanna(Girl): 473
Alayna(Girl): 268
Albert(Boy): 354
Alberto(Boy): 315
Alden(Boy): 811
Aldo(Boy): 587
Aleah(Girl): 667
Alec(Boy): 328
Aleena(Girl): 830
Alejandra(Girl): 232
Alejandro(Boy): 96
Alena(Girl): 665
Alessandra(Girl): 361
Alessandro(Boy): 608
Alex(Boy): 67
Alexa(Girl): 39
Alexander(Boy): 12
Alexandra(Girl): 40
Alexandria(Girl): 147
Alexandro(Boy): 861
Alexia(Girl): 164
Alexis(Boy): 130
Alexis(Girl): 14
Alexus(Girl): 545
Alexzander(Boy): 615
Alfonso(Boy): 552
Alfred(Boy): 755
Alfredo(Boy): 334
Ali(Boy): 360
Alia(Girl): 928
Alice(Girl): 383
Alicia(Girl): 167
Alijah(Boy): 584
Alina(Girl): 355
Alisa(Girl): 890
Alisha(Girl): 584
Alison(Girl): 271
Alissa(Girl): 377
Alivia(Girl): 254
Aliya(Girl): 699
Aliyah(Girl): 236
Aliza(Girl): 856
Alize(Girl): 959
Allan(Boy): 507
Allen(Boy): 283
Allie(Girl): 229
Allison(Girl): 46
Ally(Girl): 630
Allyson(Girl): 259
Alma(Girl): 616
Alondra(Girl): 170
Alonso(Boy): 643
Alonzo(Boy): 558
Alvaro(Boy): 570
Alvin(Boy): 513
Alyson(Girl): 471
Alyssa(Girl): 19
Amanda(Girl): 102
Amani(Girl): 687
Amara(Girl): 573
Amare(Boy): 778
Amari(Boy): 421
Amari(Girl): 519
Amaris(Girl): 909
Amaya(Girl): 215
Amber(Girl): 136
Amelia(Girl): 82
Amelie(Girl): 784
America(Girl): 458
Amina(Girl): 978
Amir(Boy): 324
Amira(Girl): 571
Amirah(Girl): 971
Amiya(Girl): 742
Amiyah(Girl): 635
Amy(Girl): 128
Amya(Girl): 476
Ana(Girl): 143
Anabelle(Girl): 757
Anahi(Girl): 287
Anais(Girl): 869
Anastasia(Girl): 288
Anaya(Girl): 486
Anders(Boy): 987
Anderson(Boy): 399
Andre(Boy): 207
Andrea(Girl): 59
Andreas(Boy): 880
Andres(Boy): 161
Andrew(Boy): 8
Andy(Boy): 204
Angel(Boy): 31
Angel(Girl): 160
Angela(Girl): 114
Angelica(Girl): 208
Angelina(Girl): 48
Angeline(Girl): 863
Angelique(Girl): 693
Angelo(Boy): 262
Angie(Girl): 389
Anika(Girl): 485
Aniya(Girl): 262
Aniyah(Girl): 220
Ann(Girl): 731
Anna(Girl): 23
Annabel(Girl): 848
Annabella(Girl): 556
Annabelle(Girl): 206
Annalise(Girl): 589
Anne(Girl): 460
Annette(Girl): 881
Annie(Girl): 398
Annika(Girl): 335
Ansley(Girl): 704
Anthony(Boy): 9
Antoine(Boy): 631
Anton(Boy): 725
Antonio(Boy): 93
Antony(Boy): 815
Antwan(Boy): 828
Anya(Girl): 405
April(Girl): 319
Arabella(Girl): 653
Araceli(Girl): 570
Aracely(Girl): 722
Areli(Girl): 979
Arely(Girl): 576
Ari(Boy): 634
Aria(Girl): 661
Ariana(Girl): 78
Arianna(Girl): 77
Ariel(Boy): 471
Ariel(Girl): 202
Arielle(Girl): 587
Arjun(Boy): 720
Armando(Boy): 264
Armani(Boy): 698
Armani(Girl): 936
Arnav(Boy): 932
Aron(Boy): 640
Arthur(Boy): 377
Arturo(Boy): 323
Aryan(Boy): 684
Aryana(Girl): 823
Aryanna(Girl): 652
Asa(Boy): 623
Ashanti(Girl): 882
Asher(Boy): 252
Ashlee(Girl): 338
Ashleigh(Girl): 688
Ashley(Girl): 12
Ashly(Girl): 780
Ashlyn(Girl): 140
Ashlynn(Girl): 293
Ashton(Boy): 121
Asia(Girl): 332
Aspen(Girl): 572
Athena(Girl): 504
Atticus(Boy): 767
Aubree(Girl): 426
Aubrey(Girl): 92
Aubrie(Girl): 604
Audrey(Girl): 68
August(Boy): 618
Augustus(Boy): 831
Aurora(Girl): 312
Austen(Boy): 924
Austin(Boy): 41
Austyn(Boy): 974
Autumn(Girl): 95
Ava(Girl): 5
Averie(Girl): 899
Avery(Boy): 212
Avery(Girl): 52
Axel(Boy): 295
Ayana(Girl): 700
Ayanna(Girl): 527
Aydan(Boy): 576
Ayden(Boy): 119
Aydin(Boy): 731
Ayla(Girl): 264
Aylin(Girl): 776
Bailee(Girl): 651
Bailey(Boy): 635
Bailey(Girl): 112
Barbara(Girl): 561
Barrett(Boy): 762
Baylee(Girl): 469
Beatrice(Girl): 966
Beau(Boy): 438
Beckett(Boy): 758
Belen(Girl): 914
Belinda(Girl): 809
Bella(Girl): 181
Ben(Boy): 555
Benjamin(Boy): 24
Bennett(Boy): 369
Benny(Boy): 962
Bernard(Boy): 945
Bernardo(Boy): 975
Bethany(Girl): 244
Bethzy(Girl): 878
Betsy(Girl): 743
Bianca(Girl): 182
Billy(Boy): 473
Blaine(Boy): 572
Blaise(Boy): 985
Blake(Boy): 97
Blanca(Girl): 800
Blaze(Boy): 868
Bo(Boy): 771
Bobby(Boy): 480
Bode(Boy): 848
Boston(Boy): 626
Brad(Boy): 897
Braden(Boy): 141
Bradley(Boy): 188
Brady(Boy): 105
Bradyn(Boy): 675
Braeden(Boy): 331
Braedon(Boy): 744
Braelyn(Girl): 855
Braiden(Boy): 602
Branden(Boy): 472
Brandi(Girl): 967
Brandon(Boy): 27
Brandy(Girl): 801
Branson(Boy): 862
Braulio(Boy): 966
Braxton(Boy): 224
Brayan(Boy): 294
Brayden(Boy): 79
Braydon(Boy): 396
Braylen(Boy): 756
Braylon(Boy): 401
Breana(Girl): 844
Breanna(Girl): 126
Bree(Girl): 955
Brenda(Girl): 239
Brendan(Boy): 185
Brenden(Boy): 317
Brendon(Boy): 501
Brenna(Girl): 381
Brennan(Boy): 299
Brennen(Boy): 732
Brent(Boy): 481
Brenton(Boy): 942
Brett(Boy): 304
Bria(Girl): 870
Brian(Boy): 72
Briana(Girl): 121
Brianna(Girl): 20
Brice(Boy): 695
Bridget(Girl): 347
Brielle(Girl): 459
Briley(Girl): 960
Brisa(Girl): 605
Britney(Girl): 474
Brittany(Girl): 318
Brittney(Girl): 626
Brock(Boy): 261
Broderick(Boy): 884
Brodie(Boy): 442
Brody(Boy): 147
Brogan(Boy): 999
Brooke(Girl): 44
Brooklyn(Girl): 67
Brooklynn(Girl): 237
Brooks(Boy): 592
Bruce(Boy): 482
Bruno(Boy): 793
Bryan(Boy): 66
Bryanna(Girl): 424
Bryant(Boy): 389
Bryce(Boy): 109
Brycen(Boy): 588
Brylee(Girl): 885
Brynn(Girl): 402
Bryson(Boy): 176
Byron(Boy): 523
Cade(Boy): 288
Caden(Boy): 91
Cadence(Girl): 214
Cael(Boy): 917
Caiden(Boy): 312
Cailyn(Girl): 872
Caitlin(Girl): 207
Caitlyn(Girl): 199
Cale(Boy): 733
Caleb(Boy): 34
Cali(Girl): 602
Callie(Girl): 303
Calvin(Boy): 220
Camden(Boy): 221
Cameron(Boy): 52
Cameron(Girl): 289
Camila(Girl): 180
Camilla(Girl): 825
Camille(Girl): 308
Campbell(Girl): 659
Camren(Boy): 579
Camron(Boy): 345
Camryn(Boy): 929
Camryn(Girl): 216
Cannon(Boy): 796
Cara(Girl): 559
Carina(Girl): 864
Carissa(Girl): 585
Carl(Boy): 429
Carla(Girl): 501
Carlee(Girl): 654
Carley(Girl): 550
Carlie(Girl): 592
Carlo(Boy): 937
Carlos(Boy): 70
Carly(Girl): 251
Carmelo(Boy): 870
Carmen(Girl): 258
Carmine(Boy): 785
Carol(Girl): 968
Carolina(Girl): 281
Caroline(Girl): 89
Carolyn(Girl): 517
Carrie(Girl): 859
Carson(Boy): 87
Carter(Boy): 75
Case(Boy): 951
Casey(Boy): 308
Casey(Girl): 411
Cash(Boy): 378
Cason(Boy): 753
Cassandra(Girl): 219
Cassidy(Girl): 198
Cassie(Girl): 732
Catalina(Girl): 696
Catherine(Girl): 122
Cayden(Boy): 213
Cayla(Girl): 886
Cecelia(Girl): 669
Cecilia(Girl): 265
Cedric(Boy): 595
Celeste(Girl): 327
Celia(Girl): 707
Cesar(Boy): 168
Chad(Boy): 375
Chaim(Boy): 946
Chana(Girl): 990
Chance(Boy): 273
Chandler(Boy): 402
Chanel(Girl): 917
Charity(Girl): 673
Charlee(Girl): 915
Charles(Boy): 60
Charlie(Boy): 337
Charlie(Girl): 761
Charlize(Girl): 751
Charlotte(Girl): 123
Chase(Boy): 83
Chasity(Girl): 744
Chaya(Girl): 785
Chaz(Boy): 905
Chelsea(Girl): 192
Chelsey(Girl): 790
Cherish(Girl): 754
Cheyanne(Girl): 657
Cheyenne(Girl): 171
Chloe(Girl): 18
Chris(Boy): 358
Christian(Boy): 21
Christiana(Girl): 984
Christina(Girl): 158
Christine(Girl): 437
Christopher(Boy): 7
Ciara(Girl): 213
Cierra(Girl): 563
Cindy(Girl): 365
Citlali(Girl): 948
Claire(Girl): 86
Clara(Girl): 233
Clare(Girl): 663
Clarence(Boy): 818
Clarissa(Girl): 468
Clark(Boy): 696
Claudia(Girl): 339
Clay(Boy): 708
Clayton(Boy): 226
Clinton(Boy): 844
Cloe(Girl): 941
Coby(Boy): 832
Cody(Boy): 106
Coen(Boy): 963
Cohen(Boy): 415
Colby(Boy): 271
Cole(Boy): 84
Coleman(Boy): 661
Colin(Boy): 111
Colleen(Girl): 902
Collin(Boy): 181
Colt(Boy): 906
Colten(Boy): 510
Colton(Boy): 133
Conner(Boy): 144
Connor(Boy): 53
Conor(Boy): 496
Conrad(Boy): 788
Cooper(Boy): 113
Cora(Girl): 384
Corbin(Boy): 289
Corey(Boy): 234
Corinne(Girl): 826
Cornelius(Boy): 939
Cortez(Boy): 938
Cory(Boy): 431
Courtney(Girl): 190
Craig(Boy): 548
Cristal(Girl): 660
Cristian(Boy): 132
Cristina(Girl): 495
Cristobal(Boy): 991
Cristofer(Boy): 804
Cristopher(Boy): 499
Cruz(Boy): 500
Crystal(Girl): 201
Cullen(Boy): 790
Curtis(Boy): 339
Cynthia(Girl): 240
Cyrus(Boy): 515
Dahlia(Girl): 988
Daisy(Girl): 149
Dakota(Boy): 172
Dakota(Girl): 191
Dale(Boy): 745
Dalia(Girl): 849
Dallas(Boy): 352
Dalton(Boy): 199
Damarion(Boy): 646
Damaris(Girl): 609
Damian(Boy): 136
Damien(Boy): 196
Damion(Boy): 497
Damon(Boy): 386
Dana(Girl): 395
Dandre(Boy): 992
Dane(Boy): 393
Dangelo(Boy): 863
Dania(Girl): 985
Danica(Girl): 352
Daniel(Boy): 6
Daniela(Girl): 132
Daniella(Girl): 307
Danielle(Girl): 116
Danika(Girl): 569
Danna(Girl): 518
Danny(Boy): 307
Dante(Boy): 291
Daphne(Girl): 606
Darian(Boy): 590
Darien(Boy): 830
Dario(Boy): 875
Darion(Boy): 869
Darius(Boy): 280
Darnell(Boy): 711
Darrell(Boy): 597
Darren(Boy): 361
Darrius(Boy): 930
Darryl(Boy): 773
Darwin(Boy): 772
Dashawn(Boy): 690
Davian(Boy): 682
David(Boy): 13
Davin(Boy): 601
Davion(Boy): 478
Davis(Boy): 405
Davon(Boy): 603
Dawson(Boy): 233
Dayana(Girl): 553
Dayanara(Girl): 435
Dayton(Boy): 540
Deacon(Boy): 687
Dean(Boy): 385
Deandre(Boy): 452
Deangelo(Boy): 794
Deanna(Girl): 532
Deborah(Girl): 676
Declan(Boy): 364
Deja(Girl): 753
Delaney(Girl): 193
Delilah(Girl): 548
Demarcus(Boy): 735
Demarion(Boy): 749
Demetrius(Boy): 437
Denise(Girl): 379
Dennis(Boy): 313
Denzel(Boy): 940
Deon(Boy): 849
Derek(Boy): 159
Derick(Boy): 736
Derrick(Boy): 256
Deshaun(Boy): 853
Deshawn(Boy): 518
Desirae(Girl): 883
Desiree(Girl): 300
Desmond(Boy): 464
Destin(Boy): 960
Destinee(Girl): 554
Destiney(Girl): 972
Destini(Girl): 929
Destiny(Girl): 37
Devan(Boy): 582
Deven(Boy): 606
Devin(Boy): 100
Devon(Boy): 197
Devonte(Boy): 841
Devyn(Boy): 748
Dexter(Boy): 913
Diamond(Girl): 316
Diana(Girl): 120
Diego(Boy): 56
Dillan(Boy): 774
Dillon(Boy): 223
Dion(Boy): 988
Domenic(Boy): 964
Dominic(Boy): 85
Dominick(Boy): 216
Dominik(Boy): 612
Dominique(Boy): 763
Dominique(Girl): 648
Donald(Boy): 303
Donavan(Boy): 812
Donna(Girl): 832
Donovan(Boy): 198
Donte(Boy): 722
Dorian(Boy): 469
Douglas(Boy): 365
Drake(Boy): 239
Draven(Boy): 685
Drew(Boy): 205
Dulce(Girl): 274
Duncan(Boy): 654
Dustin(Boy): 259
Dwayne(Boy): 610
Dylan(Boy): 26
Dylan(Girl): 733
Ean(Boy): 775
Earl(Boy): 993
Easton(Boy): 359
Eddie(Boy): 395
Eddy(Boy): 855
Eden(Girl): 320
Edgar(Boy): 171
Edison(Boy): 947
Edith(Girl): 638
Eduardo(Boy): 126
Edward(Boy): 143
Edwin(Boy): 158
Efrain(Boy): 663
Efren(Boy): 968
Eileen(Girl): 770
Elaina(Girl): 448
Elaine(Girl): 719
Eleanor(Girl): 277
Elena(Girl): 187
Eli(Boy): 139
Eliana(Girl): 282
Elias(Boy): 186
Elijah(Boy): 29
Elisa(Girl): 543
Elisabeth(Girl): 502
Elise(Girl): 218
Elisha(Boy): 629
Eliza(Girl): 325
Elizabeth(Girl): 11
Ella(Girl): 21
Elle(Girl): 480
Ellen(Girl): 544
Elliana(Girl): 857
Ellie(Girl): 175
Elliot(Boy): 372
Elliott(Boy): 388
Ellis(Boy): 783
Elmer(Boy): 907
Elsa(Girl): 792
Elsie(Girl): 879
Elvis(Boy): 761
Elyse(Girl): 684
Emanuel(Boy): 263
Emely(Girl): 309
Emerson(Boy): 539
Emerson(Girl): 305
Emery(Girl): 778
Emilee(Girl): 375
Emilia(Girl): 420
Emiliano(Boy): 332
Emilie(Girl): 491
Emilio(Boy): 298
Emily(Girl): 1
Emma(Girl): 2
Emmalee(Girl): 685
Emmanuel(Boy): 166
Emmett(Boy): 569
Enrique(Boy): 281
Enzo(Boy): 737
Eric(Boy): 77
Erica(Girl): 222
Erick(Boy): 174
Ericka(Girl): 993
Erik(Boy): 189
Erika(Girl): 238
Erin(Girl): 130
Ernest(Boy): 723
Ernesto(Boy): 379
Esmeralda(Girl): 224
Esperanza(Girl): 675
Essence(Girl): 839
Esteban(Boy): 333
Estefani(Girl): 905
Estevan(Boy): 846
Esther(Girl): 298
Estrella(Girl): 311
Ethan(Boy): 4
Ethen(Boy): 952
Eugene(Boy): 647
Eva(Girl): 124
Evan(Boy): 42
Evangeline(Girl): 597
Eve(Girl): 590
Evelin(Girl): 674
Evelyn(Girl): 65
Everett(Boy): 451
Ezekiel(Boy): 269
Ezequiel(Boy): 541
Ezra(Boy): 340
Fabian(Boy): 272
Fabiola(Girl): 980
Faith(Girl): 64
Fatima(Girl): 228
Felicity(Girl): 617
Felipe(Boy): 457
Felix(Boy): 397
Fernanda(Girl): 431
Fernando(Boy): 151
Finley(Boy): 886
Finley(Girl): 910
Finn(Boy): 456
Finnegan(Boy): 779
Fiona(Girl): 333
Flor(Girl): 1000
Frances(Girl): 779
Francesca(Girl): 428
Francis(Boy): 561
Francisco(Boy): 157
Franco(Boy): 918
Frank(Boy): 245
Frankie(Boy): 648
Franklin(Boy): 439
Freddy(Boy): 641
Frederick(Boy): 483
Fredrick(Boy): 903
Frida(Girl): 836
Gabriel(Boy): 28
Gabriela(Girl): 110
Gabriella(Girl): 50
Gabrielle(Girl): 62
Gael(Boy): 314
Gage(Boy): 156
Gaige(Boy): 919
Galilea(Girl): 840
Gannon(Boy): 889
Garret(Boy): 750
Garrett(Boy): 138
Garrison(Boy): 895
Gary(Boy): 350
Gauge(Boy): 881
Gaven(Boy): 948
Gavin(Boy): 38
Gavyn(Boy): 710
Genesis(Girl): 169
Genevieve(Girl): 368
George(Boy): 153
Georgia(Girl): 273
Gerald(Boy): 544
Gerardo(Boy): 268
German(Boy): 839
Gia(Girl): 643
Giana(Girl): 708
Giancarlo(Boy): 716
Gianna(Girl): 98
Gianni(Boy): 611
Gideon(Boy): 591
Gilbert(Boy): 658
Gilberto(Boy): 554
Gillian(Girl): 758
Gina(Girl): 712
Giovani(Boy): 791
Giovanna(Girl): 723
Giovanni(Boy): 146
Giovanny(Boy): 702
Giselle(Girl): 168
Gisselle(Girl): 677
Glenn(Boy): 850
Gloria(Girl): 453
Gonzalo(Boy): 925
Gordon(Boy): 900
Grace(Girl): 17
Gracelyn(Girl): 759
Gracie(Girl): 103
Grady(Boy): 475
Graham(Boy): 430
Grant(Boy): 155
Grayson(Boy): 218
Gregory(Boy): 208
Greta(Girl): 680
Gretchen(Girl): 771
Greyson(Boy): 503
Griffin(Boy): 254
Guadalupe(Boy): 921
Guadalupe(Girl): 255
Guillermo(Boy): 440
Gunnar(Boy): 502
Gunner(Boy): 578
Gustavo(Boy): 305
Guy(Boy): 989
Gwendolyn(Girl): 631
Haden(Boy): 858
Hadley(Girl): 494
Haiden(Boy): 872
Hailee(Girl): 454
Hailey(Girl): 25
Hailie(Girl): 760
Haleigh(Girl): 596
Haley(Girl): 75
Halie(Girl): 937
Halle(Girl): 493
Hallie(Girl): 450
Hamza(Boy): 738
Hana(Girl): 716
Hanna(Girl): 269
Hannah(Girl): 8
Harley(Boy): 522
Harley(Girl): 388
Harmony(Girl): 342
Harold(Boy): 652
Harper(Boy): 953
Harper(Girl): 510
Harrison(Boy): 232
Harry(Boy): 593
Hassan(Boy): 765
Haven(Girl): 610
Hayden(Boy): 73
Hayden(Girl): 416
Haylee(Girl): 247
Hayley(Girl): 306
Haylie(Girl): 427
Hazel(Girl): 465
Heath(Boy): 786
Heather(Girl): 341
Heaven(Girl): 253
Hector(Boy): 175
Heidi(Girl): 295
Helen(Girl): 343
Helena(Girl): 508
Henry(Boy): 95
Hezekiah(Boy): 885
Hillary(Girl): 982
Holden(Boy): 384
Holly(Girl): 346
Hope(Girl): 200
Houston(Boy): 837
Howard(Boy): 836
Hudson(Boy): 249
Hugh(Boy): 994
Hugo(Boy): 371
Humberto(Boy): 697
Hunter(Boy): 54
Ian(Boy): 81
Ibrahim(Boy): 594
Ignacio(Boy): 703
Iliana(Girl): 727
Imani(Girl): 409
Imanol(Boy): 969
India(Girl): 568
Ingrid(Girl): 619
Irene(Girl): 593
Iris(Girl): 369
Irvin(Boy): 670
Isaac(Boy): 48
Isabel(Girl): 87
Isabela(Girl): 470
Isabell(Girl): 724
Isabella(Girl): 4
Isabelle(Girl): 85
Isai(Boy): 706
Isaiah(Boy): 40
Isaias(Boy): 531
Isiah(Boy): 406
Isis(Girl): 566
Ismael(Boy): 327
Israel(Boy): 203
Issac(Boy): 409
Itzel(Girl): 378
Ivan(Boy): 127
Ivy(Girl): 334
Iyana(Girl): 880
Iyanna(Girl): 991
Izabella(Girl): 290
Izabelle(Girl): 998
Izaiah(Boy): 461
Izayah(Boy): 976
Jabari(Boy): 609
Jace(Boy): 187
Jacey(Girl): 747
Jack(Boy): 35
Jackson(Boy): 36
Jaclyn(Girl): 860
Jacob(Boy): 1
Jacoby(Boy): 909
Jacqueline(Girl): 118
Jacquelyn(Girl): 668
Jada(Girl): 93
Jade(Girl): 111
Jaden(Boy): 88
Jaden(Girl): 304
Jadon(Boy): 398
Jadyn(Boy): 757
Jadyn(Girl): 286
Jaeden(Boy): 666
Jaelyn(Girl): 442
Jaelynn(Girl): 793
Jaheim(Boy): 977
Jaida(Girl): 560
Jaiden(Boy): 214
Jaiden(Girl): 464
Jaidyn(Girl): 586
Jaime(Boy): 279
Jair(Boy): 726
Jairo(Boy): 564
Jakayla(Girl): 730
Jake(Boy): 107
Jakob(Boy): 293
Jalen(Boy): 228
Jaliyah(Girl): 762
Jalyn(Girl): 956
Jalynn(Girl): 949
Jamal(Boy): 504
Jamar(Boy): 649
Jamarcus(Boy): 914
Jamari(Boy): 444
Jamarion(Boy): 459
Jamel(Boy): 970
James(Boy): 16
Jameson(Boy): 424
Jamie(Boy): 583
Jamie(Girl): 242
Jamir(Boy): 768
Jamison(Boy): 534
Jamya(Girl): 737
Jan(Boy): 751
Janae(Girl): 679
Jane(Girl): 478
Janelle(Girl): 390
Janessa(Girl): 594
Janet(Girl): 562
Janiah(Girl): 824
Janice(Girl): 994
Janiya(Girl): 386
Janiyah(Girl): 461
Jaquan(Boy): 656
Jaqueline(Girl): 512
Jared(Boy): 137
Jaron(Boy): 819
Jarrett(Boy): 659
Jarvis(Boy): 1000
Jase(Boy): 565
Jasiah(Boy): 933
Jasmin(Girl): 183
Jasmine(Girl): 29
Jasmyn(Girl): 926
Jason(Boy): 55
Jasper(Boy): 568
Javen(Boy): 954
Javier(Boy): 162
Javion(Boy): 644
Javon(Boy): 410
Jax(Boy): 995
Jaxon(Boy): 211
Jaxson(Boy): 391
Jay(Boy): 351
Jayce(Boy): 427
Jaycee(Girl): 765
Jayda(Girl): 294
Jayden(Boy): 50
Jayden(Girl): 203
Jaydin(Boy): 971
Jaydon(Boy): 416
Jayla(Girl): 99
Jaylah(Girl): 903
Jaylan(Boy): 692
Jaylee(Girl): 818
Jayleen(Girl): 833
Jaylen(Boy): 191
Jaylene(Girl): 912
Jaylin(Boy): 441
Jaylin(Girl): 628
Jaylon(Boy): 479
Jaylyn(Girl): 796
Jaylynn(Girl): 632
Jayson(Boy): 353
Jazlyn(Girl): 533
Jazmin(Girl): 156
Jazmine(Girl): 226
Jazmyn(Girl): 620
Jean(Boy): 721
Jefferson(Boy): 642
Jeffery(Boy): 432
Jeffrey(Boy): 180
Jenna(Girl): 88
Jennifer(Girl): 51
Jenny(Girl): 475
Jeramiah(Boy): 926
Jeremiah(Boy): 71
Jeremy(Boy): 123
Jerimiah(Boy): 931
Jermaine(Boy): 474
Jerome(Boy): 577
Jerry(Boy): 318
Jesse(Boy): 102
Jessica(Girl): 32
Jessie(Boy): 485
Jessie(Girl): 558
Jesus(Boy): 74
Jett(Boy): 535
Jewel(Girl): 861
Jillian(Girl): 174
Jimena(Girl): 472
Jimmy(Boy): 325
Joan(Boy): 978
Joana(Girl): 999
Joanna(Girl): 256
Joaquin(Boy): 286
Jocelyn(Girl): 73
Joe(Boy): 370
Joel(Boy): 124
Joey(Boy): 537
Johan(Boy): 528
Johana(Girl): 850
Johanna(Girl): 376
John(Boy): 20
Johnathan(Boy): 177
Johnathon(Boy): 542
Johnny(Boy): 237
Johnpaul(Boy): 979
Jolie(Girl): 614
Jon(Boy): 455
Jonah(Boy): 170
Jonas(Boy): 357
Jonathan(Boy): 22
Jonathon(Boy): 376
Jordan(Boy): 46
Jordan(Girl): 97
Jorden(Boy): 759
Jordon(Boy): 739
Jordy(Boy): 677
Jordyn(Boy): 780
Jordyn(Girl): 178
Jorge(Boy): 120
Jorja(Girl): 969
Jose(Boy): 32
Josef(Boy): 972
Joselin(Girl): 892
Joselyn(Girl): 314
Joseph(Boy): 11
Josephine(Girl): 221
Josh(Boy): 714
Joshua(Boy): 3
Josiah(Boy): 117
Josie(Girl): 291
Joslyn(Girl): 713
Josue(Boy): 193
Journey(Girl): 822
Jovan(Boy): 840
Jovani(Boy): 694
Jovanni(Boy): 776
Jovanny(Boy): 805
Jovany(Boy): 833
Joy(Girl): 507
Joyce(Girl): 831
Juan(Boy): 61
Judah(Boy): 493
Jude(Boy): 330
Judith(Girl): 577
Julia(Girl): 31
Julian(Boy): 65
Juliana(Girl): 162
Julianna(Girl): 194
Julianne(Girl): 884
Julie(Girl): 296
Julien(Boy): 596
Juliet(Girl): 581
Juliette(Girl): 658
Julio(Boy): 240
Julissa(Girl): 225
Julius(Boy): 319
Junior(Boy): 627
Justice(Boy): 411
Justice(Girl): 547
Justin(Boy): 45
Justine(Girl): 950
Justus(Boy): 743
Kade(Boy): 435
Kaden(Boy): 92
Kadence(Girl): 391
Kadin(Boy): 636
Kadyn(Boy): 920
Kaeden(Boy): 746
Kael(Boy): 851
Kaelyn(Girl): 367
Kai(Boy): 238
Kaia(Girl): 694
Kaiden(Boy): 242
Kaila(Girl): 772
Kailee(Girl): 583
Kailey(Girl): 257
Kailyn(Girl): 492
Kaitlin(Girl): 344
Kaitlyn(Girl): 41
Kaitlynn(Girl): 525
Kaiya(Girl): 851
Kale(Boy): 766
Kaleb(Boy): 115
Kaleigh(Girl): 488
Kaley(Girl): 670
Kali(Girl): 542
Kaliyah(Girl): 755
Kallie(Girl): 821
Kamari(Boy): 664
Kamden(Boy): 795
Kameron(Boy): 284
Kamila(Girl): 873
Kamren(Boy): 980
Kamron(Boy): 668
Kamryn(Girl): 275
Kane(Boy): 701
Kara(Girl): 279
Kareem(Boy): 713
Karen(Girl): 173
Karina(Girl): 227
Karis(Girl): 942
Karissa(Girl): 618
Karl(Boy): 769
Karla(Girl): 209
Karlee(Girl): 649
Karley(Girl): 916
Karli(Girl): 865
Karlie(Girl): 764
Karma(Girl): 852
Karson(Boy): 556
Karter(Boy): 847
Kasen(Boy): 898
Kasey(Boy): 671
Kasey(Girl): 565
Kason(Boy): 752
Kassandra(Girl): 421
Kassidy(Girl): 457
Kate(Girl): 142
Katelyn(Girl): 61
Katelynn(Girl): 270
Katharine(Girl): 906
Katherine(Girl): 36
Kathleen(Girl): 371
Kathryn(Girl): 144
Kathy(Girl): 907
Katie(Girl): 107
Katlyn(Girl): 787
Katrina(Girl): 382
Kaya(Girl): 640
Kayden(Boy): 230
Kayden(Girl): 624
Kaydence(Girl): 356
Kayla(Girl): 26
Kaylah(Girl): 951
Kaylee(Girl): 42
Kayleigh(Girl): 266
Kaylen(Girl): 866
Kayley(Girl): 729
Kayli(Girl): 887
Kaylie(Girl): 278
Kaylin(Girl): 399
Kaylyn(Girl): 686
Kaylynn(Girl): 621
Keagan(Boy): 616
Keaton(Boy): 382
Keegan(Boy): 225
Keely(Girl): 698
Keenan(Boy): 607
Keira(Girl): 109
Keith(Boy): 277
Kellen(Boy): 526
Kelly(Girl): 212
Kelsey(Girl): 184
Kelsie(Girl): 766
Kelvin(Boy): 434
Kendal(Girl): 814
Kendall(Boy): 573
Kendall(Girl): 148
Kendra(Girl): 243
Kendrick(Boy): 527
Kenia(Girl): 874
Kenna(Girl): 924
Kennedi(Girl): 622
Kennedy(Girl): 115
Kenneth(Boy): 128
Kenny(Boy): 498
Kenya(Girl): 523
Kenyon(Boy): 699
Kenzie(Girl): 557
Keon(Boy): 770
Keshawn(Boy): 823
Keven(Boy): 908
Kevin(Boy): 37
Keyla(Girl): 841
Keyon(Boy): 882
Keyshawn(Boy): 949
Khalil(Boy): 454
Khloe(Girl): 963
Kian(Boy): 705
Kiana(Girl): 401
Kianna(Girl): 773
Kiara(Girl): 185
Kiera(Girl): 301
Kieran(Boy): 566
Kierra(Girl): 601
Kiersten(Girl): 509
Kiley(Girl): 429
Kimberly(Girl): 58
Kimora(Girl): 422
King(Boy): 896
Kingston(Boy): 941
Kinley(Girl): 904
Kinsey(Girl): 898
Kinsley(Girl): 876
Kira(Girl): 249
Kirsten(Girl): 407
Kobe(Boy): 543
Kody(Boy): 494
Koen(Boy): 859
Kolby(Boy): 665
Kole(Boy): 650
Kolton(Boy): 632
Konner(Boy): 876
Konnor(Boy): 829
Korbin(Boy): 799
Korey(Boy): 981
Krish(Boy): 625
Krista(Girl): 701
Kristen(Girl): 374
Kristian(Boy): 466
Kristin(Girl): 574
Kristina(Girl): 404
Kristopher(Boy): 392
Krystal(Girl): 505
Kya(Girl): 943
Kyan(Boy): 899
Kyla(Girl): 204
Kylan(Boy): 740
Kyle(Boy): 80
Kylee(Girl): 146
Kyleigh(Girl): 360
Kyler(Boy): 265
Kylie(Girl): 66
Kyra(Girl): 195
Lacey(Girl): 446
Laci(Girl): 682
Lacie(Girl): 952
Laila(Girl): 235
Lainey(Girl): 725
Lamar(Boy): 672
Lamont(Boy): 982
Lana(Girl): 412
Lance(Boy): 321
Landan(Boy): 955
Landen(Boy): 201
Landin(Boy): 891
Landon(Boy): 49
Landyn(Boy): 580
Lane(Boy): 322
Laney(Girl): 483
Lara(Girl): 834
Larissa(Girl): 633
Larry(Boy): 381
Laura(Girl): 172
Laurel(Girl): 846
Lauren(Girl): 24
Lauryn(Girl): 430
Lawrence(Boy): 407
Lawson(Boy): 673
Layla(Girl): 100
Layne(Boy): 691
Layton(Boy): 717
Lea(Girl): 613
Leah(Girl): 69
Leandro(Boy): 864
Leanna(Girl): 748
Lee(Boy): 613
Leia(Girl): 957
Leila(Girl): 284
Leilani(Girl): 313
Leland(Boy): 342
Lena(Girl): 489
Leo(Boy): 236
Leon(Boy): 505
Leonard(Boy): 614
Leonardo(Boy): 184
Leonel(Boy): 468
Leroy(Boy): 956
Lesley(Girl): 750
Leslie(Girl): 108
Lesly(Girl): 419
Leticia(Girl): 797
Levi(Boy): 135
Lewis(Boy): 678
Lexi(Girl): 345
Lexie(Girl): 520
Leyla(Girl): 986
Lia(Girl): 521
Liam(Boy): 98
Liana(Girl): 721
Libby(Girl): 798
Liberty(Girl): 539
Lila(Girl): 329
Lilah(Girl): 867
Lilia(Girl): 930
Lilian(Girl): 439
Liliana(Girl): 150
Lilianna(Girl): 815
Lillian(Girl): 38
Lilliana(Girl): 445
Lillie(Girl): 484
Lilly(Girl): 151
Lily(Girl): 33
Lilyana(Girl): 781
Lina(Girl): 981
Lincoln(Boy): 300
Linda(Girl): 462
Lindsay(Girl): 263
Lindsey(Girl): 186
Lisa(Girl): 503
Litzy(Girl): 829
Lizbeth(Girl): 323
Lizeth(Girl): 691
Logan(Boy): 19
Logan(Girl): 432
Lola(Girl): 280
London(Boy): 638
London(Girl): 353
Lorelai(Girl): 989
Lorelei(Girl): 740
Lorena(Girl): 705
Lorenzo(Boy): 301
Louis(Boy): 326
Luca(Boy): 349
Lucas(Boy): 59
Lucero(Girl): 973
Lucia(Girl): 340
Lucian(Boy): 824
Luciana(Girl): 927
Luciano(Boy): 704
Lucille(Girl): 728
Lucy(Girl): 152
Luis(Boy): 62
Luka(Boy): 807
Lukas(Boy): 241
Luke(Boy): 43
Luna(Girl): 516
Luz(Girl): 591
Lydia(Girl): 131
Lyla(Girl): 639
Lyric(Girl): 644
Macey(Girl): 636
Maci(Girl): 666
Macie(Girl): 479
Mackenzie(Girl): 53
Macy(Girl): 267
Madalyn(Girl): 358
Madalynn(Girl): 794
Maddison(Girl): 403
Maddox(Boy): 235
Madeleine(Girl): 337
Madeline(Girl): 71
Madelyn(Girl): 113
Madelynn(Girl): 549
Madilyn(Girl): 436
Madison(Girl): 3
Madisyn(Girl): 414
Madyson(Girl): 408
Maeve(Girl): 645
Magdalena(Girl): 908
Maggie(Girl): 189
Maia(Girl): 506
Makai(Boy): 856
Makaila(Girl): 934
Makayla(Girl): 45
Makena(Girl): 802
Makenna(Girl): 231
Makenzie(Girl): 196
Malachi(Boy): 150
Malakai(Boy): 727
Malaki(Boy): 803
Malaya(Girl): 939
Malcolm(Boy): 545
Maleah(Girl): 847
Malia(Girl): 410
Malik(Boy): 290
Maliyah(Girl): 871
Mallory(Girl): 234
Manuel(Boy): 164
Mara(Girl): 681
Marc(Boy): 408
Marcel(Boy): 957
Marcelo(Boy): 890
Marco(Boy): 206
Marcos(Boy): 248
Marcus(Boy): 112
Margaret(Girl): 161
Margarita(Girl): 944
Maria(Girl): 47
Mariah(Girl): 81
Mariam(Girl): 692
Mariana(Girl): 176
Marianna(Girl): 689
Maribel(Girl): 803
Marie(Girl): 578
Mariela(Girl): 808
Marilyn(Girl): 514
Marin(Girl): 953
Marina(Girl): 406
Mario(Boy): 178
Marisa(Girl): 498
Marisol(Girl): 321
Marissa(Girl): 104
Maritza(Girl): 496
Mariyah(Girl): 896
Mark(Boy): 129
Markus(Boy): 630
Marlee(Girl): 775
Marlene(Girl): 515
Marley(Girl): 415
Marlon(Boy): 508
Marques(Boy): 802
Marquis(Boy): 553
Marquise(Boy): 866
Marshall(Boy): 417
Martha(Girl): 526
Martin(Boy): 200
Marvin(Boy): 346
Mary(Girl): 84
Maryam(Girl): 954
Mason(Boy): 39
Mateo(Boy): 274
Mathew(Boy): 316
Mathias(Boy): 741
Matias(Boy): 816
Matteo(Boy): 619
Matthew(Boy): 5
Matthias(Boy): 813
Mattie(Girl): 827
Maura(Girl): 922
Maurice(Boy): 400
Mauricio(Boy): 368
Maverick(Boy): 605
Max(Boy): 160
Maxim(Boy): 852
Maximilian(Boy): 348
Maximo(Boy): 922
Maximus(Boy): 374
Maxwell(Boy): 149
Maya(Girl): 57
Mayra(Girl): 656
Mckayla(Girl): 579
Mckenna(Girl): 217
Mckenzie(Girl): 165
Mckinley(Girl): 964
Meadow(Girl): 804
Meagan(Girl): 745
Megan(Girl): 60
Meghan(Girl): 322
Mekhi(Boy): 443
Melanie(Girl): 83
Melany(Girl): 466
Melina(Girl): 546
Melissa(Girl): 117
Melody(Girl): 299
Melvin(Boy): 425
Memphis(Boy): 923
Mercedes(Girl): 440
Meredith(Girl): 310
Messiah(Boy): 798
Mia(Girl): 13
Miah(Girl): 768
Micaela(Girl): 961
Micah(Boy): 148
Micah(Girl): 714
Michael(Boy): 2
Michaela(Girl): 331
Micheal(Boy): 419
Michelle(Girl): 80
Miguel(Boy): 89
Mikaela(Girl): 641
Mikayla(Girl): 153
Mike(Boy): 680
Mikel(Boy): 990
Mila(Girl): 749
Miles(Boy): 202
Milo(Boy): 679
Milton(Boy): 845
Mina(Girl): 995
Mira(Girl): 935
Miracle(Girl): 482
Miranda(Girl): 139
Mireya(Girl): 983
Miriam(Girl): 292
Misael(Boy): 620
Mitchell(Boy): 275
Miya(Girl): 970
Mohamed(Boy): 467
Mohammad(Boy): 589
Mohammed(Boy): 633
Moises(Boy): 344
Mollie(Girl): 756
Molly(Girl): 105
Monica(Girl): 250
Monique(Girl): 655
Monserrat(Girl): 702
Montana(Girl): 868
Morgan(Boy): 366
Morgan(Girl): 35
Moriah(Girl): 900
Moses(Boy): 445
Moshe(Boy): 662
Muhammad(Boy): 639
Mya(Girl): 101
Myah(Girl): 647
Myla(Girl): 918
Myles(Boy): 311
Nadia(Girl): 188
Naima(Girl): 888
Nancy(Girl): 326
Naomi(Girl): 129
Nash(Boy): 742
Nasir(Boy): 418
Natalee(Girl): 497
Natalia(Girl): 94
Natalie(Girl): 16
Nataly(Girl): 397
Natalya(Girl): 828
Natasha(Girl): 357
Nathalia(Girl): 783
Nathalie(Girl): 538
Nathaly(Girl): 782
Nathan(Boy): 23
Nathanael(Boy): 462
Nathanial(Boy): 724
Nathaniel(Boy): 69
Nathen(Boy): 806
Nayeli(Girl): 394
Nehemiah(Boy): 362
Neil(Boy): 604
Nelson(Boy): 447
Nestor(Boy): 927
Nevaeh(Girl): 43
Neveah(Girl): 996
Nia(Girl): 380
Nicholas(Boy): 17
Nichole(Girl): 945
Nick(Boy): 820
Nickolas(Boy): 336
Nico(Boy): 667
Nicolas(Boy): 140
Nicole(Girl): 74
Nicolette(Girl): 997
Nigel(Boy): 709
Nikhil(Boy): 874
Niko(Boy): 983
Nikolas(Boy): 383
Nina(Girl): 272
Noah(Boy): 15
Noe(Boy): 450
Noel(Boy): 448
Noelia(Girl): 795
Noelle(Girl): 451
Noemi(Girl): 634
Nolan(Boy): 145
Nora(Girl): 245
Norah(Girl): 513
Nya(Girl): 977
Nyasia(Girl): 807
Nyla(Girl): 385
Octavio(Boy): 669
Oliver(Boy): 173
Olivia(Girl): 7
Omar(Boy): 131
Omari(Boy): 715
Omarion(Boy): 728
Orion(Boy): 529
Orlando(Boy): 356
Oscar(Boy): 118
Osvaldo(Boy): 491
Oswaldo(Boy): 546
Owen(Boy): 58
Pablo(Boy): 292
Paige(Girl): 76
Paisley(Girl): 835
Paloma(Girl): 853
Pamela(Girl): 530
Paola(Girl): 302
Paris(Girl): 260
Parker(Boy): 116
Parker(Girl): 637
Patience(Girl): 580
Patricia(Girl): 413
Patrick(Boy): 110
Paul(Boy): 134
Paula(Girl): 671
Paulina(Girl): 499
Paxton(Boy): 777
Payton(Boy): 267
Payton(Girl): 163
Pedro(Boy): 219
Penelope(Girl): 481
Perla(Girl): 387
Perry(Boy): 958
Peter(Boy): 167
Peyton(Boy): 154
Peyton(Girl): 138
Philip(Boy): 343
Phillip(Boy): 285
Phoebe(Girl): 366
Phoenix(Boy): 423
Phoenix(Girl): 816
Pierce(Boy): 549
Piper(Girl): 246
Porter(Boy): 476
Pranav(Boy): 892
Precious(Girl): 555
Presley(Girl): 348
Preston(Boy): 114
Prince(Boy): 825
Princess(Girl): 709
Priscilla(Girl): 372
Quentin(Boy): 347
Quincy(Boy): 489
Quinn(Boy): 282
Quinn(Girl): 540
Quinten(Boy): 860
Quintin(Boy): 651
Quinton(Boy): 477
Rachael(Girl): 392
Rachel(Girl): 49
Raegan(Girl): 434
Rafael(Boy): 217
Raina(Girl): 925
Ralph(Boy): 764
Ramiro(Boy): 567
Ramon(Boy): 367
Randall(Boy): 622
Randy(Boy): 310
Raphael(Boy): 681
Raquel(Girl): 500
Rashad(Boy): 660
Raul(Boy): 255
Raven(Girl): 441
Ray(Boy): 560
Rayan(Boy): 996
Raymond(Boy): 194
Rayna(Girl): 811
Rayne(Girl): 992
Reagan(Boy): 792
Reagan(Girl): 155
Rebeca(Girl): 854
Rebecca(Girl): 96
Rebekah(Girl): 276
Reece(Boy): 413
Reed(Boy): 470
Reese(Boy): 433
Reese(Girl): 159
Regan(Girl): 567
Regina(Girl): 603
Reginald(Boy): 516
Reid(Boy): 422
Reina(Girl): 938
Remington(Boy): 781
Rene(Boy): 492
Renee(Girl): 582
Reuben(Boy): 873
Rex(Boy): 814
Rey(Boy): 854
Reyna(Girl): 595
Reynaldo(Boy): 834
Rhett(Boy): 683
Rhianna(Girl): 786
Rhiannon(Girl): 738
Rhys(Boy): 915
Ricardo(Boy): 152
Richard(Boy): 99
Ricky(Boy): 394
Rigoberto(Boy): 789
Rihanna(Girl): 528
Riley(Boy): 101
Riley(Girl): 55
River(Boy): 511
Riya(Girl): 958
Robert(Boy): 47
Roberto(Boy): 215
Rocco(Boy): 490
Rocio(Girl): 940
Rocky(Boy): 973
Roderick(Boy): 730
Rodney(Boy): 449
Rodolfo(Boy): 519
Rodrigo(Boy): 363
Rogelio(Boy): 517
Roger(Boy): 453
Rohan(Boy): 521
Roland(Boy): 787
Rolando(Boy): 571
Roman(Boy): 209
Romeo(Boy): 574
Ronald(Boy): 251
Ronaldo(Boy): 782
Ronan(Boy): 598
Ronin(Boy): 997
Ronnie(Boy): 563
Rory(Boy): 826
Rosa(Girl): 400
Rose(Girl): 350
Roselyn(Girl): 706
Rosemary(Girl): 703
Ross(Boy): 747
Rowan(Boy): 426
Rowan(Girl): 642
Roy(Boy): 458
Royce(Boy): 901
Ruben(Boy): 227
Rubi(Girl): 615
Ruby(Girl): 137
Rudy(Boy): 628
Russell(Boy): 404
Ruth(Girl): 373
Ryan(Boy): 14
Ryan(Girl): 455
Ryann(Girl): 697
Ryder(Boy): 257
Ryker(Boy): 624
Rylan(Boy): 258
Ryland(Boy): 686
Rylee(Boy): 797
Rylee(Girl): 134
Ryleigh(Girl): 328
Rylie(Girl): 317
Sabrina(Girl): 197
Sadie(Girl): 157
Sage(Boy): 689
Sage(Girl): 417
Saige(Girl): 805
Salma(Girl): 752
Salvador(Boy): 390
Salvatore(Boy): 817
Sam(Boy): 463
Samantha(Girl): 10
Samara(Girl): 351
Samir(Boy): 835
Sammy(Boy): 934
Samson(Boy): 887
Samuel(Boy): 25
Sanaa(Girl): 607
Sanai(Girl): 974
Sandra(Girl): 364
Saniya(Girl): 522
Saniyah(Girl): 710
Santana(Boy): 877
Santiago(Boy): 231
Santino(Boy): 688
Santos(Boy): 718
Sara(Girl): 72
Sarah(Girl): 15
Sarahi(Girl): 842
Sarai(Girl): 443
Sariah(Girl): 813
Sasha(Girl): 336
Saul(Boy): 297
Savana(Girl): 931
Savanah(Girl): 625
Savanna(Girl): 230
Savannah(Girl): 30
Savion(Boy): 867
Sawyer(Boy): 247
Scarlet(Girl): 843
Scarlett(Girl): 297
Scott(Boy): 253
Seamus(Boy): 842
Sean(Boy): 68
Sebastian(Boy): 76
Selah(Girl): 838
Selena(Girl): 285
Selene(Girl): 987
Selina(Girl): 901
Semaj(Boy): 693
Serena(Girl): 396
Serenity(Girl): 135
Sergio(Boy): 195
Seth(Boy): 103
Shakira(Girl): 791
Shamar(Boy): 800
Shane(Boy): 179
Shania(Girl): 487
Shaniya(Girl): 646
Shannon(Boy): 986
Shannon(Girl): 359
Sharon(Girl): 623
Shaun(Boy): 341
Shawn(Boy): 169
Shayla(Girl): 330
Shaylee(Girl): 788
Shayna(Girl): 810
Shea(Girl): 893
Sheila(Girl): 946
Shelby(Girl): 133
Sheldon(Boy): 843
Sherlyn(Girl): 362
Sheyla(Girl): 862
Shyann(Girl): 975
Shyanne(Girl): 726
Shyla(Girl): 919
Sidney(Boy): 801
Sidney(Girl): 423
Siena(Girl): 629
Sienna(Girl): 177
Sierra(Girl): 141
Silas(Boy): 373
Simeon(Boy): 950
Simon(Boy): 246
Simone(Girl): 564
Sincere(Boy): 637
Skye(Girl): 433
Skyla(Girl): 598
Skylar(Boy): 436
Skylar(Girl): 145
Skyler(Boy): 270
Skyler(Girl): 315
Sofia(Girl): 56
Solomon(Boy): 486
Sonia(Girl): 599
Sonny(Boy): 883
Sophia(Girl): 9
Sophie(Girl): 125
Soren(Boy): 808
Spencer(Boy): 182
Stacey(Girl): 976
Stacy(Girl): 672
Stanley(Boy): 600
Stefan(Boy): 878
Stella(Girl): 241
Stephan(Boy): 965
Stephanie(Girl): 70
Stephany(Girl): 799
Stephen(Boy): 165
Sterling(Boy): 784
Steve(Boy): 532
Steven(Boy): 90
Stone(Boy): 984
Sullivan(Boy): 916
Summer(Girl): 154
Susan(Girl): 611
Susana(Girl): 875
Sydnee(Girl): 769
Sydney(Girl): 34
Sylvia(Girl): 524
Tabitha(Girl): 534
Talan(Boy): 309
Talen(Boy): 893
Talia(Girl): 363
Taliyah(Girl): 735
Talon(Boy): 428
Tamara(Girl): 678
Tamia(Girl): 575
Tania(Girl): 447
Taniya(Girl): 664
Taniyah(Girl): 891
Tanner(Boy): 142
Tanya(Girl): 746
Tara(Girl): 463
Taryn(Girl): 444
Tate(Boy): 412
Tatiana(Girl): 283
Tatianna(Girl): 962
Tatum(Girl): 349
Tatyana(Girl): 820
Tayla(Girl): 923
Tayler(Girl): 911
Taylor(Boy): 222
Taylor(Girl): 22
Teagan(Boy): 827
Teagan(Girl): 425
Teresa(Girl): 535
Terrance(Boy): 465
Terrell(Boy): 520
Terrence(Boy): 538
Terry(Boy): 446
Tess(Girl): 734
Tessa(Girl): 252
Thaddeus(Boy): 998
Thalia(Girl): 774
Theodore(Boy): 296
Theresa(Girl): 717
Thomas(Boy): 51
Tia(Girl): 608
Tiana(Girl): 477
Tianna(Girl): 690
Tiara(Girl): 551
Tiffany(Girl): 210
Timothy(Boy): 94
Tina(Girl): 932
Titus(Boy): 550
Tobias(Boy): 484
Toby(Boy): 509
Todd(Boy): 653
Tomas(Boy): 488
Tommy(Boy): 460
Toni(Girl): 819
Tony(Boy): 329
Tori(Girl): 452
Trace(Boy): 536
Travis(Boy): 163
Travon(Boy): 935
Trent(Boy): 287
Trenton(Boy): 192
Trevon(Boy): 530
Trevor(Boy): 125
Trey(Boy): 250
Treyvon(Boy): 928
Trinity(Girl): 63
Trista(Girl): 812
Tristan(Boy): 86
Tristen(Boy): 335
Tristian(Boy): 729
Tristin(Boy): 557
Triston(Boy): 487
Troy(Boy): 229
Truman(Boy): 943
Trystan(Boy): 961
Tucker(Boy): 260
Ty(Boy): 210
Tyler(Boy): 18
Tyler(Girl): 741
Tyra(Girl): 662
Tyree(Boy): 700
Tyrell(Boy): 655
Tyrese(Boy): 621
Tyrone(Boy): 575
Tyshawn(Boy): 902
Tyson(Boy): 276
Ulises(Boy): 525
Uriel(Boy): 403
Valentin(Boy): 911
Valentina(Girl): 438
Valentino(Boy): 967
Valeria(Girl): 90
Valerie(Girl): 127
Valery(Girl): 720
Van(Boy): 904
Vance(Boy): 719
Vanessa(Girl): 79
Vaughn(Boy): 734
Veronica(Girl): 211
Vicente(Boy): 599
Victor(Boy): 104
Victoria(Girl): 28
Vincent(Boy): 108
Vincenzo(Boy): 857
Violet(Girl): 261
Virginia(Girl): 511
Vivian(Girl): 223
Viviana(Girl): 449
Wade(Boy): 551
Walker(Boy): 414
Walter(Boy): 355
Warren(Boy): 506
Waylon(Boy): 547
Wayne(Boy): 645
Wendy(Girl): 354
Wesley(Boy): 190
Weston(Boy): 380
Whitney(Girl): 531
Will(Boy): 533
William(Boy): 10
Willie(Boy): 514
Willow(Girl): 529
Wilson(Boy): 512
Winston(Boy): 879
Wyatt(Boy): 82
Xander(Boy): 278
Xavier(Boy): 78
Ximena(Girl): 393
Xiomara(Girl): 806
Xzavier(Boy): 617
Yadira(Girl): 541
Yahir(Boy): 387
Yair(Boy): 712
Yandel(Boy): 674
Yareli(Girl): 627
Yaretzi(Girl): 837
Yaritza(Girl): 897
Yasmin(Girl): 324
Yasmine(Girl): 588
Yazmin(Girl): 536
Yesenia(Girl): 418
Yosef(Boy): 944
Yoselin(Girl): 600
Yuliana(Girl): 947
Yuridia(Girl): 894
Yusuf(Boy): 912
Yvette(Girl): 913
Zachariah(Boy): 420
Zachary(Boy): 33
Zachery(Boy): 495
Zack(Boy): 936
Zackary(Boy): 320
Zackery(Boy): 585
Zain(Boy): 865
Zaire(Boy): 821
Zakary(Boy): 894
Zander(Boy): 306
Zane(Boy): 243
Zara(Girl): 858
Zaria(Girl): 718
Zariah(Girl): 789
Zavier(Boy): 809
Zayden(Boy): 871
Zayne(Boy): 959
Zechariah(Boy): 676
Zion(Boy): 266
Zion(Girl): 817
Zoe(Girl): 54
Zoey(Girl): 119
Zoie(Girl): 552
