1994
Aaliyah(Girl): 202
Aaron(Boy): 28
Abbey(Girl): 419
Abbie(Girl): 627
Abby(Girl): 213
Abdul(Boy): 994
Abel(Boy): 399
Abigail(Girl): 42
Abraham(Boy): 242
Abram(Boy): 848
Adam(Boy): 38
Adan(Boy): 539
Addison(Boy): 554
Addison(Girl): 800
Adilene(Girl): 984
Adolfo(Boy): 586
Adonis(Boy): 796
Adrian(Boy): 98
Adrian(Girl): 834
Adriana(Girl): 151
Adrianna(Girl): 307
Adrienne(Girl): 357
Agustin(Boy): 602
Ahmad(Boy): 535
Ahmed(Boy): 642
Aidan(Boy): 440
Aileen(Girl): 810
Aimee(Girl): 295
Aisha(Girl): 625
Aja(Girl): 885
Akeem(Boy): 696
Alaina(Girl): 382
Alan(Boy): 144
Alana(Girl): 334
Alanna(Girl): 504
Alayna(Girl): 653
Albert(Boy): 209
Alberto(Boy): 221
Aldo(Boy): 904
Aleah(Girl): 943
Alec(Boy): 109
Alecia(Girl): 875
Alejandra(Girl): 147
Alejandro(Boy): 106
Alek(Boy): 937
Alena(Girl): 919
Alesha(Girl): 790
Alessandra(Girl): 852
Alex(Boy): 50
Alex(Girl): 581
Alexa(Girl): 95
Alexander(Boy): 22
Alexandra(Girl): 28
Alexandre(Boy): 896
Alexandrea(Girl): 526
Alexandria(Girl): 72
Alexandro(Boy): 790
Alexia(Girl): 308
Alexis(Boy): 227
Alexis(Girl): 18
Alexus(Girl): 250
Alfonso(Boy): 432
Alfred(Boy): 476
Alfredo(Boy): 274
Ali(Boy): 461
Ali(Girl): 674
Alice(Girl): 422
Alicia(Girl): 83
Alina(Girl): 561
Alisa(Girl): 542
Alisha(Girl): 200
Alison(Girl): 153
Alissa(Girl): 260
Aliyah(Girl): 359
Allan(Boy): 428
Allen(Boy): 179
Allie(Girl): 450
Allison(Girl): 34
Allyson(Girl): 210
Allyssa(Girl): 770
Alma(Girl): 433
Alonso(Boy): 862
Alonzo(Boy): 465
Alton(Boy): 841
Alvaro(Boy): 561
Alvin(Boy): 419
Alycia(Girl): 835
Alysa(Girl): 862
Alysha(Girl): 564
Alysia(Girl): 823
Alyson(Girl): 372
Alyssa(Girl): 26
Amanda(Girl): 8
Amber(Girl): 21
Amelia(Girl): 226
Amie(Girl): 944
Amir(Boy): 566
Amos(Boy): 849
Amy(Girl): 77
Ana(Girl): 143
Anastasia(Girl): 324
Anderson(Boy): 814
Andre(Boy): 148
Andrea(Girl): 49
Andreas(Boy): 905
Andres(Boy): 163
Andrew(Boy): 10
Andria(Girl): 971
Andy(Boy): 258
Angel(Boy): 104
Angel(Girl): 176
Angela(Girl): 81
Angelica(Girl): 108
Angelina(Girl): 302
Angelique(Girl): 460
Angelo(Boy): 347
Angie(Girl): 644
Anissa(Girl): 452
Anita(Girl): 550
Anjelica(Girl): 889
Ann(Girl): 341
Anna(Girl): 41
Annamarie(Girl): 985
Anne(Girl): 204
Annette(Girl): 643
Annie(Girl): 338
Anthony(Boy): 18
Antoine(Boy): 550
Antoinette(Girl): 569
Anton(Boy): 579
Antonia(Girl): 671
Antonio(Boy): 88
Antony(Boy): 874
Antwan(Boy): 692
April(Girl): 127
Araceli(Girl): 547
Ari(Boy): 807
Ariana(Girl): 166
Arianna(Girl): 282
Aric(Boy): 791
Ariel(Boy): 480
Ariel(Girl): 144
Arielle(Girl): 417
Arlene(Girl): 705
Armando(Boy): 226
Armani(Boy): 980
Arnold(Boy): 638
Aron(Boy): 622
Arron(Boy): 708
Arthur(Boy): 248
Arturo(Boy): 273
Asa(Boy): 798
Asha(Girl): 863
Ashanti(Girl): 869
Ashely(Girl): 886
Asher(Boy): 883
Ashlee(Girl): 180
Ashleigh(Girl): 206
Ashley(Boy): 957
Ashley(Girl): 2
Ashlie(Girl): 579
Ashly(Girl): 730
Ashlyn(Girl): 256
Ashlynn(Girl): 590
Ashton(Boy): 355
Ashton(Girl): 285
Asia(Girl): 234
Aspen(Girl): 708
Athena(Girl): 812
Aubree(Girl): 924
Aubrey(Boy): 683
Aubrey(Girl): 253
Audra(Girl): 749
Audrey(Girl): 162
August(Boy): 750
Augustus(Boy): 866
Aurora(Girl): 669
Austen(Boy): 505
Austin(Boy): 17
Austin(Girl): 860
Auston(Boy): 891
Austyn(Boy): 820
Autumn(Girl): 117
Ava(Girl): 750
Avery(Boy): 260
Avery(Girl): 484
Axel(Boy): 953
Ayana(Girl): 751
Ayanna(Girl): 678
Ayla(Girl): 813
Baby(Boy): 525
Baby(Girl): 700
Bailee(Girl): 887
Bailey(Boy): 768
Bailey(Girl): 137
Barbara(Girl): 318
Barrett(Boy): 884
Barry(Boy): 497
Beatrice(Girl): 872
Beatriz(Girl): 554
Beau(Boy): 395
Belinda(Girl): 814
Ben(Boy): 615
Benito(Boy): 757
Benjamin(Boy): 31
Bennett(Boy): 662
Benny(Boy): 867
Berenice(Girl): 771
Bernard(Boy): 495
Bernardo(Boy): 671
Beth(Girl): 675
Bethany(Girl): 116
Betsy(Girl): 990
Betty(Girl): 757
Beverly(Girl): 608
Bianca(Girl): 110
Billie(Girl): 838
Billy(Boy): 255
Blaine(Boy): 502
Blair(Boy): 842
Blair(Girl): 648
Blaise(Boy): 1000
Blake(Boy): 81
Blake(Girl): 965
Blanca(Girl): 476
Bo(Boy): 758
Bobbi(Girl): 682
Bobbie(Girl): 631
Bobby(Boy): 254
Bonnie(Girl): 530
Brad(Boy): 515
Braden(Boy): 341
Bradford(Boy): 663
Bradley(Boy): 83
Bradly(Boy): 764
Brady(Boy): 173
Brandan(Boy): 715
Branden(Boy): 270
Brandi(Girl): 122
Brandie(Girl): 707
Brandon(Boy): 6
Brandy(Girl): 214
Brandyn(Boy): 680
Brannon(Boy): 995
Brant(Boy): 916
Braxton(Boy): 442
Brayden(Boy): 588
Brea(Girl): 853
Breana(Girl): 378
Breann(Girl): 854
Breanna(Girl): 84
Breanne(Girl): 553
Brenda(Girl): 121
Brendan(Boy): 129
Brenden(Boy): 337
Brendon(Boy): 342
Brenna(Girl): 278
Brennan(Boy): 329
Brennen(Boy): 666
Brent(Boy): 188
Brenton(Boy): 577
Breonna(Girl): 739
Bret(Boy): 494
Brett(Boy): 107
Bria(Girl): 252
Brian(Boy): 37
Briana(Girl): 68
Brianna(Girl): 27
Brianne(Girl): 356
Brice(Boy): 574
Bridget(Girl): 174
Bridgett(Girl): 876
Bridgette(Girl): 523
Brielle(Girl): 766
Brionna(Girl): 740
Britany(Girl): 842
Britney(Girl): 263
Brittani(Girl): 429
Brittanie(Girl): 746
Brittany(Girl): 7
Brittney(Girl): 89
Brittni(Girl): 663
Brock(Boy): 328
Broderick(Boy): 917
Brody(Boy): 472
Bronson(Boy): 802
Brook(Girl): 635
Brooke(Girl): 54
Brooklyn(Girl): 385
Brooks(Boy): 645
Bruce(Boy): 330
Bryan(Boy): 66
Bryana(Girl): 804
Bryanna(Girl): 391
Bryant(Boy): 303
Bryce(Boy): 150
Bryon(Boy): 900
Bryson(Boy): 468
Bryton(Boy): 987
Byron(Boy): 368
Cade(Boy): 592
Caden(Boy): 731
Cain(Boy): 901
Caitlin(Girl): 78
Caitlyn(Girl): 150
Caitlynn(Girl): 977
Cale(Boy): 958
Caleb(Boy): 60
Callie(Girl): 343
Calvin(Boy): 195
Camden(Boy): 803
Cameron(Boy): 52
Cameron(Girl): 632
Camille(Girl): 287
Camron(Boy): 759
Candace(Girl): 254
Candice(Girl): 291
Cara(Girl): 272
Carina(Girl): 453
Carissa(Girl): 304
Carl(Boy): 204
Carla(Girl): 335
Carlee(Girl): 726
Carley(Girl): 411
Carli(Girl): 660
Carlie(Girl): 556
Carlo(Boy): 918
Carlos(Boy): 72
Carlton(Boy): 547
Carly(Girl): 138
Carmen(Girl): 239
Carol(Girl): 493
Carolina(Girl): 269
Caroline(Girl): 94
Carolyn(Girl): 231
Carrie(Girl): 275
Carson(Boy): 315
Carson(Girl): 925
Carter(Boy): 421
Casandra(Girl): 506
Casey(Boy): 116
Casey(Girl): 118
Cassandra(Girl): 66
Cassidy(Girl): 139
Cassie(Girl): 305
Catalina(Girl): 839
Catherine(Girl): 85
Cayla(Girl): 574
Cecelia(Girl): 855
Cecil(Boy): 836
Cecilia(Girl): 286
Cedric(Boy): 417
Celeste(Girl): 259
Celia(Girl): 696
Celina(Girl): 423
Celine(Girl): 819
Cesar(Boy): 178
Chad(Boy): 130
Chadwick(Boy): 919
Chaim(Boy): 922
Chance(Boy): 216
Chandler(Boy): 348
Chandler(Girl): 444
Chanel(Girl): 531
Chantal(Girl): 864
Chantel(Girl): 480
Chantelle(Girl): 936
Charity(Girl): 516
Charlene(Girl): 570
Charles(Boy): 43
Charlie(Boy): 477
Charlotte(Girl): 290
Chase(Boy): 114
Chasity(Girl): 370
Chaya(Girl): 920
Chaz(Boy): 563
Chelsea(Girl): 38
Chelsey(Girl): 178
Chelsie(Girl): 353
Cheryl(Girl): 683
Chester(Boy): 928
Cheyanne(Girl): 436
Cheyenne(Girl): 99
China(Girl): 950
Chloe(Girl): 155
Chris(Boy): 484
Christa(Girl): 454
Christen(Girl): 680
Christian(Boy): 35
Christian(Girl): 345
Christiana(Girl): 715
Christie(Girl): 677
Christin(Girl): 843
Christina(Girl): 39
Christine(Girl): 104
Christopher(Boy): 2
Christy(Girl): 395
Ciara(Girl): 208
Ciera(Girl): 418
Cierra(Girl): 205
Cindy(Girl): 197
Claire(Girl): 149
Clara(Girl): 434
Clare(Girl): 623
Clarence(Boy): 456
Clarisa(Girl): 665
Clarissa(Girl): 236
Clark(Boy): 634
Claudia(Girl): 199
Clay(Boy): 354
Clayton(Boy): 149
Clifford(Boy): 507
Clifton(Boy): 636
Clint(Boy): 488
Clinton(Boy): 397
Clyde(Boy): 875
Coby(Boy): 892
Codey(Boy): 699
Codi(Boy): 932
Codie(Boy): 772
Cody(Boy): 25
Colby(Boy): 200
Cole(Boy): 111
Coleman(Boy): 593
Colin(Boy): 124
Colleen(Girl): 207
Collin(Boy): 152
Colt(Boy): 655
Colten(Boy): 558
Colton(Boy): 121
Conner(Boy): 225
Connie(Girl): 599
Connor(Boy): 59
Conor(Boy): 304
Conrad(Boy): 610
Constance(Girl): 836
Cooper(Boy): 438
Cora(Girl): 654
Corbin(Boy): 400
Cordell(Boy): 709
Corey(Boy): 73
Corey(Girl): 870
Cori(Girl): 692
Corina(Girl): 582
Corinne(Girl): 492
Cornelius(Boy): 629
Cortez(Boy): 624
Cortney(Girl): 424
Cory(Boy): 102
Coty(Boy): 605
Courtney(Boy): 567
Courtney(Girl): 22
Craig(Boy): 198
Cristal(Girl): 461
Cristian(Boy): 138
Cristina(Girl): 220
Cristobal(Boy): 909
Cristopher(Boy): 808
Cruz(Boy): 725
Crystal(Girl): 65
Cullen(Boy): 600
Curtis(Boy): 170
Cydney(Girl): 939
Cynthia(Girl): 105
Cyrus(Boy): 765
Daisy(Girl): 177
Dakoda(Boy): 950
Dakota(Boy): 69
Dakota(Girl): 306
Dakotah(Boy): 728
Dale(Boy): 365
Dalia(Girl): 485
Dallas(Boy): 222
Dallas(Girl): 527
Dallin(Boy): 850
Dalton(Boy): 85
Dalvin(Boy): 912
Damaris(Girl): 906
Damian(Boy): 215
Damien(Boy): 278
Damion(Boy): 496
Damon(Boy): 293
Dan(Boy): 799
Dana(Boy): 745
Dana(Girl): 167
Dandre(Boy): 625
Dane(Boy): 436
Danica(Girl): 776
Daniel(Boy): 8
Daniela(Girl): 238
Daniella(Girl): 432
Danielle(Girl): 20
Danika(Girl): 991
Danny(Boy): 231
Dante(Boy): 322
Danyelle(Girl): 956
Daphne(Girl): 744
Daquan(Boy): 374
Darby(Girl): 666
Darcy(Girl): 986
Darian(Boy): 357
Darian(Girl): 312
Darien(Boy): 383
Darin(Boy): 647
Dario(Boy): 805
Darion(Boy): 526
Darius(Boy): 155
Darlene(Girl): 636
Darnell(Boy): 467
Daron(Boy): 868
Darrell(Boy): 332
Darren(Boy): 201
Darrian(Boy): 766
Darrick(Boy): 972
Darrien(Boy): 923
Darrin(Boy): 591
Darrion(Boy): 700
Darrius(Boy): 580
Darryl(Boy): 372
Darwin(Boy): 943
Daryl(Boy): 549
Dashawn(Boy): 528
Daulton(Boy): 792
David(Boy): 13
Davin(Boy): 863
Davion(Boy): 722
Davis(Boy): 424
Davon(Boy): 403
Davonte(Boy): 582
Dawn(Girl): 583
Dawson(Boy): 854
Dayana(Girl): 752
Dayna(Girl): 779
Dayton(Boy): 751
Dean(Boy): 314
Deandre(Boy): 250
Deangelo(Boy): 650
Deanna(Girl): 165
Deborah(Girl): 355
Debra(Girl): 684
Deion(Boy): 581
Deja(Girl): 824
Dejuan(Boy): 974
Delaney(Girl): 515
Demarco(Boy): 951
Demarcus(Boy): 453
Demario(Boy): 981
Demetri(Boy): 888
Demetrius(Boy): 301
Demi(Girl): 676
Demonte(Boy): 959
Denise(Girl): 212
Denisha(Girl): 693
Denisse(Girl): 951
Dennis(Boy): 177
Denver(Boy): 855
Denzel(Boy): 335
Deon(Boy): 473
Deondre(Boy): 776
Deonte(Boy): 482
Dequan(Boy): 522
Derek(Boy): 77
Derick(Boy): 499
Derrick(Boy): 136
Desean(Boy): 982
Deshaun(Boy): 821
Deshawn(Boy): 408
Desirae(Girl): 497
Desiree(Girl): 125
Desmond(Boy): 359
Destin(Boy): 938
Destinee(Girl): 386
Destiney(Girl): 720
Destini(Girl): 745
Destiny(Girl): 86
Devan(Boy): 367
Devan(Girl): 709
Devante(Boy): 309
Deven(Boy): 596
Devin(Boy): 61
Devin(Girl): 344
Devon(Boy): 117
Devon(Girl): 371
Devonta(Boy): 611
Devontae(Boy): 889
Devonte(Boy): 279
Devyn(Boy): 784
Devyn(Girl): 797
Dewayne(Boy): 797
Dexter(Boy): 548
Diamond(Girl): 170
Diana(Girl): 98
Diane(Girl): 540
Dianna(Girl): 758
Diego(Boy): 237
Dillan(Boy): 601
Dillion(Boy): 694
Dillon(Boy): 101
Dimitri(Boy): 594
Dina(Girl): 877
Dion(Boy): 543
Dionte(Boy): 902
Domenic(Boy): 924
Dominic(Boy): 128
Dominick(Boy): 302
Dominique(Boy): 239
Dominique(Girl): 132
Dominque(Boy): 998
Dominque(Girl): 948
Domonique(Girl): 716
Don(Boy): 679
Donald(Boy): 132
Donavan(Boy): 733
Dondre(Boy): 822
Donna(Girl): 383
Donnell(Boy): 746
Donnie(Boy): 747
Donovan(Boy): 261
Dontae(Boy): 988
Donte(Boy): 475
Dorian(Boy): 531
Dorothy(Girl): 551
Douglas(Boy): 156
Drake(Boy): 339
Drew(Boy): 171
Drew(Girl): 957
Duane(Boy): 648
Dulce(Girl): 589
Duncan(Boy): 512
Dustin(Boy): 56
Dusty(Boy): 646
Dwayne(Boy): 409
Dwight(Boy): 540
Dylan(Boy): 32
Dylan(Girl): 915
Dylon(Boy): 703
Earl(Boy): 518
Eboni(Girl): 898
Ebony(Girl): 280
Eddie(Boy): 290
Eddy(Boy): 983
Eden(Girl): 697
Edgar(Boy): 147
Edgardo(Boy): 851
Edith(Girl): 494
Edmund(Boy): 913
Eduardo(Boy): 113
Edward(Boy): 84
Edwin(Boy): 175
Efrain(Boy): 516
Efren(Boy): 831
Eileen(Girl): 609
Elaina(Girl): 616
Elaine(Girl): 448
Eleanor(Girl): 584
Elena(Girl): 297
Eli(Boy): 305
Eliana(Girl): 995
Elias(Boy): 318
Eliezer(Boy): 963
Elijah(Boy): 133
Elisa(Girl): 477
Elisabeth(Girl): 360
Elise(Girl): 332
Eliseo(Boy): 933
Elisha(Boy): 793
Elisha(Girl): 820
Elissa(Girl): 815
Eliza(Girl): 593
Elizabeth(Girl): 9
Ella(Girl): 690
Ellen(Girl): 217
Ellie(Girl): 801
Elliot(Boy): 434
Elliott(Boy): 459
Ellis(Boy): 845
Elmer(Boy): 788
Elsa(Girl): 866
Elvis(Boy): 777
Elyse(Girl): 755
Elyssa(Girl): 978
Emanuel(Boy): 380
Emerald(Girl): 767
Emilee(Girl): 414
Emilia(Girl): 907
Emilie(Girl): 512
Emilio(Boy): 379
Emily(Girl): 3
Emma(Girl): 76
Emmanuel(Boy): 229
Emmett(Boy): 826
Enrique(Boy): 265
Eric(Boy): 30
Erica(Girl): 57
Erich(Boy): 767
Erick(Boy): 185
Ericka(Girl): 471
Erik(Boy): 99
Erika(Girl): 90
Erin(Boy): 811
Erin(Girl): 45
Ernest(Boy): 390
Ernesto(Boy): 317
Ervin(Boy): 965
Esmeralda(Girl): 375
Essence(Girl): 777
Esteban(Boy): 378
Estevan(Boy): 681
Esther(Girl): 289
Ethan(Boy): 89
Eugene(Boy): 373
Eunice(Girl): 930
Eva(Girl): 347
Evan(Boy): 62
Evelyn(Girl): 201
Everett(Boy): 619
Ezekiel(Boy): 616
Ezequiel(Boy): 672
Ezra(Boy): 695
Fabian(Boy): 326
Fabiola(Girl): 711
Faith(Girl): 218
Fallon(Girl): 996
Fatima(Girl): 572
Felicia(Girl): 181
Felipe(Boy): 420
Felix(Boy): 391
Fernando(Boy): 174
Fidel(Boy): 787
Fiona(Girl): 908
Floyd(Boy): 782
Forest(Boy): 656
Forrest(Boy): 217
Frances(Girl): 412
Francesca(Girl): 365
Francesco(Boy): 996
Francis(Boy): 340
Francisco(Boy): 120
Frank(Boy): 141
Frankie(Boy): 603
Franklin(Boy): 349
Fred(Boy): 652
Freddie(Boy): 704
Freddy(Boy): 585
Frederick(Boy): 299
Fredrick(Boy): 583
Gabriel(Boy): 68
Gabriel(Girl): 784
Gabriela(Girl): 114
Gabriella(Girl): 160
Gabrielle(Girl): 67
Gage(Boy): 228
Galen(Boy): 882
Garett(Boy): 984
Garret(Boy): 493
Garrett(Boy): 82
Garrison(Boy): 773
Garry(Boy): 973
Gary(Boy): 167
Gavin(Boy): 256
Genaro(Boy): 975
Gene(Boy): 723
Genesis(Girl): 270
Geneva(Girl): 945
Genevieve(Girl): 557
Geoffrey(Boy): 382
George(Boy): 110
Georgia(Girl): 639
Gerald(Boy): 284
Gerard(Boy): 649
Gerardo(Boy): 230
German(Boy): 658
Giancarlo(Boy): 910
Gianna(Girl): 502
Gilbert(Boy): 446
Gilberto(Boy): 425
Gina(Girl): 194
Gino(Boy): 667
Giovanna(Girl): 929
Giovanni(Boy): 287
Giselle(Girl): 613
Gladys(Girl): 721
Glen(Boy): 575
Glenn(Boy): 410
Gloria(Girl): 283
Gonzalo(Boy): 729
Gordon(Boy): 552
Grace(Girl): 103
Graciela(Girl): 802
Grady(Boy): 742
Graham(Boy): 393
Grant(Boy): 151
Grayson(Boy): 514
Greg(Boy): 954
Gregorio(Boy): 785
Gregory(Boy): 76
Gretchen(Girl): 741
Griffin(Boy): 404
Griselda(Girl): 844
Guadalupe(Boy): 621
Guadalupe(Girl): 215
Guillermo(Boy): 358
Gunnar(Boy): 555
Gunner(Boy): 876
Gustavo(Boy): 281
Guy(Boy): 738
Gwendolyn(Girl): 717
Hailee(Girl): 637
Hailey(Girl): 119
Hakeem(Boy): 639
Haleigh(Girl): 478
Haley(Girl): 36
Hali(Girl): 753
Halie(Girl): 565
Halle(Girl): 702
Hallie(Girl): 529
Hana(Girl): 893
Hanna(Girl): 237
Hannah(Girl): 16
Hans(Boy): 925
Harley(Boy): 323
Harley(Girl): 316
Harold(Boy): 439
Harrison(Boy): 218
Harry(Boy): 416
Harvey(Boy): 843
Hassan(Boy): 707
Hayden(Boy): 176
Haylee(Girl): 466
Hayley(Girl): 136
Haylie(Girl): 894
Heath(Boy): 529
Heather(Girl): 44
Heaven(Girl): 619
Hector(Boy): 161
Heidi(Girl): 274
Helen(Girl): 320
Helena(Girl): 727
Henry(Boy): 146
Herbert(Boy): 673
Heriberto(Boy): 686
Herman(Boy): 763
Hernan(Boy): 864
Hillary(Girl): 566
Holden(Boy): 604
Hollie(Girl): 754
Holly(Girl): 112
Hope(Girl): 233
Houston(Boy): 632
Howard(Boy): 523
Hugh(Boy): 815
Hugo(Boy): 418
Humberto(Boy): 537
Hunter(Boy): 67
Hunter(Girl): 327
Ian(Boy): 74
Ibrahim(Boy): 877
Iesha(Girl): 667
Ignacio(Boy): 640
Iliana(Girl): 881
Imani(Girl): 303
India(Girl): 406
Infant(Boy): 752
Ingrid(Girl): 761
Irene(Girl): 420
Iris(Girl): 483
Irma(Girl): 857
Irvin(Boy): 643
Irving(Boy): 720
Isaac(Boy): 103
Isabel(Girl): 243
Isabella(Girl): 222
Isabelle(Girl): 548
Isaiah(Boy): 169
Isaias(Boy): 753
Isiah(Boy): 541
Isidro(Boy): 906
Isis(Girl): 992
Ismael(Boy): 371
Israel(Boy): 283
Issac(Boy): 589
Itzel(Girl): 513
Ivan(Boy): 172
Ivette(Girl): 847
Ivy(Girl): 520
Jabari(Boy): 769
Jace(Boy): 568
Jack(Boy): 127
Jackie(Boy): 743
Jackie(Girl): 774
Jacklyn(Girl): 580
Jackson(Boy): 166
Jaclyn(Girl): 224
Jacob(Boy): 7
Jacoby(Boy): 823
Jacqueline(Girl): 64
Jacquelyn(Girl): 268
Jacques(Boy): 952
Jada(Girl): 488
Jade(Boy): 760
Jade(Girl): 161
Jaden(Boy): 630
Jaime(Boy): 208
Jaime(Girl): 439
Jaimie(Girl): 785
Jairo(Boy): 668
Jake(Boy): 105
Jakob(Boy): 431
Jaleel(Boy): 653
Jalen(Boy): 183
Jalisa(Girl): 780
Jamaal(Boy): 801
Jamal(Boy): 240
Jamar(Boy): 569
Jamarcus(Boy): 735
Jamel(Boy): 598
James(Boy): 14
Jameson(Boy): 687
Jami(Girl): 858
Jamie(Boy): 285
Jamie(Girl): 87
Jamil(Boy): 744
Jamila(Girl): 909
Jamison(Boy): 669
Jana(Girl): 786
Janae(Girl): 464
Janay(Girl): 882
Jane(Girl): 368
Janel(Girl): 979
Janell(Girl): 972
Janelle(Girl): 313
Janessa(Girl): 679
Janet(Girl): 279
Janette(Girl): 781
Janice(Girl): 562
Janie(Girl): 731
Janine(Girl): 961
Jaquan(Boy): 426
Jaqueline(Girl): 694
Jared(Boy): 63
Jarod(Boy): 774
Jaron(Boy): 556
Jarred(Boy): 445
Jarrett(Boy): 407
Jarrod(Boy): 474
Jarvis(Boy): 455
Jasmin(Girl): 173
Jasmine(Girl): 23
Jasmyn(Girl): 921
Jason(Boy): 46
Jasper(Boy): 730
Javier(Boy): 153
Javon(Boy): 450
Javonte(Boy): 726
Jay(Boy): 262
Jayden(Boy): 852
Jaylen(Boy): 544
Jaylin(Boy): 907
Jaylon(Boy): 761
Jayme(Girl): 712
Jayson(Boy): 492
Jazmin(Girl): 190
Jazmine(Girl): 195
Jazmyn(Girl): 856
Jean(Boy): 608
Jean(Girl): 987
Jeanette(Girl): 458
Jeff(Boy): 716
Jefferson(Boy): 693
Jeffery(Boy): 203
Jeffrey(Boy): 55
Jena(Girl): 658
Jenifer(Girl): 718
Jenna(Girl): 80
Jennie(Girl): 701
Jennifer(Girl): 17
Jenny(Girl): 281
Jerald(Boy): 989
Jeremiah(Boy): 158
Jeremy(Boy): 47
Jermaine(Boy): 427
Jerome(Boy): 338
Jerrell(Boy): 920
Jerrica(Girl): 958
Jerrod(Boy): 754
Jerry(Boy): 193
Jess(Boy): 885
Jesse(Boy): 45
Jesse(Girl): 621
Jessenia(Girl): 988
Jessi(Girl): 830
Jessica(Girl): 1
Jessie(Boy): 276
Jessie(Girl): 227
Jessika(Girl): 791
Jessy(Boy): 816
Jesus(Boy): 80
Jevon(Boy): 856
Jill(Girl): 532
Jillian(Girl): 191
Jim(Boy): 809
Jimmie(Boy): 674
Jimmy(Boy): 210
Joana(Girl): 922
Joann(Girl): 940
Joanna(Girl): 183
Joanne(Girl): 732
Joaquin(Boy): 609
Jocelyn(Girl): 157
Jodi(Girl): 664
Jodie(Girl): 980
Jody(Boy): 886
Joe(Boy): 243
Joel(Boy): 108
Joelle(Girl): 795
Joey(Boy): 414
Johanna(Girl): 438
John(Boy): 15
Johnathan(Boy): 134
Johnathon(Boy): 289
Johnnie(Boy): 710
Johnny(Boy): 165
Jon(Boy): 271
Jonah(Boy): 245
Jonas(Boy): 711
Jonatan(Boy): 990
Jonathan(Boy): 23
Jonathon(Boy): 154
Jordan(Boy): 29
Jordan(Girl): 51
Jorden(Boy): 887
Jordon(Boy): 433
Jordyn(Girl): 276
Jorge(Boy): 112
Jose(Boy): 36
Josef(Boy): 794
Joselyn(Girl): 733
Joseph(Boy): 11
Josephine(Girl): 392
Josh(Boy): 812
Joshua(Boy): 4
Josiah(Boy): 298
Josie(Girl): 441
Josue(Boy): 266
Jovan(Boy): 691
Joy(Girl): 426
Joyce(Girl): 603
Juan(Boy): 51
Juana(Girl): 773
Juanita(Girl): 604
Judith(Girl): 507
Judy(Girl): 828
Julia(Girl): 73
Julian(Boy): 140
Juliana(Girl): 394
Julianna(Girl): 537
Julianne(Girl): 546
Julie(Girl): 129
Julien(Boy): 934
Julio(Boy): 220
Julissa(Girl): 821
Julius(Boy): 510
Junior(Boy): 786
Justen(Boy): 944
Justice(Boy): 466
Justice(Girl): 362
Justin(Boy): 20
Justina(Girl): 668
Justine(Girl): 240
Justus(Boy): 844
Justyn(Boy): 827
Juwan(Boy): 564
Kacey(Girl): 742
Kaci(Girl): 851
Kacie(Girl): 626
Kade(Boy): 688
Kadeem(Boy): 828
Kaden(Boy): 712
Kadijah(Girl): 511
Kaela(Girl): 792
Kahlil(Boy): 985
Kai(Boy): 714
Kaila(Girl): 435
Kailee(Girl): 822
Kailey(Girl): 430
Kailyn(Girl): 816
Kaitlin(Girl): 93
Kaitlyn(Girl): 48
Kaitlynn(Girl): 413
Kala(Girl): 673
Kaleb(Boy): 219
Kaleigh(Girl): 482
Kaley(Girl): 517
Kali(Girl): 388
Kalie(Girl): 837
Kallie(Girl): 997
Kalyn(Girl): 628
Kameron(Boy): 415
Kane(Boy): 628
Kara(Girl): 134
Kareem(Boy): 545
Karen(Girl): 128
Kari(Girl): 397
Karina(Girl): 140
Karissa(Girl): 346
Karl(Boy): 381
Karla(Girl): 225
Karlee(Girl): 615
Karley(Girl): 703
Karli(Girl): 559
Karlie(Girl): 595
Karly(Girl): 576
Kasandra(Girl): 610
Kasey(Boy): 559
Kasey(Girl): 248
Kassandra(Girl): 172
Kassidy(Girl): 533
Katarina(Girl): 479
Kate(Girl): 352
Katelin(Girl): 575
Katelyn(Girl): 58
Katelynn(Girl): 262
Katerina(Girl): 806
Katharine(Girl): 467
Katherine(Girl): 30
Katheryn(Girl): 932
Kathleen(Girl): 130
Kathrine(Girl): 981
Kathryn(Girl): 79
Kathy(Girl): 538
Katie(Girl): 70
Katlin(Girl): 661
Katlyn(Girl): 245
Katlynn(Girl): 890
Katrina(Girl): 163
Katy(Girl): 630
Kaycee(Girl): 848
Kayla(Girl): 12
Kaylee(Girl): 154
Kayleigh(Girl): 437
Kayley(Girl): 849
Kayli(Girl): 891
Kaylie(Girl): 571
Kaylin(Girl): 534
Kaylyn(Girl): 536
Kaylynn(Girl): 867
Keanu(Boy): 755
Keaton(Boy): 481
Keegan(Boy): 384
Keely(Girl): 865
Keenan(Boy): 394
Kegan(Boy): 903
Keisha(Girl): 617
Keith(Boy): 126
Kelby(Boy): 878
Kellen(Boy): 837
Kelley(Girl): 499
Kelli(Girl): 264
Kellie(Girl): 326
Kelly(Boy): 513
Kelly(Girl): 62
Kelsea(Girl): 567
Kelsey(Boy): 825
Kelsey(Girl): 29
Kelsi(Girl): 518
Kelsie(Girl): 258
Kelton(Boy): 914
Kelvin(Boy): 331
Kendal(Boy): 929
Kendal(Girl): 768
Kendall(Boy): 288
Kendall(Girl): 179
Kendra(Girl): 126
Kendrick(Boy): 375
Kenia(Girl): 762
Kennedy(Boy): 921
Kennedy(Girl): 524
Kenneth(Boy): 65
Kenny(Boy): 387
Kent(Boy): 599
Kenton(Boy): 930
Kenya(Girl): 377
Kenyon(Boy): 999
Kenzie(Girl): 871
Keon(Boy): 684
Keri(Girl): 568
Kerri(Girl): 634
Kerry(Boy): 675
Kerry(Girl): 641
Keven(Boy): 770
Kevin(Boy): 26
Kevon(Boy): 879
Khadijah(Girl): 184
Khalid(Boy): 721
Khalil(Boy): 530
Khari(Boy): 853
Kia(Girl): 859
Kiana(Girl): 249
Kianna(Girl): 778
Kiara(Girl): 203
Kiera(Girl): 457
Kieran(Boy): 682
Kierra(Girl): 323
Kiersten(Girl): 521
Kiley(Girl): 686
Kimberlee(Girl): 878
Kimberley(Girl): 903
Kimberly(Girl): 32
Kinsey(Girl): 966
Kira(Girl): 379
Kirby(Boy): 946
Kirk(Boy): 519
Kirsten(Girl): 193
Kirstie(Girl): 967
Kirstin(Girl): 772
Kody(Boy): 247
Kolby(Boy): 713
Kole(Boy): 939
Kolton(Boy): 732
Korey(Boy): 565
Kori(Girl): 638
Kortney(Girl): 769
Kory(Boy): 506
Kourtney(Girl): 425
Krista(Girl): 182
Kristal(Girl): 937
Kristen(Girl): 55
Kristi(Girl): 443
Kristian(Boy): 443
Kristian(Girl): 710
Kristie(Girl): 763
Kristin(Girl): 115
Kristina(Girl): 113
Kristine(Girl): 387
Kristofer(Boy): 606
Kristopher(Boy): 211
Kristy(Girl): 428
Kristyn(Girl): 736
Krysta(Girl): 747
Krystal(Girl): 164
Kurt(Boy): 411
Kurtis(Boy): 483
Kyla(Girl): 401
Kyle(Boy): 24
Kylee(Girl): 366
Kyler(Boy): 406
Kylie(Girl): 158
Kyra(Girl): 405
Lacey(Girl): 209
Lacie(Girl): 811
Lacy(Girl): 558
Ladarius(Boy): 664
Laken(Girl): 899
Lamar(Boy): 527
Lamont(Boy): 620
Lana(Girl): 973
Lance(Boy): 257
Landon(Boy): 249
Lane(Boy): 353
Lara(Girl): 722
Larissa(Girl): 364
Larry(Boy): 196
Latasha(Girl): 713
Latisha(Girl): 649
Latoya(Girl): 883
Laura(Girl): 46
Laurel(Girl): 508
Lauren(Girl): 14
Laurie(Girl): 962
Lauryn(Girl): 699
Lawrence(Boy): 236
Layla(Girl): 873
Layne(Boy): 926
Lazaro(Boy): 991
Lea(Girl): 596
Leah(Girl): 101
Leandra(Girl): 879
Leann(Girl): 963
Leanna(Girl): 552
Leanne(Girl): 656
Lee(Boy): 297
Leeann(Girl): 968
Leigh(Girl): 723
Leilani(Girl): 952
Leland(Boy): 829
Lena(Girl): 545
Leo(Boy): 462
Leon(Boy): 422
Leonard(Boy): 369
Leonardo(Boy): 376
Leonel(Boy): 578
Leroy(Boy): 562
Lesley(Girl): 724
Leslie(Boy): 727
Leslie(Girl): 131
Lester(Boy): 740
Leticia(Girl): 389
Levi(Boy): 157
Lewis(Boy): 487
Lexi(Girl): 845
Lexie(Girl): 946
Lexus(Girl): 592
Liam(Boy): 360
Liana(Girl): 793
Lidia(Girl): 998
Liliana(Girl): 336
Lillian(Girl): 310
Lily(Girl): 390
Lincoln(Boy): 775
Linda(Girl): 221
Lindsay(Girl): 107
Lindsey(Girl): 69
Lionel(Boy): 846
Lisa(Girl): 123
Lissette(Girl): 953
Lizbeth(Girl): 525
Lizeth(Girl): 964
Lizette(Girl): 760
Lloyd(Boy): 613
Logan(Boy): 70
Logan(Girl): 309
London(Girl): 989
Lonnie(Boy): 576
Loren(Boy): 701
Loren(Girl): 633
Lorena(Girl): 349
Lorenzo(Boy): 296
Lori(Girl): 475
Lorraine(Girl): 900
Louis(Boy): 206
Lourdes(Girl): 938
Lucas(Boy): 95
Lucero(Girl): 647
Lucia(Girl): 597
Lucy(Girl): 472
Luis(Boy): 58
Lukas(Boy): 435
Luke(Boy): 91
Luther(Boy): 992
Luz(Girl): 646
Lydia(Girl): 188
Lyle(Boy): 890
Lyndsay(Girl): 926
Lyndsey(Girl): 495
Lynette(Girl): 999
Lynn(Girl): 787
Macey(Girl): 805
Macie(Girl): 912
Mackenzie(Boy): 366
Mackenzie(Girl): 102
Macy(Girl): 380
Madalyn(Girl): 698
Maddison(Girl): 764
Madeleine(Girl): 293
Madeline(Girl): 92
Madelyn(Girl): 455
Madison(Boy): 678
Madison(Girl): 52
Maegan(Girl): 587
Magdalena(Girl): 782
Maggie(Girl): 232
Mai(Girl): 901
Maira(Girl): 829
Makayla(Girl): 198
Makenna(Girl): 904
Makenzie(Girl): 400
Malachi(Boy): 633
Malcolm(Boy): 277
Male(Boy): 966
Malia(Girl): 974
Malik(Boy): 308
Mallory(Girl): 187
Mandy(Girl): 756
Manuel(Boy): 143
Mara(Girl): 606
Maranda(Girl): 407
Marc(Boy): 213
Marcel(Boy): 641
Marcella(Girl): 913
Marco(Boy): 184
Marcos(Boy): 253
Marcus(Boy): 75
Margaret(Girl): 106
Margarita(Girl): 487
Mari(Girl): 993
Maria(Girl): 47
Mariah(Girl): 74
Mariam(Girl): 916
Mariana(Girl): 442
Maribel(Girl): 496
Maricela(Girl): 775
Marie(Girl): 301
Mariel(Girl): 947
Mariela(Girl): 652
Marilyn(Girl): 459
Marina(Girl): 219
Mario(Boy): 142
Marisa(Girl): 148
Marisela(Girl): 846
Marisol(Girl): 367
Marissa(Girl): 53
Maritza(Girl): 447
Marjorie(Girl): 994
Mark(Boy): 48
Markel(Boy): 838
Markell(Boy): 830
Markus(Boy): 508
Marlee(Girl): 884
Marlena(Girl): 840
Marlene(Girl): 456
Marley(Girl): 902
Marlon(Boy): 479
Marques(Boy): 893
Marquez(Boy): 832
Marquis(Boy): 282
Marquise(Boy): 447
Marshall(Boy): 312
Martha(Girl): 292
Martin(Boy): 135
Martina(Girl): 841
Marty(Boy): 940
Marvin(Boy): 280
Mary(Girl): 37
Mason(Boy): 125
Mathew(Boy): 187
Matthew(Boy): 3
Mattie(Girl): 941
Maura(Girl): 706
Maureen(Girl): 688
Maurice(Boy): 294
Mauricio(Boy): 520
Maverick(Boy): 976
Max(Boy): 191
Maximilian(Boy): 521
Maximillian(Boy): 847
Maxine(Girl): 918
Maxwell(Boy): 182
Maya(Girl): 247
Mayra(Girl): 229
Mckayla(Girl): 611
Mckenna(Girl): 384
Mckenzie(Girl): 192
Meagan(Girl): 169
Meaghan(Girl): 398
Megan(Girl): 10
Meghan(Girl): 100
Melanie(Girl): 120
Melina(Girl): 714
Melinda(Girl): 348
Melisa(Girl): 888
Melissa(Girl): 31
Melody(Girl): 358
Melvin(Boy): 352
Menachem(Boy): 833
Meranda(Girl): 1000
Mercedes(Girl): 189
Meredith(Girl): 230
Mia(Girl): 317
Micaela(Girl): 468
Micah(Boy): 246
Micah(Girl): 725
Michael(Boy): 1
Michael(Girl): 969
Michaela(Girl): 109
Micheal(Boy): 233
Michele(Girl): 451
Michelle(Girl): 33
Mickey(Boy): 997
Miguel(Boy): 94
Mikaela(Girl): 314
Mikal(Boy): 960
Mikala(Girl): 729
Mikayla(Girl): 168
Mike(Boy): 617
Mikel(Boy): 869
Miles(Boy): 286
Milton(Boy): 623
Mindy(Girl): 759
Miranda(Girl): 61
Miriam(Girl): 277
Misael(Boy): 839
Misty(Girl): 509
Mitchel(Boy): 498
Mitchell(Boy): 71
Mohamed(Boy): 670
Mohammad(Boy): 584
Mohammed(Boy): 614
Moises(Boy): 401
Mollie(Girl): 539
Molly(Girl): 96
Monica(Girl): 88
Monika(Girl): 933
Monique(Girl): 175
Montana(Boy): 778
Montana(Girl): 650
Morgan(Boy): 272
Morgan(Girl): 25
Moriah(Girl): 498
Morris(Boy): 977
Moses(Boy): 557
Moshe(Boy): 717
Muhammad(Boy): 865
Myles(Boy): 346
Myra(Girl): 832
Myranda(Girl): 689
Myron(Boy): 762
Nadia(Girl): 462
Nadine(Girl): 825
Najee(Boy): 880
Nancy(Girl): 145
Naomi(Girl): 235
Natalia(Girl): 376
Natalie(Girl): 56
Nataly(Girl): 831
Natasha(Girl): 133
Nathalie(Girl): 607
Nathan(Boy): 40
Nathanael(Boy): 500
Nathanial(Boy): 618
Nathaniel(Boy): 78
Neal(Boy): 612
Neil(Boy): 350
Nelson(Boy): 344
Nestor(Boy): 631
Nia(Girl): 543
Nicholas(Boy): 9
Nichole(Girl): 223
Nick(Boy): 756
Nicklaus(Boy): 967
Nickolas(Boy): 263
Nico(Boy): 736
Nicolas(Boy): 164
Nicole(Girl): 11
Nicolette(Girl): 328
Nigel(Boy): 478
Nikita(Girl): 917
Nikki(Girl): 322
Nikko(Boy): 993
Niko(Boy): 860
Nikolas(Boy): 451
Nikole(Girl): 895
Nina(Girl): 265
Noah(Boy): 159
Noe(Boy): 485
Noel(Boy): 448
Noel(Girl): 874
Noelle(Girl): 463
Noemi(Girl): 588
Nohely(Girl): 896
Nolan(Boy): 259
Nora(Girl): 474
Norma(Girl): 541
Norman(Boy): 572
Octavia(Girl): 695
Octavio(Boy): 783
Olga(Girl): 833
Oliver(Boy): 370
Olivia(Girl): 50
Omar(Boy): 145
Orion(Boy): 894
Orlando(Boy): 362
Oscar(Boy): 123
Osvaldo(Boy): 551
Otis(Boy): 941
Owen(Boy): 454
Pablo(Boy): 327
Paige(Girl): 63
Paloma(Girl): 959
Pamela(Girl): 350
Paola(Girl): 354
Paris(Boy): 705
Paris(Girl): 491
Parker(Boy): 238
Patience(Girl): 931
Patrice(Girl): 817
Patricia(Girl): 135
Patrick(Boy): 42
Paul(Boy): 64
Paula(Girl): 402
Paulina(Girl): 555
Pauline(Girl): 868
Payton(Boy): 503
Payton(Girl): 446
Pedro(Boy): 190
Perla(Girl): 519
Perry(Boy): 536
Pete(Boy): 968
Peter(Boy): 87
Peyton(Boy): 546
Peyton(Girl): 431
Philip(Boy): 168
Phillip(Boy): 131
Phoebe(Girl): 818
Pierce(Boy): 697
Pierre(Boy): 737
Porsha(Girl): 970
Precious(Girl): 399
Preston(Boy): 192
Princess(Girl): 910
Priscilla(Girl): 196
Quentin(Boy): 343
Quincy(Boy): 471
Quinn(Boy): 392
Quinten(Boy): 789
Quintin(Boy): 597
Quinton(Boy): 310
Rachael(Girl): 124
Racheal(Girl): 719
Rachel(Girl): 13
Rachelle(Girl): 408
Rafael(Boy): 202
Raheem(Boy): 517
Ralph(Boy): 489
Ramiro(Boy): 457
Ramon(Boy): 269
Randal(Boy): 947
Randall(Boy): 267
Randi(Girl): 393
Randolph(Boy): 911
Randy(Boy): 186
Raphael(Boy): 651
Raquel(Girl): 251
Rashad(Boy): 429
Rashawn(Boy): 718
Rasheed(Boy): 840
Raul(Boy): 199
Raven(Girl): 156
Ray(Boy): 405
Raymond(Boy): 115
Raymundo(Boy): 676
Reagan(Girl): 704
Rebeca(Girl): 642
Rebecca(Girl): 24
Rebekah(Girl): 152
Reece(Boy): 657
Reed(Boy): 444
Reese(Boy): 779
Regan(Girl): 612
Regina(Girl): 381
Reginald(Boy): 295
Reid(Boy): 430
Reina(Girl): 975
Remington(Boy): 870
Rene(Boy): 334
Renee(Girl): 267
Reuben(Boy): 677
Rex(Boy): 824
Reyna(Girl): 624
Reynaldo(Boy): 607
Rhett(Boy): 771
Rhiannon(Girl): 586
Rhonda(Girl): 954
Ricardo(Boy): 119
Richard(Boy): 41
Rick(Boy): 637
Rickey(Boy): 654
Ricki(Girl): 942
Ricky(Boy): 205
Rico(Boy): 800
Rigoberto(Boy): 626
Rikki(Girl): 614
Riley(Boy): 194
Riley(Girl): 351
Rita(Girl): 670
River(Boy): 927
Robert(Boy): 21
Roberto(Boy): 162
Robin(Boy): 685
Robin(Girl): 333
Robyn(Girl): 449
Rochelle(Girl): 544
Rocio(Girl): 549
Rocky(Boy): 804
Roderick(Boy): 486
Rodney(Boy): 244
Rodolfo(Boy): 388
Rodrick(Boy): 935
Rodrigo(Boy): 491
Rogelio(Boy): 458
Roger(Boy): 264
Roland(Boy): 571
Rolando(Boy): 463
Roman(Boy): 377
Ronald(Boy): 137
Ronnie(Boy): 361
Rory(Boy): 698
Rosa(Girl): 228
Rose(Girl): 339
Rosemary(Girl): 573
Ross(Boy): 311
Roxana(Girl): 783
Roxanne(Girl): 600
Roy(Boy): 307
Royce(Boy): 749
Ruben(Boy): 181
Ruby(Girl): 271
Rudy(Boy): 441
Russell(Boy): 234
Rusty(Boy): 858
Ruth(Girl): 311
Ryan(Boy): 16
Ryan(Girl): 618
Ryder(Boy): 949
Rylee(Girl): 911
Ryne(Boy): 897
Sabrina(Girl): 97
Sade(Girl): 601
Sadie(Girl): 321
Sage(Boy): 739
Sage(Girl): 798
Salina(Girl): 788
Sally(Girl): 577
Salvador(Boy): 300
Salvatore(Boy): 573
Sam(Boy): 412
Samantha(Girl): 4
Samir(Boy): 978
Sammy(Boy): 702
Samson(Boy): 964
Samuel(Boy): 33
Sandra(Girl): 171
Sandy(Girl): 514
Santiago(Boy): 511
Santos(Boy): 724
Sara(Girl): 43
Sarah(Girl): 5
Sarai(Girl): 734
Sarina(Girl): 880
Sasha(Girl): 374
Saul(Boy): 389
Savanah(Girl): 605
Savanna(Girl): 298
Savannah(Girl): 82
Savon(Boy): 795
Sawyer(Boy): 469
Scarlett(Girl): 850
Schuyler(Boy): 979
Scott(Boy): 79
Sean(Boy): 44
Sebastian(Boy): 223
Selena(Girl): 300
Selina(Girl): 409
Serena(Girl): 404
Sergio(Boy): 160
Seth(Boy): 90
Shaina(Girl): 501
Shakira(Girl): 743
Shana(Girl): 578
Shane(Boy): 92
Shanice(Girl): 342
Shaniqua(Girl): 794
Shanna(Girl): 629
Shannon(Boy): 504
Shannon(Girl): 60
Shantel(Girl): 622
Shaquan(Boy): 661
Shaquille(Boy): 235
Sharon(Girl): 315
Shaun(Boy): 324
Shauna(Girl): 651
Shawn(Boy): 86
Shawna(Girl): 337
Shay(Boy): 969
Shayla(Girl): 330
Shayna(Girl): 421
Shayne(Boy): 570
Shea(Boy): 748
Shea(Girl): 728
Sheila(Girl): 563
Shelbi(Girl): 598
Shelbie(Girl): 765
Shelby(Boy): 538
Shelby(Girl): 40
Sheldon(Boy): 437
Shelly(Girl): 737
Shelton(Boy): 945
Sherman(Boy): 895
Sherry(Girl): 826
Shirley(Girl): 594
Shyann(Girl): 955
Shyanne(Girl): 735
Shyheim(Boy): 817
Sidney(Boy): 509
Sidney(Girl): 445
Sierra(Girl): 71
Silas(Boy): 871
Silvia(Girl): 662
Simon(Boy): 356
Simone(Girl): 486
Skye(Girl): 681
Skylar(Boy): 398
Skylar(Girl): 403
Skyler(Boy): 214
Skyler(Girl): 591
Sofia(Girl): 489
Solomon(Boy): 595
Sonia(Girl): 363
Sonny(Boy): 861
Sonya(Girl): 685
Sophia(Girl): 185
Sophie(Girl): 415
Spencer(Boy): 97
Spenser(Boy): 986
Stacey(Girl): 329
Staci(Girl): 799
Stacie(Girl): 672
Stacy(Girl): 319
Stanley(Boy): 385
Stefan(Boy): 396
Stefanie(Girl): 500
Stephan(Boy): 460
Stephanie(Girl): 15
Stephany(Girl): 510
Stephen(Boy): 49
Stephon(Boy): 532
Sterling(Boy): 402
Stetson(Boy): 818
Steve(Boy): 345
Steven(Boy): 34
Stevie(Girl): 687
Stewart(Boy): 734
Storm(Boy): 898
Stormy(Girl): 807
Stuart(Boy): 464
Summer(Girl): 141
Susan(Girl): 273
Susana(Girl): 503
Susanna(Girl): 927
Suzanne(Girl): 560
Sydnee(Girl): 892
Sydney(Girl): 75
Syed(Boy): 961
Sylvester(Boy): 962
Sylvia(Girl): 427
Tabatha(Girl): 659
Tabitha(Girl): 211
Talia(Girl): 473
Talon(Boy): 881
Tamara(Girl): 246
Tammy(Girl): 655
Tanesha(Girl): 949
Tania(Girl): 373
Tanisha(Girl): 440
Tanner(Boy): 96
Tanya(Girl): 369
Tara(Girl): 146
Tariq(Boy): 948
Taryn(Girl): 410
Tasha(Girl): 469
Tate(Boy): 644
Tatiana(Girl): 242
Tatum(Girl): 982
Tatyana(Girl): 691
Tavon(Boy): 931
Tayler(Boy): 810
Tayler(Girl): 325
Taylor(Boy): 54
Taylor(Girl): 6
Ted(Boy): 834
Terence(Boy): 553
Teresa(Girl): 255
Terra(Girl): 803
Terrance(Boy): 275
Terrell(Boy): 336
Terrence(Boy): 321
Terri(Girl): 796
Terry(Boy): 241
Tess(Girl): 522
Tessa(Girl): 241
Tevin(Boy): 207
Thaddeus(Boy): 690
Thalia(Girl): 640
Theodore(Boy): 292
Theresa(Girl): 261
Thomas(Boy): 27
Tia(Girl): 296
Tiana(Girl): 288
Tianna(Girl): 505
Tiara(Girl): 257
Tiarra(Girl): 934
Tiera(Girl): 983
Tierra(Girl): 331
Tiffani(Girl): 416
Tiffanie(Girl): 905
Tiffany(Girl): 35
Timothy(Boy): 39
Tina(Girl): 361
Titus(Boy): 908
Tobias(Boy): 780
Toby(Boy): 590
Todd(Boy): 252
Tomas(Boy): 470
Tommy(Boy): 316
Toni(Girl): 284
Tony(Boy): 189
Tonya(Girl): 602
Tori(Girl): 142
Tory(Boy): 813
Trace(Boy): 806
Tracey(Girl): 861
Traci(Girl): 827
Tracy(Boy): 627
Tracy(Girl): 396
Trae(Boy): 915
Travis(Boy): 53
Travon(Boy): 587
Trayvon(Boy): 859
Tre(Boy): 490
Trent(Boy): 268
Trenton(Boy): 224
Trever(Boy): 659
Trevon(Boy): 363
Trevor(Boy): 57
Trey(Boy): 212
Tricia(Girl): 808
Trinity(Girl): 789
Trisha(Girl): 470
Tristan(Boy): 452
Troy(Boy): 122
Tucker(Boy): 351
Turner(Boy): 899
Ty(Boy): 319
Tyesha(Girl): 923
Tyler(Boy): 5
Tyler(Girl): 266
Tylor(Boy): 423
Tyquan(Boy): 857
Tyra(Girl): 657
Tyree(Boy): 542
Tyrell(Boy): 449
Tyrin(Boy): 942
Tyron(Boy): 819
Tyrone(Boy): 313
Tyshawn(Boy): 955
Tyson(Boy): 501
Ulises(Boy): 706
Ulysses(Boy): 936
Unknown(Boy): 835
Uriel(Boy): 560
Valencia(Girl): 976
Valentin(Boy): 872
Valentina(Girl): 960
Valeria(Girl): 340
Valerie(Girl): 159
Vance(Boy): 781
Vanesa(Girl): 914
Vanessa(Girl): 59
Vaughn(Boy): 719
Vernon(Boy): 635
Veronica(Girl): 111
Vicente(Boy): 524
Victor(Boy): 93
Victoria(Girl): 19
Vincent(Boy): 100
Virginia(Girl): 294
Viridiana(Girl): 928
Vivian(Girl): 299
Viviana(Girl): 490
Wade(Boy): 413
Walker(Boy): 534
Walter(Boy): 251
Warren(Boy): 386
Waylon(Boy): 970
Wayne(Boy): 333
Wendell(Boy): 873
Wendy(Girl): 244
Wesley(Boy): 118
Westley(Boy): 971
Weston(Boy): 364
Whitney(Girl): 91
Wilfredo(Boy): 956
Will(Boy): 660
William(Boy): 19
Willie(Boy): 291
Wilson(Boy): 533
Winston(Boy): 665
Wyatt(Boy): 197
Xavier(Boy): 139
Yadira(Girl): 620
Yaritza(Girl): 897
Yasmeen(Girl): 935
Yasmin(Girl): 535
Yasmine(Girl): 645
Yazmin(Girl): 738
Yesenia(Girl): 186
Yessenia(Girl): 748
Yolanda(Girl): 528
Yvette(Girl): 465
Yvonne(Girl): 481
Zachariah(Boy): 320
Zachary(Boy): 12
Zachery(Boy): 180
Zackary(Boy): 232
Zackery(Boy): 306
Zakary(Boy): 741
Zana(Girl): 809
Zane(Boy): 325
Zechariah(Boy): 689
Zhane(Girl): 585
Zoe(Girl): 216
