1998
Aaliyah(Girl): 222
Aaron(Boy): 37
Abbey(Girl): 408
Abbie(Girl): 603
Abbigail(Girl): 612
Abby(Girl): 194
Abdul(Boy): 970
Abdullah(Boy): 897
Abel(Boy): 378
Abigail(Girl): 18
Abigayle(Girl): 899
Abraham(Boy): 211
Abram(Boy): 942
Abril(Girl): 957
Adam(Boy): 45
Adan(Boy): 533
Addison(Boy): 548
Addison(Girl): 403
Adolfo(Boy): 604
Adonis(Boy): 790
Adrian(Boy): 71
Adrian(Girl): 862
Adriana(Girl): 133
Adrianna(Girl): 190
Adrienne(Girl): 440
Agustin(Boy): 634
Ahmad(Boy): 401
Ahmed(Boy): 594
Aidan(Boy): 196
Aiden(Boy): 545
Aileen(Girl): 485
Aimee(Girl): 475
Aisha(Girl): 604
Alaina(Girl): 399
Alan(Boy): 161
Alana(Girl): 254
Alanna(Girl): 507
Alayna(Girl): 568
Albert(Boy): 259
Alberto(Boy): 247
Alden(Boy): 783
Aldo(Boy): 653
Aleah(Girl): 677
Alec(Boy): 112
Alejandra(Girl): 157
Alejandro(Boy): 95
Alena(Girl): 768
Alessandra(Girl): 753
Alessandro(Boy): 871
Alex(Boy): 56
Alex(Girl): 771
Alexa(Girl): 92
Alexander(Boy): 22
Alexandra(Girl): 27
Alexandre(Boy): 921
Alexandrea(Girl): 668
Alexandria(Girl): 81
Alexandro(Boy): 855
Alexia(Girl): 229
Alexis(Boy): 148
Alexis(Girl): 6
Alexus(Girl): 184
Alexys(Girl): 991
Alfonso(Boy): 465
Alfred(Boy): 538
Alfredo(Boy): 296
Ali(Boy): 393
Ali(Girl): 795
Alia(Girl): 931
Alice(Girl): 439
Alicia(Girl): 98
Alina(Girl): 494
Alisa(Girl): 579
Alisha(Girl): 341
Alison(Girl): 188
Alissa(Girl): 250
Alivia(Girl): 659
Aliyah(Girl): 335
Alize(Girl): 713
Allan(Boy): 452
Allen(Boy): 239
Allie(Girl): 312
Allison(Girl): 38
Ally(Girl): 416
Allyson(Girl): 186
Allyssa(Girl): 662
Alma(Girl): 486
Alondra(Girl): 203
Alonso(Boy): 736
Alonzo(Boy): 525
Alton(Boy): 887
Alvaro(Boy): 568
Alvin(Boy): 445
Alycia(Girl): 921
Alysa(Girl): 774
Alysha(Girl): 791
Alysia(Girl): 884
Alyson(Girl): 409
Alyssa(Girl): 11
Alyssia(Girl): 952
Amanda(Girl): 19
Amani(Girl): 733
Amari(Boy): 680
Amari(Girl): 513
Amber(Girl): 37
Amelia(Girl): 217
America(Girl): 912
Amir(Boy): 442
Amira(Girl): 915
Amos(Boy): 987
Amy(Girl): 96
Ana(Girl): 141
Anahi(Girl): 515
Anastasia(Girl): 265
Anderson(Boy): 872
Andre(Boy): 193
Andrea(Girl): 61
Andreas(Boy): 898
Andres(Boy): 157
Andrew(Boy): 9
Andy(Boy): 223
Angel(Boy): 81
Angel(Girl): 138
Angela(Girl): 100
Angelica(Girl): 109
Angelina(Girl): 268
Angelique(Girl): 469
Angelo(Boy): 302
Angie(Girl): 597
Anika(Girl): 731
Anissa(Girl): 669
Anita(Girl): 657
Ann(Girl): 467
Anna(Girl): 31
Annabelle(Girl): 641
Anne(Girl): 274
Annette(Girl): 769
Annie(Girl): 324
Annika(Girl): 472
Ansley(Girl): 750
Anthony(Boy): 19
Antoine(Boy): 553
Antoinette(Girl): 757
Anton(Boy): 672
Antonia(Girl): 539
Antonio(Boy): 79
Antony(Boy): 832
Antwan(Boy): 720
Anya(Girl): 845
April(Girl): 182
Araceli(Girl): 595
Ari(Boy): 873
Ariana(Girl): 137
Arianna(Girl): 167
Aric(Boy): 837
Ariel(Boy): 475
Ariel(Girl): 147
Arielle(Girl): 434
Arlene(Girl): 725
Armando(Boy): 224
Armani(Boy): 658
Armani(Girl): 926
Arnold(Boy): 713
Aron(Boy): 602
Arron(Boy): 863
Arthur(Boy): 290
Arturo(Boy): 291
Asa(Boy): 793
Asha(Girl): 853
Ashanti(Girl): 831
Asher(Boy): 686
Ashlee(Girl): 267
Ashleigh(Girl): 288
Ashley(Girl): 4
Ashlie(Girl): 894
Ashly(Girl): 866
Ashlyn(Girl): 202
Ashlynn(Girl): 448
Ashton(Boy): 278
Ashton(Girl): 318
Asia(Girl): 206
Aspen(Girl): 590
Athena(Girl): 549
Aubree(Girl): 854
Aubrey(Boy): 827
Aubrey(Girl): 243
Audra(Girl): 974
Audrey(Girl): 145
August(Boy): 598
Augustus(Boy): 924
Aurora(Girl): 504
Austen(Boy): 532
Austin(Boy): 10
Auston(Boy): 879
Austyn(Boy): 656
Autumn(Girl): 77
Ava(Girl): 350
Avery(Boy): 246
Avery(Girl): 246
Axel(Boy): 794
Ayana(Girl): 724
Ayanna(Girl): 447
Ayla(Girl): 909
Aylin(Girl): 737
Baby(Boy): 731
Baby(Girl): 900
Babyboy(Boy): 977
Bailee(Girl): 414
Bailey(Boy): 153
Bailey(Girl): 60
Barbara(Girl): 463
Barrett(Boy): 993
Barry(Boy): 610
Baylee(Girl): 316
Beatrice(Girl): 935
Beatriz(Girl): 643
Beau(Boy): 450
Ben(Boy): 562
Benito(Boy): 874
Benjamin(Boy): 30
Bennett(Boy): 485
Benny(Boy): 852
Berenice(Girl): 761
Bernard(Boy): 616
Bernardo(Boy): 791
Bethany(Girl): 132
Beverly(Girl): 936
Bianca(Girl): 156
Billy(Boy): 332
Bishop(Boy): 961
Blaine(Boy): 498
Blair(Girl): 826
Blaise(Boy): 899
Blake(Boy): 85
Blanca(Girl): 581
Bo(Boy): 833
Bobbi(Girl): 981
Bobby(Boy): 324
Bonnie(Girl): 717
Brad(Boy): 581
Braden(Boy): 250
Bradford(Boy): 834
Bradley(Boy): 101
Bradly(Boy): 777
Brady(Boy): 163
Braeden(Boy): 635
Brandan(Boy): 757
Branden(Boy): 309
Brandi(Girl): 256
Brandon(Boy): 7
Brandy(Girl): 284
Brandyn(Boy): 792
Brannon(Boy): 909
Branson(Boy): 931
Brant(Boy): 880
Braxton(Boy): 323
Brayan(Boy): 688
Brayden(Boy): 283
Braydon(Boy): 629
Breana(Girl): 459
Breann(Girl): 953
Breanna(Girl): 76
Breanne(Girl): 788
Brenda(Girl): 149
Brendan(Boy): 99
Brenden(Boy): 245
Brendon(Boy): 318
Brenna(Girl): 287
Brennan(Boy): 274
Brennen(Boy): 534
Brennon(Boy): 896
Brent(Boy): 249
Brenton(Boy): 676
Breonna(Girl): 933
Bret(Boy): 605
Brett(Boy): 133
Bria(Girl): 531
Brian(Boy): 41
Briana(Girl): 79
Brianna(Girl): 17
Brianne(Girl): 506
Brice(Boy): 527
Bridget(Girl): 237
Bridgette(Girl): 670
Brielle(Girl): 676
Brionna(Girl): 947
Britney(Girl): 451
Brittani(Girl): 728
Brittany(Girl): 25
Brittney(Girl): 143
Brock(Boy): 279
Broderick(Boy): 971
Brody(Boy): 350
Bronson(Boy): 875
Brook(Girl): 675
Brooke(Girl): 46
Brooklyn(Girl): 200
Brooklynn(Girl): 542
Brooks(Boy): 729
Bruce(Boy): 383
Bryan(Boy): 74
Bryana(Girl): 809
Bryanna(Girl): 293
Bryant(Boy): 312
Bryce(Boy): 94
Brycen(Boy): 957
Brynn(Girl): 721
Bryson(Boy): 321
Byron(Boy): 422
Cade(Boy): 335
Caden(Boy): 464
Caitlin(Girl): 78
Caitlyn(Girl): 115
Caitlynn(Girl): 735
Cale(Boy): 856
Caleb(Boy): 42
Caleigh(Girl): 954
Cali(Girl): 895
Calista(Girl): 696
Callie(Girl): 300
Calvin(Boy): 203
Camden(Boy): 522
Cameron(Boy): 35
Cameron(Girl): 198
Camila(Girl): 814
Camille(Girl): 283
Camron(Boy): 461
Camryn(Girl): 366
Candace(Girl): 479
Candice(Girl): 593
Cara(Girl): 357
Carina(Girl): 552
Carissa(Girl): 400
Carl(Boy): 260
Carla(Girl): 406
Carlee(Girl): 613
Carley(Girl): 389
Carli(Girl): 649
Carlie(Girl): 468
Carlo(Boy): 994
Carlos(Boy): 69
Carlton(Boy): 687
Carly(Girl): 140
Carmen(Girl): 277
Carol(Girl): 658
Carolina(Girl): 299
Caroline(Girl): 74
Carolyn(Girl): 327
Carrie(Girl): 420
Carson(Boy): 218
Carson(Girl): 732
Carter(Boy): 189
Casandra(Girl): 599
Casey(Boy): 170
Casey(Girl): 150
Cassandra(Girl): 85
Cassidy(Girl): 113
Cassie(Girl): 309
Catalina(Girl): 939
Catherine(Girl): 102
Cayla(Girl): 558
Cecelia(Girl): 806
Cecilia(Girl): 285
Cedric(Boy): 419
Celeste(Girl): 252
Celia(Girl): 619
Celina(Girl): 663
Celine(Girl): 456
Cesar(Boy): 168
Chad(Boy): 187
Chaim(Boy): 801
Chance(Boy): 208
Chandler(Boy): 173
Chandler(Girl): 588
Chanel(Girl): 694
Chantel(Girl): 682
Charity(Girl): 529
Charlene(Girl): 855
Charles(Boy): 48
Charlie(Boy): 454
Charlotte(Girl): 305
Chase(Boy): 67
Chase(Girl): 955
Chasity(Girl): 454
Chauncey(Boy): 947
Chaya(Girl): 970
Chaz(Boy): 705
Chelsea(Girl): 94
Chelsey(Girl): 348
Chelsie(Girl): 650
Cheyanne(Girl): 329
Cheyenne(Girl): 72
Chloe(Girl): 87
Chris(Boy): 406
Christa(Girl): 637
Christian(Boy): 26
Christian(Girl): 483
Christiana(Girl): 729
Christina(Girl): 69
Christine(Girl): 176
Christion(Boy): 988
Christopher(Boy): 5
Christy(Girl): 614
Chyna(Girl): 598
Ciara(Girl): 251
Ciera(Girl): 508
Cierra(Girl): 181
Cindy(Girl): 236
Claire(Girl): 91
Clara(Girl): 375
Clare(Girl): 499
Clarence(Boy): 563
Clarissa(Girl): 302
Clark(Boy): 733
Claudia(Girl): 179
Clay(Boy): 394
Clayton(Boy): 150
Clifford(Boy): 655
Clifton(Boy): 696
Clint(Boy): 778
Clinton(Boy): 589
Clyde(Boy): 925
Coby(Boy): 575
Cody(Boy): 43
Colby(Boy): 220
Cole(Boy): 77
Coleman(Boy): 528
Colin(Boy): 122
Colleen(Girl): 344
Collin(Boy): 130
Colt(Boy): 758
Colten(Boy): 493
Colton(Boy): 105
Conner(Boy): 192
Connie(Girl): 867
Connor(Boy): 47
Conor(Boy): 333
Conrad(Boy): 613
Constance(Girl): 937
Cooper(Boy): 254
Cora(Girl): 536
Corbin(Boy): 322
Cordell(Boy): 531
Corey(Boy): 115
Cori(Girl): 983
Corina(Girl): 945
Corinne(Girl): 600
Cornelius(Boy): 702
Cortez(Boy): 760
Cortney(Girl): 646
Cory(Boy): 164
Courtney(Boy): 709
Courtney(Girl): 39
Craig(Boy): 315
Cristal(Girl): 522
Cristian(Boy): 144
Cristina(Girl): 315
Cristopher(Boy): 715
Cruz(Boy): 659
Crystal(Girl): 110
Cullen(Boy): 535
Curtis(Boy): 226
Cydney(Girl): 920
Cynthia(Girl): 126
Cyrus(Boy): 554
Daija(Girl): 846
Daisha(Girl): 877
Daisy(Girl): 136
Dakota(Boy): 72
Dakota(Girl): 247
Dakotah(Boy): 841
Dale(Boy): 467
Dalia(Girl): 786
Dallas(Boy): 285
Dallas(Girl): 756
Dallin(Boy): 745
Dalton(Boy): 88
Damaris(Girl): 704
Damian(Boy): 207
Damien(Boy): 300
Damion(Boy): 435
Damon(Boy): 272
Dan(Boy): 951
Dana(Girl): 214
Dandre(Boy): 582
Dane(Boy): 482
Dangelo(Boy): 623
Daniel(Boy): 12
Daniela(Girl): 195
Daniella(Girl): 395
Danielle(Girl): 41
Danny(Boy): 270
Dante(Boy): 201
Daphne(Girl): 760
Daquan(Boy): 517
Darby(Girl): 686
Daria(Girl): 741
Darian(Boy): 387
Darian(Girl): 543
Darien(Boy): 572
Darin(Boy): 780
Dario(Boy): 910
Darion(Boy): 614
Darius(Boy): 162
Darlene(Girl): 832
Darnell(Boy): 555
Darrell(Boy): 432
Darren(Boy): 280
Darrian(Boy): 934
Darrien(Boy): 980
Darrin(Boy): 739
Darrion(Boy): 842
Darrius(Boy): 633
Darryl(Boy): 509
Daryl(Boy): 693
Dashawn(Boy): 573
Dasia(Girl): 765
David(Boy): 13
Davin(Boy): 835
Davion(Boy): 569
Davis(Boy): 375
Davon(Boy): 481
Davonte(Boy): 689
Dawn(Girl): 807
Dawson(Boy): 175
Dayton(Boy): 558
Dean(Boy): 346
Deandre(Boy): 287
Deangelo(Boy): 636
Deanna(Girl): 245
Deasia(Girl): 958
Deborah(Girl): 466
Debra(Girl): 984
Declan(Boy): 710
Deion(Boy): 810
Deja(Girl): 244
Dejah(Girl): 784
Dejuan(Boy): 967
Delaney(Girl): 220
Delia(Girl): 863
Delilah(Girl): 878
Demarco(Boy): 787
Demarcus(Boy): 579
Demetrius(Boy): 377
Demi(Girl): 841
Denise(Girl): 303
Dennis(Boy): 238
Denver(Boy): 784
Denzel(Boy): 620
Deon(Boy): 615
Deondre(Boy): 734
Deontae(Boy): 972
Deonte(Boy): 539
Dequan(Boy): 772
Derek(Boy): 110
Derick(Boy): 567
Derrick(Boy): 194
Deshaun(Boy): 807
Deshawn(Boy): 428
Desirae(Girl): 615
Desiree(Girl): 159
Desmond(Boy): 352
Destany(Girl): 950
Destin(Boy): 802
Destinee(Girl): 307
Destiney(Girl): 559
Destini(Girl): 594
Destiny(Girl): 34
Devan(Boy): 409
Devante(Boy): 571
Deven(Boy): 491
Devin(Boy): 62
Devin(Girl): 461
Devon(Boy): 119
Devon(Girl): 505
Devonta(Boy): 926
Devonte(Boy): 440
Devyn(Boy): 617
Devyn(Girl): 751
Dewayne(Boy): 866
Dexter(Boy): 618
Diamond(Girl): 164
Diana(Girl): 83
Diane(Girl): 644
Dianna(Girl): 847
Diego(Boy): 186
Dillan(Boy): 596
Dillion(Boy): 843
Dillon(Boy): 134
Dimitri(Boy): 673
Dion(Boy): 665
Domenic(Boy): 935
Dominic(Boy): 120
Dominick(Boy): 264
Dominik(Boy): 867
Dominique(Boy): 479
Dominique(Girl): 146
Don(Boy): 765
Donald(Boy): 180
Donavan(Boy): 690
Donna(Girl): 567
Donnie(Boy): 812
Donovan(Boy): 209
Dontae(Boy): 823
Donte(Boy): 470
Dorian(Boy): 506
Dorothy(Girl): 710
Douglas(Boy): 227
Drake(Boy): 269
Draven(Boy): 894
Drew(Boy): 188
Drew(Girl): 778
Duane(Boy): 769
Dulce(Girl): 692
Duncan(Boy): 386
Dustin(Boy): 108
Dwayne(Boy): 510
Dwight(Boy): 669
Dylan(Boy): 25
Dylon(Boy): 711
Earl(Boy): 601
Easton(Boy): 670
Eboni(Girl): 992
Ebony(Girl): 432
Eddie(Boy): 339
Eden(Girl): 565
Edgar(Boy): 167
Edith(Girl): 591
Eduardo(Boy): 145
Edward(Boy): 106
Edwin(Boy): 197
Efrain(Boy): 541
Efren(Boy): 824
Eileen(Girl): 554
Elaina(Girl): 651
Elaine(Girl): 523
Eleanor(Girl): 386
Elena(Girl): 273
Eli(Boy): 288
Eliana(Girl): 708
Elias(Boy): 261
Elijah(Boy): 66
Elisa(Girl): 473
Elisabeth(Girl): 381
Elise(Girl): 294
Elisha(Boy): 674
Elisha(Girl): 946
Elissa(Girl): 714
Eliza(Girl): 449
Elizabeth(Girl): 10
Ella(Girl): 413
Ellen(Girl): 426
Ellie(Girl): 437
Elliot(Boy): 468
Elliott(Boy): 501
Ellis(Boy): 817
Elmer(Boy): 763
Elsa(Girl): 998
Elvis(Boy): 703
Elyse(Girl): 762
Elyssa(Girl): 803
Emanuel(Boy): 364
Emely(Girl): 586
Emerald(Girl): 810
Emerson(Boy): 868
Emilee(Girl): 353
Emilia(Girl): 856
Emilie(Girl): 518
Emilio(Boy): 340
Emily(Girl): 1
Emma(Girl): 22
Emmanuel(Boy): 213
Emmett(Boy): 847
Enrique(Boy): 237
Eric(Boy): 39
Erica(Girl): 93
Erick(Boy): 206
Ericka(Girl): 547
Erik(Boy): 140
Erika(Girl): 124
Erin(Girl): 57
Ernest(Boy): 486
Ernesto(Boy): 336
Erykah(Girl): 779
Eryn(Girl): 922
Esmeralda(Girl): 134
Esperanza(Girl): 700
Essence(Girl): 457
Esteban(Boy): 362
Estevan(Boy): 684
Esther(Girl): 323
Estrella(Girl): 664
Ethan(Boy): 38
Eugene(Boy): 462
Eva(Girl): 345
Evan(Boy): 63
Eve(Girl): 932
Evelyn(Girl): 178
Everett(Boy): 583
Ezekiel(Boy): 453
Ezequiel(Boy): 590
Ezra(Boy): 492
Fabian(Boy): 317
Fabiola(Girl): 772
Faith(Girl): 106
Fatima(Girl): 497
Felicia(Girl): 377
Felicity(Girl): 818
Felipe(Boy): 455
Felix(Boy): 388
Fernanda(Girl): 963
Fernando(Boy): 166
Fidel(Boy): 892
Fiona(Girl): 520
Floyd(Boy): 981
Forrest(Boy): 619
Frances(Girl): 471
Francesca(Girl): 372
Francesco(Boy): 989
Francis(Boy): 410
Francisco(Boy): 138
Frank(Boy): 178
Frankie(Boy): 681
Franklin(Boy): 389
Fred(Boy): 746
Freddie(Boy): 830
Freddy(Boy): 639
Frederick(Boy): 361
Fredrick(Boy): 621
Gabriel(Boy): 54
Gabriel(Girl): 827
Gabriela(Girl): 129
Gabriella(Girl): 116
Gabrielle(Girl): 47
Gage(Boy): 169
Garett(Boy): 876
Garret(Boy): 477
Garrett(Boy): 80
Garrison(Boy): 650
Gary(Boy): 234
Gavin(Boy): 116
Genaro(Boy): 982
Genesis(Girl): 260
Genevieve(Girl): 535
Geoffrey(Boy): 546
George(Boy): 126
Georgia(Girl): 429
Gerald(Boy): 376
Gerard(Boy): 838
Gerardo(Boy): 217
German(Boy): 759
Giancarlo(Boy): 913
Gianna(Girl): 266
Gianni(Boy): 560
Gilbert(Boy): 507
Gilberto(Boy): 451
Gillian(Girl): 330
Gina(Girl): 298
Gino(Boy): 795
Giovanna(Girl): 758
Giovanni(Boy): 225
Giovanny(Boy): 936
Giselle(Girl): 242
Gisselle(Girl): 632
Glen(Boy): 740
Glenn(Boy): 496
Gloria(Girl): 334
Gonzalo(Boy): 900
Gordon(Boy): 640
Grace(Girl): 53
Gracie(Girl): 620
Graciela(Girl): 574
Grady(Boy): 825
Graham(Boy): 407
Grant(Boy): 127
Grayson(Boy): 359
Gregorio(Boy): 927
Gregory(Boy): 109
Gretchen(Girl): 746
Greyson(Boy): 796
Griffin(Boy): 215
Guadalupe(Boy): 708
Guadalupe(Girl): 223
Guillermo(Boy): 369
Gunnar(Boy): 511
Gunner(Boy): 666
Gustavo(Boy): 311
Guy(Boy): 764
Gwendolyn(Girl): 702
Hadley(Girl): 964
Hailee(Girl): 489
Hailey(Girl): 70
Hakeem(Boy): 788
Haleigh(Girl): 430
Haley(Girl): 35
Halie(Girl): 665
Halle(Girl): 570
Hallie(Girl): 480
Hamza(Boy): 943
Hana(Girl): 738
Hanna(Girl): 165
Hannah(Girl): 2
Hans(Boy): 937
Harley(Boy): 431
Harley(Girl): 352
Harmony(Girl): 938
Harold(Boy): 514
Harrison(Boy): 174
Harry(Boy): 469
Hassan(Boy): 677
Haven(Girl): 923
Hayden(Boy): 160
Hayden(Girl): 836
Haylee(Girl): 358
Hayley(Girl): 151
Haylie(Girl): 828
Hazel(Girl): 940
Heath(Boy): 651
Heather(Girl): 99
Heaven(Girl): 359
Hector(Boy): 185
Heidi(Girl): 342
Helen(Girl): 349
Helena(Girl): 678
Henry(Boy): 136
Herbert(Boy): 797
Heriberto(Boy): 848
Herman(Boy): 938
Hernan(Boy): 922
Hillary(Girl): 868
Holden(Boy): 416
Hollie(Girl): 999
Holly(Girl): 163
Hope(Girl): 160
Houston(Boy): 725
Howard(Boy): 586
Hudson(Boy): 667
Hugh(Boy): 773
Hugo(Boy): 415
Humberto(Boy): 576
Hunter(Boy): 36
Hunter(Girl): 304
Ian(Boy): 73
Ibrahim(Boy): 836
Ignacio(Boy): 638
Iliana(Girl): 888
Imani(Girl): 253
India(Girl): 498
Infant(Boy): 945
Ingrid(Girl): 896
Ireland(Girl): 819
Irene(Girl): 493
Iris(Girl): 453
Irvin(Boy): 642
Isaac(Boy): 65
Isabel(Girl): 118
Isabella(Girl): 84
Isabelle(Girl): 196
Isai(Boy): 962
Isaiah(Boy): 59
Isaias(Boy): 580
Ishmael(Boy): 952
Isiah(Boy): 348
Isidro(Boy): 958
Isis(Girl): 625
Ismael(Boy): 351
Israel(Boy): 243
Issac(Boy): 476
Itzel(Girl): 747
Ivan(Boy): 154
Ivana(Girl): 975
Ivy(Girl): 383
Izaiah(Boy): 853
Jabari(Boy): 916
Jace(Boy): 379
Jacey(Girl): 872
Jack(Boy): 61
Jackie(Boy): 779
Jacklyn(Girl): 775
Jackson(Boy): 100
Jaclyn(Girl): 391
Jacob(Boy): 2
Jacoby(Boy): 761
Jacqueline(Girl): 95
Jacquelyn(Girl): 370
Jacques(Boy): 914
Jacquez(Boy): 864
Jada(Girl): 119
Jade(Girl): 125
Jaden(Boy): 328
Jaden(Girl): 763
Jadon(Boy): 753
Jaelyn(Girl): 901
Jaida(Girl): 874
Jailene(Girl): 544
Jaime(Boy): 240
Jaime(Girl): 566
Jairo(Boy): 737
Jake(Boy): 102
Jakob(Boy): 190
Jaleel(Boy): 818
Jalen(Boy): 204
Jalon(Boy): 918
Jamal(Boy): 372
Jamar(Boy): 657
Jamarcus(Boy): 854
Jamari(Boy): 826
Jamel(Boy): 749
James(Boy): 18
Jameson(Boy): 698
Jamie(Boy): 403
Jamie(Girl): 112
Jamil(Boy): 953
Jamison(Boy): 599
Jana(Girl): 857
Janae(Girl): 481
Jane(Girl): 415
Janelle(Girl): 411
Janessa(Girl): 699
Janet(Girl): 371
Janette(Girl): 965
Janice(Girl): 711
Janie(Girl): 971
Jaquan(Boy): 425
Jaqueline(Girl): 695
Jared(Boy): 51
Jaren(Boy): 858
Jaret(Boy): 556
Jarett(Boy): 742
Jarod(Boy): 275
Jaron(Boy): 591
Jarred(Boy): 426
Jarrett(Boy): 282
Jarrod(Boy): 396
Jarvis(Boy): 691
Jasmin(Girl): 177
Jasmine(Girl): 26
Jasmyn(Girl): 859
Jason(Boy): 40
Jasper(Boy): 611
Javier(Boy): 149
Javon(Boy): 420
Javonte(Boy): 813
Jaxon(Boy): 692
Jay(Boy): 326
Jayce(Boy): 881
Jaycee(Girl): 993
Jayda(Girl): 680
Jayde(Girl): 996
Jayden(Boy): 395
Jayden(Girl): 886
Jayla(Girl): 387
Jaylan(Boy): 901
Jaylen(Boy): 349
Jaylin(Boy): 588
Jaylon(Boy): 489
Jayme(Girl): 976
Jayson(Boy): 360
Jazlyn(Girl): 688
Jazmin(Girl): 207
Jazmine(Girl): 219
Jazmyn(Girl): 634
Jazmyne(Girl): 916
Jean(Boy): 806
Jeanette(Girl): 715
Jefferson(Boy): 722
Jeffery(Boy): 293
Jeffrey(Boy): 91
Jelani(Boy): 932
Jena(Girl): 879
Jenifer(Girl): 773
Jenna(Girl): 65
Jennifer(Girl): 20
Jenny(Girl): 368
Jensen(Boy): 968
Jensen(Girl): 988
Jeremiah(Boy): 114
Jeremy(Boy): 68
Jermaine(Boy): 430
Jerod(Boy): 939
Jerome(Boy): 414
Jerrod(Boy): 911
Jerry(Boy): 228
Jesse(Boy): 70
Jesse(Girl): 792
Jessica(Girl): 8
Jessie(Boy): 385
Jessie(Girl): 379
Jessika(Girl): 960
Jesus(Boy): 76
Jewel(Girl): 516
Jill(Girl): 808
Jillian(Girl): 158
Jimmie(Boy): 882
Jimmy(Boy): 265
Joanna(Girl): 239
Joanne(Girl): 892
Joaquin(Boy): 557
Jocelyn(Girl): 128
Jocelyne(Girl): 885
Jodi(Girl): 910
Joe(Boy): 286
Joel(Boy): 118
Joelle(Girl): 837
Joey(Boy): 519
Johan(Boy): 940
Johanna(Girl): 502
John(Boy): 15
Johnathan(Boy): 143
Johnathon(Boy): 343
Johnnie(Boy): 902
Johnny(Boy): 216
Jon(Boy): 329
Jonah(Boy): 219
Jonas(Boy): 521
Jonathan(Boy): 21
Jonathon(Boy): 195
Jordan(Boy): 27
Jordan(Girl): 42
Jorden(Boy): 697
Jordi(Boy): 903
Jordon(Boy): 429
Jordy(Boy): 803
Jordyn(Girl): 197
Jorge(Boy): 107
Jose(Boy): 33
Josef(Boy): 756
Joselyn(Girl): 776
Joseph(Boy): 11
Josephine(Girl): 347
Josh(Boy): 877
Joshua(Boy): 4
Josiah(Boy): 212
Josie(Girl): 360
Josue(Boy): 256
Jovan(Boy): 646
Jovani(Boy): 963
Jovany(Boy): 964
Joy(Girl): 442
Joyce(Girl): 685
Juan(Boy): 52
Juanita(Girl): 730
Judah(Boy): 995
Judith(Girl): 550
Judy(Girl): 994
Julia(Girl): 32
Julian(Boy): 124
Juliana(Girl): 289
Julianna(Girl): 259
Julianne(Girl): 410
Julie(Girl): 168
Julien(Boy): 782
Juliet(Girl): 605
Juliette(Girl): 671
Julio(Boy): 251
Julissa(Girl): 332
Julius(Boy): 487
Junior(Boy): 751
Justice(Boy): 342
Justice(Girl): 435
Justin(Boy): 20
Justina(Girl): 917
Justine(Girl): 376
Justus(Boy): 719
Justyn(Boy): 706
Juwan(Boy): 523
Kacey(Girl): 647
Kaci(Girl): 766
Kacie(Girl): 495
Kade(Boy): 529
Kaden(Boy): 433
Kaela(Girl): 726
Kaelyn(Girl): 742
Kai(Boy): 549
Kaila(Girl): 464
Kailee(Girl): 511
Kailey(Girl): 279
Kailyn(Girl): 652
Kaitlin(Girl): 120
Kaitlyn(Girl): 36
Kaitlynn(Girl): 355
Kale(Boy): 996
Kaleb(Boy): 156
Kaleigh(Girl): 423
Kalen(Boy): 859
Kaley(Girl): 500
Kali(Girl): 401
Kalie(Girl): 800
Kallie(Girl): 722
Kalyn(Girl): 811
Kameron(Boy): 267
Kameron(Girl): 951
Kamron(Boy): 743
Kamryn(Girl): 553
Kane(Boy): 564
Kara(Girl): 175
Kareem(Boy): 595
Karen(Girl): 152
Kari(Girl): 660
Karina(Girl): 144
Karissa(Girl): 428
Karl(Boy): 483
Karla(Girl): 209
Karlee(Girl): 592
Karley(Girl): 712
Karli(Girl): 596
Karlie(Girl): 601
Karly(Girl): 629
Kasandra(Girl): 697
Kasey(Boy): 628
Kasey(Girl): 301
Kassandra(Girl): 248
Kassidy(Girl): 367
Katarina(Girl): 606
Kate(Girl): 272
Katelin(Girl): 587
Katelyn(Girl): 58
Katelynn(Girl): 210
Katerina(Girl): 824
Katharine(Girl): 548
Katherine(Girl): 33
Kathleen(Girl): 171
Kathryn(Girl): 90
Kathy(Girl): 618
Katia(Girl): 941
Katie(Girl): 88
Katlin(Girl): 716
Katlyn(Girl): 262
Katlynn(Girl): 801
Katrina(Girl): 235
Katy(Girl): 829
Kaycee(Girl): 812
Kayla(Girl): 12
Kaylah(Girl): 815
Kaylan(Girl): 967
Kaylee(Girl): 86
Kayleigh(Girl): 363
Kaylen(Girl): 985
Kayley(Girl): 555
Kayli(Girl): 723
Kaylie(Girl): 405
Kaylin(Girl): 441
Kaylyn(Girl): 562
Kaylynn(Girl): 770
Keagan(Boy): 948
Keanu(Boy): 973
Keaton(Boy): 363
Keegan(Boy): 305
Keely(Girl): 540
Keenan(Boy): 458
Keisha(Girl): 1000
Keith(Boy): 191
Kellen(Boy): 798
Kelley(Girl): 782
Kelli(Girl): 452
Kellie(Girl): 541
Kelly(Boy): 699
Kelly(Girl): 89
Kelsea(Girl): 908
Kelsey(Girl): 56
Kelsi(Girl): 521
Kelsie(Girl): 351
Kelton(Boy): 849
Kelvin(Boy): 367
Kendal(Girl): 880
Kendall(Boy): 368
Kendall(Girl): 187
Kendra(Girl): 154
Kendrick(Boy): 417
Kenia(Girl): 977
Kennedi(Girl): 995
Kennedy(Boy): 928
Kennedy(Girl): 183
Kenneth(Boy): 86
Kenny(Boy): 478
Kent(Boy): 723
Kenton(Boy): 974
Kenya(Girl): 534
Kenyon(Boy): 983
Kenzie(Girl): 705
Keon(Boy): 647
Keri(Girl): 850
Kerri(Girl): 978
Kerry(Boy): 941
Keshawn(Boy): 660
Keven(Boy): 814
Kevin(Boy): 32
Kevon(Boy): 819
Keyon(Boy): 984
Keyshawn(Boy): 799
Khalid(Boy): 808
Khalil(Boy): 399
Kia(Girl): 972
Kiana(Girl): 226
Kianna(Girl): 654
Kiara(Girl): 173
Kiera(Girl): 443
Kieran(Boy): 625
Kierra(Girl): 373
Kiersten(Girl): 458
Kiley(Girl): 537
Killian(Boy): 997
Kimberly(Girl): 54
Kinsey(Girl): 833
Kira(Girl): 275
Kirk(Boy): 718
Kirsten(Girl): 201
Kirstin(Girl): 893
Kobe(Boy): 263
Koby(Boy): 592
Kody(Boy): 334
Kolby(Boy): 550
Kole(Boy): 748
Kolton(Boy): 607
Konnor(Boy): 998
Kordell(Boy): 844
Korey(Boy): 704
Kori(Girl): 754
Kortney(Girl): 942
Kory(Boy): 622
Kourtney(Girl): 576
Krista(Girl): 317
Kristen(Girl): 101
Kristi(Girl): 830
Kristian(Boy): 404
Kristin(Girl): 211
Kristina(Girl): 192
Kristine(Girl): 635
Kristofer(Boy): 815
Kristopher(Boy): 266
Kristy(Girl): 727
Krystal(Girl): 282
Kurt(Boy): 543
Kurtis(Boy): 606
Kyla(Girl): 264
Kylan(Boy): 999
Kyle(Boy): 24
Kylee(Girl): 234
Kyleigh(Girl): 666
Kyler(Boy): 314
Kylie(Girl): 117
Kyra(Girl): 199
Kyree(Boy): 888
Lacey(Girl): 321
Lacy(Girl): 913
Ladarius(Boy): 754
Lamar(Boy): 682
Lamont(Boy): 732
Lance(Boy): 316
Landen(Boy): 839
Landon(Boy): 202
Lane(Boy): 294
Lara(Girl): 825
Larissa(Girl): 396
Larry(Boy): 248
Laura(Girl): 75
Laurel(Girl): 509
Lauren(Girl): 14
Lauryn(Girl): 421
Lawrence(Boy): 277
Layla(Girl): 860
Layne(Boy): 735
Lea(Girl): 636
Leah(Girl): 107
Leann(Girl): 622
Leanna(Girl): 575
Leanne(Girl): 780
Lee(Boy): 402
Leeann(Girl): 982
Leila(Girl): 736
Leilani(Girl): 739
Leland(Boy): 990
Lena(Girl): 527
Leo(Boy): 434
Leon(Boy): 480
Leonard(Boy): 473
Leonardo(Boy): 257
Leonel(Boy): 561
Leroy(Boy): 644
Lesley(Girl): 394
Leslie(Girl): 111
Lesly(Girl): 490
Leticia(Girl): 474
Levi(Boy): 159
Lewis(Boy): 559
Lexi(Girl): 407
Lexie(Girl): 524
Lexis(Girl): 948
Lexus(Girl): 519
Lia(Girl): 968
Liam(Boy): 155
Liana(Girl): 797
Lila(Girl): 929
Lilian(Girl): 804
Liliana(Girl): 343
Lillian(Girl): 174
Lillie(Girl): 875
Lilly(Girl): 584
Lily(Girl): 169
Lincoln(Boy): 883
Linda(Girl): 313
Lindsay(Girl): 161
Lindsey(Girl): 97
Lionel(Boy): 915
Lisa(Girl): 230
Lizbeth(Girl): 419
Lizeth(Girl): 969
Lizette(Girl): 684
Lloyd(Boy): 893
Logan(Boy): 44
Logan(Girl): 292
Lonnie(Boy): 789
Loren(Boy): 975
Loren(Girl): 706
Lorena(Girl): 445
Lorenzo(Boy): 295
Lori(Girl): 718
Louis(Boy): 252
Lourdes(Girl): 889
Lucas(Boy): 93
Lucero(Girl): 869
Lucia(Girl): 630
Luciano(Boy): 959
Lucy(Girl): 392
Luis(Boy): 53
Lukas(Boy): 392
Luke(Boy): 75
Luz(Girl): 501
Lydia(Girl): 153
Lyndsey(Girl): 627
Lyric(Girl): 639
Macey(Girl): 608
Maci(Girl): 914
Macie(Girl): 701
Mackenzie(Boy): 626
Mackenzie(Girl): 64
Macy(Girl): 337
Madalyn(Girl): 402
Maddison(Girl): 460
Madeleine(Girl): 216
Madeline(Girl): 50
Madelyn(Girl): 162
Madelynn(Girl): 631
Madilyn(Girl): 805
Madisen(Girl): 698
Madison(Boy): 752
Madison(Girl): 9
Madisyn(Girl): 578
Madyson(Girl): 628
Maegan(Girl): 648
Maeve(Girl): 881
Magdalena(Girl): 816
Maggie(Girl): 249
Maia(Girl): 538
Makala(Girl): 781
Makayla(Girl): 71
Makenna(Girl): 422
Makenzie(Girl): 269
Malachi(Boy): 413
Malcolm(Boy): 366
Malia(Girl): 653
Malik(Boy): 139
Mallory(Girl): 204
Manuel(Boy): 147
Mara(Girl): 589
Maranda(Girl): 642
Marc(Boy): 242
Marcel(Boy): 661
Marcella(Girl): 897
Marcelo(Boy): 845
Marco(Boy): 181
Marcos(Boy): 236
Marcus(Boy): 96
Margaret(Girl): 114
Margarita(Girl): 609
Maria(Girl): 43
Mariah(Girl): 62
Mariam(Girl): 748
Mariana(Girl): 340
Marianna(Girl): 882
Mariano(Boy): 1000
Maribel(Girl): 577
Maricela(Girl): 918
Marie(Girl): 364
Mariela(Girl): 564
Marilyn(Girl): 491
Marina(Girl): 322
Mario(Boy): 151
Marisa(Girl): 213
Marisol(Girl): 385
Marissa(Girl): 66
Maritza(Girl): 551
Mark(Boy): 64
Markel(Boy): 904
Markell(Boy): 906
Markus(Boy): 631
Marlee(Girl): 943
Marlena(Girl): 944
Marlene(Girl): 573
Marley(Girl): 752
Marlon(Boy): 494
Marques(Boy): 831
Marquez(Boy): 663
Marquis(Boy): 357
Marquise(Boy): 443
Marshall(Boy): 353
Martha(Girl): 374
Martin(Boy): 165
Martina(Girl): 924
Marvin(Boy): 325
Mary(Girl): 45
Mason(Boy): 83
Mateo(Boy): 513
Mathew(Boy): 222
Matteo(Boy): 933
Matthew(Boy): 3
Mattie(Girl): 934
Maura(Girl): 683
Maurice(Boy): 327
Mauricio(Boy): 472
Maverick(Boy): 804
Max(Boy): 158
Maximilian(Boy): 441
Maximillian(Boy): 716
Maxwell(Boy): 135
Maya(Girl): 123
Mayra(Girl): 361
Mckayla(Girl): 369
Mckenna(Girl): 212
Mckenzie(Girl): 142
Meagan(Girl): 263
Meaghan(Girl): 583
Megan(Girl): 13
Meghan(Girl): 121
Mekhi(Boy): 923
Melanie(Girl): 135
Melina(Girl): 793
Melinda(Girl): 585
Melisa(Girl): 961
Melissa(Girl): 59
Melody(Girl): 390
Melvin(Boy): 418
Mercedes(Girl): 224
Meredith(Girl): 280
Mia(Girl): 130
Micaela(Girl): 462
Micah(Boy): 199
Micah(Girl): 582
Michael(Boy): 1
Michaela(Girl): 103
Micheal(Boy): 271
Michele(Girl): 734
Michelle(Girl): 55
Miguel(Boy): 90
Miguelangel(Boy): 965
Mikaela(Girl): 295
Mikala(Girl): 740
Mikayla(Girl): 82
Mike(Boy): 630
Mikel(Boy): 860
Miles(Boy): 253
Milton(Boy): 747
Miracle(Girl): 633
Miranda(Girl): 80
Mireya(Girl): 563
Miriam(Girl): 310
Misael(Boy): 741
Misty(Girl): 719
Mitchel(Boy): 641
Mitchell(Boy): 103
Mohamed(Boy): 502
Mohammad(Boy): 488
Mohammed(Boy): 524
Moises(Boy): 371
Mollie(Girl): 557
Molly(Girl): 108
Monica(Girl): 105
Monika(Girl): 930
Monique(Girl): 258
Montana(Boy): 821
Montana(Girl): 510
Morgan(Boy): 297
Morgan(Girl): 23
Moriah(Girl): 545
Moses(Boy): 508
Moshe(Boy): 654
Muhammad(Boy): 726
Mya(Girl): 238
Myah(Girl): 787
Myles(Boy): 304
Myra(Girl): 919
Myranda(Girl): 822
Myron(Boy): 809
Nadia(Girl): 319
Nadine(Girl): 798
Najee(Boy): 946
Nancy(Girl): 208
Naomi(Girl): 191
Nash(Boy): 770
Nasir(Boy): 884
Natalia(Girl): 270
Natalie(Girl): 40
Nataly(Girl): 745
Natasha(Girl): 205
Nathalie(Girl): 444
Nathan(Boy): 34
Nathanael(Boy): 408
Nathanial(Boy): 544
Nathaniel(Boy): 60
Nathen(Boy): 949
Nautica(Girl): 949
Nayeli(Girl): 796
Neal(Boy): 766
Nehemiah(Boy): 828
Neil(Boy): 463
Nelson(Boy): 400
Nestor(Boy): 727
Nia(Girl): 331
Nicholas(Boy): 6
Nichole(Girl): 427
Nick(Boy): 829
Nicklaus(Boy): 969
Nickolas(Boy): 258
Nico(Boy): 889
Nicolas(Boy): 132
Nicole(Girl): 24
Nicolette(Girl): 580
Nigel(Boy): 537
Nikhil(Boy): 954
Nikita(Girl): 645
Nikki(Girl): 482
Niko(Boy): 950
Nikolas(Boy): 284
Nina(Girl): 231
Noah(Boy): 29
Noe(Boy): 474
Noel(Boy): 456
Noel(Girl): 870
Noelle(Girl): 404
Noemi(Girl): 561
Nolan(Boy): 233
Nora(Girl): 476
Norma(Girl): 720
Norman(Boy): 652
Octavia(Girl): 876
Octavio(Boy): 800
Odalis(Girl): 890
Odalys(Girl): 902
Oliver(Boy): 356
Olivia(Girl): 21
Omar(Boy): 146
Omari(Boy): 850
Orion(Boy): 540
Orlando(Boy): 391
Oscar(Boy): 129
Osvaldo(Boy): 515
Owen(Boy): 179
Pablo(Boy): 310
Paige(Girl): 63
Paloma(Girl): 979
Pamela(Girl): 388
Paola(Girl): 354
Paris(Boy): 774
Paris(Girl): 455
Parker(Boy): 141
Patience(Girl): 848
Patricia(Girl): 180
Patrick(Boy): 57
Paul(Boy): 89
Paula(Girl): 546
Paulina(Girl): 533
Paxton(Boy): 917
Payton(Boy): 308
Payton(Girl): 227
Pedro(Boy): 200
Perla(Girl): 487
Perry(Boy): 624
Peter(Boy): 111
Peyton(Boy): 221
Peyton(Girl): 218
Philip(Boy): 214
Phillip(Boy): 177
Phoebe(Girl): 607
Phoenix(Boy): 907
Pierce(Boy): 597
Pierre(Boy): 805
Precious(Girl): 380
Presley(Girl): 989
Preston(Boy): 176
Prince(Boy): 851
Princess(Girl): 794
Priscilla(Girl): 240
Quentin(Boy): 273
Quincy(Boy): 574
Quinn(Boy): 330
Quinn(Girl): 764
Quinten(Boy): 675
Quintin(Boy): 542
Quinton(Boy): 337
Rachael(Girl): 170
Rachel(Girl): 15
Rachelle(Girl): 689
Raegan(Girl): 759
Raekwon(Boy): 683
Rafael(Boy): 229
Raheem(Boy): 738
Rahul(Boy): 976
Raina(Girl): 997
Ralph(Boy): 584
Ramiro(Boy): 495
Ramon(Boy): 281
Randall(Boy): 382
Randi(Girl): 655
Randy(Boy): 244
Raphael(Boy): 668
Raquel(Girl): 325
Rashad(Boy): 570
Rashawn(Boy): 712
Rasheed(Boy): 966
Raul(Boy): 232
Raven(Boy): 861
Raven(Girl): 185
Ray(Boy): 490
Raymond(Boy): 142
Raymundo(Boy): 816
Reagan(Boy): 929
Reagan(Girl): 333
Reanna(Girl): 789
Rebeca(Girl): 707
Rebecca(Girl): 30
Rebekah(Girl): 155
Reece(Boy): 466
Reed(Boy): 439
Reese(Boy): 547
Regan(Girl): 431
Regina(Girl): 503
Reginald(Boy): 355
Reid(Boy): 423
Reilly(Boy): 908
Reilly(Girl): 623
Reina(Girl): 891
Remington(Boy): 728
Rene(Boy): 397
Renee(Girl): 338
Reuben(Boy): 744
Rex(Boy): 944
Reyna(Girl): 610
Reynaldo(Boy): 721
Rhett(Boy): 637
Rhianna(Girl): 904
Rhiannon(Girl): 465
Ricardo(Boy): 125
Richard(Boy): 55
Rick(Boy): 885
Rickey(Boy): 905
Ricky(Boy): 292
Rico(Boy): 955
Rigoberto(Boy): 648
Riley(Boy): 128
Riley(Girl): 166
Rita(Girl): 865
River(Boy): 499
Robert(Boy): 23
Roberto(Boy): 172
Robin(Boy): 912
Robin(Girl): 512
Robyn(Girl): 484
Rochelle(Girl): 873
Rocio(Girl): 673
Rocky(Boy): 985
Roderick(Boy): 627
Rodney(Boy): 319
Rodolfo(Boy): 411
Rodrigo(Boy): 446
Rogelio(Boy): 484
Roger(Boy): 347
Rohan(Boy): 785
Roland(Boy): 678
Rolando(Boy): 497
Roman(Boy): 338
Romeo(Boy): 603
Ronald(Boy): 182
Ronaldo(Boy): 552
Ronnie(Boy): 436
Rory(Boy): 608
Rosa(Girl): 278
Rose(Girl): 297
Rosemary(Girl): 617
Ross(Boy): 341
Roxanne(Girl): 838
Roy(Boy): 384
Royce(Boy): 919
Ruben(Boy): 205
Ruby(Girl): 257
Rudy(Boy): 526
Russell(Boy): 299
Ruth(Girl): 346
Ryan(Boy): 17
Ryan(Girl): 528
Ryann(Girl): 980
Ryder(Boy): 920
Rylan(Boy): 662
Rylee(Girl): 384
Rylie(Girl): 656
Sabrina(Girl): 68
Sade(Girl): 911
Sadie(Girl): 276
Sage(Boy): 551
Sage(Girl): 611
Sally(Girl): 693
Salma(Girl): 571
Salvador(Boy): 331
Salvatore(Boy): 609
Sam(Boy): 460
Samantha(Girl): 3
Samara(Girl): 990
Samir(Boy): 869
Sammy(Boy): 685
Samuel(Boy): 28
Sandra(Girl): 228
Sandy(Girl): 640
Santiago(Boy): 447
Santos(Boy): 724
Sara(Girl): 48
Sarah(Girl): 5
Sarai(Girl): 616
Sarina(Girl): 820
Sasha(Girl): 433
Saul(Boy): 307
Savana(Girl): 887
Savanah(Girl): 496
Savanna(Girl): 241
Savannah(Girl): 44
Savion(Boy): 730
Sawyer(Boy): 503
Scarlett(Girl): 834
Scott(Boy): 123
Seamus(Boy): 890
Sean(Boy): 50
Sebastian(Boy): 198
Selena(Girl): 139
Selina(Girl): 681
Serena(Girl): 221
Serenity(Girl): 842
Sergio(Boy): 171
Serina(Girl): 959
Seth(Boy): 87
Shae(Girl): 925
Shaina(Girl): 672
Shakira(Girl): 861
Shamar(Boy): 700
Shana(Girl): 839
Shane(Boy): 117
Shania(Girl): 286
Shanice(Girl): 962
Shannon(Boy): 649
Shannon(Girl): 104
Shantel(Girl): 986
Sharon(Girl): 398
Shaun(Boy): 370
Shauna(Girl): 871
Shawn(Boy): 113
Shawna(Girl): 556
Shayla(Girl): 306
Shaylee(Girl): 813
Shayna(Girl): 488
Shayne(Boy): 714
Shea(Girl): 703
Sheila(Girl): 661
Shelbi(Girl): 898
Shelbie(Girl): 777
Shelby(Boy): 886
Shelby(Girl): 49
Sheldon(Boy): 518
Shemar(Boy): 930
Shianne(Girl): 905
Shirley(Girl): 743
Shyann(Girl): 744
Shyanne(Girl): 514
Sidney(Boy): 536
Sidney(Girl): 271
Sienna(Girl): 532
Sierra(Girl): 51
Silas(Boy): 679
Silvia(Girl): 799
Simeon(Boy): 840
Simon(Boy): 301
Simone(Girl): 450
Skye(Girl): 492
Skyla(Girl): 843
Skylar(Boy): 358
Skylar(Girl): 172
Skyler(Boy): 230
Skyler(Girl): 296
Sofia(Girl): 232
Solomon(Boy): 500
Sonia(Girl): 418
Sonny(Boy): 878
Sonya(Girl): 783
Sophia(Girl): 73
Sophie(Girl): 255
Spencer(Boy): 84
Stacey(Girl): 560
Stacy(Girl): 517
Stanley(Boy): 471
Star(Girl): 973
Starr(Girl): 823
Stefan(Boy): 530
Stefanie(Girl): 709
Stella(Girl): 906
Stephan(Boy): 600
Stephanie(Girl): 29
Stephany(Girl): 679
Stephen(Boy): 78
Stephon(Boy): 587
Sterling(Boy): 505
Steve(Boy): 390
Steven(Boy): 46
Stevie(Girl): 903
Stewart(Boy): 991
Stone(Boy): 632
Stuart(Boy): 664
Summer(Girl): 131
Susan(Girl): 382
Susana(Girl): 687
Suzanne(Girl): 844
Sydnee(Girl): 626
Sydney(Girl): 28
Sydni(Girl): 883
Sydnie(Girl): 849
Syed(Boy): 986
Sylvia(Girl): 470
Tabitha(Girl): 281
Tahj(Boy): 771
Taj(Boy): 956
Talia(Girl): 393
Talon(Boy): 707
Tamara(Girl): 336
Tamera(Girl): 821
Tamia(Girl): 378
Tammy(Girl): 840
Tania(Girl): 446
Tanisha(Girl): 858
Tanner(Boy): 82
Tanya(Girl): 602
Tara(Girl): 189
Tarik(Boy): 978
Tariq(Boy): 444
Taryn(Girl): 436
Tasia(Girl): 802
Tate(Boy): 512
Tatiana(Girl): 215
Tatianna(Girl): 817
Tatum(Girl): 397
Tatyana(Girl): 311
Tavian(Boy): 862
Taya(Girl): 638
Tayla(Girl): 987
Tayler(Girl): 424
Taylor(Boy): 104
Taylor(Girl): 7
Tea(Girl): 749
Terence(Boy): 775
Teresa(Girl): 308
Terrance(Boy): 374
Terrell(Boy): 320
Terrence(Boy): 459
Terry(Boy): 303
Tess(Girl): 572
Tessa(Girl): 225
Tevin(Boy): 585
Thaddeus(Boy): 811
Thalia(Girl): 624
Theodore(Boy): 289
Theresa(Girl): 365
Thomas(Boy): 31
Tia(Girl): 314
Tiana(Girl): 291
Tianna(Girl): 477
Tiara(Girl): 328
Tierra(Girl): 425
Tiffani(Girl): 674
Tiffany(Girl): 67
Timothy(Boy): 49
Tina(Girl): 569
Titus(Boy): 786
Tobias(Boy): 593
Toby(Boy): 577
Todd(Boy): 365
Tomas(Boy): 457
Tommy(Boy): 298
Toni(Girl): 417
Tony(Boy): 255
Tori(Girl): 233
Trace(Boy): 437
Tracy(Boy): 781
Tracy(Girl): 667
Travis(Boy): 98
Travon(Boy): 643
Tre(Boy): 645
Trent(Boy): 231
Trenton(Boy): 183
Trever(Boy): 717
Trevin(Boy): 992
Trevon(Boy): 344
Trevor(Boy): 58
Trey(Boy): 210
Trinity(Girl): 526
Trisha(Girl): 790
Tristan(Boy): 92
Tristan(Girl): 851
Tristen(Boy): 276
Tristian(Boy): 671
Tristin(Boy): 421
Triston(Boy): 380
Troy(Boy): 184
Trystan(Boy): 857
Tucker(Boy): 306
Turner(Boy): 820
Ty(Boy): 262
Tyler(Boy): 8
Tyler(Girl): 356
Tylor(Boy): 504
Tyquan(Boy): 846
Tyra(Girl): 320
Tyree(Boy): 405
Tyreek(Boy): 822
Tyrek(Boy): 694
Tyrell(Boy): 449
Tyrese(Boy): 612
Tyrik(Boy): 895
Tyriq(Boy): 776
Tyrique(Boy): 755
Tyron(Boy): 865
Tyrone(Boy): 398
Tyshawn(Boy): 891
Tyson(Boy): 381
Ulises(Boy): 565
Ulysses(Boy): 750
Unique(Girl): 864
Uriel(Boy): 516
Valentin(Boy): 979
Valentina(Girl): 835
Valeria(Girl): 290
Valerie(Girl): 148
Vanesa(Girl): 927
Vanessa(Girl): 52
Vaughn(Boy): 870
Vernon(Boy): 767
Veronica(Girl): 127
Vicente(Boy): 566
Victor(Boy): 97
Victoria(Girl): 16
Vincent(Boy): 121
Vincenzo(Boy): 960
Violet(Girl): 907
Virginia(Girl): 362
Vivian(Girl): 326
Viviana(Girl): 478
Wade(Boy): 448
Walker(Boy): 427
Walter(Boy): 313
Warren(Boy): 424
Wayne(Boy): 438
Wendy(Girl): 339
Wesley(Boy): 152
Weston(Boy): 412
Whitney(Girl): 193
Will(Boy): 578
William(Boy): 14
Willie(Boy): 354
Willow(Girl): 852
Wilson(Boy): 520
Winston(Boy): 762
Wyatt(Boy): 137
Xavier(Boy): 131
Yadira(Girl): 691
Yajaira(Girl): 966
Yasmeen(Girl): 767
Yasmin(Girl): 438
Yasmine(Girl): 412
Yazmin(Girl): 956
Yesenia(Girl): 261
Yessenia(Girl): 785
Yolanda(Girl): 755
Yvette(Girl): 621
Yvonne(Girl): 690
Zachariah(Boy): 373
Zachary(Boy): 16
Zachery(Boy): 241
Zackary(Boy): 235
Zackery(Boy): 345
Zakary(Boy): 768
Zane(Boy): 268
Zaria(Girl): 525
Zechariah(Boy): 701
Zion(Boy): 695
Zoe(Girl): 122
Zoey(Girl): 530
Zoie(Girl): 928
