2008
Aaden(Boy): 343
Aaliyah(Girl): 77
Aarav(Boy): 921
Aaron(Boy): 50
Abagail(Girl): 874
Abbey(Girl): 822
Abbie(Girl): 737
Abbigail(Girl): 508
Abby(Girl): 259
Abdiel(Boy): 984
Abdullah(Boy): 953
Abel(Boy): 360
Abigail(Girl): 8
Abigayle(Girl): 936
Abraham(Boy): 187
Abram(Boy): 548
Abril(Girl): 522
Ace(Boy): 714
Ada(Girl): 598
Adalyn(Girl): 526
Adalynn(Girl): 845
Adam(Boy): 72
Adan(Boy): 299
Addison(Boy): 820
Addison(Girl): 12
Addisyn(Girl): 556
Addyson(Girl): 240
Adelaide(Girl): 551
Adeline(Girl): 361
Adelyn(Girl): 577
Aden(Boy): 254
Adison(Girl): 900
Aditya(Boy): 702
Adolfo(Boy): 731
Adonis(Boy): 854
Adrian(Boy): 56
Adriana(Girl): 124
Adrianna(Girl): 173
Adriel(Boy): 584
Adrien(Boy): 727
Adrienne(Girl): 786
Adyson(Girl): 648
Aedan(Boy): 821
Agustin(Boy): 740
Ahmad(Boy): 559
Ahmed(Boy): 576
Aidan(Boy): 59
Aiden(Boy): 16
Aidyn(Boy): 699
Aileen(Girl): 483
Aimee(Girl): 779
Ainsley(Girl): 441
Aisha(Girl): 764
Aiyana(Girl): 595
Akira(Girl): 705
Alaina(Girl): 223
Alan(Boy): 135
Alana(Girl): 166
Alani(Girl): 913
Alanna(Girl): 461
Alannah(Girl): 938
Alayna(Girl): 285
Albert(Boy): 372
Alberto(Boy): 338
Alden(Boy): 916
Aldo(Boy): 569
Aleah(Girl): 627
Alec(Boy): 390
Aleena(Girl): 664
Alejandra(Girl): 255
Alejandro(Boy): 105
Alena(Girl): 686
Alessandra(Girl): 407
Alessandro(Boy): 624
Alex(Boy): 85
Alexa(Girl): 50
Alexander(Boy): 6
Alexandra(Girl): 61
Alexandria(Girl): 189
Alexia(Girl): 213
Alexis(Boy): 169
Alexis(Girl): 15
Alexus(Girl): 721
Alexzander(Boy): 674
Alfonso(Boy): 585
Alfred(Boy): 787
Alfredo(Boy): 388
Ali(Boy): 398
Ali(Girl): 866
Alia(Girl): 929
Aliana(Girl): 907
Alice(Girl): 326
Alicia(Girl): 178
Alijah(Boy): 469
Alina(Girl): 245
Alisa(Girl): 867
Alisha(Girl): 642
Alison(Girl): 273
Alissa(Girl): 438
Alisson(Girl): 783
Alivia(Girl): 181
Aliya(Girl): 668
Aliyah(Girl): 192
Aliza(Girl): 861
Allan(Boy): 552
Allen(Boy): 294
Allie(Girl): 230
Allison(Girl): 32
Allisson(Girl): 418
Ally(Girl): 766
Allyson(Girl): 266
Alma(Girl): 792
Alondra(Girl): 201
Alonso(Boy): 660
Alonzo(Boy): 542
Alvaro(Boy): 639
Alvin(Boy): 437
Alyson(Girl): 480
Alyssa(Girl): 16
Alyvia(Girl): 970
Amanda(Girl): 138
Amani(Girl): 583
Amara(Girl): 578
Amare(Boy): 677
Amari(Boy): 344
Amari(Girl): 393
Amaris(Girl): 987
Amaya(Girl): 198
Amber(Girl): 165
Amelia(Girl): 68
Amelie(Girl): 781
America(Girl): 503
Amiah(Girl): 963
Amina(Girl): 763
Amir(Boy): 297
Amira(Girl): 436
Amirah(Girl): 765
Amiya(Girl): 660
Amiyah(Girl): 479
Amy(Girl): 132
Amya(Girl): 493
Ana(Girl): 169
Anabel(Girl): 955
Anabella(Girl): 919
Anabelle(Girl): 710
Anahi(Girl): 437
Anastasia(Girl): 360
Anaya(Girl): 439
Anderson(Boy): 326
Andre(Boy): 220
Andrea(Girl): 71
Andreas(Boy): 969
Andres(Boy): 158
Andrew(Boy): 12
Andy(Boy): 211
Angel(Boy): 36
Angel(Girl): 160
Angela(Girl): 133
Angelica(Girl): 257
Angelina(Girl): 69
Angeline(Girl): 784
Angelique(Girl): 687
Angelo(Boy): 284
Angie(Girl): 340
Anika(Girl): 573
Aniya(Girl): 272
Aniyah(Girl): 187
Ann(Girl): 830
Anna(Girl): 26
Annabel(Girl): 801
Annabella(Girl): 589
Annabelle(Girl): 188
Annalise(Girl): 702
Anne(Girl): 499
Annie(Girl): 392
Annika(Girl): 402
Ansley(Girl): 719
Anthony(Boy): 7
Antoine(Boy): 693
Anton(Boy): 832
Antonio(Boy): 102
Antony(Boy): 895
Antwan(Boy): 879
Anya(Girl): 375
April(Girl): 333
Arabella(Girl): 657
Araceli(Girl): 767
Aracely(Girl): 868
Areli(Girl): 848
Arely(Girl): 610
Ari(Boy): 532
Aria(Girl): 575
Ariana(Girl): 81
Arianna(Girl): 66
Ariel(Boy): 570
Ariel(Girl): 217
Ariella(Girl): 923
Arielle(Girl): 619
Arjun(Boy): 755
Armando(Boy): 293
Armani(Boy): 583
Armani(Girl): 755
Arnav(Boy): 974
Aron(Boy): 600
Arthur(Boy): 363
Arturo(Boy): 352
Aryan(Boy): 669
Aryana(Girl): 753
Aryanna(Girl): 613
Asa(Boy): 633
Ashanti(Girl): 930
Asher(Boy): 206
Ashlee(Girl): 535
Ashleigh(Girl): 927
Ashley(Girl): 18
Ashly(Girl): 838
Ashlyn(Girl): 153
Ashlynn(Girl): 282
Ashton(Boy): 121
Ashtyn(Girl): 975
Asia(Girl): 386
Aspen(Girl): 700
Athena(Girl): 455
Atticus(Boy): 689
Aubree(Girl): 276
Aubrey(Girl): 42
Aubrie(Girl): 470
Audrey(Girl): 44
Audrina(Girl): 353
August(Boy): 482
Augustus(Boy): 795
Aurora(Girl): 288
Austin(Boy): 55
Autumn(Girl): 89
Ava(Girl): 5
Avah(Girl): 972
Averi(Girl): 966
Averie(Girl): 768
Avery(Boy): 216
Avery(Girl): 38
Axel(Boy): 272
Ayaan(Boy): 908
Ayana(Girl): 814
Ayanna(Girl): 579
Aydan(Boy): 567
Ayden(Boy): 91
Aydin(Boy): 627
Ayla(Girl): 406
Aylin(Girl): 557
Azaria(Girl): 954
Azul(Girl): 611
Bailee(Girl): 513
Bailey(Boy): 790
Bailey(Girl): 82
Barbara(Girl): 758
Baron(Boy): 991
Barrett(Boy): 609
Baylee(Girl): 419
Beatrice(Girl): 833
Beau(Boy): 397
Beckett(Boy): 480
Beckham(Boy): 893
Belen(Girl): 869
Belinda(Girl): 747
Bella(Girl): 122
Ben(Boy): 611
Benjamin(Boy): 25
Bennett(Boy): 361
Bentley(Boy): 937
Bernard(Boy): 940
Bethany(Girl): 318
Bianca(Girl): 204
Billy(Boy): 564
Blaine(Boy): 614
Blake(Boy): 90
Blaze(Boy): 866
Bo(Boy): 840
Bobby(Boy): 525
Boston(Boy): 563
Braden(Boy): 156
Bradley(Boy): 201
Brady(Boy): 94
Bradyn(Boy): 612
Braeden(Boy): 346
Braedon(Boy): 822
Braelyn(Girl): 563
Braiden(Boy): 494
Branden(Boy): 586
Brandon(Boy): 33
Branson(Boy): 873
Braxton(Boy): 202
Brayan(Boy): 333
Brayden(Boy): 51
Braydon(Boy): 325
Braylen(Boy): 572
Braylon(Boy): 252
Breanna(Girl): 168
Brenda(Girl): 342
Brendan(Boy): 207
Brenden(Boy): 353
Brendon(Boy): 578
Brenna(Girl): 420
Brennan(Boy): 263
Brennen(Boy): 651
Brent(Boy): 558
Brenton(Boy): 975
Brett(Boy): 311
Bria(Girl): 924
Brian(Boy): 87
Briana(Girl): 145
Brianna(Girl): 23
Brice(Boy): 710
Bridger(Boy): 978
Bridget(Girl): 394
Brielle(Girl): 338
Briley(Girl): 819
Brisa(Girl): 787
Britney(Girl): 689
Brittany(Girl): 421
Brock(Boy): 277
Broderick(Boy): 899
Brodie(Boy): 421
Brody(Boy): 70
Brogan(Boy): 833
Bronson(Boy): 987
Brooke(Girl): 52
Brooklyn(Girl): 47
Brooklynn(Girl): 182
Brooks(Boy): 601
Bruce(Boy): 476
Bruno(Boy): 801
Bryan(Boy): 82
Bryanna(Girl): 512
Bryant(Boy): 404
Bryce(Boy): 116
Brycen(Boy): 483
Brylee(Girl): 531
Brynlee(Girl): 895
Brynn(Girl): 323
Bryson(Boy): 178
Byron(Boy): 451
Cade(Boy): 310
Caden(Boy): 95
Cadence(Girl): 212
Cael(Boy): 834
Caiden(Boy): 250
Cailyn(Girl): 738
Caitlin(Girl): 235
Caitlyn(Girl): 227
Cale(Boy): 623
Caleb(Boy): 34
Cali(Girl): 426
Callie(Girl): 233
Callum(Boy): 976
Calvin(Boy): 228
Camden(Boy): 204
Cameron(Boy): 53
Cameron(Girl): 320
Camila(Girl): 83
Camilla(Girl): 634
Camille(Girl): 300
Campbell(Girl): 762
Camren(Boy): 675
Camron(Boy): 445
Camryn(Boy): 900
Camryn(Girl): 244
Cannon(Boy): 631
Cara(Girl): 463
Carina(Girl): 901
Carissa(Girl): 727
Carl(Boy): 490
Carla(Girl): 584
Carlee(Girl): 701
Carleigh(Girl): 996
Carley(Girl): 637
Carlie(Girl): 673
Carlo(Boy): 992
Carlos(Boy): 73
Carly(Girl): 197
Carmelo(Boy): 941
Carmen(Girl): 262
Carolina(Girl): 355
Caroline(Girl): 94
Carolyn(Girl): 678
Carsen(Boy): 993
Carson(Boy): 89
Carter(Boy): 65
Case(Boy): 956
Casey(Boy): 336
Casey(Girl): 466
Cash(Boy): 253
Cason(Boy): 571
Cassandra(Girl): 284
Cassidy(Girl): 228
Cassie(Girl): 908
Cassius(Boy): 945
Catalina(Girl): 707
Catherine(Girl): 149
Cayden(Boy): 173
Caylee(Girl): 519
Cecelia(Girl): 756
Cecilia(Girl): 270
Cedric(Boy): 650
Celeste(Girl): 397
Celia(Girl): 757
Cesar(Boy): 165
Chace(Boy): 655
Chad(Boy): 454
Chaim(Boy): 858
Chana(Girl): 971
Chance(Boy): 255
Chandler(Boy): 457
Chanel(Girl): 775
Charity(Girl): 793
Charlee(Girl): 820
Charles(Boy): 63
Charlie(Boy): 307
Charlie(Girl): 736
Charlize(Girl): 905
Charlotte(Girl): 87
Chase(Boy): 67
Chasity(Girl): 956
Chaya(Girl): 749
Chaz(Boy): 959
Chelsea(Girl): 221
Cherish(Girl): 739
Cheyanne(Girl): 496
Cheyenne(Girl): 159
Chloe(Girl): 10
Chris(Boy): 348
Christian(Boy): 23
Christina(Girl): 200
Christine(Girl): 539
Christopher(Boy): 9
Ciara(Girl): 324
Cierra(Girl): 788
Cindy(Girl): 434
Claire(Girl): 62
Clara(Girl): 206
Clare(Girl): 679
Clarence(Boy): 938
Clarissa(Girl): 560
Clark(Boy): 698
Claudia(Girl): 417
Clay(Boy): 849
Clayton(Boy): 233
Clinton(Boy): 856
Cloe(Girl): 915
Coby(Boy): 835
Cody(Boy): 122
Cohen(Boy): 356
Colby(Boy): 273
Cole(Boy): 84
Coleman(Boy): 741
Colin(Boy): 114
Collin(Boy): 143
Colt(Boy): 533
Colten(Boy): 408
Colton(Boy): 98
Conner(Boy): 163
Connor(Boy): 57
Conor(Boy): 517
Conrad(Boy): 758
Cooper(Boy): 92
Cora(Girl): 322
Corbin(Boy): 262
Cordell(Boy): 784
Corey(Boy): 289
Corinne(Girl): 841
Cornelius(Boy): 988
Cortez(Boy): 990
Cory(Boy): 459
Courtney(Girl): 269
Craig(Boy): 588
Cristal(Girl): 759
Cristian(Boy): 150
Cristina(Girl): 603
Cristofer(Boy): 829
Cristopher(Boy): 492
Cruz(Boy): 367
Crystal(Girl): 252
Cullen(Boy): 781
Curtis(Boy): 380
Cynthia(Girl): 310
Cyrus(Boy): 512
Dahlia(Girl): 745
Daisy(Girl): 161
Dakota(Boy): 226
Dakota(Girl): 267
Dale(Boy): 839
Dalia(Girl): 920
Dallas(Boy): 334
Dalton(Boy): 218
Damari(Boy): 997
Damarion(Boy): 725
Damaris(Girl): 808
Damian(Boy): 133
Damien(Boy): 189
Damion(Boy): 597
Damon(Boy): 472
Dana(Girl): 467
Dane(Boy): 350
Dangelo(Boy): 970
Dania(Girl): 989
Danica(Girl): 336
Daniel(Boy): 5
Daniela(Girl): 121
Daniella(Girl): 303
Danielle(Girl): 144
Danika(Girl): 486
Danna(Girl): 424
Danny(Boy): 330
Dante(Boy): 291
Daphne(Girl): 536
Darian(Boy): 602
Darien(Boy): 843
Dario(Boy): 850
Darion(Boy): 890
Darius(Boy): 318
Darnell(Boy): 730
Darrell(Boy): 634
Darren(Boy): 385
Darryl(Boy): 754
Darwin(Boy): 788
Dashawn(Boy): 810
Davian(Boy): 690
David(Boy): 14
Davin(Boy): 594
Davion(Boy): 440
Davis(Boy): 410
Davon(Boy): 712
Dawson(Boy): 269
Dax(Boy): 766
Dayami(Girl): 750
Dayana(Girl): 410
Dayanara(Girl): 558
Dayton(Boy): 484
Deacon(Boy): 642
Dean(Boy): 345
Deandre(Boy): 460
Deangelo(Boy): 739
Deanna(Girl): 592
Deborah(Girl): 809
Declan(Boy): 347
Deegan(Boy): 980
Deja(Girl): 893
Delaney(Girl): 209
Delilah(Girl): 193
Demarcus(Boy): 708
Demarion(Boy): 905
Demetrius(Boy): 520
Denise(Girl): 364
Denisse(Girl): 959
Dennis(Boy): 370
Denzel(Boy): 942
Deon(Boy): 830
Derek(Boy): 159
Dereon(Boy): 882
Derick(Boy): 733
Derrick(Boy): 286
Deshawn(Boy): 595
Desirae(Girl): 983
Desiree(Girl): 381
Desmond(Boy): 413
Destinee(Girl): 616
Destiney(Girl): 714
Destiny(Girl): 48
Devan(Boy): 746
Deven(Boy): 683
Devin(Boy): 109
Devon(Boy): 243
Devyn(Boy): 847
Dexter(Boy): 715
Diamond(Girl): 449
Diana(Girl): 137
Diego(Boy): 68
Dillan(Boy): 875
Dillon(Boy): 264
Dixie(Girl): 964
Diya(Girl): 995
Dominic(Boy): 93
Dominick(Boy): 240
Dominik(Boy): 577
Dominique(Boy): 763
Dominique(Girl): 785
Donald(Boy): 331
Donavan(Boy): 964
Donna(Girl): 973
Donovan(Boy): 214
Donte(Boy): 782
Dorian(Boy): 442
Douglas(Boy): 424
Drake(Boy): 230
Draven(Boy): 670
Drew(Boy): 244
Dulce(Girl): 302
Duncan(Boy): 717
Dustin(Boy): 303
Dwayne(Boy): 687
Dylan(Boy): 31
Dylan(Girl): 532
Ean(Boy): 869
Easton(Boy): 302
Eddie(Boy): 438
Eden(Boy): 896
Eden(Girl): 232
Edgar(Boy): 193
Edith(Girl): 806
Eduardo(Boy): 141
Edward(Boy): 148
Edwin(Boy): 175
Efrain(Boy): 753
Eileen(Girl): 760
Elaina(Girl): 462
Elaine(Girl): 742
Eleanor(Girl): 256
Elena(Girl): 211
Eli(Boy): 100
Elian(Boy): 817
Eliana(Girl): 203
Elianna(Girl): 1000
Elias(Boy): 157
Eliezer(Boy): 986
Elijah(Boy): 22
Elisa(Girl): 622
Elisabeth(Girl): 525
Elise(Girl): 218
Elisha(Boy): 636
Eliza(Girl): 328
Elizabeth(Girl): 9
Ella(Girl): 19
Elle(Girl): 494
Ellen(Girl): 672
Elliana(Girl): 530
Ellie(Girl): 167
Elliot(Boy): 332
Elliott(Boy): 386
Ellis(Boy): 798
Elsa(Girl): 724
Elsie(Girl): 740
Elvis(Boy): 713
Elyse(Girl): 695
Emanuel(Boy): 260
Emelia(Girl): 960
Emely(Girl): 305
Emerson(Boy): 474
Emerson(Girl): 290
Emery(Boy): 744
Emery(Girl): 468
Emilee(Girl): 459
Emilia(Girl): 401
Emiliano(Boy): 315
Emilie(Girl): 690
Emilio(Boy): 281
Emily(Girl): 3
Emma(Girl): 1
Emmalee(Girl): 743
Emmanuel(Boy): 146
Emmett(Boy): 547
Emmy(Girl): 957
Enrique(Boy): 279
Enzo(Boy): 606
Eric(Boy): 86
Erica(Girl): 293
Erick(Boy): 179
Erik(Boy): 213
Erika(Girl): 331
Erin(Girl): 164
Ernest(Boy): 789
Ernesto(Boy): 412
Esmeralda(Girl): 254
Esperanza(Girl): 967
Essence(Girl): 979
Esteban(Boy): 366
Esther(Girl): 274
Estrella(Girl): 403
Ethan(Boy): 3
Ethen(Boy): 909
Eugene(Boy): 691
Eva(Girl): 114
Evan(Boy): 38
Evangeline(Girl): 450
Eve(Girl): 655
Evelin(Girl): 811
Evelyn(Girl): 54
Everett(Boy): 383
Evie(Girl): 853
Ezekiel(Boy): 241
Ezequiel(Boy): 519
Ezra(Boy): 292
Fabian(Boy): 288
Faith(Girl): 91
Fatima(Girl): 249
Felicity(Girl): 698
Felipe(Boy): 535
Felix(Boy): 354
Fernanda(Girl): 423
Fernando(Boy): 164
Finley(Boy): 818
Finley(Girl): 665
Finn(Boy): 368
Finnegan(Boy): 647
Fiona(Girl): 347
Fisher(Boy): 885
Fletcher(Boy): 994
Frances(Girl): 796
Francesca(Girl): 491
Francis(Boy): 656
Francisco(Boy): 172
Franco(Boy): 826
Frank(Boy): 278
Frankie(Boy): 762
Franklin(Boy): 467
Freddy(Boy): 707
Frederick(Boy): 523
Frida(Girl): 894
Gabriel(Boy): 24
Gabriela(Girl): 131
Gabriella(Girl): 35
Gabrielle(Girl): 79
Gael(Boy): 296
Gage(Boy): 144
Gaige(Boy): 791
Garrett(Boy): 160
Gary(Boy): 426
Gauge(Boy): 736
Gaven(Boy): 918
Gavin(Boy): 30
Gavyn(Boy): 626
Gemma(Girl): 888
Genesis(Girl): 95
Genevieve(Girl): 325
George(Boy): 153
Georgia(Girl): 312
Geovanni(Boy): 934
Gerald(Boy): 603
Gerardo(Boy): 290
German(Boy): 859
Gia(Girl): 722
Giada(Girl): 826
Giana(Girl): 633
Giancarlo(Boy): 635
Gianna(Girl): 86
Gianni(Boy): 543
Gideon(Boy): 534
Gilbert(Boy): 728
Gilberto(Boy): 663
Gillian(Girl): 832
Gina(Girl): 854
Giovani(Boy): 613
Giovanna(Girl): 780
Giovanni(Boy): 140
Giovanny(Boy): 676
Giselle(Girl): 136
Gisselle(Girl): 653
Giuliana(Girl): 875
Glenn(Boy): 864
Gloria(Girl): 431
Gordon(Boy): 946
Grace(Girl): 21
Gracelyn(Girl): 683
Gracie(Girl): 99
Grady(Boy): 283
Graham(Boy): 323
Grant(Boy): 142
Grayson(Boy): 188
Gregory(Boy): 236
Greta(Girl): 694
Gretchen(Girl): 945
Greyson(Boy): 381
Griffin(Boy): 242
Guadalupe(Girl): 296
Guillermo(Boy): 470
Gunnar(Boy): 540
Gunner(Boy): 471
Gustavo(Boy): 342
Gwendolyn(Girl): 586
Hadassah(Girl): 988
Hadley(Girl): 414
Haiden(Boy): 773
Hailee(Girl): 456
Hailey(Girl): 25
Hailie(Girl): 990
Haleigh(Girl): 728
Haley(Girl): 101
Halle(Girl): 506
Hallie(Girl): 510
Hamza(Boy): 760
Hana(Girl): 827
Hanna(Girl): 367
Hannah(Girl): 17
Harley(Boy): 592
Harley(Girl): 415
Harmony(Girl): 314
Harold(Boy): 737
Harper(Boy): 860
Harper(Girl): 297
Harrison(Boy): 219
Harry(Boy): 644
Hassan(Boy): 792
Haven(Girl): 631
Hayden(Boy): 76
Hayden(Girl): 126
Haylee(Girl): 234
Hayley(Girl): 382
Haylie(Girl): 497
Hazel(Girl): 343
Heath(Boy): 716
Heather(Girl): 487
Heaven(Girl): 275
Hector(Boy): 181
Heidi(Girl): 289
Heidy(Girl): 946
Helen(Girl): 371
Helena(Girl): 612
Henry(Boy): 78
Hezekiah(Boy): 929
Hillary(Girl): 715
Holden(Boy): 358
Holly(Girl): 365
Hope(Girl): 225
Houston(Boy): 880
Howard(Boy): 903
Hudson(Boy): 176
Hugh(Boy): 998
Hugo(Boy): 389
Humberto(Boy): 805
Hunter(Boy): 54
Ian(Boy): 80
Ibrahim(Boy): 589
Ignacio(Boy): 814
Iliana(Girl): 703
Imani(Girl): 384
Immanuel(Boy): 904
India(Girl): 815
Ingrid(Girl): 545
Ireland(Girl): 834
Irene(Girl): 636
Iris(Girl): 341
Irvin(Boy): 720
Isaac(Boy): 37
Isabel(Girl): 96
Isabela(Girl): 533
Isabell(Girl): 790
Isabella(Girl): 2
Isabelle(Girl): 93
Isai(Boy): 734
Isaiah(Boy): 42
Isaias(Boy): 496
Ishaan(Boy): 851
Isiah(Boy): 446
Isis(Girl): 607
Isla(Girl): 623
Ismael(Boy): 349
Israel(Boy): 210
Issac(Boy): 377
Itzel(Girl): 383
Ivan(Boy): 132
Ivy(Girl): 298
Iyana(Girl): 997
Izabella(Girl): 231
Izabelle(Girl): 958
Izaiah(Boy): 428
Izayah(Boy): 995
Jabari(Boy): 771
Jace(Boy): 180
Jacey(Girl): 802
Jack(Boy): 39
Jackson(Boy): 32
Jacob(Boy): 1
Jacoby(Boy): 423
Jacqueline(Girl): 152
Jacquelyn(Girl): 794
Jada(Girl): 110
Jade(Girl): 129
Jaden(Boy): 88
Jaden(Girl): 472
Jadiel(Boy): 874
Jadon(Boy): 473
Jadyn(Boy): 823
Jadyn(Girl): 396
Jaeden(Boy): 610
Jaelyn(Girl): 330
Jaelynn(Girl): 517
Jagger(Boy): 954
Jaida(Girl): 518
Jaiden(Boy): 168
Jaiden(Girl): 520
Jaidyn(Boy): 802
Jaidyn(Girl): 565
Jaime(Boy): 321
Jair(Boy): 852
Jairo(Boy): 556
Jakayla(Girl): 675
Jake(Boy): 112
Jakob(Boy): 309
Jakobe(Boy): 930
Jalen(Boy): 317
Jaliyah(Girl): 544
Jamal(Boy): 568
Jamar(Boy): 718
Jamarcus(Boy): 793
Jamari(Boy): 391
Jamarion(Boy): 485
James(Boy): 17
Jameson(Boy): 382
Jamie(Boy): 671
Jamie(Girl): 263
Jamir(Boy): 767
Jamison(Boy): 526
Jamiya(Girl): 991
Jamya(Girl): 746
Jan(Boy): 961
Janae(Girl): 795
Jane(Girl): 390
Janelle(Girl): 372
Janessa(Girl): 571
Janet(Girl): 716
Janiah(Girl): 798
Janiya(Girl): 359
Janiyah(Girl): 356
Jaquan(Boy): 806
Jaqueline(Girl): 614
Jared(Boy): 197
Jaron(Boy): 819
Jarrett(Boy): 894
Jase(Boy): 643
Jasiah(Boy): 752
Jaslene(Girl): 376
Jaslyn(Girl): 887
Jasmin(Girl): 224
Jasmine(Girl): 43
Jason(Boy): 60
Jasper(Boy): 452
Javier(Boy): 166
Javion(Boy): 573
Javon(Boy): 447
Jax(Boy): 692
Jaxon(Boy): 154
Jaxson(Boy): 268
Jay(Boy): 395
Jayce(Boy): 384
Jaycee(Girl): 652
Jayda(Girl): 258
Jaydan(Boy): 886
Jayden(Boy): 11
Jayden(Girl): 176
Jaydin(Boy): 745
Jaydon(Boy): 434
Jayla(Girl): 117
Jaylah(Girl): 804
Jaylan(Boy): 981
Jaylee(Girl): 692
Jayleen(Girl): 608
Jaylen(Boy): 184
Jaylen(Girl): 857
Jaylene(Girl): 644
Jaylin(Boy): 521
Jaylin(Girl): 590
Jaylon(Boy): 598
Jaylyn(Girl): 810
Jaylynn(Girl): 514
Jayson(Boy): 341
Jayvion(Boy): 977
Jayvon(Boy): 950
Jazlene(Girl): 831
Jazlyn(Girl): 378
Jazlynn(Girl): 730
Jazmin(Girl): 205
Jazmine(Girl): 242
Jazmyn(Girl): 741
Jean(Boy): 914
Jefferson(Boy): 599
Jeffery(Boy): 510
Jeffrey(Boy): 198
Jenna(Girl): 107
Jennifer(Girl): 84
Jenny(Girl): 601
Jensen(Boy): 999
Jeramiah(Boy): 876
Jeremiah(Boy): 69
Jeremy(Boy): 129
Jerimiah(Boy): 985
Jermaine(Boy): 501
Jerome(Boy): 616
Jerry(Boy): 320
Jesse(Boy): 110
Jessica(Girl): 59
Jessie(Boy): 541
Jessie(Girl): 626
Jesus(Boy): 79
Jett(Boy): 529
Jewel(Girl): 896
Jillian(Girl): 174
Jimena(Girl): 398
Jimmy(Boy): 355
Joanna(Girl): 283
Joaquin(Boy): 275
Jocelyn(Girl): 67
Jocelynn(Girl): 871
Joe(Boy): 411
Joel(Boy): 113
Joey(Boy): 574
Johan(Boy): 450
Johanna(Girl): 448
John(Boy): 20
Johnathan(Boy): 200
Johnathon(Boy): 657
Johnny(Boy): 246
Jolie(Girl): 564
Jon(Boy): 527
Jonah(Boy): 137
Jonas(Boy): 274
Jonathan(Boy): 26
Jonathon(Boy): 453
Jordan(Boy): 48
Jordan(Girl): 130
Jorden(Boy): 700
Jordin(Girl): 609
Jordon(Boy): 841
Jordyn(Boy): 747
Jordyn(Girl): 142
Jorge(Boy): 138
Jose(Boy): 41
Joselyn(Girl): 306
Joseph(Boy): 13
Josephine(Girl): 208
Josh(Boy): 807
Joshua(Boy): 4
Josiah(Boy): 96
Josie(Girl): 294
Joslyn(Girl): 709
Josue(Boy): 182
Journey(Girl): 594
Jovan(Boy): 891
Jovani(Boy): 783
Jovanni(Boy): 907
Jovanny(Boy): 855
Jovany(Boy): 919
Joy(Girl): 548
Joyce(Girl): 876
Juan(Boy): 66
Judah(Boy): 394
Jude(Boy): 224
Judith(Girl): 713
Julia(Girl): 40
Julian(Boy): 61
Juliana(Girl): 157
Julianna(Girl): 194
Julianne(Girl): 693
Julie(Girl): 335
Julien(Boy): 549
Juliet(Girl): 451
Juliette(Girl): 549
Julio(Boy): 285
Julissa(Girl): 339
Julius(Boy): 306
June(Girl): 863
Junior(Boy): 637
Justice(Boy): 432
Justice(Girl): 542
Justin(Boy): 45
Justine(Girl): 933
Justus(Boy): 803
Kade(Boy): 414
Kaden(Boy): 99
Kadence(Girl): 387
Kadin(Boy): 722
Kadyn(Boy): 922
Kaeden(Boy): 661
Kael(Boy): 853
Kaelyn(Girl): 351
Kai(Boy): 229
Kaia(Girl): 667
Kaiden(Boy): 190
Kaila(Girl): 856
Kailee(Girl): 628
Kailey(Girl): 308
Kailyn(Girl): 446
Kaitlin(Girl): 471
Kaitlyn(Girl): 53
Kaitlynn(Girl): 541
Kaiya(Girl): 776
Kale(Boy): 500
Kaleb(Boy): 115
Kaleigh(Girl): 582
Kaley(Girl): 851
Kali(Girl): 502
Kaliyah(Girl): 629
Kallie(Girl): 697
Kamari(Boy): 539
Kamari(Girl): 925
Kamden(Boy): 662
Kameron(Boy): 270
Kamila(Girl): 574
Kamora(Girl): 941
Kamren(Boy): 927
Kamron(Boy): 759
Kamryn(Girl): 268
Kane(Boy): 439
Kara(Girl): 260
Kareem(Boy): 738
Karen(Girl): 183
Karina(Girl): 237
Karissa(Girl): 803
Karla(Girl): 243
Karlee(Girl): 600
Karley(Girl): 910
Karli(Girl): 902
Karlie(Girl): 800
Karly(Girl): 835
Karma(Girl): 849
Karson(Boy): 487
Karsyn(Girl): 976
Karter(Boy): 665
Kasen(Boy): 785
Kasey(Boy): 808
Kasey(Girl): 684
Kash(Boy): 779
Kason(Boy): 596
Kassandra(Girl): 524
Kassidy(Girl): 488
Kate(Girl): 139
Katelyn(Girl): 80
Katelynn(Girl): 295
Katherine(Girl): 45
Kathleen(Girl): 452
Kathryn(Girl): 190
Kathy(Girl): 992
Katie(Girl): 128
Katrina(Girl): 717
Kaya(Girl): 645
Kayden(Boy): 152
Kayden(Girl): 391
Kaydence(Girl): 286
Kayla(Girl): 28
Kaylah(Girl): 974
Kaylee(Girl): 31
Kayleigh(Girl): 239
Kaylen(Girl): 726
Kayley(Girl): 817
Kaylie(Girl): 319
Kaylin(Girl): 377
Kaylyn(Girl): 720
Kaylynn(Girl): 527
Keagan(Boy): 489
Keaton(Boy): 371
Keegan(Boy): 222
Keely(Girl): 842
Keenan(Boy): 729
Keira(Girl): 123
Keith(Boy): 314
Kellen(Boy): 444
Kelly(Girl): 248
Kelsey(Girl): 195
Kelsie(Girl): 782
Kelton(Boy): 925
Kelvin(Boy): 456
Kendal(Girl): 816
Kendall(Boy): 645
Kendall(Girl): 148
Kendra(Girl): 236
Kendrick(Boy): 522
Kenley(Girl): 998
Kenna(Girl): 839
Kennedi(Girl): 553
Kennedy(Girl): 115
Kenneth(Boy): 136
Kenny(Boy): 536
Kenya(Girl): 537
Kenyon(Boy): 848
Kenzie(Girl): 473
Keon(Boy): 776
Keshawn(Boy): 867
Kevin(Boy): 40
Keyla(Girl): 777
Keyon(Boy): 965
Khalil(Boy): 491
Khloe(Girl): 196
Kian(Boy): 607
Kiana(Girl): 474
Kianna(Girl): 984
Kiara(Girl): 241
Kiera(Girl): 315
Kieran(Boy): 530
Kierra(Girl): 799
Kiersten(Girl): 661
Kiley(Girl): 307
Killian(Boy): 794
Kimberly(Girl): 57
Kimora(Girl): 291
King(Boy): 711
Kingston(Boy): 239
Kinley(Girl): 666
Kinsley(Girl): 566
Kira(Girl): 251
Kirsten(Girl): 567
Kobe(Boy): 403
Kody(Boy): 580
Koen(Boy): 877
Kolby(Boy): 620
Kole(Boy): 668
Kolten(Boy): 996
Kolton(Boy): 478
Konner(Boy): 824
Konnor(Boy): 878
Korbin(Boy): 705
Krish(Boy): 831
Krista(Girl): 897
Kristen(Girl): 492
Kristian(Boy): 504
Kristin(Girl): 883
Kristina(Girl): 495
Kristopher(Boy): 425
Krystal(Girl): 552
Kyan(Boy): 966
Kyla(Girl): 247
Kylan(Boy): 768
Kyle(Boy): 97
Kylee(Girl): 143
Kyleigh(Girl): 316
Kyler(Boy): 271
Kylie(Girl): 51
Kymani(Boy): 836
Kyra(Girl): 238
Kyson(Boy): 957
Lacey(Girl): 405
Laci(Girl): 952
Laila(Girl): 140
Lailah(Girl): 890
Lainey(Girl): 696
Lamar(Boy): 743
Lamont(Boy): 958
Lana(Girl): 432
Lance(Boy): 396
Landen(Boy): 199
Landin(Boy): 971
Landon(Boy): 44
Landyn(Boy): 399
Lane(Boy): 319
Laney(Girl): 568
Lara(Girl): 931
Larissa(Girl): 704
Larry(Boy): 375
Laura(Girl): 215
Laurel(Girl): 985
Lauren(Girl): 30
Lauryn(Girl): 477
Lawrence(Boy): 427
Lawson(Boy): 703
Layla(Girl): 55
Laylah(Girl): 993
Layne(Boy): 619
Layton(Boy): 777
Lea(Girl): 639
Leah(Girl): 41
Leandro(Boy): 910
Leanna(Girl): 733
Lee(Boy): 673
Leia(Girl): 934
Leila(Girl): 226
Leilani(Girl): 278
Leland(Boy): 407
Lena(Girl): 440
Lennon(Boy): 982
Leo(Boy): 227
Leon(Boy): 502
Leonard(Boy): 621
Leonardo(Boy): 170
Leonel(Boy): 486
Leonidas(Boy): 883
Leroy(Boy): 917
Leslie(Girl): 147
Lesly(Girl): 447
Leticia(Girl): 980
Levi(Boy): 117
Lewis(Boy): 640
Lexi(Girl): 299
Lexie(Girl): 504
Leyla(Girl): 772
Lia(Girl): 427
Liam(Boy): 75
Liana(Girl): 599
Libby(Girl): 877
Liberty(Girl): 620
Lila(Girl): 179
Lilah(Girl): 411
Lilia(Girl): 932
Lilian(Girl): 435
Liliana(Girl): 150
Lilianna(Girl): 864
Lillian(Girl): 29
Lilliana(Girl): 412
Lillianna(Girl): 878
Lillie(Girl): 485
Lilly(Girl): 125
Lily(Girl): 24
Lilyana(Girl): 630
Lina(Girl): 917
Lincoln(Boy): 212
Linda(Girl): 509
Lindsay(Girl): 380
Lindsey(Girl): 277
Lisa(Girl): 605
Litzy(Girl): 872
Livia(Girl): 948
Lizbeth(Girl): 373
Lizeth(Girl): 828
Logan(Boy): 19
Logan(Girl): 430
Lola(Girl): 246
London(Boy): 550
London(Girl): 156
Londyn(Girl): 507
Lorelai(Girl): 884
Lorelei(Girl): 680
Lorena(Girl): 729
Lorenzo(Boy): 335
Louis(Boy): 351
Luca(Boy): 304
Lucas(Boy): 46
Lucia(Girl): 304
Lucian(Boy): 811
Luciana(Girl): 744
Luciano(Boy): 666
Lucille(Girl): 615
Lucy(Girl): 112
Luis(Boy): 64
Luka(Boy): 774
Lukas(Boy): 245
Luke(Boy): 43
Luna(Girl): 399
Luz(Girl): 732
Lydia(Girl): 120
Lyla(Girl): 222
Lyric(Boy): 939
Lyric(Girl): 429
Macey(Girl): 640
Maci(Girl): 723
Macie(Girl): 428
Mackenzie(Girl): 65
Macy(Girl): 281
Madalyn(Girl): 292
Madalynn(Girl): 593
Madden(Boy): 615
Maddison(Girl): 327
Maddox(Boy): 208
Madeleine(Girl): 271
Madeline(Girl): 56
Madelyn(Girl): 63
Madelynn(Girl): 385
Madilyn(Girl): 287
Madilynn(Girl): 662
Madison(Girl): 4
Madisyn(Girl): 366
Madyson(Girl): 388
Maeve(Girl): 638
Magdalena(Girl): 903
Maggie(Girl): 214
Maia(Girl): 649
Makai(Boy): 897
Makaila(Girl): 977
Makayla(Girl): 37
Makena(Girl): 873
Makenna(Girl): 229
Makenzie(Girl): 162
Makhi(Boy): 960
Malachi(Boy): 162
Malakai(Boy): 629
Malaki(Boy): 901
Malcolm(Boy): 546
Maleah(Girl): 840
Malia(Girl): 345
Malik(Boy): 282
Maliyah(Girl): 635
Mallory(Girl): 253
Manuel(Boy): 186
Mara(Girl): 812
Marc(Boy): 455
Marcel(Boy): 837
Marcelo(Boy): 775
Marco(Boy): 223
Marcos(Boy): 257
Marcus(Boy): 125
Mareli(Girl): 718
Marely(Girl): 334
Maren(Girl): 965
Margaret(Girl): 180
Maria(Girl): 64
Mariah(Girl): 78
Mariam(Girl): 691
Mariana(Girl): 199
Marianna(Girl): 807
Maribel(Girl): 935
Marie(Girl): 546
Mariela(Girl): 922
Marilyn(Girl): 569
Marin(Girl): 949
Marina(Girl): 538
Mario(Boy): 185
Marisa(Girl): 643
Marisol(Girl): 444
Marissa(Girl): 155
Maritza(Girl): 561
Mariyah(Girl): 748
Mark(Boy): 139
Markus(Boy): 682
Marlee(Girl): 369
Marlene(Girl): 621
Marley(Boy): 764
Marley(Girl): 146
Marlie(Girl): 912
Marlon(Boy): 565
Marques(Boy): 962
Marquis(Boy): 581
Marquise(Boy): 915
Marshall(Boy): 392
Martha(Girl): 617
Martin(Boy): 221
Marvin(Boy): 373
Mary(Girl): 97
Maryjane(Girl): 951
Mason(Boy): 35
Mateo(Boy): 251
Mathew(Boy): 374
Mathias(Boy): 748
Matias(Boy): 812
Matilda(Girl): 829
Matteo(Boy): 554
Matthew(Boy): 10
Matthias(Boy): 772
Mattie(Girl): 885
Maurice(Boy): 405
Mauricio(Boy): 369
Maverick(Boy): 511
Max(Boy): 126
Maxim(Boy): 701
Maximilian(Boy): 300
Maximillian(Boy): 943
Maximo(Boy): 770
Maximus(Boy): 258
Maxwell(Boy): 134
Maya(Girl): 72
Mayra(Girl): 769
Mckayla(Girl): 515
Mckenna(Girl): 220
Mckenzie(Girl): 151
Mckinley(Girl): 891
Meadow(Girl): 859
Megan(Girl): 100
Meghan(Girl): 453
Mekhi(Boy): 431
Melanie(Girl): 85
Melany(Girl): 425
Melina(Girl): 521
Melissa(Girl): 134
Melody(Girl): 280
Melvin(Boy): 479
Memphis(Boy): 688
Mercedes(Girl): 528
Meredith(Girl): 445
Messiah(Boy): 704
Mia(Girl): 14
Miah(Girl): 778
Micaela(Girl): 968
Micah(Boy): 123
Micah(Girl): 892
Michael(Boy): 2
Michaela(Girl): 357
Micheal(Boy): 475
Michelle(Girl): 103
Miguel(Boy): 101
Mikaela(Girl): 540
Mikayla(Girl): 170
Mike(Boy): 756
Mila(Girl): 554
Milagros(Girl): 731
Miles(Boy): 167
Miley(Girl): 127
Milo(Boy): 449
Milton(Boy): 923
Mina(Girl): 909
Mira(Girl): 898
Miracle(Girl): 484
Miranda(Girl): 163
Mireya(Girl): 961
Miriam(Girl): 309
Misael(Boy): 672
Mitchell(Boy): 337
Miya(Girl): 981
Mohamed(Boy): 505
Mohammad(Boy): 684
Mohammed(Boy): 648
Moises(Boy): 376
Mollie(Girl): 711
Molly(Girl): 104
Monica(Girl): 317
Monique(Girl): 926
Monserrat(Girl): 674
Morgan(Boy): 416
Morgan(Girl): 46
Moriah(Girl): 823
Moses(Boy): 495
Moshe(Boy): 685
Muhammad(Boy): 617
Mya(Girl): 102
Myah(Girl): 604
Myla(Girl): 602
Mylee(Girl): 433
Myles(Boy): 266
Mylie(Girl): 836
Nadia(Girl): 219
Naima(Girl): 944
Nancy(Girl): 379
Naomi(Girl): 118
Nash(Boy): 681
Nasir(Boy): 448
Natalee(Girl): 547
Natalia(Girl): 108
Natalie(Girl): 13
Nataly(Girl): 370
Natalya(Girl): 858
Natasha(Girl): 413
Nathalia(Girl): 953
Nathalie(Girl): 588
Nathaly(Girl): 865
Nathan(Boy): 21
Nathanael(Boy): 514
Nathanial(Boy): 931
Nathaniel(Boy): 77
Nathen(Boy): 861
Nayeli(Girl): 349
Nehemiah(Boy): 364
Neil(Boy): 709
Nelson(Boy): 493
Nevaeh(Girl): 34
Neveah(Girl): 986
Nia(Girl): 464
Nicholas(Boy): 29
Nick(Boy): 888
Nickolas(Boy): 402
Nico(Boy): 667
Nicolas(Boy): 151
Nicole(Girl): 106
Nigel(Boy): 815
Nikhil(Boy): 870
Niko(Boy): 827
Nikolai(Boy): 902
Nikolas(Boy): 430
Nina(Girl): 279
Noah(Boy): 15
Noe(Boy): 518
Noel(Boy): 468
Noelle(Girl): 443
Noemi(Girl): 624
Nola(Girl): 918
Nolan(Boy): 131
Nora(Girl): 216
Norah(Girl): 476
Nyasia(Girl): 947
Nyla(Girl): 409
Nylah(Girl): 821
Octavio(Boy): 865
Odin(Boy): 983
Olive(Girl): 813
Oliver(Boy): 118
Olivia(Girl): 6
Omar(Boy): 145
Omari(Boy): 544
Orion(Boy): 538
Orlando(Boy): 419
Oscar(Boy): 119
Osvaldo(Boy): 590
Oswaldo(Boy): 963
Owen(Boy): 58
Pablo(Boy): 328
Paige(Girl): 88
Paisley(Girl): 454
Paityn(Girl): 942
Paloma(Girl): 789
Pamela(Girl): 670
Paola(Girl): 350
Paris(Girl): 465
Parker(Boy): 103
Parker(Girl): 505
Patience(Girl): 771
Patricia(Girl): 498
Patrick(Boy): 127
Paul(Boy): 155
Paula(Girl): 681
Paulina(Girl): 587
Paxton(Boy): 422
Payten(Girl): 943
Payton(Boy): 276
Payton(Girl): 90
Pedro(Boy): 248
Penelope(Girl): 358
Perla(Girl): 478
Peter(Boy): 183
Peyton(Boy): 130
Peyton(Girl): 60
Philip(Boy): 378
Phillip(Boy): 305
Phoebe(Girl): 348
Phoenix(Boy): 401
Phoenix(Girl): 708
Pierce(Boy): 507
Pierre(Boy): 989
Piper(Girl): 172
Porter(Boy): 481
Pranav(Boy): 935
Precious(Girl): 791
Presley(Girl): 337
Preston(Boy): 124
Prince(Boy): 749
Princess(Girl): 939
Priscilla(Girl): 416
Quentin(Boy): 379
Quincy(Boy): 513
Quinn(Boy): 280
Quinn(Girl): 516
Quinten(Boy): 887
Quintin(Boy): 686
Quinton(Boy): 464
Rachael(Girl): 481
Rachel(Girl): 75
Raegan(Girl): 395
Raelynn(Girl): 906
Rafael(Boy): 238
Raiden(Boy): 780
Raina(Girl): 921
Ralph(Boy): 868
Ramiro(Boy): 649
Ramon(Boy): 417
Randall(Boy): 695
Randy(Boy): 301
Raphael(Boy): 630
Raquel(Girl): 572
Rashad(Boy): 646
Raul(Boy): 287
Raven(Girl): 625
Ray(Boy): 664
Rayan(Boy): 871
Raymond(Boy): 215
Rayna(Girl): 761
Rayne(Girl): 860
Reagan(Boy): 972
Reagan(Girl): 141
Rebecca(Girl): 119
Rebekah(Girl): 354
Reece(Boy): 415
Reed(Boy): 409
Reese(Boy): 462
Reese(Girl): 154
Regan(Girl): 685
Regina(Girl): 688
Reginald(Boy): 557
Reid(Boy): 359
Reilly(Boy): 951
Reina(Girl): 928
Remington(Boy): 721
Rene(Boy): 561
Renee(Girl): 734
Reuben(Boy): 947
Rex(Boy): 799
Rey(Boy): 857
Reyna(Girl): 676
Reynaldo(Boy): 944
Rhett(Boy): 678
Rhianna(Girl): 751
Rhys(Boy): 679
Ricardo(Boy): 149
Richard(Boy): 107
Ricky(Boy): 365
Rigoberto(Boy): 862
Rihanna(Girl): 311
Riley(Boy): 106
Riley(Girl): 39
Rishi(Boy): 932
River(Boy): 461
Riya(Girl): 994
Robert(Boy): 49
Roberto(Boy): 234
Rocco(Boy): 418
Roderick(Boy): 936
Rodney(Boy): 503
Rodolfo(Boy): 680
Rodrigo(Boy): 327
Rogelio(Boy): 575
Roger(Boy): 463
Rohan(Boy): 528
Roland(Boy): 757
Rolando(Boy): 604
Roman(Boy): 205
Romeo(Boy): 466
Ronald(Boy): 308
Ronan(Boy): 506
Ronin(Boy): 804
Ronnie(Boy): 618
Rory(Boy): 786
Rory(Girl): 982
Rosa(Girl): 457
Rose(Girl): 344
Roselyn(Girl): 855
Rosemary(Girl): 754
Ross(Boy): 845
Rowan(Boy): 340
Rowan(Girl): 469
Roy(Boy): 497
Royce(Boy): 911
Ruben(Boy): 259
Rubi(Girl): 576
Ruby(Girl): 113
Rudy(Boy): 632
Russell(Boy): 406
Ruth(Girl): 362
Ryan(Boy): 18
Ryan(Girl): 534
Ryann(Girl): 846
Ryder(Boy): 203
Ryker(Boy): 420
Rylan(Boy): 217
Ryland(Boy): 608
Rylee(Boy): 735
Rylee(Girl): 116
Ryleigh(Girl): 264
Rylie(Girl): 313
Sabrina(Girl): 185
Sadie(Girl): 109
Sage(Boy): 750
Sage(Girl): 460
Saige(Girl): 824
Salma(Girl): 847
Salvador(Boy): 435
Salvatore(Boy): 892
Sam(Boy): 458
Samantha(Girl): 11
Samara(Girl): 500
Samir(Boy): 842
Sammy(Boy): 979
Samson(Boy): 948
Samuel(Boy): 28
Sanaa(Girl): 770
Sanai(Girl): 916
Sandra(Girl): 442
Saniya(Girl): 511
Saniyah(Girl): 543
Santiago(Boy): 171
Santino(Boy): 652
Santos(Boy): 761
Sara(Girl): 92
Sarah(Girl): 20
Sarahi(Girl): 881
Sarai(Girl): 404
Sariah(Girl): 659
Sasha(Girl): 363
Saul(Boy): 329
Savanah(Girl): 825
Savanna(Girl): 301
Savannah(Girl): 33
Savion(Boy): 828
Sawyer(Boy): 225
Scarlet(Girl): 646
Scarlett(Girl): 210
Scott(Boy): 322
Seamus(Boy): 751
Sean(Boy): 83
Sebastian(Boy): 74
Selah(Girl): 773
Selena(Girl): 352
Selina(Girl): 969
Semaj(Boy): 696
Serena(Girl): 374
Serenity(Girl): 111
Sergio(Boy): 209
Seth(Boy): 128
Shamar(Boy): 933
Shane(Boy): 174
Shania(Girl): 663
Shaniya(Girl): 735
Shannon(Girl): 482
Sharon(Girl): 641
Shaun(Boy): 436
Shawn(Boy): 195
Shayla(Girl): 346
Shaylee(Girl): 950
Shayna(Girl): 978
Shea(Girl): 962
Shelby(Girl): 158
Sheldon(Boy): 952
Sherlyn(Girl): 658
Shiloh(Girl): 650
Shirley(Girl): 911
Shyann(Girl): 850
Shyanne(Girl): 656
Shyla(Girl): 797
Sidney(Boy): 813
Sidney(Girl): 523
Siena(Girl): 647
Sienna(Girl): 177
Sierra(Girl): 175
Silas(Boy): 313
Simeon(Boy): 967
Simon(Boy): 261
Simone(Girl): 550
Sincere(Boy): 719
Skye(Girl): 501
Skyla(Girl): 596
Skylar(Boy): 515
Skylar(Girl): 191
Skyler(Boy): 265
Skyler(Girl): 422
Slade(Boy): 928
Sloane(Girl): 999
Sofia(Girl): 36
Solomon(Boy): 429
Sonia(Girl): 706
Sonny(Boy): 863
Sophia(Girl): 7
Sophie(Girl): 74
Soren(Boy): 723
Spencer(Boy): 191
Stacy(Girl): 725
Stanley(Boy): 653
Stella(Girl): 186
Stephanie(Girl): 105
Stephany(Girl): 904
Stephen(Boy): 192
Sterling(Boy): 872
Steve(Boy): 593
Steven(Boy): 104
Sullivan(Boy): 706
Summer(Girl): 171
Susan(Girl): 712
Sydnee(Girl): 940
Sydney(Girl): 49
Sylvia(Girl): 559
Tabitha(Girl): 591
Talan(Boy): 726
Talia(Girl): 389
Taliyah(Girl): 669
Talon(Boy): 465
Tamara(Girl): 818
Tamia(Girl): 555
Tania(Girl): 606
Taniya(Girl): 886
Taniyah(Girl): 914
Tanner(Boy): 161
Tanya(Girl): 843
Tara(Girl): 632
Taryn(Girl): 489
Tate(Boy): 433
Tatiana(Girl): 329
Tatum(Girl): 368
Taylor(Boy): 256
Taylor(Girl): 22
Teagan(Boy): 658
Teagan(Girl): 321
Teresa(Girl): 580
Terrance(Boy): 524
Terrell(Boy): 553
Terrence(Boy): 605
Terry(Boy): 477
Tess(Girl): 870
Tessa(Girl): 202
Thaddeus(Boy): 955
Thalia(Girl): 879
Theodore(Boy): 295
Theresa(Girl): 852
Thomas(Boy): 52
Tia(Girl): 880
Tiana(Girl): 651
Tianna(Girl): 844
Tiara(Girl): 937
Tiffany(Girl): 250
Timothy(Boy): 108
Titus(Boy): 443
Tobias(Boy): 531
Toby(Boy): 579
Todd(Boy): 769
Tomas(Boy): 551
Tommy(Boy): 516
Tony(Boy): 357
Tori(Girl): 490
Trace(Boy): 508
Travis(Boy): 177
Trent(Boy): 312
Trenton(Boy): 196
Trevin(Boy): 796
Trevon(Boy): 566
Trevor(Boy): 147
Trey(Boy): 316
Trinity(Girl): 70
Tripp(Boy): 926
Tristan(Boy): 81
Tristen(Boy): 339
Tristian(Boy): 732
Tristin(Boy): 555
Triston(Boy): 498
Troy(Boy): 231
Trystan(Boy): 968
Tucker(Boy): 237
Turner(Boy): 973
Ty(Boy): 247
Tyler(Boy): 27
Tyree(Boy): 724
Tyrell(Boy): 778
Tyrese(Boy): 881
Tyrone(Boy): 654
Tyshawn(Boy): 920
Tyson(Boy): 249
Ulises(Boy): 582
Uriah(Boy): 697
Uriel(Boy): 387
Urijah(Boy): 889
Valentin(Boy): 641
Valentina(Girl): 265
Valentino(Boy): 906
Valeria(Girl): 73
Valerie(Girl): 135
Valery(Girl): 889
Van(Boy): 816
Vance(Boy): 765
Vanessa(Girl): 76
Vaughn(Boy): 846
Veronica(Girl): 261
Vicente(Boy): 622
Victor(Boy): 111
Victoria(Girl): 27
Vincent(Boy): 120
Violet(Girl): 184
Virginia(Girl): 562
Vivian(Girl): 207
Viviana(Girl): 475
Wade(Boy): 591
Walker(Boy): 499
Walter(Boy): 393
Warren(Boy): 509
Waylon(Boy): 545
Wayne(Boy): 694
Wendy(Girl): 458
Wesley(Boy): 194
Weston(Boy): 324
Whitney(Girl): 570
Will(Boy): 587
William(Boy): 8
Willie(Boy): 562
Willow(Girl): 408
Wilson(Boy): 537
Winston(Boy): 809
Wyatt(Boy): 62
Xander(Boy): 267
Xavier(Boy): 71
Ximena(Girl): 332
Xiomara(Girl): 805
Xzavier(Boy): 628
Yadiel(Boy): 949
Yadira(Girl): 752
Yael(Boy): 912
Yahir(Boy): 400
Yair(Boy): 838
Yamilet(Girl): 899
Yandel(Boy): 560
Yareli(Girl): 585
Yaretzi(Girl): 597
Yaritza(Girl): 677
Yasmin(Girl): 400
Yasmine(Girl): 837
Yazmin(Girl): 654
Yesenia(Girl): 529
Yosef(Boy): 913
Yoselin(Girl): 671
Yuliana(Girl): 862
Yurem(Boy): 1000
Yusuf(Boy): 800
Zachariah(Boy): 441
Zachary(Boy): 47
Zachery(Boy): 625
Zack(Boy): 884
Zackary(Boy): 362
Zackery(Boy): 638
Zaid(Boy): 924
Zaiden(Boy): 898
Zain(Boy): 797
Zaire(Boy): 844
Zander(Boy): 298
Zane(Boy): 235
Zaniyah(Girl): 882
Zara(Girl): 774
Zaria(Girl): 682
Zariah(Girl): 581
Zavier(Boy): 742
Zayden(Boy): 488
Zayne(Boy): 825
Zechariah(Boy): 659
Zion(Boy): 232
Zion(Girl): 699
Zoe(Girl): 58
Zoey(Girl): 98
Zoie(Girl): 618
