2004
Aaliyah(Girl): 94
Aaron(Boy): 53
Abagail(Girl): 934
Abbey(Girl): 565
Abbie(Girl): 570
Abbigail(Girl): 518
Abby(Girl): 166
Abdullah(Boy): 897
Abel(Boy): 356
Abigail(Girl): 6
Abigale(Girl): 881
Abigayle(Girl): 768
Abraham(Boy): 193
Abram(Boy): 589
Abril(Girl): 836
Ada(Girl): 852
Adam(Boy): 58
Adan(Boy): 285
Addison(Boy): 542
Addison(Girl): 160
Addyson(Girl): 895
Adeline(Girl): 586
Aden(Boy): 306
Aditya(Boy): 749
Adolfo(Boy): 543
Adonis(Boy): 781
Adrian(Boy): 72
Adriana(Girl): 119
Adrianna(Girl): 212
Adriel(Boy): 801
Adrien(Boy): 769
Adrienne(Girl): 724
Agustin(Boy): 651
Ahmad(Boy): 486
Ahmed(Boy): 525
Aidan(Boy): 40
Aiden(Boy): 60
Aileen(Girl): 511
Aimee(Girl): 658
Ainsley(Girl): 398
Aisha(Girl): 655
Aiyana(Girl): 688
Alaina(Girl): 267
Alan(Boy): 131
Alana(Girl): 178
Alanna(Girl): 471
Alayna(Girl): 302
Albert(Boy): 338
Alberto(Boy): 283
Alden(Boy): 733
Aldo(Boy): 608
Aleah(Girl): 696
Alec(Boy): 246
Aleena(Girl): 889
Alejandra(Girl): 205
Alejandro(Boy): 99
Alena(Girl): 679
Alessandra(Girl): 504
Alessandro(Boy): 675
Alex(Boy): 63
Alex(Girl): 984
Alexa(Girl): 72
Alexander(Boy): 15
Alexandra(Girl): 37
Alexandrea(Girl): 1000
Alexandria(Girl): 125
Alexandro(Boy): 729
Alexia(Girl): 132
Alexis(Boy): 103
Alexis(Girl): 11
Alexus(Girl): 427
Alexzander(Boy): 642
Alfonso(Boy): 522
Alfred(Boy): 716
Alfredo(Boy): 327
Ali(Boy): 379
Ali(Girl): 865
Alia(Girl): 830
Alice(Girl): 404
Alicia(Girl): 130
Alijah(Boy): 632
Alina(Girl): 392
Alisa(Girl): 704
Alisha(Girl): 448
Alison(Girl): 229
Alissa(Girl): 336
Alivia(Girl): 331
Aliya(Girl): 766
Aliyah(Girl): 221
Aliza(Girl): 777
Alize(Girl): 920
Allan(Boy): 444
Allen(Boy): 256
Allie(Girl): 294
Allison(Girl): 40
Ally(Girl): 592
Allyson(Girl): 238
Alma(Girl): 608
Alondra(Girl): 150
Alonso(Boy): 676
Alonzo(Boy): 548
Alvaro(Boy): 590
Alvin(Boy): 514
Alysa(Girl): 822
Alyson(Girl): 456
Alyssa(Girl): 14
Amanda(Girl): 67
Amani(Girl): 600
Amara(Girl): 606
Amari(Boy): 408
Amari(Girl): 440
Amarion(Boy): 490
Amaris(Girl): 823
Amaya(Girl): 207
Amber(Girl): 88
Amelia(Girl): 96
Amelie(Girl): 838
America(Girl): 480
Amina(Girl): 898
Amir(Boy): 340
Amira(Girl): 652
Amiya(Girl): 733
Amiyah(Girl): 814
Amy(Girl): 106
Amya(Girl): 423
Ana(Girl): 139
Anabel(Girl): 965
Anahi(Girl): 380
Anastasia(Girl): 288
Anaya(Girl): 512
Anderson(Boy): 594
Andon(Boy): 863
Andre(Boy): 200
Andrea(Girl): 57
Andreas(Boy): 966
Andres(Boy): 169
Andrew(Boy): 6
Andy(Boy): 205
Angel(Boy): 44
Angel(Girl): 128
Angela(Girl): 105
Angeles(Girl): 972
Angelica(Girl): 176
Angelina(Girl): 60
Angelique(Girl): 604
Angelo(Boy): 269
Angie(Girl): 379
Anika(Girl): 477
Anissa(Girl): 903
Anita(Girl): 906
Aniya(Girl): 262
Aniyah(Girl): 296
Ann(Girl): 686
Anna(Girl): 20
Annabel(Girl): 849
Annabella(Girl): 726
Annabelle(Girl): 300
Annalise(Girl): 746
Anne(Girl): 399
Annette(Girl): 695
Annie(Girl): 385
Annika(Girl): 326
Ansley(Girl): 661
Anthony(Boy): 11
Antoine(Boy): 630
Anton(Boy): 751
Antonia(Girl): 782
Antonio(Boy): 93
Antony(Boy): 762
Antwan(Boy): 919
Anya(Girl): 468
April(Girl): 279
Araceli(Girl): 547
Aracely(Girl): 716
Areli(Girl): 856
Arely(Girl): 582
Ari(Boy): 678
Aria(Girl): 683
Ariana(Girl): 79
Arianna(Girl): 86
Ariel(Boy): 551
Ariel(Girl): 220
Arielle(Girl): 641
Arjun(Boy): 741
Arlene(Girl): 985
Armando(Boy): 241
Armani(Boy): 728
Arnav(Boy): 889
Arnold(Boy): 900
Aron(Boy): 640
Arthur(Boy): 357
Arturo(Boy): 308
Aryan(Boy): 644
Aryana(Girl): 882
Aryanna(Girl): 778
Asa(Boy): 672
Ashanti(Girl): 533
Asher(Boy): 334
Ashlee(Girl): 282
Ashleigh(Girl): 417
Ashley(Girl): 8
Ashly(Girl): 839
Ashlyn(Girl): 131
Ashlynn(Girl): 286
Ashton(Boy): 76
Ashton(Girl): 669
Ashtyn(Girl): 954
Asia(Girl): 247
Aspen(Girl): 548
Astrid(Girl): 939
Athena(Girl): 486
Atticus(Boy): 933
Aubree(Girl): 727
Aubrey(Girl): 190
Aubrie(Girl): 857
Audrey(Girl): 80
August(Boy): 673
Augustus(Boy): 841
Aurora(Girl): 321
Austin(Boy): 35
Autumn(Girl): 82
Ava(Girl): 25
Averie(Girl): 981
Avery(Boy): 225
Avery(Girl): 77
Axel(Boy): 325
Ayana(Girl): 730
Ayanna(Girl): 467
Aydan(Boy): 665
Ayden(Boy): 182
Aydin(Boy): 885
Ayla(Girl): 713
Aylin(Girl): 916
Baby(Boy): 793
Bailee(Girl): 619
Bailey(Boy): 434
Bailey(Girl): 100
Barbara(Girl): 674
Barrett(Boy): 773
Barry(Boy): 961
Baylee(Girl): 498
Beatriz(Girl): 930
Beau(Boy): 402
Belen(Girl): 883
Bella(Girl): 260
Ben(Boy): 528
Benjamin(Boy): 25
Bennett(Boy): 403
Benny(Boy): 941
Bernard(Boy): 764
Bernardo(Boy): 877
Bethany(Girl): 208
Bianca(Girl): 172
Billy(Boy): 459
Blaine(Boy): 565
Blaise(Boy): 890
Blake(Boy): 95
Blanca(Girl): 863
Blaze(Boy): 816
Bo(Boy): 864
Bobby(Boy): 453
Boston(Boy): 908
Brad(Boy): 832
Braden(Boy): 153
Bradley(Boy): 176
Brady(Boy): 122
Bradyn(Boy): 790
Braeden(Boy): 324
Braedon(Boy): 712
Braiden(Boy): 669
Branden(Boy): 420
Brandi(Girl): 664
Brandon(Boy): 22
Brandy(Girl): 659
Branson(Boy): 949
Braulio(Boy): 850
Braxton(Boy): 220
Brayan(Boy): 336
Brayden(Boy): 107
Braydon(Boy): 415
Braylon(Boy): 703
Breana(Girl): 719
Breanna(Girl): 117
Brenda(Girl): 201
Brendan(Boy): 148
Brenden(Boy): 277
Brendon(Boy): 460
Brenna(Girl): 330
Brennan(Boy): 300
Brennen(Boy): 629
Brent(Boy): 404
Brenton(Boy): 875
Brett(Boy): 222
Bria(Girl): 950
Brian(Boy): 59
Briana(Girl): 120
Brianna(Girl): 17
Brianne(Girl): 924
Brice(Boy): 646
Bridget(Girl): 309
Brielle(Girl): 487
Brisa(Girl): 750
Britney(Girl): 350
Brittany(Girl): 240
Brittney(Girl): 491
Brock(Boy): 245
Broderick(Boy): 982
Brodie(Boy): 616
Brody(Boy): 210
Bronson(Boy): 1000
Brooke(Girl): 46
Brooklyn(Girl): 101
Brooklynn(Girl): 345
Brooks(Boy): 633
Bruce(Boy): 478
Bruno(Boy): 786
Bryan(Boy): 65
Bryanna(Girl): 393
Bryant(Boy): 317
Bryce(Boy): 108
Brycen(Boy): 659
Bryn(Girl): 911
Brynn(Girl): 358
Bryson(Boy): 201
Byron(Boy): 509
Cade(Boy): 251
Caden(Boy): 104
Cadence(Girl): 218
Cael(Boy): 955
Caiden(Boy): 400
Caitlin(Girl): 161
Caitlyn(Girl): 164
Cale(Boy): 774
Caleb(Boy): 33
Cali(Girl): 756
Calista(Girl): 874
Callie(Girl): 346
Calvin(Boy): 219
Camden(Boy): 233
Cameron(Boy): 50
Cameron(Girl): 251
Camila(Girl): 287
Camilla(Girl): 912
Camille(Girl): 252
Campbell(Girl): 796
Camren(Boy): 613
Camron(Boy): 339
Camryn(Girl): 222
Candace(Girl): 820
Cannon(Boy): 830
Cara(Girl): 508
Carina(Girl): 731
Carissa(Girl): 473
Carl(Boy): 370
Carla(Girl): 469
Carlee(Girl): 631
Carley(Girl): 510
Carli(Girl): 989
Carlie(Girl): 503
Carlo(Boy): 950
Carlos(Boy): 71
Carly(Girl): 177
Carmelo(Boy): 910
Carmen(Girl): 239
Carol(Girl): 847
Carolina(Girl): 254
Caroline(Girl): 74
Carolyn(Girl): 418
Carrie(Girl): 811
Carson(Boy): 101
Carter(Boy): 88
Casey(Boy): 261
Casey(Girl): 382
Cash(Boy): 798
Cason(Boy): 804
Cassandra(Girl): 173
Cassidy(Girl): 168
Cassie(Girl): 662
Catalina(Girl): 761
Catherine(Girl): 103
Cayden(Boy): 264
Cayla(Girl): 781
Cecelia(Girl): 699
Cecilia(Girl): 277
Cedric(Boy): 579
Celeste(Girl): 204
Celia(Girl): 675
Celine(Girl): 797
Cesar(Boy): 157
Chad(Boy): 344
Chaim(Boy): 833
Chana(Girl): 931
Chance(Boy): 250
Chandler(Boy): 282
Chanel(Girl): 922
Charity(Girl): 571
Charles(Boy): 56
Charlie(Boy): 351
Charlize(Girl): 623
Charlotte(Girl): 170
Chase(Boy): 81
Chasity(Girl): 728
Chaya(Girl): 752
Chaz(Boy): 914
Chelsea(Girl): 194
Chelsey(Girl): 739
Cheyanne(Girl): 566
Cheyenne(Girl): 153
Chloe(Girl): 23
Chris(Boy): 396
Christa(Girl): 982
Christian(Boy): 24
Christian(Girl): 819
Christiana(Girl): 923
Christina(Girl): 123
Christine(Girl): 373
Christopher(Boy): 10
Ciara(Girl): 323
Ciera(Girl): 828
Cierra(Girl): 349
Cindy(Girl): 305
Citlali(Girl): 957
Claire(Girl): 98
Clara(Girl): 285
Clare(Girl): 649
Clarence(Boy): 745
Clarissa(Girl): 367
Clark(Boy): 724
Claudia(Girl): 270
Clay(Boy): 583
Clayton(Boy): 198
Clifford(Boy): 823
Clinton(Boy): 731
Coby(Boy): 702
Cody(Boy): 85
Cohen(Boy): 650
Colby(Boy): 185
Cole(Boy): 75
Coleman(Boy): 634
Colin(Boy): 84
Colleen(Girl): 700
Collin(Boy): 130
Colten(Boy): 575
Colton(Boy): 135
Conner(Boy): 134
Connor(Boy): 38
Conor(Boy): 451
Conrad(Boy): 740
Cooper(Boy): 133
Cora(Girl): 437
Corbin(Boy): 270
Cordell(Boy): 991
Corey(Boy): 212
Corinne(Girl): 747
Cornelius(Boy): 967
Cortez(Boy): 915
Cory(Boy): 349
Courtney(Girl): 121
Craig(Boy): 479
Cristal(Girl): 562
Cristian(Boy): 139
Cristina(Girl): 441
Cristofer(Boy): 992
Cristopher(Boy): 582
Cruz(Boy): 561
Crystal(Girl): 165
Cullen(Boy): 707
Curtis(Boy): 322
Cynthia(Girl): 223
Cyrus(Boy): 515
Daisy(Girl): 143
Dakota(Boy): 137
Dakota(Girl): 276
Dale(Boy): 603
Dalia(Girl): 824
Dallas(Boy): 359
Dallin(Boy): 911
Dalton(Boy): 167
Damarion(Boy): 690
Damaris(Girl): 714
Damian(Boy): 159
Damien(Boy): 196
Damion(Boy): 466
Damon(Boy): 314
Dana(Girl): 428
Dandre(Boy): 810
Dane(Boy): 468
Dangelo(Boy): 753
Dania(Girl): 977
Daniel(Boy): 7
Daniela(Girl): 118
Daniella(Girl): 325
Danielle(Girl): 91
Danna(Girl): 638
Danny(Boy): 304
Dante(Boy): 271
Daphne(Girl): 590
Daquan(Boy): 826
Darian(Boy): 547
Darien(Boy): 742
Darin(Boy): 978
Dario(Boy): 845
Darion(Boy): 860
Darius(Boy): 286
Darlene(Girl): 996
Darnell(Boy): 708
Darrell(Boy): 557
Darren(Boy): 337
Darrin(Boy): 986
Darrius(Boy): 927
Darryl(Boy): 698
Darwin(Boy): 819
Dashawn(Boy): 652
Dasia(Girl): 974
Davian(Boy): 811
David(Boy): 14
Davin(Boy): 592
Davion(Boy): 437
Davis(Boy): 376
Davon(Boy): 620
Dawson(Boy): 206
Dayana(Girl): 626
Dayanara(Girl): 426
Dayton(Boy): 508
Deacon(Boy): 898
Dean(Boy): 373
Deandre(Boy): 416
Deangelo(Boy): 878
Deanna(Girl): 451
Deborah(Girl): 643
Declan(Boy): 431
Deja(Girl): 594
Delaney(Girl): 169
Delia(Girl): 966
Delilah(Girl): 596
Demarcus(Boy): 775
Demarion(Boy): 820
Demetrius(Boy): 438
Denise(Girl): 354
Dennis(Boy): 310
Denzel(Boy): 752
Deon(Boy): 817
Derek(Boy): 156
Derick(Boy): 704
Derrick(Boy): 249
Deshaun(Boy): 934
Deshawn(Boy): 546
Desirae(Girl): 840
Desiree(Girl): 234
Desmond(Boy): 467
Destin(Boy): 996
Destinee(Girl): 521
Destiney(Girl): 834
Destini(Girl): 926
Destiny(Girl): 39
Devan(Boy): 504
Deven(Boy): 511
Devin(Boy): 82
Devin(Girl): 762
Devon(Boy): 175
Devon(Girl): 843
Devonte(Boy): 782
Devyn(Boy): 661
Devyn(Girl): 899
Dexter(Boy): 799
Diamond(Girl): 268
Diana(Girl): 90
Diane(Girl): 904
Dianna(Girl): 978
Diego(Boy): 73
Dillan(Boy): 666
Dillon(Boy): 197
Dimitri(Boy): 968
Dion(Boy): 844
Diya(Girl): 871
Domenic(Boy): 880
Dominic(Boy): 91
Dominick(Boy): 217
Dominik(Boy): 639
Dominique(Boy): 654
Dominique(Girl): 500
Donald(Boy): 263
Donavan(Boy): 734
Donna(Girl): 783
Donovan(Boy): 187
Donte(Boy): 648
Dorian(Boy): 435
Dorothy(Girl): 858
Douglas(Boy): 353
Drake(Boy): 262
Draven(Boy): 683
Drew(Boy): 211
Drew(Girl): 986
Dulce(Girl): 460
Duncan(Boy): 566
Dustin(Boy): 223
Dwayne(Boy): 684
Dwight(Boy): 886
Dylan(Boy): 19
Dylan(Girl): 475
Dylon(Boy): 831
Ean(Boy): 812
Earl(Boy): 951
Easton(Boy): 418
Ebony(Girl): 818
Eddie(Boy): 362
Eddy(Boy): 916
Eden(Girl): 340
Edgar(Boy): 170
Edith(Girl): 687
Eduardo(Boy): 126
Edward(Boy): 129
Edwin(Boy): 173
Efrain(Boy): 584
Efren(Boy): 969
Eileen(Girl): 737
Elaina(Girl): 457
Elaine(Girl): 660
Eleanor(Girl): 301
Elena(Girl): 214
Eli(Boy): 160
Elian(Boy): 855
Eliana(Girl): 314
Elias(Boy): 207
Eliezer(Boy): 993
Elijah(Boy): 31
Elisa(Girl): 494
Elisabeth(Girl): 435
Elise(Girl): 225
Elisha(Boy): 599
Elissa(Girl): 884
Eliza(Girl): 319
Elizabeth(Girl): 10
Ella(Girl): 29
Elle(Girl): 490
Ellen(Girl): 495
Ellie(Girl): 189
Elliot(Boy): 398
Elliott(Boy): 458
Ellis(Boy): 837
Elmer(Boy): 865
Elsa(Girl): 815
Elvin(Boy): 956
Elvis(Boy): 693
Elyse(Girl): 725
Elyssa(Girl): 890
Emanuel(Boy): 278
Emely(Girl): 315
Emerson(Boy): 717
Emerson(Girl): 900
Emilee(Girl): 313
Emilia(Girl): 470
Emiliano(Boy): 364
Emilie(Girl): 458
Emilio(Boy): 297
Emily(Girl): 1
Emma(Girl): 2
Emmalee(Girl): 644
Emmanuel(Boy): 174
Emmett(Boy): 621
Enrique(Boy): 255
Enzo(Boy): 795
Eric(Boy): 61
Erica(Girl): 183
Erick(Boy): 180
Ericka(Girl): 975
Erik(Boy): 172
Erika(Girl): 192
Erin(Girl): 95
Ernest(Boy): 597
Ernesto(Boy): 347
Esmeralda(Girl): 210
Esperanza(Girl): 751
Essence(Girl): 817
Esteban(Boy): 352
Estefania(Girl): 997
Estevan(Boy): 760
Esther(Girl): 298
Estrella(Girl): 607
Ethan(Boy): 5
Ethen(Boy): 881
Eugene(Boy): 585
Eva(Girl): 198
Evan(Boy): 39
Eve(Girl): 610
Evelin(Girl): 772
Evelyn(Girl): 83
Everett(Boy): 535
Ezekiel(Boy): 315
Ezequiel(Boy): 563
Ezra(Boy): 381
Fabian(Boy): 267
Fabiola(Girl): 866
Faith(Girl): 52
Fatima(Girl): 271
Felicia(Girl): 880
Felicity(Girl): 711
Felipe(Boy): 440
Felix(Boy): 393
Fernanda(Girl): 496
Fernando(Boy): 155
Finn(Boy): 568
Fiona(Girl): 327
Fisher(Boy): 994
Fletcher(Boy): 959
Frances(Girl): 639
Francesca(Girl): 425
Francis(Boy): 524
Francisco(Boy): 149
Franco(Boy): 891
Frank(Boy): 230
Frankie(Boy): 746
Franklin(Boy): 489
Freddy(Boy): 641
Frederick(Boy): 449
Fredrick(Boy): 802
Frida(Girl): 729
Gabriel(Boy): 32
Gabriela(Girl): 110
Gabriella(Girl): 76
Gabrielle(Girl): 73
Gael(Boy): 371
Gage(Boy): 145
Galilea(Girl): 831
Gannon(Boy): 866
Garret(Boy): 671
Garrett(Boy): 114
Garrison(Boy): 736
Gary(Boy): 326
Gaven(Boy): 718
Gavin(Boy): 52
Gavyn(Boy): 747
Genesis(Girl): 185
Genevieve(Girl): 403
Geoffrey(Boy): 851
George(Boy): 146
Georgia(Girl): 366
Gerald(Boy): 463
Gerardo(Boy): 235
German(Boy): 827
Gia(Girl): 753
Giana(Girl): 850
Giancarlo(Boy): 677
Gianna(Girl): 124
Gianni(Boy): 626
Gideon(Boy): 692
Gilbert(Boy): 560
Gilberto(Boy): 536
Gillian(Girl): 554
Gina(Girl): 574
Gino(Boy): 902
Giovanna(Girl): 684
Giovanni(Boy): 189
Giovanny(Boy): 834
Giselle(Girl): 181
Gisselle(Girl): 593
Glenn(Boy): 682
Gloria(Girl): 422
Gonzalo(Boy): 856
Gordon(Boy): 750
Grace(Girl): 13
Gracelyn(Girl): 921
Gracie(Girl): 114
Graciela(Girl): 859
Grady(Boy): 544
Graham(Boy): 421
Grant(Boy): 141
Grayson(Boy): 272
Gregory(Boy): 194
Greta(Girl): 706
Gretchen(Girl): 885
Greyson(Boy): 655
Griffin(Boy): 240
Guadalupe(Boy): 882
Guadalupe(Girl): 265
Guillermo(Boy): 407
Gunnar(Boy): 574
Gunner(Boy): 595
Gustavo(Boy): 290
Guy(Boy): 987
Gwendolyn(Girl): 591
Gwyneth(Girl): 958
Haden(Boy): 894
Hadley(Girl): 690
Haiden(Boy): 960
Hailee(Girl): 394
Hailey(Girl): 24
Hailie(Girl): 720
Haleigh(Girl): 492
Haley(Girl): 44
Halie(Girl): 825
Halle(Girl): 386
Hallie(Girl): 438
Hamza(Boy): 730
Hana(Girl): 691
Hanna(Girl): 231
Hannah(Girl): 5
Harley(Boy): 462
Harley(Girl): 362
Harmony(Girl): 576
Harold(Boy): 610
Harper(Girl): 887
Harrison(Boy): 209
Harry(Boy): 530
Hassan(Boy): 803
Haven(Girl): 670
Hayden(Boy): 87
Hayden(Girl): 581
Haylee(Girl): 237
Hayley(Girl): 245
Haylie(Girl): 541
Hazel(Girl): 680
Heath(Boy): 689
Heather(Girl): 244
Heaven(Girl): 269
Hector(Boy): 192
Heidi(Girl): 342
Heidy(Girl): 998
Helen(Girl): 364
Helena(Girl): 557
Henry(Boy): 109
Heriberto(Boy): 887
Hillary(Girl): 809
Holden(Boy): 372
Holly(Girl): 293
Hope(Girl): 179
Houston(Boy): 824
Howard(Boy): 776
Hudson(Boy): 329
Hugh(Boy): 921
Hugo(Boy): 367
Humberto(Boy): 680
Hunter(Boy): 49
Hunter(Girl): 742
Ian(Boy): 69
Ibrahim(Boy): 587
Ignacio(Boy): 668
Iliana(Girl): 804
Imani(Girl): 390
Immanuel(Boy): 979
India(Girl): 478
Ingrid(Girl): 618
Irene(Girl): 536
Iris(Girl): 376
Irvin(Boy): 662
Irving(Boy): 922
Isaac(Boy): 46
Isaak(Boy): 903
Isabel(Girl): 87
Isabela(Girl): 442
Isabell(Girl): 861
Isabella(Girl): 7
Isabelle(Girl): 107
Isai(Boy): 699
Isaiah(Boy): 45
Isaias(Boy): 502
Isiah(Boy): 385
Isis(Girl): 537
Ismael(Boy): 332
Israel(Boy): 215
Issac(Boy): 397
Itzel(Girl): 359
Ivan(Boy): 117
Ivy(Girl): 387
Iyana(Girl): 893
Iyanna(Girl): 867
Izabella(Girl): 395
Izaiah(Boy): 538
Jabari(Boy): 617
Jace(Boy): 228
Jacey(Girl): 801
Jack(Boy): 42
Jackeline(Girl): 940
Jackson(Boy): 48
Jaclyn(Girl): 672
Jacob(Boy): 1
Jacoby(Boy): 821
Jacqueline(Girl): 108
Jacquelyn(Girl): 620
Jada(Girl): 81
Jade(Girl): 109
Jaden(Boy): 83
Jaden(Girl): 250
Jadon(Boy): 430
Jadyn(Boy): 800
Jadyn(Girl): 292
Jaeden(Boy): 685
Jaelyn(Girl): 506
Jagger(Boy): 997
Jaheim(Boy): 743
Jaida(Girl): 598
Jaiden(Boy): 260
Jaiden(Girl): 429
Jaidyn(Boy): 814
Jaidyn(Girl): 721
Jailyn(Girl): 936
Jaime(Boy): 273
Jaime(Girl): 941
Jair(Boy): 605
Jairo(Boy): 609
Jakayla(Girl): 759
Jake(Boy): 98
Jakob(Boy): 236
Jakobe(Boy): 846
Jaleel(Boy): 944
Jalen(Boy): 190
Jaliyah(Girl): 790
Jalyn(Girl): 816
Jalynn(Girl): 990
Jamal(Boy): 445
Jamar(Boy): 635
Jamarcus(Boy): 998
Jamari(Boy): 426
Jamarion(Boy): 539
Jamel(Boy): 942
James(Boy): 17
Jameson(Boy): 516
Jamie(Boy): 533
Jamie(Girl): 199
Jamir(Boy): 917
Jamison(Boy): 577
Jamya(Girl): 645
Jan(Boy): 770
Jana(Girl): 960
Janae(Girl): 578
Jane(Girl): 459
Janelle(Girl): 544
Janessa(Girl): 524
Janet(Girl): 452
Janiah(Girl): 955
Janice(Girl): 862
Janiya(Girl): 369
Janiyah(Girl): 568
Jaquan(Boy): 495
Jaqueline(Girl): 516
Jared(Boy): 127
Jaren(Boy): 874
Jarod(Boy): 988
Jaron(Boy): 656
Jarrett(Boy): 517
Jarvis(Boy): 980
Jase(Boy): 618
Jasmin(Girl): 182
Jasmine(Girl): 26
Jasmyn(Girl): 841
Jason(Boy): 47
Jasper(Boy): 578
Javen(Boy): 937
Javier(Boy): 158
Javion(Boy): 705
Javon(Boy): 406
Jaxon(Boy): 266
Jaxson(Boy): 464
Jay(Boy): 350
Jayce(Boy): 521
Jaycee(Girl): 896
Jayda(Girl): 329
Jayden(Boy): 62
Jayden(Girl): 235
Jaydin(Boy): 895
Jaydon(Boy): 493
Jayla(Girl): 216
Jaylan(Boy): 695
Jaylee(Girl): 925
Jayleen(Girl): 951
Jaylen(Boy): 204
Jaylen(Girl): 959
Jaylene(Girl): 769
Jaylin(Boy): 413
Jaylin(Girl): 665
Jaylon(Boy): 425
Jaylyn(Girl): 913
Jaylynn(Girl): 758
Jayson(Boy): 319
Jayvon(Boy): 970
Jazlyn(Girl): 650
Jazmin(Girl): 184
Jazmine(Girl): 246
Jazmyn(Girl): 651
Jazmyne(Girl): 961
Jean(Boy): 681
Jefferson(Boy): 657
Jeffery(Boy): 419
Jeffrey(Boy): 150
Jenifer(Girl): 812
Jenna(Girl): 56
Jennifer(Girl): 38
Jenny(Girl): 444
Jeramiah(Boy): 975
Jeremiah(Boy): 77
Jeremy(Boy): 111
Jermaine(Boy): 461
Jerome(Boy): 552
Jerry(Boy): 293
Jesse(Boy): 94
Jessica(Girl): 21
Jessie(Boy): 455
Jessie(Girl): 484
Jesus(Boy): 70
Jett(Boy): 606
Jewel(Girl): 770
Jillian(Girl): 152
Jimena(Girl): 464
Jimmy(Boy): 280
Joana(Girl): 844
Joanna(Girl): 253
Joaquin(Boy): 384
Jocelyn(Girl): 85
Joe(Boy): 348
Joel(Boy): 124
Joelle(Girl): 935
Joey(Boy): 491
Johan(Boy): 573
Johanna(Girl): 501
John(Boy): 18
Johnathan(Boy): 183
Johnathon(Boy): 510
Johnny(Boy): 252
Jolie(Girl): 621
Jon(Boy): 410
Jonah(Boy): 177
Jonas(Boy): 456
Jonathan(Boy): 21
Jonathon(Boy): 328
Jordan(Boy): 43
Jordan(Girl): 70
Jorden(Boy): 794
Jordon(Boy): 607
Jordy(Boy): 867
Jordyn(Boy): 928
Jordyn(Girl): 187
Jorge(Boy): 118
Jose(Boy): 28
Josef(Boy): 923
Joselyn(Girl): 413
Joseph(Boy): 9
Josephine(Girl): 242
Josh(Boy): 660
Joshua(Boy): 3
Josiah(Boy): 144
Josie(Girl): 324
Joslyn(Girl): 792
Josue(Boy): 208
Journey(Girl): 942
Jovan(Boy): 748
Jovani(Boy): 755
Jovanni(Boy): 892
Jovanny(Boy): 912
Jovany(Boy): 868
Joy(Girl): 482
Joyce(Girl): 760
Juan(Boy): 54
Judah(Boy): 558
Jude(Boy): 369
Judith(Girl): 538
Julia(Girl): 32
Julian(Boy): 74
Juliana(Girl): 163
Julianna(Girl): 200
Julianne(Girl): 636
Julie(Girl): 259
Julien(Boy): 627
Juliet(Girl): 648
Juliette(Girl): 676
Julio(Boy): 268
Julissa(Girl): 311
Julius(Boy): 383
Junior(Boy): 647
Justice(Boy): 405
Justice(Girl): 497
Justin(Boy): 30
Justine(Girl): 673
Justus(Boy): 732
Kaci(Girl): 979
Kade(Boy): 388
Kaden(Boy): 105
Kadence(Girl): 388
Kadin(Boy): 498
Kaeden(Boy): 838
Kaelyn(Girl): 567
Kai(Boy): 247
Kaia(Girl): 697
Kaiden(Boy): 311
Kaila(Girl): 633
Kailee(Girl): 528
Kailey(Girl): 228
Kailyn(Girl): 531
Kaitlin(Girl): 295
Kaitlyn(Girl): 33
Kaitlynn(Girl): 453
Kaiya(Girl): 868
Kale(Boy): 796
Kaleb(Boy): 119
Kaleigh(Girl): 463
Kaley(Girl): 519
Kali(Girl): 543
Kaliyah(Girl): 732
Kallie(Girl): 943
Kalyn(Girl): 980
Kamari(Boy): 807
Kamden(Boy): 918
Kameron(Boy): 276
Kamren(Boy): 945
Kamron(Boy): 667
Kamryn(Girl): 299
Kane(Boy): 696
Kanye(Boy): 487
Kara(Girl): 249
Kareem(Boy): 619
Karen(Girl): 155
Karina(Girl): 197
Karis(Girl): 914
Karissa(Girl): 545
Karl(Boy): 697
Karla(Girl): 195
Karlee(Girl): 585
Karley(Girl): 864
Karli(Girl): 693
Karlie(Girl): 615
Karly(Girl): 763
Karson(Boy): 602
Kasandra(Girl): 907
Kasey(Boy): 710
Kasey(Girl): 580
Kason(Boy): 981
Kassandra(Girl): 344
Kassidy(Girl): 402
Katarina(Girl): 853
Kate(Girl): 147
Katelin(Girl): 875
Katelyn(Girl): 59
Katelynn(Girl): 255
Katharine(Girl): 787
Katherine(Girl): 35
Kathleen(Girl): 318
Kathryn(Girl): 122
Kathy(Girl): 872
Katie(Girl): 102
Katlyn(Girl): 549
Katrina(Girl): 281
Katy(Girl): 991
Kaya(Girl): 539
Kayden(Boy): 318
Kayden(Girl): 743
Kaydence(Girl): 377
Kayla(Girl): 18
Kaylah(Girl): 878
Kaylee(Girl): 50
Kayleigh(Girl): 283
Kayley(Girl): 666
Kayli(Girl): 775
Kaylie(Girl): 308
Kaylin(Girl): 436
Kaylyn(Girl): 689
Kaylynn(Girl): 654
Keagan(Boy): 691
Keanu(Boy): 872
Keaton(Boy): 354
Keegan(Boy): 257
Keely(Girl): 771
Keenan(Boy): 586
Keira(Girl): 257
Keith(Boy): 253
Kellen(Boy): 512
Kelli(Girl): 932
Kelly(Girl): 138
Kelsey(Girl): 148
Kelsie(Girl): 640
Kelton(Boy): 822
Kelvin(Boy): 412
Kendal(Girl): 513
Kendall(Boy): 507
Kendall(Girl): 137
Kendra(Girl): 272
Kendrick(Boy): 518
Kenia(Girl): 918
Kenna(Girl): 799
Kennedi(Girl): 634
Kennedy(Boy): 929
Kennedy(Girl): 116
Kenneth(Boy): 121
Kenny(Boy): 482
Kenya(Girl): 632
Kenyon(Boy): 857
Kenzie(Girl): 646
Keon(Boy): 709
Kerry(Boy): 971
Keshawn(Boy): 636
Keven(Boy): 935
Kevin(Boy): 34
Kevon(Boy): 946
Keyla(Girl): 908
Keyon(Boy): 805
Keyshawn(Boy): 756
Khalil(Boy): 422
Kian(Boy): 723
Kiana(Girl): 363
Kianna(Girl): 784
Kiara(Girl): 188
Kiera(Girl): 378
Kieran(Boy): 545
Kierra(Girl): 532
Kiersten(Girl): 455
Kiley(Girl): 372
Kimberly(Girl): 61
Kimora(Girl): 806
Kira(Girl): 275
Kirsten(Girl): 297
Kobe(Boy): 417
Koby(Boy): 883
Koda(Boy): 943
Kody(Boy): 409
Kolby(Boy): 494
Kole(Boy): 628
Kolton(Boy): 637
Konner(Boy): 744
Konnor(Boy): 839
Korbin(Boy): 706
Korey(Boy): 952
Kourtney(Girl): 973
Krista(Girl): 542
Kristen(Girl): 264
Kristian(Boy): 485
Kristin(Girl): 517
Kristina(Girl): 328
Kristopher(Boy): 375
Krystal(Girl): 432
Kurt(Boy): 783
Kya(Girl): 707
Kyan(Boy): 588
Kyla(Girl): 162
Kylan(Boy): 791
Kyle(Boy): 55
Kylee(Girl): 141
Kyleigh(Girl): 381
Kyler(Boy): 274
Kylie(Girl): 49
Kyra(Girl): 219
Lacey(Girl): 424
Laci(Girl): 499
Lacie(Girl): 876
Lacy(Girl): 897
Laila(Girl): 248
Lainey(Girl): 793
Laisha(Girl): 788
Lamar(Boy): 727
Lamont(Boy): 930
Lana(Girl): 465
Lance(Boy): 275
Landen(Boy): 281
Landon(Boy): 86
Landyn(Boy): 842
Lane(Boy): 298
Laney(Girl): 540
Lara(Girl): 734
Larissa(Girl): 446
Larry(Boy): 333
Laura(Girl): 129
Laurel(Girl): 740
Lauren(Girl): 16
Lauryn(Girl): 389
Lawrence(Boy): 363
Lawson(Boy): 725
Layla(Girl): 167
Layne(Boy): 645
Layton(Boy): 947
Lea(Girl): 617
Leah(Girl): 64
Leanna(Girl): 767
Lee(Boy): 556
Leila(Girl): 353
Leilani(Girl): 341
Lena(Girl): 522
Leo(Boy): 265
Leon(Boy): 519
Leonard(Boy): 580
Leonardo(Boy): 195
Leonel(Boy): 471
Leroy(Boy): 818
Lesley(Girl): 611
Leslie(Girl): 93
Lesly(Girl): 407
Leticia(Girl): 744
Levi(Boy): 154
Lewis(Boy): 631
Lexi(Girl): 320
Lexie(Girl): 534
Lexus(Girl): 969
Lia(Girl): 616
Liam(Boy): 112
Liana(Girl): 722
Libby(Girl): 827
Liberty(Girl): 412
Lila(Girl): 489
Lilia(Girl): 937
Lilian(Girl): 526
Liliana(Girl): 224
Lillian(Girl): 65
Lilliana(Girl): 656
Lillie(Girl): 575
Lilly(Girl): 211
Lily(Girl): 53
Lina(Girl): 888
Lincoln(Boy): 553
Linda(Girl): 421
Lindsay(Girl): 241
Lindsey(Girl): 146
Lisa(Girl): 431
Litzy(Girl): 525
Livia(Girl): 947
Lizbeth(Girl): 230
Lizeth(Girl): 625
Lizette(Girl): 779
Logan(Boy): 27
Logan(Girl): 352
Lola(Girl): 520
London(Boy): 869
London(Girl): 667
Lorelei(Girl): 963
Lorena(Girl): 599
Lorenzo(Boy): 295
Louis(Boy): 302
Luca(Boy): 394
Lucas(Boy): 67
Lucia(Girl): 411
Luciano(Boy): 757
Lucille(Girl): 869
Lucy(Girl): 203
Luis(Boy): 57
Luka(Boy): 847
Lukas(Boy): 294
Luke(Boy): 41
Luna(Girl): 723
Luz(Girl): 602
Lydia(Girl): 126
Lyndsey(Girl): 927
Lyric(Girl): 715
Macey(Girl): 605
Maci(Girl): 555
Macie(Girl): 474
Mackenzie(Girl): 45
Macy(Girl): 233
Madalyn(Girl): 401
Madalynn(Girl): 826
Maddison(Girl): 514
Maddox(Boy): 378
Madeleine(Girl): 332
Madeline(Girl): 63
Madelyn(Girl): 111
Madelynn(Girl): 546
Madilyn(Girl): 502
Madisen(Girl): 873
Madison(Boy): 858
Madison(Girl): 3
Madisyn(Girl): 405
Madyson(Girl): 454
Maeve(Girl): 708
Magdalena(Girl): 807
Maggie(Girl): 206
Maia(Girl): 563
Makaila(Girl): 993
Makayla(Girl): 47
Makena(Girl): 829
Makenna(Girl): 227
Makenzie(Girl): 213
Malachi(Boy): 179
Malakai(Boy): 771
Malaki(Boy): 926
Malcolm(Boy): 534
Maleah(Girl): 917
Malia(Girl): 449
Malik(Boy): 243
Maliyah(Girl): 928
Mallory(Girl): 186
Mandy(Girl): 845
Manuel(Boy): 168
Mara(Girl): 637
Marc(Boy): 335
Marcel(Boy): 840
Marcelo(Boy): 924
Marco(Boy): 191
Marcos(Boy): 244
Marcus(Boy): 116
Maren(Girl): 944
Margaret(Girl): 133
Margarita(Girl): 929
Maria(Girl): 42
Mariah(Girl): 113
Mariam(Girl): 681
Mariana(Girl): 171
Marianna(Girl): 692
Maribel(Girl): 764
Marie(Girl): 493
Mariela(Girl): 583
Marilyn(Girl): 572
Marin(Girl): 835
Marina(Girl): 356
Mario(Boy): 178
Marisa(Girl): 335
Marisol(Girl): 396
Marissa(Girl): 78
Maritza(Girl): 415
Mark(Boy): 113
Markus(Boy): 638
Marlee(Girl): 821
Marlene(Girl): 483
Marley(Girl): 515
Marlon(Boy): 523
Marques(Boy): 789
Marquez(Boy): 953
Marquis(Boy): 447
Marquise(Boy): 726
Marshall(Boy): 377
Martha(Girl): 505
Martin(Boy): 203
Marvin(Boy): 355
Mary(Girl): 62
Maryam(Girl): 945
Mason(Boy): 51
Mateo(Boy): 321
Mathew(Boy): 291
Mathias(Boy): 738
Matias(Boy): 888
Matteo(Boy): 700
Matthew(Boy): 4
Matthias(Boy): 815
Mattie(Girl): 794
Maura(Girl): 738
Maurice(Boy): 386
Mauricio(Boy): 368
Maverick(Boy): 765
Max(Boy): 164
Maxim(Boy): 893
Maximilian(Boy): 341
Maximillian(Boy): 813
Maximo(Boy): 899
Maximus(Boy): 427
Maxwell(Boy): 136
Maya(Girl): 84
Mayra(Girl): 601
Mckayla(Girl): 535
Mckenna(Girl): 202
Mckenzie(Girl): 151
Meadow(Girl): 765
Meagan(Girl): 595
Megan(Girl): 36
Meghan(Girl): 217
Mekhi(Boy): 346
Melanie(Girl): 89
Melany(Girl): 584
Melina(Girl): 627
Melisa(Girl): 952
Melissa(Girl): 99
Melody(Girl): 312
Melvin(Boy): 433
Mercedes(Girl): 339
Meredith(Girl): 333
Mia(Girl): 30
Miah(Girl): 946
Micaela(Girl): 810
Micah(Boy): 163
Micah(Girl): 757
Michael(Boy): 2
Michaela(Girl): 284
Micheal(Boy): 392
Michelle(Girl): 66
Miguel(Boy): 97
Mikaela(Girl): 558
Mikayla(Girl): 156
Mike(Boy): 623
Mikel(Boy): 870
Miles(Boy): 221
Milo(Boy): 766
Milton(Boy): 754
Mina(Girl): 886
Mira(Girl): 909
Miracle(Girl): 485
Miranda(Girl): 127
Mireya(Girl): 948
Miriam(Girl): 274
Misael(Boy): 649
Mitchell(Boy): 213
Miya(Girl): 999
Mohamed(Boy): 505
Mohammad(Boy): 622
Mohammed(Boy): 611
Moises(Boy): 360
Mollie(Girl): 776
Molly(Girl): 97
Monica(Girl): 226
Monique(Girl): 462
Monserrat(Girl): 701
Montana(Girl): 994
Morgan(Boy): 309
Morgan(Girl): 31
Moriah(Girl): 848
Moses(Boy): 506
Moshe(Boy): 614
Muhammad(Boy): 679
Mya(Girl): 115
Myah(Girl): 786
Myles(Boy): 296
Nadia(Girl): 215
Nancy(Girl): 289
Naomi(Girl): 145
Nash(Boy): 989
Nasir(Boy): 481
Natalee(Girl): 915
Natalia(Girl): 142
Natalie(Girl): 19
Nataly(Girl): 461
Natasha(Girl): 304
Nathalie(Girl): 622
Nathaly(Girl): 933
Nathan(Boy): 20
Nathanael(Boy): 443
Nathanial(Boy): 686
Nathaniel(Boy): 68
Nathen(Boy): 777
Nayeli(Girl): 391
Nehemiah(Boy): 581
Neil(Boy): 624
Nelson(Boy): 457
Nestor(Boy): 879
Nevaeh(Girl): 104
Nia(Girl): 357
Nicholas(Boy): 13
Nichole(Girl): 773
Nick(Boy): 852
Nickolas(Boy): 299
Nico(Boy): 694
Nicolas(Boy): 138
Nicole(Girl): 43
Nicolette(Girl): 854
Nigel(Boy): 772
Nikhil(Boy): 861
Nikki(Girl): 870
Niko(Boy): 957
Nikolas(Boy): 301
Nina(Girl): 243
Noah(Boy): 29
Noe(Boy): 441
Noel(Boy): 454
Noelia(Girl): 901
Noelle(Girl): 445
Noemi(Girl): 603
Nolan(Boy): 161
Nora(Girl): 306
Norah(Girl): 589
Norman(Boy): 848
Nya(Girl): 741
Nyasia(Girl): 938
Nyla(Girl): 408
Octavio(Boy): 653
Oliver(Boy): 229
Olivia(Girl): 4
Omar(Boy): 147
Omari(Boy): 569
Omarion(Boy): 448
Orion(Boy): 550
Orlando(Boy): 361
Oscar(Boy): 123
Osvaldo(Boy): 411
Oswaldo(Boy): 713
Owen(Boy): 66
Pablo(Boy): 303
Paige(Girl): 51
Paloma(Girl): 851
Pamela(Girl): 529
Paola(Girl): 343
Paris(Girl): 157
Parker(Boy): 132
Parker(Girl): 657
Patience(Girl): 842
Patricia(Girl): 316
Patrick(Boy): 100
Paul(Boy): 128
Paula(Girl): 663
Paulina(Girl): 414
Paxton(Boy): 884
Payton(Boy): 238
Payton(Girl): 159
Pedro(Boy): 226
Penelope(Girl): 647
Perla(Girl): 360
Perry(Boy): 808
Peter(Boy): 142
Peyton(Boy): 162
Peyton(Girl): 134
Philip(Boy): 307
Phillip(Boy): 248
Phoebe(Girl): 406
Phoenix(Boy): 554
Phoenix(Girl): 879
Pierce(Boy): 513
Piper(Girl): 266
Porter(Boy): 625
Pranav(Boy): 767
Precious(Girl): 559
Presley(Girl): 564
Preston(Boy): 152
Prince(Boy): 797
Princess(Girl): 745
Priscilla(Girl): 348
Quentin(Boy): 330
Quincy(Boy): 470
Quinn(Boy): 305
Quinn(Girl): 685
Quinten(Boy): 828
Quintin(Boy): 567
Quinton(Boy): 476
Rachael(Girl): 370
Rachel(Girl): 34
Raegan(Girl): 488
Rafael(Boy): 224
Rahul(Boy): 995
Raina(Girl): 802
Ralph(Boy): 711
Ramiro(Boy): 532
Ramon(Boy): 345
Randall(Boy): 571
Randy(Boy): 316
Raphael(Boy): 670
Raquel(Girl): 443
Rashad(Boy): 719
Raul(Boy): 242
Raven(Girl): 263
Ray(Boy): 576
Raymond(Boy): 188
Raymundo(Boy): 972
Rayna(Girl): 780
Reagan(Boy): 596
Reagan(Girl): 144
Rebeca(Girl): 735
Rebecca(Girl): 71
Rebekah(Girl): 236
Reece(Boy): 391
Reed(Boy): 484
Reese(Boy): 390
Reese(Girl): 258
Regan(Girl): 419
Regina(Girl): 653
Reginald(Boy): 492
Reid(Boy): 442
Reilly(Boy): 985
Reilly(Girl): 905
Reina(Girl): 837
Remington(Boy): 809
Rene(Boy): 450
Renee(Girl): 476
Reuben(Boy): 853
Rex(Boy): 931
Rey(Boy): 983
Reyna(Girl): 628
Reynaldo(Boy): 701
Rhea(Girl): 910
Rhett(Boy): 715
Rhiannon(Girl): 624
Rhys(Boy): 938
Ricardo(Boy): 143
Richard(Boy): 92
Ricky(Boy): 358
Rigoberto(Boy): 688
Riley(Boy): 106
Riley(Girl): 58
Rishi(Boy): 976
River(Boy): 549
Riya(Girl): 964
Robert(Boy): 36
Roberto(Boy): 202
Robin(Girl): 956
Robyn(Girl): 970
Rocco(Boy): 537
Rocio(Girl): 860
Roderick(Boy): 720
Rodney(Boy): 432
Rodolfo(Boy): 499
Rodrigo(Boy): 389
Rogelio(Boy): 474
Roger(Boy): 414
Rohan(Boy): 480
Roland(Boy): 778
Rolando(Boy): 526
Roman(Boy): 239
Romeo(Boy): 600
Ronald(Boy): 232
Ronaldo(Boy): 758
Ronan(Boy): 643
Ronnie(Boy): 541
Rory(Boy): 721
Rosa(Girl): 416
Rose(Girl): 355
Roselyn(Girl): 612
Rosemary(Girl): 717
Ross(Boy): 612
Rowan(Boy): 475
Rowan(Girl): 710
Roxana(Girl): 976
Roy(Boy): 469
Ruben(Boy): 218
Rubi(Girl): 613
Ruby(Girl): 158
Rudy(Boy): 559
Russell(Boy): 366
Ruth(Girl): 351
Ryan(Boy): 12
Ryan(Girl): 433
Ryann(Girl): 718
Ryder(Boy): 342
Ryker(Boy): 784
Rylan(Boy): 374
Ryland(Boy): 904
Rylee(Boy): 779
Rylee(Girl): 136
Ryleigh(Girl): 410
Rylie(Girl): 317
Sabrina(Girl): 149
Sadie(Girl): 196
Sage(Boy): 658
Sage(Girl): 361
Saige(Girl): 736
Sally(Girl): 919
Salma(Girl): 813
Salvador(Boy): 343
Salvatore(Boy): 663
Sam(Boy): 439
Samantha(Girl): 9
Samara(Girl): 365
Samir(Boy): 806
Samira(Girl): 995
Sammy(Boy): 825
Samson(Boy): 954
Samuel(Boy): 23
Sanaa(Girl): 677
Sandra(Girl): 280
Sandy(Girl): 798
Saniya(Girl): 614
Saniyah(Girl): 894
Santiago(Boy): 292
Santino(Boy): 761
Santos(Boy): 768
Sara(Girl): 68
Sarah(Girl): 12
Sarahi(Girl): 891
Sarai(Girl): 472
Sasha(Girl): 368
Saul(Boy): 289
Savana(Girl): 902
Savanah(Girl): 702
Savanna(Girl): 273
Savannah(Girl): 41
Savion(Boy): 901
Sawyer(Boy): 436
Scarlett(Girl): 527
Scott(Boy): 214
Seamus(Boy): 780
Sean(Boy): 64
Sebastian(Boy): 96
Selena(Girl): 261
Selina(Girl): 992
Semaj(Boy): 737
Serena(Girl): 303
Serenity(Girl): 191
Sergio(Boy): 199
Seth(Boy): 80
Shamar(Boy): 876
Shane(Boy): 165
Shania(Girl): 384
Shaniya(Girl): 597
Shannon(Boy): 873
Shannon(Girl): 256
Sharon(Girl): 556
Shaun(Boy): 399
Shawn(Boy): 171
Shayla(Girl): 347
Shaylee(Girl): 774
Shayna(Girl): 800
Shayne(Boy): 939
Shea(Boy): 896
Shea(Girl): 785
Sheila(Girl): 803
Shelby(Girl): 112
Sheldon(Boy): 759
Sherlyn(Girl): 579
Shirley(Girl): 987
Shreya(Girl): 855
Shyann(Girl): 789
Shyanne(Girl): 694
Sidney(Boy): 722
Sidney(Girl): 375
Sienna(Girl): 609
Sierra(Girl): 92
Silas(Boy): 429
Simeon(Boy): 854
Simon(Boy): 254
Simone(Girl): 479
Sincere(Boy): 735
Skye(Girl): 400
Skyla(Girl): 587
Skylar(Boy): 472
Skylar(Girl): 154
Skyler(Boy): 234
Skyler(Girl): 310
Sofia(Girl): 69
Solomon(Boy): 477
Sonia(Girl): 553
Sonny(Boy): 835
Sophia(Girl): 15
Sophie(Girl): 135
Soren(Boy): 849
Spencer(Boy): 151
Stacey(Girl): 832
Stacy(Girl): 629
Stanley(Boy): 555
Stefan(Boy): 792
Stella(Girl): 291
Stephan(Boy): 862
Stephanie(Girl): 55
Stephany(Girl): 748
Stephen(Boy): 140
Stephon(Boy): 909
Sterling(Boy): 674
Steve(Boy): 503
Steven(Boy): 78
Stone(Boy): 925
Sullivan(Boy): 948
Summer(Girl): 140
Susan(Girl): 550
Susana(Girl): 846
Sydnee(Girl): 678
Sydney(Girl): 27
Sydni(Girl): 971
Sydnie(Girl): 953
Sylvia(Girl): 560
Tabitha(Girl): 447
Talia(Girl): 334
Taliyah(Girl): 682
Talon(Boy): 763
Tamara(Girl): 569
Tamia(Girl): 374
Tamya(Girl): 962
Tania(Girl): 466
Taniya(Girl): 698
Taniyah(Girl): 808
Tanner(Boy): 125
Tanya(Girl): 635
Tara(Girl): 322
Tariq(Boy): 871
Taryn(Girl): 420
Tate(Boy): 387
Tatiana(Girl): 290
Tatum(Girl): 383
Tatyana(Girl): 709
Taya(Girl): 967
Tayler(Girl): 791
Taylor(Boy): 216
Taylor(Girl): 22
Tayshaun(Boy): 962
Teagan(Boy): 905
Teagan(Girl): 523
Teresa(Girl): 409
Terrance(Boy): 473
Terrell(Boy): 488
Terrence(Boy): 604
Terry(Boy): 401
Tess(Girl): 642
Tessa(Girl): 278
Thaddeus(Boy): 906
Thalia(Girl): 573
Theodore(Boy): 313
Theresa(Girl): 668
Thomas(Boy): 37
Tia(Girl): 509
Tiana(Girl): 434
Tianna(Girl): 712
Tiara(Girl): 630
Tiffany(Girl): 175
Timothy(Boy): 79
Tina(Girl): 749
Titus(Boy): 572
Tobias(Boy): 500
Toby(Boy): 428
Todd(Boy): 540
Tomas(Boy): 483
Tommy(Boy): 395
Toni(Girl): 755
Tony(Boy): 320
Tori(Girl): 371
Trace(Boy): 531
Tracy(Girl): 949
Travis(Boy): 166
Travon(Boy): 913
Tre(Boy): 977
Treasure(Girl): 892
Trent(Boy): 258
Trenten(Boy): 973
Trenton(Boy): 186
Trever(Boy): 974
Trevin(Boy): 990
Trevion(Boy): 984
Trevon(Boy): 452
Trevor(Boy): 110
Trey(Boy): 237
Trinity(Girl): 48
Trista(Girl): 530
Tristan(Boy): 115
Tristen(Boy): 331
Tristian(Boy): 787
Tristin(Boy): 570
Triston(Boy): 497
Troy(Boy): 227
Truman(Boy): 958
Tucker(Boy): 288
Turner(Boy): 907
Ty(Boy): 181
Tyler(Boy): 16
Tyler(Girl): 577
Tylor(Boy): 999
Tyra(Girl): 705
Tyree(Boy): 615
Tyrell(Boy): 601
Tyrese(Boy): 593
Tyrone(Boy): 562
Tyshawn(Boy): 932
Tyson(Boy): 284
Ulises(Boy): 591
Uriel(Boy): 446
Valentina(Girl): 481
Valeria(Girl): 174
Valerie(Girl): 180
Vance(Boy): 788
Vanessa(Girl): 75
Vaughn(Boy): 785
Veronica(Girl): 193
Vicente(Boy): 564
Victor(Boy): 102
Victoria(Girl): 28
Vincent(Boy): 120
Vincenzo(Boy): 936
Violet(Girl): 588
Virginia(Girl): 439
Vivian(Girl): 232
Viviana(Girl): 430
Wade(Boy): 520
Walker(Boy): 382
Walter(Boy): 365
Warren(Boy): 527
Waylon(Boy): 687
Wayne(Boy): 598
Wendy(Girl): 307
Wesley(Boy): 184
Weston(Boy): 380
Whitney(Girl): 450
Will(Boy): 529
William(Boy): 8
Willie(Boy): 496
Willow(Girl): 551
Wilson(Boy): 465
Winston(Boy): 836
Wyatt(Boy): 90
Xander(Boy): 259
Xavier(Boy): 89
Ximena(Girl): 397
Xiomara(Girl): 833
Xzavier(Boy): 714
Yadira(Girl): 561
Yahir(Boy): 323
Yair(Boy): 739
Yareli(Girl): 754
Yaritza(Girl): 983
Yasmin(Girl): 337
Yasmine(Girl): 507
Yazmin(Girl): 703
Yesenia(Girl): 338
Yessenia(Girl): 988
Yosef(Boy): 859
Yoselin(Girl): 805
Yuliana(Girl): 877
Yusuf(Boy): 963
Yvette(Girl): 795
Zachariah(Boy): 424
Zachary(Boy): 26
Zachery(Boy): 423
Zack(Boy): 920
Zackary(Boy): 287
Zackery(Boy): 501
Zaid(Boy): 964
Zain(Boy): 829
Zaire(Boy): 965
Zakary(Boy): 843
Zander(Boy): 279
Zane(Boy): 231
Zaria(Girl): 671
Zariah(Girl): 968
Zavier(Boy): 940
Zechariah(Boy): 664
Zion(Boy): 312
Zoe(Girl): 54
Zoey(Girl): 209
Zoie(Girl): 552
