1990
Aaron(Boy): 34
Abbey(Girl): 482
Abbie(Girl): 685
Abby(Girl): 222
Abdul(Boy): 934
Abel(Boy): 384
Abigail(Girl): 90
Abraham(Boy): 246
Abram(Boy): 920
Adam(Boy): 32
Adan(Boy): 548
Addison(Boy): 645
Adolfo(Boy): 649
Adrian(Boy): 94
Adrian(Girl): 603
Adriana(Girl): 144
Adrianna(Girl): 325
Adrianne(Girl): 783
Adrienne(Girl): 233
Agustin(Boy): 627
Ahmad(Boy): 562
Ahmed(Boy): 721
Aidan(Boy): 889
Aileen(Girl): 851
Aimee(Girl): 272
Aisha(Girl): 568
Aja(Girl): 940
Akeem(Boy): 405
Alaina(Girl): 441
Alan(Boy): 125
Alana(Girl): 368
Alanna(Girl): 474
Alannah(Girl): 936
Albert(Boy): 167
Alberto(Boy): 225
Alden(Boy): 949
Aldo(Boy): 792
Alec(Boy): 271
Alecia(Girl): 678
Alejandra(Girl): 211
Alejandro(Boy): 126
Alesha(Girl): 695
Alessandra(Girl): 829
Alex(Boy): 59
Alex(Girl): 802
Alexa(Girl): 146
Alexander(Boy): 28
Alexander(Girl): 873
Alexandra(Girl): 37
Alexandre(Boy): 950
Alexandrea(Girl): 653
Alexandria(Girl): 95
Alexandro(Boy): 837
Alexia(Girl): 557
Alexis(Boy): 334
Alexis(Girl): 66
Alfonso(Boy): 423
Alfred(Boy): 364
Alfredo(Boy): 272
Ali(Boy): 474
Ali(Girl): 687
Alice(Girl): 347
Alicia(Girl): 53
Alina(Girl): 664
Alisa(Girl): 460
Alisha(Girl): 135
Alison(Girl): 133
Alissa(Girl): 276
Allan(Boy): 382
Allen(Boy): 141
Allie(Girl): 579
Allison(Girl): 48
Allyson(Girl): 236
Allyssa(Girl): 709
Alma(Girl): 386
Alonso(Boy): 805
Alonzo(Boy): 476
Alphonso(Boy): 806
Alton(Boy): 704
Alvaro(Boy): 576
Alvin(Boy): 331
Alycia(Girl): 524
Alysa(Girl): 900
Alyse(Girl): 816
Alysha(Girl): 410
Alysia(Girl): 643
Alyson(Girl): 358
Alyssa(Girl): 27
Amanda(Girl): 4
Amber(Girl): 15
Amelia(Girl): 194
Amie(Girl): 698
Amir(Boy): 608
Amos(Boy): 739
Amy(Girl): 38
Ana(Girl): 124
Anabel(Girl): 746
Anastasia(Girl): 382
Anderson(Boy): 881
Andre(Boy): 137
Andrea(Girl): 40
Andreas(Boy): 897
Andres(Boy): 203
Andrew(Boy): 7
Andria(Girl): 870
Andy(Boy): 275
Angel(Boy): 133
Angel(Girl): 174
Angela(Girl): 52
Angelia(Girl): 501
Angelica(Girl): 119
Angelina(Girl): 261
Angelique(Girl): 631
Angelo(Boy): 335
Angie(Girl): 586
Anita(Girl): 405
Anjelica(Girl): 923
Ann(Girl): 251
Anna(Girl): 45
Anne(Girl): 155
Annemarie(Girl): 996
Annette(Girl): 513
Annie(Girl): 334
Annmarie(Girl): 973
Anthony(Boy): 15
Antione(Boy): 937
Antoine(Boy): 361
Antoinette(Girl): 354
Anton(Boy): 603
Antonia(Girl): 661
Antonio(Boy): 77
Antony(Boy): 832
Antwan(Boy): 534
Antwon(Boy): 668
April(Girl): 73
Araceli(Girl): 556
Ari(Boy): 862
Ariana(Girl): 227
Arianna(Girl): 411
Aric(Boy): 693
Ariel(Boy): 482
Ariel(Girl): 94
Arielle(Girl): 186
Arlene(Girl): 682
Armando(Boy): 229
Arnold(Boy): 559
Aron(Boy): 600
Arron(Boy): 673
Arsenio(Boy): 742
Arthur(Boy): 196
Arturo(Boy): 259
Asa(Boy): 799
Asha(Girl): 997
Ashely(Girl): 632
Ashlee(Girl): 154
Ashleigh(Girl): 178
Ashley(Boy): 656
Ashley(Girl): 2
Ashli(Girl): 722
Ashlie(Girl): 476
Ashly(Girl): 535
Ashlyn(Girl): 559
Ashton(Boy): 365
Ashton(Girl): 331
Asia(Girl): 299
Athena(Girl): 731
Aubrey(Boy): 711
Aubrey(Girl): 298
Audra(Girl): 673
Audrey(Girl): 161
August(Boy): 846
Aurora(Girl): 716
Austen(Boy): 705
Austin(Boy): 55
Autumn(Girl): 177
Ava(Girl): 953
Avery(Boy): 492
Avery(Girl): 797
Axel(Boy): 898
Ayla(Girl): 818
Baby(Boy): 610
Baby(Girl): 861
Bailey(Girl): 226
Barbara(Girl): 210
Barrett(Boy): 696
Barry(Boy): 348
Beatrice(Girl): 720
Beatriz(Girl): 472
Beau(Boy): 337
Becky(Girl): 862
Belinda(Girl): 624
Ben(Boy): 514
Benito(Boy): 795
Benjamin(Boy): 33
Bennett(Boy): 674
Bennie(Boy): 872
Benny(Boy): 714
Bernadette(Girl): 735
Bernard(Boy): 430
Bernardo(Boy): 764
Beth(Girl): 392
Bethany(Girl): 107
Betsy(Girl): 739
Betty(Girl): 577
Beverly(Girl): 521
Bianca(Girl): 84
Bill(Boy): 992
Billie(Girl): 830
Billy(Boy): 214
Blaine(Boy): 400
Blair(Boy): 580
Blair(Girl): 487
Blake(Boy): 91
Blake(Girl): 937
Blanca(Girl): 397
Bo(Boy): 602
Bobbi(Girl): 766
Bobbie(Girl): 638
Bobby(Boy): 185
Bonnie(Girl): 380
Brad(Boy): 362
Braden(Boy): 485
Bradford(Boy): 579
Bradley(Boy): 65
Bradly(Boy): 635
Brady(Boy): 315
Brandan(Boy): 746
Branden(Boy): 300
Brandi(Girl): 103
Brandie(Girl): 551
Brandon(Boy): 19
Brandy(Girl): 137
Brandyn(Boy): 807
Brant(Boy): 775
Braxton(Boy): 715
Breana(Girl): 546
Breann(Girl): 775
Breanna(Girl): 113
Breanne(Girl): 498
Bree(Girl): 938
Brenda(Girl): 123
Brendan(Boy): 155
Brenden(Boy): 518
Brendon(Boy): 451
Brenna(Girl): 418
Brennan(Boy): 383
Brennen(Boy): 899
Brent(Boy): 127
Brenton(Boy): 469
Bret(Boy): 418
Brett(Boy): 84
Brian(Boy): 27
Briana(Girl): 109
Brianna(Girl): 61
Brianne(Girl): 318
Brice(Boy): 529
Bridget(Girl): 191
Bridgett(Girl): 839
Bridgette(Girl): 440
Britany(Girl): 491
Britney(Girl): 136
Britni(Girl): 611
Britny(Girl): 723
Brittaney(Girl): 688
Brittani(Girl): 230
Brittanie(Girl): 553
Brittany(Boy): 996
Brittany(Girl): 3
Brittnee(Girl): 713
Brittney(Girl): 44
Brittni(Girl): 357
Brittnie(Girl): 843
Brittny(Girl): 591
Britton(Boy): 938
Brock(Boy): 257
Broderick(Boy): 890
Brody(Boy): 796
Bronson(Boy): 687
Brook(Girl): 868
Brooke(Girl): 70
Brooklyn(Girl): 911
Brooks(Boy): 681
Bruce(Boy): 240
Bruno(Boy): 993
Bryan(Boy): 57
Bryanna(Girl): 633
Bryant(Boy): 204
Bryce(Boy): 169
Bryon(Boy): 708
Bryson(Boy): 550
Byron(Boy): 265
Cade(Boy): 885
Caitlin(Girl): 50
Caitlyn(Girl): 183
Cale(Boy): 921
Caleb(Boy): 88
Callie(Girl): 297
Calvin(Boy): 173
Camden(Boy): 955
Cameron(Boy): 62
Cameron(Girl): 675
Camille(Girl): 243
Camron(Boy): 762
Candace(Girl): 142
Candice(Girl): 147
Candy(Girl): 949
Cara(Girl): 235
Carey(Boy): 858
Cari(Girl): 959
Carina(Girl): 544
Carissa(Girl): 257
Carl(Boy): 145
Carla(Girl): 263
Carley(Girl): 761
Carlie(Girl): 924
Carlo(Boy): 838
Carlos(Boy): 75
Carlton(Boy): 425
Carly(Girl): 163
Carmen(Girl): 217
Carol(Girl): 350
Carolina(Girl): 302
Caroline(Girl): 116
Carolyn(Girl): 169
Carrie(Girl): 170
Carson(Boy): 456
Carter(Boy): 551
Cary(Boy): 817
Casandra(Girl): 407
Casey(Boy): 89
Casey(Girl): 106
Cassandra(Girl): 49
Cassidy(Boy): 922
Cassidy(Girl): 468
Cassie(Girl): 228
Cassondra(Girl): 724
Catalina(Girl): 956
Catherine(Girl): 71
Cathy(Girl): 914
Catrina(Girl): 908
Cayla(Girl): 550
Cecelia(Girl): 847
Cecil(Boy): 664
Cecilia(Girl): 326
Cecily(Girl): 574
Cedric(Boy): 377
Cedrick(Boy): 828
Celeste(Girl): 398
Celia(Girl): 589
Celina(Girl): 704
Cesar(Boy): 199
Chad(Boy): 85
Chadwick(Boy): 594
Chaim(Boy): 893
Chance(Boy): 316
Chandler(Boy): 486
Chandra(Girl): 742
Chanel(Girl): 419
Chanelle(Girl): 925
Channing(Boy): 951
Chantal(Girl): 552
Chantel(Girl): 362
Chantelle(Girl): 721
Charity(Girl): 458
Charlene(Girl): 394
Charles(Boy): 38
Charlie(Boy): 422
Charlotte(Girl): 287
Charmaine(Girl): 819
Chase(Boy): 110
Chasity(Girl): 373
Chastity(Girl): 915
Chauncey(Boy): 952
Chaya(Girl): 894
Chaz(Boy): 448
Chelsea(Girl): 24
Chelsey(Girl): 128
Chelsi(Girl): 762
Chelsie(Girl): 273
Cherie(Girl): 865
Cherish(Girl): 992
Cheryl(Girl): 415
Chester(Boy): 676
Cheyenne(Girl): 330
Chloe(Girl): 212
Chris(Boy): 449
Christa(Girl): 372
Christen(Girl): 650
Christian(Boy): 60
Christian(Girl): 319
Christiana(Girl): 831
Christie(Girl): 436
Christin(Girl): 615
Christina(Girl): 25
Christine(Girl): 62
Christopher(Boy): 2
Christopher(Girl): 982
Christy(Girl): 284
Chrystal(Girl): 696
Ciara(Girl): 294
Ciera(Girl): 443
Cierra(Girl): 268
Cindy(Girl): 185
Claire(Girl): 159
Clara(Girl): 522
Clare(Girl): 657
Clarence(Boy): 373
Clarissa(Girl): 322
Clark(Boy): 537
Claude(Boy): 833
Claudia(Girl): 199
Clay(Boy): 444
Clayton(Boy): 153
Clifford(Boy): 346
Clifton(Boy): 473
Clint(Boy): 375
Clinton(Boy): 201
Clyde(Boy): 638
Coby(Boy): 986
Codey(Boy): 800
Codie(Boy): 930
Cody(Boy): 31
Cody(Girl): 858
Colby(Boy): 244
Cole(Boy): 248
Coleman(Boy): 787
Colin(Boy): 122
Colleen(Girl): 160
Collin(Boy): 239
Colt(Boy): 768
Colten(Boy): 619
Colton(Boy): 139
Conner(Boy): 628
Connie(Girl): 483
Connor(Boy): 221
Conor(Boy): 459
Conrad(Boy): 621
Constance(Girl): 506
Cooper(Boy): 706
Cora(Girl): 852
Corbin(Boy): 426
Cordell(Boy): 749
Corey(Boy): 56
Corey(Girl): 671
Cori(Girl): 705
Corina(Girl): 646
Corinne(Girl): 406
Cornelius(Boy): 487
Cornell(Boy): 962
Corrine(Girl): 877
Cortez(Boy): 533
Cortney(Boy): 931
Cortney(Girl): 225
Cory(Boy): 67
Cory(Girl): 970
Coty(Boy): 447
Courtney(Boy): 356
Courtney(Girl): 17
Craig(Boy): 116
Cristal(Girl): 518
Cristian(Boy): 417
Cristina(Girl): 165
Cristobal(Boy): 923
Cristopher(Boy): 743
Cruz(Boy): 717
Crystal(Girl): 39
Cullen(Boy): 788
Curtis(Boy): 120
Cynthia(Girl): 88
Cyrus(Boy): 829
Daisy(Girl): 193
Dakota(Boy): 194
Dakota(Girl): 597
Dale(Boy): 285
Dallas(Boy): 391
Dalton(Boy): 193
Damian(Boy): 322
Damien(Boy): 332
Damion(Boy): 675
Damon(Boy): 321
Dan(Boy): 660
Dana(Boy): 532
Dana(Girl): 114
Danae(Girl): 974
Dandre(Boy): 747
Dane(Boy): 336
Dangelo(Boy): 839
Danica(Girl): 639
Daniel(Boy): 5
Daniela(Girl): 381
Daniella(Girl): 500
Danielle(Girl): 18
Danika(Girl): 886
Danny(Boy): 162
Dante(Boy): 366
Danyelle(Girl): 946
Daphne(Girl): 764
Daquan(Boy): 709
Dara(Girl): 882
Darcy(Girl): 782
Daren(Boy): 886
Darian(Boy): 631
Darien(Boy): 841
Darin(Boy): 530
Dario(Boy): 783
Darion(Boy): 859
Darius(Boy): 152
Darlene(Girl): 484
Darnell(Boy): 353
Daron(Boy): 849
Darrel(Boy): 772
Darrell(Boy): 245
Darren(Boy): 200
Darrick(Boy): 818
Darrin(Boy): 509
Darrius(Boy): 569
Darryl(Boy): 255
Darwin(Boy): 910
Daryl(Boy): 440
Dashawn(Boy): 731
Dave(Boy): 924
David(Boy): 6
Davin(Boy): 969
Davis(Boy): 597
Davon(Boy): 479
Dawn(Girl): 359
Dayna(Girl): 640
Dayton(Boy): 876
Dean(Boy): 286
Deana(Girl): 884
Deandre(Boy): 276
Deangelo(Boy): 454
Deanna(Girl): 158
Debbie(Girl): 744
Deborah(Girl): 262
Debra(Girl): 453
Deidra(Girl): 840
Deidre(Girl): 971
Deirdre(Girl): 990
Deja(Girl): 747
Dejuan(Boy): 790
Delia(Girl): 810
Demarco(Boy): 801
Demarcus(Boy): 442
Demario(Boy): 667
Demetria(Girl): 885
Demetrius(Boy): 290
Dena(Girl): 966
Denise(Girl): 152
Dennis(Boy): 129
Denzel(Boy): 445
Deon(Boy): 549
Deontae(Boy): 979
Deonte(Boy): 615
Dereck(Boy): 778
Derek(Boy): 54
Derick(Boy): 412
Derik(Boy): 732
Deron(Boy): 863
Derrek(Boy): 956
Derrell(Boy): 900
Derrick(Boy): 106
Deshawn(Boy): 481
Desirae(Girl): 481
Desiree(Girl): 125
Desmond(Boy): 287
Destinee(Girl): 845
Destiny(Girl): 202
Devan(Boy): 493
Devan(Girl): 669
Deven(Boy): 730
Devin(Boy): 98
Devin(Girl): 316
Devon(Boy): 151
Devon(Girl): 277
Dewayne(Boy): 647
Dexter(Boy): 376
Diamond(Girl): 429
Diana(Girl): 99
Diane(Girl): 363
Dianna(Girl): 594
Diego(Boy): 308
Dillon(Boy): 184
Dina(Girl): 755
Dion(Boy): 526
Dionte(Boy): 970
Domingo(Boy): 823
Dominic(Boy): 189
Dominick(Boy): 393
Dominique(Boy): 207
Dominique(Girl): 153
Dominque(Boy): 723
Dominque(Girl): 912
Domonique(Girl): 699
Don(Boy): 553
Donald(Boy): 87
Donavan(Boy): 803
Donna(Girl): 317
Donnell(Boy): 652
Donnie(Boy): 545
Donny(Boy): 980
Donovan(Boy): 299
Donta(Boy): 903
Dontae(Boy): 735
Donte(Boy): 424
Dora(Girl): 975
Dorian(Boy): 520
Doris(Girl): 853
Dorothy(Girl): 426
Douglas(Boy): 103
Drake(Boy): 538
Drew(Boy): 160
Duane(Boy): 521
Dulce(Girl): 903
Duncan(Boy): 737
Dustin(Boy): 50
Dusty(Boy): 643
Dwayne(Boy): 307
Dwight(Boy): 446
Dylan(Boy): 83
Earl(Boy): 403
Earnest(Boy): 850
Eboni(Girl): 794
Ebony(Girl): 187
Eddie(Boy): 232
Eddy(Boy): 925
Eden(Girl): 697
Edgar(Boy): 143
Edgardo(Boy): 779
Edith(Girl): 560
Edmund(Boy): 819
Edna(Girl): 950
Eduardo(Boy): 149
Edward(Boy): 68
Edwardo(Boy): 987
Edwin(Boy): 170
Efrain(Boy): 539
Efren(Boy): 773
Eileen(Girl): 464
Elaina(Girl): 814
Elaine(Girl): 409
Eleanor(Girl): 598
Elena(Girl): 353
Eli(Boy): 363
Elias(Boy): 360
Eliezer(Boy): 997
Elijah(Boy): 243
Elisa(Girl): 421
Elisabeth(Girl): 348
Elise(Girl): 265
Eliseo(Boy): 963
Elisha(Boy): 957
Elisha(Girl): 647
Elissa(Girl): 743
Eliza(Girl): 558
Elizabeth(Girl): 9
Ella(Girl): 869
Ellen(Girl): 208
Elliot(Boy): 369
Elliott(Boy): 358
Ellis(Boy): 758
Elmer(Boy): 698
Elsa(Girl): 817
Elton(Boy): 964
Elvin(Boy): 935
Elvis(Boy): 718
Elyse(Girl): 526
Elyssa(Girl): 983
Emanuel(Boy): 372
Emerson(Boy): 906
Emilee(Girl): 588
Emilia(Girl): 984
Emilie(Girl): 616
Emilio(Boy): 438
Emily(Girl): 12
Emma(Girl): 130
Emmanuel(Boy): 218
Emmett(Boy): 965
Enrique(Boy): 263
Eric(Boy): 24
Erica(Girl): 36
Erich(Boy): 719
Erick(Boy): 223
Ericka(Girl): 356
Erik(Boy): 96
Erika(Girl): 74
Erin(Boy): 654
Erin(Girl): 43
Ernest(Boy): 283
Ernesto(Boy): 310
Ervin(Boy): 840
Eryn(Girl): 972
Esmeralda(Girl): 425
Esteban(Boy): 414
Estevan(Boy): 720
Esther(Girl): 286
Ethan(Boy): 58
Eugene(Boy): 312
Eunice(Girl): 928
Eva(Girl): 344
Evan(Boy): 71
Evelyn(Girl): 220
Everett(Boy): 556
Ezekiel(Boy): 625
Ezequiel(Boy): 765
Ezra(Boy): 763
Fabian(Boy): 325
Fabiola(Girl): 854
Faith(Girl): 295
Fallon(Girl): 918
Fatima(Girl): 622
Federico(Boy): 945
Felicia(Girl): 121
Felipe(Boy): 427
Felisha(Girl): 774
Felix(Boy): 368
Fernando(Boy): 179
Fidel(Boy): 804
Fiona(Girl): 941
Floyd(Boy): 641
Forrest(Boy): 420
Frances(Girl): 351
Francesca(Girl): 465
Francesco(Boy): 834
Francis(Boy): 284
Francisco(Boy): 115
Frank(Boy): 109
Frankie(Boy): 494
Franklin(Boy): 298
Fred(Boy): 498
Freddie(Boy): 574
Freddy(Boy): 542
Frederick(Boy): 252
Fredrick(Boy): 468
Gabriel(Boy): 100
Gabriel(Girl): 904
Gabriela(Girl): 182
Gabriella(Girl): 292
Gabrielle(Girl): 98
Gage(Boy): 359
Galen(Boy): 766
Garett(Boy): 912
Garret(Boy): 506
Garrett(Boy): 99
Garrick(Boy): 636
Garrison(Boy): 958
Garry(Boy): 769
Gary(Boy): 114
Gavin(Boy): 294
Genaro(Boy): 994
Gene(Boy): 618
Genesis(Girl): 590
Geneva(Girl): 848
Genevieve(Girl): 485
Geoffrey(Boy): 249
George(Boy): 79
Georgia(Girl): 717
Georgina(Girl): 976
Gerald(Boy): 211
Geraldine(Girl): 947
Gerard(Boy): 527
Gerardo(Boy): 254
German(Boy): 616
Giancarlo(Boy): 911
Gianna(Girl): 863
Gilbert(Boy): 341
Gilberto(Boy): 431
Gillian(Girl): 825
Gina(Girl): 139
Gino(Boy): 789
Giovanni(Boy): 329
Giselle(Girl): 706
Gladys(Girl): 530
Glen(Boy): 464
Glenn(Boy): 296
Gloria(Girl): 241
Gonzalo(Boy): 770
Gordon(Boy): 471
Grace(Girl): 140
Graciela(Girl): 977
Grady(Boy): 774
Graham(Boy): 397
Grant(Boy): 183
Grayson(Boy): 669
Greg(Boy): 712
Gregg(Boy): 914
Greggory(Boy): 864
Gregorio(Boy): 808
Gregory(Boy): 51
Gretchen(Girl): 626
Griffin(Boy): 601
Griselda(Girl): 730
Guadalupe(Boy): 611
Guadalupe(Girl): 328
Guillermo(Boy): 396
Gustavo(Boy): 343
Guy(Boy): 565
Gwendolyn(Girl): 679
Hailey(Girl): 293
Hakeem(Boy): 612
Haleigh(Girl): 960
Haley(Girl): 108
Hali(Girl): 994
Hallie(Girl): 778
Hanna(Girl): 342
Hannah(Girl): 30
Hans(Boy): 745
Harley(Boy): 590
Harold(Boy): 324
Harrison(Boy): 279
Harry(Boy): 370
Harvey(Boy): 707
Hassan(Boy): 733
Hayden(Boy): 378
Hayley(Girl): 267
Heath(Boy): 461
Heather(Girl): 19
Heaven(Girl): 855
Hector(Boy): 156
Heidi(Girl): 200
Helen(Girl): 320
Helena(Girl): 948
Henry(Boy): 138
Herbert(Boy): 531
Heriberto(Boy): 682
Herman(Boy): 637
Hernan(Boy): 939
Hilary(Girl): 232
Hillary(Girl): 192
Holden(Boy): 756
Holli(Girl): 895
Hollie(Girl): 609
Holly(Girl): 89
Hope(Girl): 266
Houston(Boy): 728
Howard(Boy): 404
Hugh(Boy): 736
Hugo(Boy): 415
Humberto(Boy): 512
Hunter(Boy): 219
Ian(Boy): 70
Ibrahim(Boy): 877
Iesha(Girl): 732
Ignacio(Boy): 599
Iliana(Girl): 740
Imani(Girl): 929
India(Girl): 488
Infant(Boy): 389
Infant(Girl): 434
Ingrid(Girl): 737
Ira(Boy): 835
Irene(Girl): 387
Iris(Girl): 417
Irma(Girl): 683
Irvin(Boy): 613
Irving(Boy): 685
Isaac(Boy): 132
Isabel(Girl): 339
Isabella(Girl): 892
Isaiah(Boy): 206
Isaias(Boy): 811
Isamar(Girl): 533
Isiah(Boy): 433
Isidro(Boy): 913
Ismael(Boy): 413
Israel(Boy): 317
Issac(Boy): 606
Ivan(Boy): 178
Ivana(Girl): 849
Ivette(Girl): 859
Ivy(Girl): 770
Jabari(Boy): 907
Jace(Boy): 552
Jack(Boy): 166
Jackie(Boy): 629
Jackie(Girl): 523
Jacklyn(Girl): 541
Jackson(Boy): 319
Jaclyn(Girl): 143
Jacob(Boy): 20
Jacoby(Boy): 908
Jacqueline(Girl): 67
Jacquelyn(Girl): 221
Jacques(Boy): 797
Jada(Girl): 998
Jade(Boy): 830
Jade(Girl): 218
Jaime(Boy): 215
Jaime(Girl): 310
Jaimee(Girl): 874
Jaimie(Girl): 507
Jairo(Boy): 677
Jake(Boy): 140
Jakob(Boy): 578
Jaleesa(Girl): 655
Jalisa(Girl): 446
Jamaal(Boy): 670
Jamal(Boy): 247
Jamar(Boy): 421
Jamarcus(Boy): 812
Jamel(Boy): 519
James(Boy): 8
Jameson(Boy): 661
Jami(Girl): 519
Jamie(Boy): 227
Jamie(Girl): 54
Jamil(Boy): 744
Jamila(Girl): 835
Jamison(Boy): 662
Jan(Boy): 915
Jana(Girl): 545
Janae(Girl): 502
Janay(Girl): 719
Jane(Girl): 345
Janel(Girl): 965
Janell(Girl): 866
Janelle(Girl): 258
Janessa(Girl): 674
Janet(Girl): 223
Janette(Girl): 634
Janice(Girl): 477
Janie(Girl): 668
Janine(Girl): 659
Janna(Girl): 836
Jaquan(Boy): 755
Jaqueline(Girl): 791
Jared(Boy): 63
Jarod(Boy): 634
Jaron(Boy): 496
Jarred(Boy): 411
Jarrell(Boy): 981
Jarret(Boy): 882
Jarrett(Boy): 380
Jarrod(Boy): 318
Jarvis(Boy): 435
Jasmin(Girl): 231
Jasmine(Girl): 28
Jason(Boy): 47
Jasper(Boy): 614
Javier(Boy): 157
Javon(Boy): 535
Jay(Boy): 217
Jayme(Girl): 595
Jayson(Boy): 499
Jazmin(Girl): 304
Jazmine(Girl): 301
Jean(Boy): 522
Jean(Girl): 771
Jeanette(Girl): 280
Jeanne(Girl): 961
Jeannette(Girl): 772
Jedidiah(Boy): 971
Jeff(Boy): 644
Jefferson(Boy): 710
Jeffery(Boy): 136
Jeffrey(Boy): 43
Jeffry(Boy): 946
Jena(Girl): 562
Jenifer(Girl): 623
Jenna(Girl): 81
Jennie(Girl): 584
Jennifer(Girl): 8
Jenny(Girl): 214
Jerad(Boy): 851
Jerald(Boy): 809
Jered(Boy): 926
Jerel(Boy): 860
Jeremey(Boy): 982
Jeremiah(Boy): 154
Jeremy(Boy): 40
Jerica(Girl): 729
Jermaine(Boy): 306
Jerod(Boy): 780
Jerome(Boy): 264
Jeromy(Boy): 983
Jerrell(Boy): 691
Jerrica(Girl): 608
Jerrod(Boy): 568
Jerry(Boy): 147
Jesenia(Girl): 962
Jesica(Girl): 930
Jess(Boy): 694
Jesse(Boy): 48
Jesse(Girl): 648
Jessenia(Girl): 909
Jessi(Girl): 916
Jessica(Boy): 865
Jessica(Girl): 1
Jessie(Boy): 231
Jessie(Girl): 254
Jessika(Girl): 600
Jessy(Boy): 760
Jesus(Boy): 90
Jill(Girl): 329
Jillian(Girl): 122
Jim(Boy): 688
Jimmie(Boy): 554
Jimmy(Boy): 171
Joan(Girl): 763
Joana(Girl): 905
Joann(Girl): 684
Joanna(Girl): 138
Joanne(Girl): 561
Joaquin(Boy): 598
Jocelyn(Girl): 219
Jodi(Girl): 473
Jodie(Girl): 871
Jody(Boy): 699
Jody(Girl): 986
Joe(Boy): 212
Joel(Boy): 95
Joelle(Girl): 792
Joey(Boy): 352
Johanna(Girl): 374
John(Boy): 12
Johnathan(Boy): 108
Johnathon(Boy): 251
Johnnie(Boy): 561
Johnny(Boy): 130
Jolene(Girl): 795
Jon(Boy): 216
Jonah(Boy): 653
Jonas(Boy): 776
Jonathan(Boy): 17
Jonathon(Boy): 124
Jordan(Boy): 29
Jordan(Girl): 59
Jorden(Boy): 866
Jordon(Boy): 349
Jordyn(Girl): 480
Jorge(Boy): 117
Jory(Boy): 998
Jose(Boy): 41
Josef(Boy): 786
Joseph(Boy): 10
Josephine(Girl): 437
Josh(Boy): 700
Joshua(Boy): 4
Josiah(Boy): 354
Josie(Girl): 619
Josue(Boy): 292
Jovan(Boy): 622
Joy(Girl): 375
Joyce(Girl): 479
Juan(Boy): 61
Juana(Girl): 812
Juanita(Girl): 529
Judith(Girl): 454
Judy(Girl): 575
Julia(Girl): 83
Julian(Boy): 123
Juliana(Girl): 427
Julianna(Girl): 658
Julianne(Girl): 444
Julie(Girl): 93
Julien(Boy): 953
Julio(Boy): 195
Julissa(Girl): 776
Julius(Boy): 402
Junior(Boy): 831
Justen(Boy): 726
Justin(Boy): 9
Justina(Girl): 536
Justine(Boy): 972
Justine(Girl): 188
Kacey(Girl): 651
Kaci(Girl): 621
Kacie(Girl): 517
Kacy(Girl): 957
Kadeem(Boy): 540
Kaela(Girl): 807
Kai(Boy): 928
Kaila(Girl): 435
Kailey(Girl): 602
Kaitlin(Girl): 101
Kaitlyn(Girl): 78
Kaitlynn(Girl): 654
Kala(Girl): 543
Kaleb(Boy): 305
Kaleigh(Girl): 531
Kaley(Girl): 601
Kali(Girl): 445
Kalie(Girl): 931
Kallie(Girl): 942
Kalvin(Boy): 940
Kalyn(Girl): 850
Kameron(Boy): 462
Kandace(Girl): 751
Kandice(Girl): 752
Kanesha(Girl): 951
Kanisha(Girl): 714
Kara(Girl): 110
Kareem(Boy): 575
Karen(Girl): 120
Kari(Girl): 256
Karina(Girl): 189
Karissa(Girl): 313
Karl(Boy): 295
Karla(Girl): 279
Karli(Girl): 926
Karly(Girl): 889
Kasandra(Girl): 670
Kasey(Boy): 457
Kasey(Girl): 216
Kassandra(Girl): 312
Kassie(Girl): 748
Kate(Girl): 270
Katelin(Girl): 567
Katelyn(Girl): 75
Katelynn(Girl): 378
Katharine(Girl): 401
Katherine(Girl): 26
Katheryn(Girl): 906
Kathleen(Girl): 92
Kathrine(Girl): 781
Kathryn(Girl): 57
Kathy(Girl): 503
Kati(Girl): 878
Katie(Girl): 55
Katlin(Girl): 627
Katlyn(Girl): 343
Katrina(Girl): 127
Katy(Girl): 514
Kaycee(Girl): 846
Kayla(Girl): 14
Kaylee(Girl): 234
Kayleigh(Girl): 414
Kaylie(Girl): 806
Kaylin(Girl): 718
Kaylyn(Girl): 677
Keaton(Boy): 592
Keegan(Boy): 500
Keely(Girl): 767
Keenan(Boy): 392
Keenen(Boy): 988
Kegan(Boy): 916
Keisha(Girl): 396
Keith(Boy): 80
Kelby(Boy): 932
Kellen(Boy): 658
Kelley(Girl): 308
Kelli(Girl): 181
Kellie(Girl): 264
Kelly(Boy): 351
Kelly(Girl): 41
Kelsea(Girl): 779
Kelsey(Boy): 729
Kelsey(Girl): 32
Kelsi(Girl): 495
Kelsie(Girl): 321
Kelvin(Boy): 288
Ken(Boy): 857
Kendal(Boy): 887
Kendall(Boy): 289
Kendall(Girl): 404
Kendell(Boy): 909
Kendra(Girl): 117
Kendrick(Boy): 339
Kenisha(Girl): 879
Kenneth(Boy): 52
Kenny(Boy): 432
Kent(Boy): 488
Kenton(Boy): 867
Kenya(Girl): 614
Keon(Boy): 820
Keri(Girl): 388
Kerri(Girl): 438
Kerry(Boy): 483
Kerry(Girl): 447
Keshia(Girl): 593
Keven(Boy): 984
Kevin(Boy): 23
Kevon(Boy): 878
Khalil(Boy): 852
Khiry(Boy): 648
Kia(Girl): 860
Kiana(Girl): 758
Kiara(Girl): 171
Kiefer(Boy): 854
Kiera(Girl): 566
Kierra(Girl): 433
Kiersten(Girl): 620
Kiley(Girl): 753
Kim(Girl): 788
Kimber(Girl): 985
Kimberlee(Girl): 710
Kimberley(Girl): 666
Kimberly(Girl): 31
Kira(Girl): 527
Kirby(Boy): 784
Kirk(Boy): 347
Kirsten(Girl): 157
Kirstie(Girl): 457
Kirstin(Girl): 564
Kody(Boy): 304
Kolby(Boy): 821
Korey(Boy): 436
Kori(Girl): 793
Kortney(Girl): 676
Kory(Boy): 386
Kourtney(Girl): 402
Kraig(Boy): 973
Krista(Girl): 145
Kristal(Girl): 692
Kristan(Girl): 958
Kristen(Girl): 42
Kristi(Girl): 269
Kristian(Boy): 570
Kristian(Girl): 628
Kristie(Girl): 376
Kristin(Girl): 65
Kristina(Girl): 77
Kristine(Girl): 238
Kristofer(Boy): 543
Kristoffer(Boy): 989
Kristopher(Boy): 165
Kristy(Girl): 248
Kristyn(Girl): 520
Krysta(Girl): 707
Krystal(Girl): 104
Krysten(Girl): 841
Krystin(Girl): 932
Krystina(Girl): 754
Krystle(Girl): 461
Kurt(Boy): 274
Kurtis(Boy): 410
Kwame(Boy): 582
Kyla(Girl): 428
Kyle(Boy): 18
Kyle(Girl): 823
Kylee(Girl): 422
Kyler(Boy): 623
Kylie(Girl): 179
Kyra(Girl): 570
Lacey(Girl): 148
Laci(Girl): 784
Lacie(Girl): 642
Lacy(Girl): 355
Ladarius(Boy): 750
Lakeisha(Girl): 587
Laken(Girl): 954
Lakeshia(Girl): 896
Lamar(Boy): 350
Lamont(Boy): 571
Lana(Girl): 808
Lance(Boy): 181
Landon(Boy): 326
Lane(Boy): 558
Laquan(Boy): 824
Laquita(Girl): 826
Lara(Girl): 538
Larissa(Girl): 403
Laron(Boy): 868
Larry(Boy): 144
Lashonda(Girl): 893
Latasha(Girl): 360
Latifah(Girl): 702
Latisha(Girl): 493
Latonya(Girl): 798
Latoya(Girl): 253
Latrice(Girl): 749
Laura(Girl): 29
Laurel(Girl): 532
Lauren(Girl): 10
Laurence(Boy): 936
Laurie(Girl): 649
Lauryn(Girl): 700
Lawrence(Boy): 174
Lazaro(Boy): 990
Lea(Girl): 516
Leah(Girl): 82
Leandra(Girl): 803
Leann(Girl): 693
Leanna(Girl): 389
Leanne(Girl): 534
Lee(Boy): 213
Lee(Girl): 955
Leeann(Girl): 813
Leigh(Girl): 469
Leila(Girl): 999
Leland(Boy): 609
Lena(Girl): 528
Leo(Boy): 477
Leon(Boy): 390
Leonard(Boy): 291
Leonardo(Boy): 416
Leonel(Boy): 617
Leroy(Boy): 443
Lesley(Girl): 539
Leslie(Boy): 585
Leslie(Girl): 115
Lester(Boy): 632
Leticia(Girl): 340
Levi(Boy): 182
Lewis(Boy): 399
Lia(Girl): 952
Liam(Boy): 605
Liana(Girl): 799
Liliana(Girl): 369
Lillian(Girl): 366
Lily(Girl): 585
Lincoln(Boy): 855
Linda(Girl): 175
Lindsay(Girl): 69
Lindsey(Girl): 51
Linsey(Girl): 993
Lionel(Boy): 665
Lisa(Girl): 64
Lisette(Girl): 944
Lissette(Girl): 897
Liza(Girl): 890
Lizbeth(Girl): 629
Lizeth(Girl): 967
Lizette(Girl): 625
Lloyd(Boy): 490
Logan(Boy): 104
Logan(Girl): 610
Lonnie(Boy): 508
Lora(Girl): 768
Loren(Boy): 630
Loren(Girl): 515
Lorena(Girl): 383
Lorenzo(Boy): 309
Loretta(Girl): 934
Lori(Girl): 323
Lorraine(Girl): 656
Louie(Boy): 844
Louis(Boy): 168
Lourdes(Girl): 910
Lucas(Boy): 112
Lucero(Girl): 867
Lucia(Girl): 582
Lucy(Girl): 451
Luis(Boy): 66
Luisa(Girl): 968
Lukas(Boy): 528
Luke(Boy): 118
Luther(Boy): 767
Luz(Girl): 604
Lydia(Girl): 206
Lyle(Boy): 633
Lyndsay(Girl): 715
Lyndsey(Girl): 384
Lynette(Girl): 820
Lynn(Girl): 580
Lynsey(Girl): 987
Mackenzie(Boy): 524
Mackenzie(Girl): 247
Macy(Girl): 641
Madeleine(Girl): 578
Madeline(Girl): 197
Madelyn(Girl): 733
Madison(Boy): 847
Madison(Girl): 203
Maegan(Girl): 576
Magdalena(Girl): 919
Magen(Girl): 875
Maggie(Girl): 288
Mai(Girl): 796
Maira(Girl): 800
Makayla(Girl): 804
Malachi(Boy): 959
Malcolm(Boy): 241
Malcom(Boy): 873
Male(Boy): 701
Malik(Boy): 557
Mallory(Girl): 162
Mandi(Girl): 876
Mandy(Girl): 467
Manuel(Boy): 134
Mara(Girl): 540
Maranda(Girl): 596
Marc(Boy): 163
Marcel(Boy): 560
Marcella(Girl): 759
Marcelo(Boy): 974
Marcia(Girl): 901
Marco(Boy): 226
Marcos(Boy): 273
Marcus(Boy): 72
Margaret(Girl): 102
Margarita(Girl): 459
Mari(Girl): 933
Maria(Girl): 47
Mariah(Girl): 259
Marian(Girl): 935
Mariana(Girl): 508
Marianne(Girl): 980
Maribel(Girl): 393
Maricela(Girl): 583
Marie(Girl): 213
Mariel(Girl): 963
Mariela(Girl): 821
Marilyn(Girl): 432
Marina(Girl): 324
Mario(Boy): 119
Marion(Boy): 883
Marisa(Girl): 255
Marisela(Girl): 617
Marisol(Girl): 400
Marissa(Girl): 87
Maritza(Girl): 486
Marjorie(Girl): 887
Mark(Boy): 46
Markus(Boy): 501
Marla(Girl): 805
Marlena(Girl): 969
Marlene(Girl): 390
Marlin(Boy): 966
Marlon(Boy): 458
Marques(Boy): 813
Marquez(Boy): 874
Marquis(Boy): 258
Marquise(Boy): 555
Marquita(Girl): 789
Marsha(Girl): 964
Marshall(Boy): 280
Martell(Boy): 975
Martez(Boy): 785
Martha(Girl): 229
Martika(Girl): 757
Martin(Boy): 113
Martina(Girl): 832
Marty(Boy): 781
Marvin(Boy): 237
Mary(Girl): 35
Maryann(Girl): 902
Mason(Boy): 208
Mathew(Boy): 148
Matthew(Boy): 3
Maura(Girl): 644
Maureen(Girl): 497
Maurice(Boy): 205
Mauricio(Boy): 547
Max(Boy): 172
Maximilian(Boy): 684
Maxwell(Boy): 188
Maya(Girl): 399
Mayra(Girl): 195
Mckenzie(Girl): 490
Meagan(Girl): 126
Meaghan(Girl): 367
Megan(Girl): 11
Meghan(Girl): 91
Melanie(Girl): 86
Melina(Girl): 833
Melinda(Girl): 207
Melisa(Girl): 777
Melissa(Girl): 20
Melody(Girl): 314
Melvin(Boy): 278
Mercedes(Girl): 176
Meredith(Girl): 190
Mia(Girl): 341
Micaela(Girl): 811
Micah(Boy): 238
Micah(Girl): 907
Michael(Boy): 1
Michael(Girl): 750
Michaela(Girl): 311
Micheal(Boy): 175
Michel(Boy): 894
Michele(Girl): 244
Michelle(Girl): 22
Mickey(Boy): 836
Miguel(Boy): 101
Mikaela(Girl): 773
Mikayla(Girl): 711
Mike(Boy): 507
Mikel(Boy): 757
Mikhail(Boy): 967
Miles(Boy): 269
Milton(Boy): 566
Mindy(Girl): 423
Miranda(Girl): 112
Miriam(Girl): 285
Misael(Boy): 999
Misty(Girl): 278
Mitchel(Boy): 572
Mitchell(Boy): 93
Mohamed(Boy): 740
Mohammad(Boy): 604
Mohammed(Boy): 678
Moises(Boy): 467
Mollie(Girl): 462
Molly(Girl): 80
Monica(Girl): 76
Monika(Girl): 785
Monique(Girl): 132
Monte(Boy): 901
Morgan(Boy): 277
Morgan(Girl): 58
Moriah(Girl): 801
Morris(Boy): 761
Moses(Boy): 588
Moshe(Boy): 702
Mychal(Boy): 825
Mykel(Boy): 869
Myles(Boy): 428
Myra(Girl): 701
Myron(Boy): 679
Nadia(Girl): 395
Nadine(Girl): 694
Najee(Boy): 941
Nancy(Girl): 131
Naomi(Girl): 300
Natalia(Girl): 478
Natalie(Girl): 63
Nataly(Girl): 913
Natasha(Girl): 105
Nathalie(Girl): 662
Nathan(Boy): 44
Nathanael(Boy): 523
Nathanial(Boy): 650
Nathaniel(Boy): 86
Neal(Boy): 460
Neil(Boy): 261
Nelson(Boy): 281
Nestor(Boy): 626
Nia(Girl): 864
Nicholas(Boy): 14
Nichole(Girl): 151
Nick(Boy): 671
Nickolas(Boy): 268
Nico(Boy): 620
Nicolas(Boy): 187
Nicole(Girl): 13
Nicolette(Girl): 511
Nigel(Boy): 573
Nikita(Girl): 660
Nikki(Girl): 282
Nikko(Boy): 904
Niko(Boy): 777
Nikolas(Boy): 472
Nikole(Girl): 837
Nina(Girl): 260
Noah(Boy): 228
Noe(Boy): 541
Noel(Boy): 394
Noel(Girl): 790
Noelle(Girl): 463
Noemi(Girl): 592
Nolan(Boy): 302
Nora(Girl): 431
Norma(Girl): 494
Norman(Boy): 470
Octavia(Girl): 618
Octavio(Boy): 695
Olga(Girl): 786
Oliver(Boy): 371
Olivia(Girl): 72
Omar(Boy): 159
Orlando(Boy): 314
Oscar(Boy): 135
Osvaldo(Boy): 639
Otis(Boy): 697
Owen(Boy): 453
Pablo(Boy): 357
Paige(Girl): 79
Pamela(Girl): 237
Paola(Girl): 665
Paris(Boy): 659
Paris(Girl): 542
Parker(Boy): 342
Patrice(Girl): 471
Patricia(Girl): 97
Patrick(Boy): 36
Paul(Boy): 49
Paula(Girl): 296
Paulina(Girl): 571
Pauline(Girl): 756
Payton(Boy): 895
Pedro(Boy): 197
Peggy(Girl): 1000
Perla(Girl): 636
Perry(Boy): 455
Pete(Boy): 782
Peter(Boy): 74
Peyton(Boy): 947
Philip(Boy): 111
Phillip(Boy): 81
Phoebe(Girl): 872
Phylicia(Girl): 787
Pierce(Boy): 891
Pierre(Boy): 495
Porsha(Girl): 736
Portia(Girl): 844
Precious(Girl): 452
Preston(Boy): 198
Prince(Boy): 917
Princess(Girl): 760
Priscilla(Girl): 167
Quentin(Boy): 338
Quincy(Boy): 502
Quinn(Boy): 517
Quinten(Boy): 861
Quintin(Boy): 504
Quinton(Boy): 297
Rachael(Girl): 111
Racheal(Girl): 637
Rachel(Girl): 16
Rachelle(Girl): 332
Rafael(Boy): 202
Raheem(Boy): 771
Rakeem(Boy): 942
Ralph(Boy): 385
Ramiro(Boy): 478
Ramon(Boy): 250
Randal(Boy): 722
Randall(Boy): 192
Randi(Girl): 338
Randolph(Boy): 672
Randy(Boy): 131
Raphael(Boy): 465
Raquel(Girl): 239
Rashaad(Boy): 918
Rashad(Boy): 355
Rashawn(Boy): 724
Rasheed(Boy): 933
Raul(Boy): 210
Raven(Girl): 166
Ray(Boy): 328
Raymond(Boy): 92
Raymundo(Boy): 826
Rebeca(Girl): 725
Rebecca(Girl): 21
Rebekah(Girl): 149
Reece(Boy): 791
Reed(Boy): 655
Reese(Boy): 896
Reggie(Boy): 943
Regina(Girl): 281
Reginald(Boy): 230
Reid(Boy): 544
Remington(Boy): 927
Renae(Girl): 988
Rene(Boy): 303
Renee(Girl): 184
Reuben(Boy): 583
Rex(Boy): 663
Reyna(Girl): 726
Reynaldo(Boy): 536
Rhett(Boy): 842
Rhiannon(Girl): 672
Rhonda(Girl): 605
Ricardo(Boy): 121
Richard(Boy): 35
Richelle(Girl): 898
Rick(Boy): 510
Rickey(Boy): 503
Ricky(Boy): 176
Rico(Boy): 584
Rigoberto(Boy): 640
Rikki(Girl): 824
Riley(Boy): 311
Riley(Girl): 827
Rita(Girl): 547
Robbie(Boy): 751
Robert(Boy): 13
Roberta(Girl): 939
Roberto(Boy): 150
Robin(Boy): 595
Robin(Girl): 201
Robyn(Girl): 309
Rocco(Boy): 870
Rochelle(Girl): 377
Rocio(Girl): 548
Rocky(Boy): 657
Roderick(Boy): 387
Rodney(Boy): 180
Rodolfo(Boy): 401
Rodrick(Boy): 827
Rodrigo(Boy): 511
Rogelio(Boy): 439
Roger(Boy): 209
Roland(Boy): 505
Rolando(Boy): 497
Roman(Boy): 374
Ron(Boy): 738
Ronald(Boy): 97
Ronnie(Boy): 262
Ronny(Boy): 976
Roosevelt(Boy): 856
Rory(Boy): 513
Rosa(Girl): 242
Rose(Girl): 307
Rosemary(Girl): 509
Ross(Boy): 190
Roxana(Girl): 686
Roxanna(Girl): 899
Roxanne(Girl): 336
Roy(Boy): 236
Royce(Boy): 703
Ruben(Boy): 177
Rubi(Girl): 734
Ruby(Girl): 291
Rudolph(Boy): 848
Rudy(Boy): 388
Russell(Boy): 142
Rusty(Boy): 607
Ruth(Girl): 306
Ryan(Boy): 11
Ryan(Girl): 525
Ryne(Boy): 624
Sabrina(Girl): 118
Sade(Girl): 569
Sadie(Girl): 455
Sally(Girl): 449
Salvador(Boy): 293
Salvatore(Boy): 567
Sam(Boy): 395
Samantha(Girl): 5
Samatha(Girl): 880
Samir(Boy): 948
Sammy(Boy): 586
Samson(Boy): 919
Samuel(Boy): 45
Sandra(Girl): 134
Sandy(Girl): 379
Santiago(Boy): 563
Santos(Boy): 748
Sara(Girl): 34
Sarah(Girl): 6
Sarai(Girl): 881
Sasha(Girl): 198
Saul(Boy): 409
Savanna(Girl): 599
Savannah(Girl): 204
Scott(Boy): 53
Scotty(Boy): 727
Sean(Boy): 37
Sebastian(Boy): 320
Selena(Girl): 780
Selina(Girl): 765
Serena(Girl): 505
Sergio(Boy): 161
Seth(Boy): 102
Shaina(Girl): 408
Shakira(Girl): 888
Shameka(Girl): 989
Shamika(Girl): 978
Shana(Girl): 349
Shanae(Girl): 690
Shane(Boy): 73
Shanell(Girl): 920
Shanice(Girl): 727
Shanika(Girl): 728
Shaniqua(Girl): 327
Shanna(Girl): 430
Shannon(Boy): 429
Shannon(Girl): 68
Shante(Girl): 612
Shantel(Girl): 499
Shantell(Girl): 991
Shari(Girl): 943
Sharon(Girl): 274
Shaun(Boy): 224
Shauna(Girl): 364
Shawn(Boy): 69
Shawna(Girl): 249
Shay(Boy): 960
Shayla(Girl): 337
Shayna(Girl): 412
Shayne(Boy): 484
Shea(Boy): 683
Shea(Girl): 856
Sheena(Girl): 470
Sheila(Girl): 413
Shelbi(Girl): 883
Shelby(Boy): 525
Shelby(Girl): 100
Sheldon(Boy): 441
Shelley(Girl): 703
Shelly(Girl): 565
Shelton(Boy): 814
Sherman(Boy): 793
Sherri(Girl): 921
Sherry(Girl): 581
Shirley(Girl): 510
Sidney(Boy): 515
Sidney(Girl): 922
Sierra(Girl): 141
Silas(Boy): 968
Silvia(Girl): 613
Simon(Boy): 379
Simone(Girl): 346
Skye(Girl): 689
Skylar(Boy): 466
Skylar(Girl): 563
Skyler(Boy): 301
Skyler(Girl): 738
Sofia(Girl): 645
Solomon(Boy): 689
Sonia(Girl): 315
Sonja(Girl): 828
Sonny(Boy): 651
Sonya(Girl): 512
Sophia(Girl): 250
Sophie(Girl): 606
Spencer(Boy): 105
Spenser(Boy): 686
Stacey(Boy): 875
Stacey(Girl): 168
Staci(Girl): 439
Stacie(Girl): 420
Stacy(Boy): 822
Stacy(Girl): 173
Stanley(Boy): 313
Stefan(Boy): 367
Stefani(Girl): 741
Stefanie(Girl): 289
Stephan(Boy): 406
Stephanie(Girl): 7
Stephany(Girl): 442
Stephen(Boy): 39
Stephon(Boy): 591
Sterling(Boy): 463
Steve(Boy): 267
Steven(Boy): 25
Stevie(Boy): 802
Stevie(Girl): 652
Stewart(Boy): 593
Stuart(Boy): 344
Summer(Girl): 271
Susan(Girl): 172
Susana(Girl): 555
Susanna(Girl): 857
Suzanne(Girl): 370
Sydney(Girl): 150
Sylvester(Boy): 713
Sylvia(Girl): 333
Symone(Girl): 822
Tabatha(Girl): 416
Tabitha(Girl): 164
Talia(Girl): 607
Talon(Boy): 929
Tamara(Girl): 209
Tameka(Girl): 842
Tamika(Girl): 572
Tammy(Girl): 450
Tanesha(Girl): 809
Tania(Girl): 489
Tanisha(Girl): 385
Tanner(Boy): 220
Tanya(Girl): 252
Tara(Girl): 85
Tarah(Girl): 995
Taryn(Girl): 335
Tasha(Girl): 246
Tate(Boy): 1000
Tatiana(Girl): 283
Tavon(Boy): 985
Tayler(Girl): 708
Taylor(Boy): 64
Taylor(Girl): 46
Ted(Boy): 642
Teddy(Boy): 794
Tera(Girl): 891
Terence(Boy): 452
Teresa(Girl): 180
Teri(Girl): 838
Terra(Girl): 630
Terrance(Boy): 235
Terrell(Boy): 282
Terrence(Boy): 256
Terri(Girl): 554
Terry(Boy): 164
Tess(Girl): 573
Tessa(Girl): 290
Tevin(Boy): 381
Thaddeus(Boy): 581
Theodore(Boy): 233
Theresa(Girl): 196
Thomas(Boy): 26
Tia(Girl): 303
Tiana(Girl): 424
Tianna(Girl): 712
Tiara(Girl): 245
Tiera(Girl): 769
Tierra(Girl): 352
Tiffani(Girl): 456
Tiffanie(Girl): 691
Tiffany(Girl): 23
Timmy(Boy): 871
Timothy(Boy): 30
Tina(Girl): 240
Titus(Boy): 879
Tobias(Boy): 725
Toby(Boy): 577
Todd(Boy): 158
Tom(Boy): 692
Tomas(Boy): 491
Tommie(Boy): 892
Tommy(Boy): 270
Toni(Girl): 275
Tony(Boy): 146
Tonya(Girl): 365
Torey(Boy): 991
Tori(Girl): 466
Torrey(Boy): 977
Tory(Boy): 666
Tosha(Girl): 979
Trace(Boy): 978
Tracey(Girl): 492
Traci(Girl): 475
Tracie(Girl): 927
Tracy(Boy): 516
Tracy(Girl): 224
Travis(Boy): 42
Travon(Boy): 853
Tremaine(Boy): 954
Trent(Boy): 253
Trenton(Boy): 266
Trever(Boy): 752
Trevon(Boy): 843
Trevor(Boy): 76
Trey(Boy): 345
Tricia(Girl): 496
Trina(Girl): 917
Trisha(Girl): 305
Trista(Girl): 745
Tristan(Boy): 330
Troy(Boy): 128
Tucker(Boy): 475
Ty(Boy): 437
Tyesha(Girl): 834
Tyler(Boy): 21
Tyler(Girl): 537
Tylor(Boy): 546
Tyree(Boy): 564
Tyrel(Boy): 961
Tyrell(Boy): 450
Tyron(Boy): 716
Tyrone(Boy): 260
Tyson(Boy): 407
Ulises(Boy): 798
Ulysses(Boy): 753
Unknown(Boy): 741
Uriel(Boy): 690
Valencia(Girl): 815
Valentin(Boy): 902
Valeria(Girl): 681
Valerie(Girl): 129
Van(Boy): 880
Vance(Boy): 646
Vanessa(Girl): 56
Vaughn(Boy): 754
Vernon(Boy): 489
Veronica(Girl): 96
Vicente(Boy): 587
Vicky(Girl): 945
Victor(Boy): 82
Victoria(Girl): 33
Vince(Boy): 888
Vincent(Boy): 78
Virgil(Boy): 810
Virginia(Girl): 215
Vivian(Girl): 448
Viviana(Girl): 667
Wade(Boy): 323
Walker(Boy): 845
Wallace(Boy): 905
Walter(Boy): 191
Wanda(Girl): 981
Warren(Boy): 340
Waylon(Boy): 995
Wayne(Boy): 242
Wendell(Boy): 680
Wendy(Girl): 205
Wesley(Boy): 107
Westley(Boy): 734
Weston(Boy): 398
Whitley(Girl): 549
Whitney(Girl): 60
Wilbert(Boy): 944
Wilfredo(Boy): 759
Will(Boy): 589
William(Boy): 16
Willie(Boy): 222
Willis(Boy): 815
Wilson(Boy): 480
Winston(Boy): 596
Wyatt(Boy): 408
Xavier(Boy): 186
Yadira(Girl): 635
Yasmin(Girl): 680
Yesenia(Girl): 156
Yessenia(Girl): 663
Yolanda(Girl): 391
Yvette(Girl): 361
Yvonne(Girl): 371
Zachariah(Boy): 327
Zachary(Boy): 22
Zachery(Boy): 234
Zackary(Boy): 333
Zackery(Boy): 419
Zakary(Boy): 884
Zane(Boy): 434
Zechariah(Boy): 816
Zoe(Girl): 504
