2002
Aaliyah(Girl): 64
Aaron(Boy): 44
Abagail(Girl): 882
Abbey(Girl): 470
Abbie(Girl): 532
Abbigail(Girl): 484
Abby(Girl): 165
Abdullah(Boy): 752
Abel(Boy): 354
Abigail(Girl): 7
Abigale(Girl): 839
Abigayle(Girl): 746
Abraham(Boy): 204
Abram(Boy): 846
Abril(Girl): 979
Adam(Boy): 55
Adan(Boy): 444
Addison(Boy): 550
Addison(Girl): 220
Adeline(Girl): 688
Aden(Boy): 466
Aditya(Boy): 865
Adolfo(Boy): 566
Adonis(Boy): 867
Adrian(Boy): 73
Adriana(Girl): 142
Adrianna(Girl): 222
Adriel(Boy): 916
Adrien(Boy): 828
Adrienne(Girl): 573
Agustin(Boy): 598
Ahmad(Boy): 404
Ahmed(Boy): 508
Aidan(Boy): 60
Aiden(Boy): 135
Aileen(Girl): 540
Aimee(Girl): 566
Ainsley(Girl): 453
Aisha(Girl): 629
Aiyana(Girl): 785
Aja(Girl): 971
Akira(Girl): 920
Alaina(Girl): 309
Alan(Boy): 150
Alana(Girl): 225
Alanna(Girl): 492
Alayna(Girl): 380
Albert(Boy): 298
Alberto(Boy): 262
Alden(Boy): 902
Aldo(Boy): 408
Aleah(Girl): 729
Alec(Boy): 206
Alejandra(Girl): 191
Alejandro(Boy): 92
Alena(Girl): 730
Alessandra(Girl): 638
Alessandro(Boy): 711
Alex(Boy): 62
Alex(Girl): 975
Alexa(Girl): 69
Alexander(Boy): 15
Alexandra(Girl): 38
Alexandrea(Girl): 879
Alexandria(Girl): 105
Alexandro(Boy): 715
Alexia(Girl): 128
Alexis(Boy): 161
Alexis(Girl): 5
Alexus(Girl): 316
Alexys(Girl): 909
Alexzander(Boy): 758
Alfonso(Boy): 494
Alfred(Boy): 656
Alfredo(Boy): 303
Ali(Boy): 320
Alia(Girl): 853
Alice(Girl): 444
Alicia(Girl): 121
Alijah(Boy): 684
Alina(Girl): 433
Alisa(Girl): 631
Alisha(Girl): 408
Alison(Girl): 230
Alissa(Girl): 301
Alivia(Girl): 430
Aliya(Girl): 741
Aliyah(Girl): 203
Aliza(Girl): 817
Alize(Girl): 745
Allan(Boy): 478
Allen(Boy): 246
Allie(Girl): 371
Allison(Girl): 44
Ally(Girl): 581
Allyson(Girl): 234
Allyssa(Girl): 962
Alma(Girl): 544
Alondra(Girl): 162
Alonso(Boy): 621
Alonzo(Boy): 523
Alton(Boy): 994
Alvaro(Boy): 578
Alvin(Boy): 463
Alycia(Girl): 972
Alysa(Girl): 808
Alysha(Girl): 963
Alyson(Girl): 445
Alyssa(Girl): 12
Amanda(Girl): 46
Amani(Girl): 674
Amara(Girl): 791
Amari(Boy): 472
Amari(Girl): 432
Amarion(Boy): 718
Amaya(Girl): 282
Amber(Girl): 65
Amelia(Girl): 139
America(Girl): 410
Amina(Girl): 946
Amir(Boy): 360
Amira(Girl): 761
Amiya(Girl): 997
Amy(Girl): 109
Amya(Girl): 632
Ana(Girl): 134
Anahi(Girl): 359
Anastasia(Girl): 265
Anaya(Girl): 666
Anderson(Boy): 663
Andre(Boy): 209
Andrea(Girl): 56
Andres(Boy): 158
Andrew(Boy): 6
Andy(Boy): 208
Angel(Boy): 49
Angel(Girl): 110
Angela(Girl): 83
Angelica(Girl): 146
Angelina(Girl): 75
Angelique(Girl): 497
Angelo(Boy): 278
Angie(Girl): 384
Anika(Girl): 509
Anissa(Girl): 778
Anita(Girl): 863
Aniya(Girl): 385
Aniyah(Girl): 412
Anjali(Girl): 938
Ann(Girl): 521
Anna(Girl): 20
Annabel(Girl): 814
Annabella(Girl): 712
Annabelle(Girl): 330
Annalise(Girl): 731
Anne(Girl): 326
Annette(Girl): 598
Annie(Girl): 315
Annika(Girl): 346
Ansley(Girl): 677
Anthony(Boy): 12
Antoine(Boy): 626
Anton(Boy): 650
Antonia(Girl): 637
Antonio(Boy): 85
Antony(Boy): 780
Antwan(Boy): 935
Anya(Girl): 485
April(Girl): 254
Araceli(Girl): 487
Aracely(Girl): 655
Arely(Girl): 698
Ari(Boy): 712
Aria(Girl): 735
Ariana(Girl): 93
Arianna(Girl): 114
Ariel(Boy): 513
Ariel(Girl): 215
Arielle(Girl): 578
Arjun(Boy): 960
Arlene(Girl): 762
Armando(Boy): 243
Armani(Boy): 773
Armani(Girl): 901
Arnold(Boy): 896
Aron(Boy): 643
Arthur(Boy): 327
Arturo(Boy): 288
Aryan(Boy): 871
Aryanna(Girl): 815
Asa(Boy): 670
Ashanti(Girl): 115
Asher(Boy): 485
Ashlee(Girl): 353
Ashleigh(Girl): 274
Ashley(Girl): 6
Ashly(Girl): 818
Ashlyn(Girl): 158
Ashlynn(Girl): 348
Ashton(Boy): 200
Ashton(Girl): 378
Ashtyn(Girl): 889
Asia(Girl): 266
Aspen(Girl): 556
Athena(Girl): 503
Aubree(Girl): 707
Aubrey(Boy): 941
Aubrey(Girl): 195
Aubrie(Girl): 981
Audrey(Girl): 100
August(Boy): 664
Augustus(Boy): 840
Aurora(Girl): 435
Austen(Boy): 822
Austin(Boy): 26
Austyn(Boy): 754
Autumn(Girl): 73
Ava(Girl): 82
Avery(Boy): 245
Avery(Girl): 132
Axel(Boy): 313
Ayana(Girl): 682
Ayanna(Girl): 472
Ayden(Boy): 322
Ayla(Girl): 793
Aylin(Girl): 939
Baby(Boy): 755
Baby(Girl): 944
Bailee(Girl): 526
Bailey(Boy): 325
Bailey(Girl): 84
Barbara(Girl): 559
Barrett(Boy): 920
Barry(Boy): 859
Baylee(Girl): 406
Beatriz(Girl): 866
Beau(Boy): 506
Belen(Girl): 803
Bella(Girl): 427
Ben(Boy): 547
Benjamin(Boy): 27
Bennett(Boy): 445
Benny(Boy): 866
Berenice(Girl): 842
Bernard(Boy): 756
Bernardo(Boy): 847
Bethany(Girl): 179
Bianca(Girl): 168
Bilal(Boy): 954
Billy(Boy): 424
Blaine(Boy): 434
Blaise(Boy): 801
Blake(Boy): 76
Blanca(Girl): 717
Blaze(Boy): 794
Bo(Boy): 984
Bobby(Boy): 400
Brad(Boy): 748
Braden(Boy): 168
Bradley(Boy): 149
Brady(Boy): 147
Bradyn(Boy): 963
Braeden(Boy): 361
Braedon(Boy): 819
Braiden(Boy): 749
Branden(Boy): 370
Brandi(Girl): 527
Brandon(Boy): 20
Brandy(Girl): 498
Braxton(Boy): 330
Brayan(Boy): 356
Brayden(Boy): 138
Braydon(Boy): 516
Breana(Girl): 616
Breanna(Girl): 104
Brenda(Girl): 213
Brendan(Boy): 124
Brenden(Boy): 259
Brendon(Boy): 401
Brenna(Girl): 328
Brennan(Boy): 274
Brennen(Boy): 583
Brent(Boy): 363
Brenton(Boy): 833
Breonna(Girl): 940
Bret(Boy): 868
Brett(Boy): 198
Bria(Girl): 700
Brian(Boy): 51
Briana(Girl): 102
Brianna(Girl): 17
Brianne(Girl): 864
Brice(Boy): 605
Bridget(Girl): 288
Brielle(Girl): 711
Brionna(Girl): 980
Brisa(Girl): 696
Britney(Girl): 236
Brittany(Girl): 170
Brittney(Girl): 317
Brock(Boy): 264
Brodie(Boy): 701
Brody(Boy): 279
Brooke(Girl): 52
Brooklyn(Girl): 152
Brooklynn(Girl): 462
Brooks(Boy): 737
Bruce(Boy): 467
Bruno(Boy): 781
Bryan(Boy): 64
Bryana(Girl): 844
Bryanna(Girl): 312
Bryant(Boy): 304
Bryce(Boy): 97
Brycen(Boy): 734
Brynn(Girl): 582
Bryson(Boy): 229
Byron(Boy): 486
Cade(Boy): 207
Caden(Boy): 153
Cadence(Girl): 959
Cael(Boy): 774
Caiden(Boy): 679
Caitlin(Girl): 123
Caitlyn(Girl): 148
Caitlynn(Girl): 999
Cale(Boy): 743
Caleb(Boy): 35
Cali(Girl): 819
Calista(Girl): 777
Callie(Girl): 335
Calvin(Boy): 221
Camden(Boy): 285
Cameron(Boy): 39
Cameron(Girl): 256
Camila(Girl): 454
Camille(Girl): 267
Camren(Boy): 730
Camron(Boy): 349
Camryn(Girl): 250
Candace(Girl): 738
Candice(Girl): 927
Cara(Girl): 480
Carina(Girl): 654
Carissa(Girl): 420
Carl(Boy): 350
Carla(Girl): 386
Carlee(Girl): 645
Carley(Girl): 488
Carli(Girl): 871
Carlie(Girl): 562
Carlo(Boy): 964
Carlos(Boy): 65
Carlton(Boy): 912
Carly(Girl): 206
Carmen(Girl): 305
Carol(Girl): 854
Carolina(Girl): 291
Caroline(Girl): 67
Carolyn(Girl): 366
Carrie(Girl): 753
Carson(Boy): 105
Carson(Girl): 799
Carter(Boy): 107
Casandra(Girl): 723
Casey(Boy): 241
Casey(Girl): 300
Cason(Boy): 936
Cassandra(Girl): 126
Cassidy(Girl): 131
Cassie(Girl): 539
Catalina(Girl): 795
Catherine(Girl): 101
Cayden(Boy): 376
Cayla(Girl): 656
Cecelia(Girl): 742
Cecilia(Girl): 269
Cedric(Boy): 482
Celeste(Girl): 308
Celia(Girl): 651
Celina(Girl): 828
Celine(Girl): 779
Cesar(Boy): 162
Chad(Boy): 309
Chaim(Boy): 888
Chana(Girl): 966
Chance(Boy): 233
Chandler(Boy): 238
Chandler(Girl): 989
Charity(Girl): 506
Charles(Boy): 58
Charlie(Boy): 417
Charlotte(Girl): 204
Chase(Boy): 82
Chasity(Girl): 568
Chaya(Girl): 701
Chaz(Boy): 811
Chelsea(Girl): 178
Chelsey(Girl): 604
Cheyanne(Girl): 428
Cheyenne(Girl): 127
Chloe(Girl): 25
Chris(Boy): 382
Christa(Girl): 857
Christian(Boy): 24
Christian(Girl): 773
Christiana(Girl): 846
Christina(Girl): 97
Christine(Girl): 303
Christopher(Boy): 8
Christy(Girl): 820
Ciara(Girl): 336
Ciera(Girl): 713
Cierra(Girl): 252
Cindy(Girl): 258
Citlali(Girl): 960
Claire(Girl): 95
Clara(Girl): 306
Clare(Girl): 595
Clarence(Boy): 691
Clarissa(Girl): 342
Clark(Boy): 805
Claudia(Girl): 224
Clay(Boy): 418
Clayton(Boy): 178
Clifford(Boy): 841
Clifton(Boy): 968
Clinton(Boy): 727
Coby(Boy): 500
Cody(Boy): 71
Colby(Boy): 125
Cole(Boy): 69
Coleman(Boy): 556
Colin(Boy): 116
Colleen(Girl): 547
Collin(Boy): 148
Colt(Boy): 856
Colten(Boy): 561
Colton(Boy): 128
Conner(Boy): 196
Connor(Boy): 47
Conor(Boy): 388
Conrad(Boy): 744
Cooper(Boy): 195
Cora(Girl): 466
Corbin(Boy): 292
Cordell(Boy): 869
Corey(Boy): 181
Corinne(Girl): 657
Cornelius(Boy): 862
Cortez(Boy): 969
Cory(Boy): 275
Courtney(Girl): 88
Craig(Boy): 379
Cristal(Girl): 626
Cristian(Boy): 145
Cristina(Girl): 343
Cristobal(Boy): 985
Cristopher(Boy): 633
Cruz(Boy): 640
Crystal(Girl): 154
Cullen(Boy): 618
Curtis(Boy): 291
Cynthia(Girl): 176
Cyrus(Boy): 470
Daisy(Girl): 138
Dakota(Boy): 108
Dakota(Girl): 323
Dale(Boy): 495
Dalia(Girl): 894
Dallas(Boy): 341
Dallin(Boy): 739
Dalton(Boy): 117
Damaris(Girl): 724
Damian(Boy): 163
Damien(Boy): 212
Damion(Boy): 432
Damon(Boy): 290
Dana(Girl): 337
Dandre(Boy): 719
Dane(Boy): 458
Dangelo(Boy): 740
Dania(Girl): 950
Daniel(Boy): 10
Daniela(Girl): 113
Daniella(Girl): 334
Danielle(Girl): 71
Danna(Girl): 836
Danny(Boy): 270
Dante(Boy): 257
Daphne(Girl): 569
Daquan(Boy): 667
Darby(Girl): 951
Darian(Boy): 480
Darien(Boy): 610
Darin(Boy): 782
Dario(Boy): 845
Darion(Boy): 713
Darius(Boy): 237
Darlene(Girl): 895
Darnell(Boy): 692
Darrell(Boy): 546
Darren(Boy): 302
Darrin(Boy): 937
Darrion(Boy): 942
Darrius(Boy): 786
Darryl(Boy): 603
Darwin(Boy): 903
Daryl(Boy): 898
Dashawn(Boy): 606
Dasia(Girl): 794
David(Boy): 13
Davin(Boy): 634
Davion(Boy): 435
Davis(Boy): 391
Davon(Boy): 592
Dawson(Boy): 193
Dayana(Girl): 764
Dayton(Boy): 499
Dean(Boy): 372
Deandre(Boy): 365
Deangelo(Boy): 820
Deanna(Girl): 349
Deasia(Girl): 954
Deborah(Girl): 560
Declan(Boy): 439
Deja(Girl): 422
Delaney(Girl): 181
Delilah(Girl): 709
Demarcus(Boy): 703
Demetrius(Boy): 422
Denise(Girl): 321
Denisse(Girl): 835
Dennis(Boy): 280
Denzel(Boy): 708
Deon(Boy): 693
Deonte(Boy): 790
Derek(Boy): 139
Derick(Boy): 657
Derrick(Boy): 235
Deshaun(Boy): 851
Deshawn(Boy): 563
Desirae(Girl): 699
Desiree(Girl): 214
Desmond(Boy): 425
Destin(Boy): 808
Destinee(Girl): 489
Destiney(Girl): 719
Destini(Girl): 782
Destiny(Girl): 34
Devan(Boy): 515
Devante(Boy): 973
Deven(Boy): 512
Devin(Boy): 74
Devin(Girl): 770
Devon(Boy): 160
Devon(Girl): 831
Devonte(Boy): 630
Devyn(Boy): 665
Devyn(Girl): 910
Dexter(Boy): 816
Diamond(Girl): 207
Diana(Girl): 117
Diane(Girl): 827
Dianna(Girl): 968
Diego(Boy): 98
Dillan(Boy): 697
Dillon(Boy): 201
Dimitri(Boy): 787
Dion(Boy): 829
Domenic(Boy): 863
Dominic(Boy): 83
Dominick(Boy): 224
Dominik(Boy): 577
Dominique(Boy): 576
Dominique(Girl): 360
Don(Boy): 999
Donald(Boy): 252
Donavan(Boy): 677
Donna(Girl): 675
Donovan(Boy): 191
Dontae(Boy): 965
Donte(Boy): 600
Dorian(Boy): 420
Dorothy(Girl): 872
Douglas(Boy): 305
Drake(Boy): 266
Draven(Boy): 720
Drew(Boy): 217
Duane(Boy): 913
Dulce(Girl): 493
Duncan(Boy): 487
Dustin(Boy): 189
Dwayne(Boy): 614
Dwight(Boy): 971
Dylan(Boy): 23
Dylan(Girl): 890
Dylon(Boy): 907
Ean(Boy): 995
Earl(Boy): 834
Easton(Boy): 540
Ebony(Girl): 678
Eddie(Boy): 384
Eddy(Boy): 955
Eden(Girl): 365
Edgar(Boy): 175
Edith(Girl): 571
Eduardo(Boy): 133
Edward(Boy): 120
Edwin(Boy): 179
Efrain(Boy): 581
Efren(Boy): 886
Eileen(Girl): 667
Elaina(Girl): 528
Elaine(Girl): 639
Eleanor(Girl): 319
Elena(Girl): 232
Eli(Boy): 197
Elian(Boy): 817
Eliana(Girl): 394
Elias(Boy): 218
Eliezer(Boy): 986
Elijah(Boy): 41
Elisa(Girl): 496
Elisabeth(Girl): 364
Elise(Girl): 238
Eliseo(Boy): 943
Elisha(Boy): 601
Elissa(Girl): 789
Eliza(Girl): 361
Elizabeth(Girl): 11
Ella(Girl): 89
Elle(Girl): 613
Ellen(Girl): 476
Ellie(Girl): 200
Elliot(Boy): 436
Elliott(Boy): 534
Ellis(Boy): 908
Elmer(Boy): 775
Elsa(Girl): 821
Elvis(Boy): 627
Elyse(Girl): 766
Elyssa(Girl): 887
Emanuel(Boy): 294
Emely(Girl): 393
Emerald(Girl): 1000
Emerson(Boy): 770
Emerson(Girl): 832
Emilee(Girl): 332
Emilia(Girl): 543
Emiliano(Boy): 459
Emilie(Girl): 458
Emilio(Boy): 338
Emily(Girl): 1
Emma(Girl): 4
Emmalee(Girl): 833
Emmanuel(Boy): 184
Emmett(Boy): 698
Enrique(Boy): 250
Eric(Boy): 52
Erica(Girl): 144
Erick(Boy): 182
Ericka(Girl): 822
Erik(Boy): 156
Erika(Girl): 166
Erin(Girl): 72
Ernest(Boy): 590
Ernesto(Boy): 323
Esmeralda(Girl): 205
Esperanza(Girl): 606
Essence(Girl): 845
Esteban(Boy): 337
Estefani(Girl): 986
Estefania(Girl): 697
Estefany(Girl): 957
Estevan(Boy): 795
Esther(Girl): 302
Estrella(Girl): 702
Ethan(Boy): 5
Ethen(Boy): 909
Eugene(Boy): 548
Eva(Girl): 239
Evan(Boy): 56
Eve(Girl): 557
Evelin(Girl): 763
Evelyn(Girl): 98
Everett(Boy): 589
Ezekiel(Boy): 347
Ezequiel(Boy): 560
Ezra(Boy): 441
Fabian(Boy): 271
Fabiola(Girl): 807
Faith(Girl): 48
Fatima(Girl): 246
Felicia(Girl): 579
Felicity(Girl): 550
Felipe(Boy): 452
Felix(Boy): 395
Fernanda(Girl): 456
Fernando(Boy): 159
Fidel(Boy): 899
Finn(Boy): 802
Fiona(Girl): 347
Fletcher(Boy): 1000
Forrest(Boy): 852
Frances(Girl): 620
Francesca(Girl): 407
Francis(Boy): 497
Francisco(Boy): 141
Frank(Boy): 216
Frankie(Boy): 745
Franklin(Boy): 471
Fred(Boy): 878
Freddie(Boy): 979
Freddy(Boy): 641
Frederick(Boy): 428
Fredrick(Boy): 830
Frida(Girl): 757
Gabriel(Boy): 32
Gabriela(Girl): 116
Gabriella(Girl): 77
Gabrielle(Girl): 66
Gael(Boy): 721
Gage(Boy): 140
Gaige(Boy): 928
Galilea(Girl): 932
Gannon(Boy): 956
Garett(Boy): 980
Garret(Boy): 570
Garrett(Boy): 91
Garrison(Boy): 660
Gary(Boy): 284
Gaven(Boy): 728
Gavin(Boy): 61
Gavyn(Boy): 860
Genesis(Girl): 228
Genevieve(Girl): 397
Geoffrey(Boy): 733
George(Boy): 131
Georgia(Girl): 379
Gerald(Boy): 446
Gerardo(Boy): 234
German(Boy): 759
Gia(Girl): 743
Giana(Girl): 865
Giancarlo(Boy): 764
Gianna(Girl): 163
Gianni(Boy): 710
Gideon(Boy): 784
Gilbert(Boy): 591
Gilberto(Boy): 522
Gillian(Girl): 388
Gina(Girl): 414
Gino(Boy): 917
Giovani(Boy): 987
Giovanna(Girl): 692
Giovanni(Boy): 202
Giovanny(Boy): 914
Giselle(Girl): 217
Gisselle(Girl): 449
Glen(Boy): 892
Glenn(Boy): 617
Gloria(Girl): 381
Gonzalo(Boy): 729
Gordon(Boy): 674
Grace(Girl): 15
Gracie(Girl): 153
Graciela(Girl): 928
Grady(Boy): 613
Graham(Boy): 410
Grant(Boy): 127
Grayson(Boy): 308
Gregory(Boy): 169
Greta(Girl): 755
Gretchen(Girl): 812
Greyson(Boy): 704
Griffin(Boy): 228
Guadalupe(Boy): 771
Guadalupe(Girl): 245
Guillermo(Boy): 405
Gunnar(Boy): 557
Gunner(Boy): 636
Gustavo(Boy): 265
Guy(Boy): 929
Gwendolyn(Girl): 576
Haden(Boy): 918
Hadley(Girl): 875
Hailee(Girl): 373
Hailey(Girl): 32
Hailie(Girl): 572
Haleigh(Girl): 421
Haley(Girl): 35
Halie(Girl): 661
Halle(Girl): 313
Hallie(Girl): 355
Hamza(Boy): 760
Hana(Girl): 621
Hanna(Girl): 194
Hannah(Girl): 3
Harley(Boy): 433
Harley(Girl): 344
Harmony(Girl): 670
Harold(Boy): 586
Harrison(Boy): 199
Harry(Boy): 521
Hassan(Boy): 765
Haven(Girl): 633
Hayden(Boy): 96
Hayden(Girl): 610
Haylee(Girl): 248
Hayley(Girl): 192
Haylie(Girl): 583
Hazel(Girl): 767
Heath(Boy): 672
Heather(Girl): 159
Heaven(Girl): 276
Hector(Boy): 194
Heidi(Girl): 322
Helen(Girl): 340
Helena(Girl): 599
Henry(Boy): 115
Herbert(Boy): 974
Heriberto(Boy): 803
Holden(Boy): 412
Holly(Girl): 231
Hope(Girl): 160
Houston(Boy): 879
Howard(Boy): 687
Hudson(Boy): 481
Hugh(Boy): 864
Hugo(Boy): 369
Humberto(Boy): 593
Hunter(Boy): 38
Hunter(Girl): 561
Ian(Boy): 67
Ibrahim(Boy): 658
Ignacio(Boy): 638
Iliana(Girl): 796
Imani(Girl): 318
Immanuel(Boy): 988
India(Girl): 311
Ingrid(Girl): 722
Ireland(Girl): 964
Irene(Girl): 516
Iris(Girl): 382
Irvin(Boy): 645
Irving(Boy): 880
Isaac(Boy): 48
Isaak(Boy): 804
Isabel(Girl): 85
Isabela(Girl): 635
Isabell(Girl): 921
Isabella(Girl): 14
Isabelle(Girl): 111
Isai(Boy): 726
Isaiah(Boy): 45
Isaias(Boy): 551
Isiah(Boy): 358
Isis(Girl): 564
Ismael(Boy): 339
Israel(Boy): 251
Issac(Boy): 414
Itzel(Girl): 441
Ivan(Boy): 136
Ivy(Girl): 404
Iyana(Girl): 751
Iyanna(Girl): 958
Izabella(Girl): 413
Izaiah(Boy): 564
Jabari(Boy): 702
Jace(Boy): 281
Jacey(Girl): 802
Jack(Boy): 43
Jackeline(Girl): 993
Jackson(Boy): 50
Jaclyn(Girl): 529
Jacob(Boy): 1
Jacoby(Boy): 766
Jacqueline(Girl): 81
Jacquelyn(Girl): 459
Jada(Girl): 78
Jade(Girl): 86
Jaden(Boy): 87
Jaden(Girl): 242
Jadon(Boy): 416
Jadyn(Boy): 872
Jadyn(Girl): 351
Jaeden(Boy): 714
Jaelyn(Girl): 537
Jagger(Boy): 651
Jaheem(Boy): 889
Jaheim(Boy): 357
Jahiem(Boy): 741
Jaida(Girl): 627
Jaiden(Boy): 375
Jaiden(Girl): 507
Jaidyn(Girl): 841
Jailyn(Girl): 880
Jaime(Boy): 258
Jaime(Girl): 855
Jair(Boy): 623
Jairo(Boy): 622
Jakayla(Girl): 902
Jake(Boy): 102
Jakob(Boy): 203
Jakobe(Boy): 848
Jalen(Boy): 146
Jaliyah(Girl): 816
Jalyn(Girl): 823
Jalynn(Girl): 914
Jamal(Boy): 364
Jamar(Boy): 615
Jamari(Boy): 567
Jamel(Boy): 788
James(Boy): 18
Jameson(Boy): 620
Jamie(Boy): 528
Jamie(Girl): 164
Jamil(Boy): 938
Jamir(Boy): 945
Jamison(Boy): 644
Jamya(Girl): 809
Jan(Boy): 915
Jana(Girl): 896
Janae(Girl): 520
Jane(Girl): 416
Janelle(Girl): 482
Janessa(Girl): 647
Janet(Girl): 457
Janice(Girl): 747
Janie(Girl): 945
Janiya(Girl): 596
Jaquan(Boy): 484
Jaquelin(Girl): 973
Jaqueline(Girl): 436
Jaquez(Boy): 957
Jared(Boy): 84
Jaren(Boy): 776
Jarod(Boy): 553
Jaron(Boy): 585
Jarred(Boy): 682
Jarrett(Boy): 377
Jarrod(Boy): 732
Jarvis(Boy): 961
Jase(Boy): 966
Jasmin(Girl): 183
Jasmine(Girl): 26
Jasmyn(Girl): 837
Jason(Boy): 42
Jasper(Boy): 483
Javen(Boy): 900
Javier(Boy): 157
Javion(Boy): 791
Javon(Boy): 406
Jaxon(Boy): 310
Jaxson(Boy): 580
Jay(Boy): 335
Jayce(Boy): 541
Jaycee(Girl): 824
Jayda(Girl): 389
Jayde(Girl): 898
Jayden(Boy): 101
Jayden(Girl): 296
Jaydon(Boy): 525
Jayla(Girl): 210
Jaylan(Boy): 699
Jaylen(Boy): 215
Jaylene(Girl): 947
Jaylin(Boy): 389
Jaylin(Girl): 790
Jaylon(Boy): 399
Jaylyn(Girl): 969
Jaylynn(Girl): 867
Jayson(Boy): 332
Jazlyn(Girl): 622
Jazmin(Girl): 209
Jazmine(Girl): 229
Jazmyn(Girl): 689
Jazmyne(Girl): 990
Jean(Boy): 694
Jeanette(Girl): 991
Jeff(Boy): 981
Jefferson(Boy): 705
Jeffery(Boy): 362
Jeffrey(Boy): 132
Jena(Girl): 970
Jenifer(Girl): 706
Jenna(Girl): 47
Jennifer(Girl): 28
Jenny(Girl): 354
Jeremiah(Boy): 86
Jeremy(Boy): 95
Jermaine(Boy): 448
Jerome(Boy): 489
Jerry(Boy): 287
Jesse(Boy): 90
Jessica(Girl): 16
Jessie(Boy): 398
Jessie(Girl): 431
Jesus(Boy): 66
Jett(Boy): 602
Jevon(Boy): 946
Jewel(Girl): 683
Jillian(Girl): 124
Jimena(Girl): 548
Jimmy(Boy): 267
Joan(Boy): 777
Joana(Girl): 873
Joanna(Girl): 240
Joaquin(Boy): 496
Jocelyn(Girl): 92
Joe(Boy): 312
Joel(Boy): 123
Joelle(Girl): 917
Joey(Boy): 509
Johan(Boy): 510
Johana(Girl): 994
Johanna(Girl): 465
John(Boy): 17
Johnathan(Boy): 170
Johnathon(Boy): 415
Johnny(Boy): 236
Jolie(Girl): 617
Jon(Boy): 366
Jonah(Boy): 166
Jonas(Boy): 438
Jonathan(Boy): 21
Jonathon(Boy): 269
Jordan(Boy): 37
Jordan(Girl): 45
Jorden(Boy): 792
Jordon(Boy): 555
Jordy(Boy): 809
Jordyn(Girl): 155
Jorge(Boy): 109
Jose(Boy): 30
Josef(Boy): 853
Joselyn(Girl): 541
Joseph(Boy): 7
Josephine(Girl): 264
Josh(Boy): 673
Joshua(Boy): 3
Josiah(Boy): 154
Josie(Girl): 281
Joslyn(Girl): 797
Josue(Boy): 220
Journey(Girl): 935
Jovan(Boy): 778
Jovani(Boy): 796
Jovanni(Boy): 992
Jovany(Boy): 962
Joy(Girl): 478
Joyce(Girl): 703
Juan(Boy): 54
Juana(Girl): 995
Judah(Boy): 647
Jude(Boy): 529
Judith(Girl): 588
Julia(Girl): 33
Julian(Boy): 78
Juliana(Girl): 171
Julianna(Girl): 185
Julianne(Girl): 575
Julie(Girl): 218
Julien(Boy): 607
Juliet(Girl): 602
Juliette(Girl): 592
Julio(Boy): 256
Julissa(Girl): 372
Julius(Boy): 403
Junior(Boy): 631
Justice(Boy): 334
Justice(Girl): 402
Justin(Boy): 22
Justine(Girl): 577
Justus(Boy): 646
Justyn(Boy): 824
Kacie(Girl): 786
Kade(Boy): 367
Kaden(Boy): 173
Kadin(Boy): 619
Kaela(Girl): 933
Kaelyn(Girl): 649
Kai(Boy): 276
Kaia(Girl): 584
Kaiden(Boy): 526
Kaila(Girl): 552
Kailee(Girl): 511
Kailey(Girl): 283
Kailyn(Girl): 589
Kaitlin(Girl): 219
Kaitlyn(Girl): 31
Kaitlynn(Girl): 399
Kaiya(Girl): 652
Kale(Boy): 904
Kaleb(Boy): 112
Kaleigh(Girl): 434
Kaley(Girl): 505
Kali(Girl): 551
Kaliyah(Girl): 780
Kallie(Girl): 886
Kalyn(Girl): 929
Kameron(Boy): 260
Kamron(Boy): 653
Kamryn(Girl): 345
Kane(Boy): 639
Kara(Girl): 223
Kareem(Boy): 624
Karen(Girl): 150
Kari(Girl): 976
Karina(Girl): 167
Karissa(Girl): 460
Karl(Boy): 609
Karla(Girl): 175
Karlee(Girl): 663
Karley(Girl): 956
Karli(Girl): 640
Karlie(Girl): 704
Karly(Girl): 792
Karson(Boy): 678
Kasandra(Girl): 739
Kasey(Boy): 939
Kasey(Girl): 491
Kassandra(Girl): 270
Kassidy(Girl): 339
Katarina(Girl): 727
Kate(Girl): 193
Katelin(Girl): 748
Katelyn(Girl): 53
Katelynn(Girl): 251
Katerina(Girl): 998
Katharine(Girl): 810
Katherine(Girl): 36
Kathleen(Girl): 260
Kathryn(Girl): 108
Kathy(Girl): 693
Katie(Girl): 103
Katlyn(Girl): 417
Katrina(Girl): 280
Katy(Girl): 936
Kaya(Girl): 549
Kayden(Boy): 502
Kayla(Girl): 19
Kaylah(Girl): 847
Kaylee(Girl): 57
Kayleigh(Girl): 324
Kayley(Girl): 733
Kayli(Girl): 783
Kaylie(Girl): 375
Kaylin(Girl): 477
Kaylyn(Girl): 600
Kaylynn(Girl): 787
Keagan(Boy): 723
Keanu(Boy): 806
Keaton(Boy): 390
Keegan(Boy): 253
Keeley(Girl): 987
Keely(Girl): 641
Keenan(Boy): 587
Keira(Girl): 941
Keith(Boy): 248
Kellen(Boy): 681
Kelli(Girl): 681
Kellie(Girl): 776
Kelly(Boy): 884
Kelly(Girl): 119
Kelsey(Girl): 118
Kelsi(Girl): 911
Kelsie(Girl): 534
Kelton(Boy): 761
Kelvin(Boy): 396
Kendal(Girl): 798
Kendall(Boy): 461
Kendall(Girl): 196
Kendra(Girl): 227
Kendrick(Boy): 491
Kenia(Girl): 829
Kenna(Girl): 811
Kennedi(Girl): 705
Kennedy(Boy): 849
Kennedy(Girl): 136
Kenneth(Boy): 104
Kenny(Boy): 449
Kent(Boy): 949
Kenya(Girl): 553
Kenyon(Boy): 706
Kenzie(Girl): 658
Keon(Boy): 625
Keshawn(Boy): 642
Keven(Boy): 837
Kevin(Boy): 33
Kevon(Boy): 722
Keyla(Girl): 856
Keyon(Boy): 716
Keyshawn(Boy): 675
Khalid(Boy): 779
Khalil(Boy): 423
Kian(Boy): 857
Kiana(Girl): 297
Kianna(Girl): 694
Kiara(Girl): 156
Kiera(Girl): 481
Kieran(Boy): 554
Kierra(Girl): 494
Kiersten(Girl): 479
Kiley(Girl): 400
Kimberly(Girl): 63
Kira(Girl): 277
Kirk(Boy): 975
Kirsten(Girl): 278
Kiya(Girl): 961
Kobe(Boy): 244
Koby(Boy): 579
Kody(Boy): 392
Kolby(Boy): 385
Kole(Boy): 611
Kolton(Boy): 568
Korbin(Boy): 815
Korey(Boy): 736
Kory(Boy): 972
Kourtney(Girl): 850
Krista(Girl): 473
Kristen(Girl): 186
Kristian(Boy): 457
Kristin(Girl): 358
Kristina(Girl): 273
Kristine(Girl): 996
Kristofer(Boy): 982
Kristopher(Boy): 329
Krystal(Girl): 395
Kurt(Boy): 669
Kurtis(Boy): 838
Kya(Girl): 892
Kyla(Girl): 187
Kylan(Boy): 873
Kyle(Boy): 40
Kylee(Girl): 161
Kyleigh(Girl): 439
Kyler(Boy): 277
Kylie(Girl): 61
Kyra(Girl): 226
Kyree(Boy): 958
Lacey(Girl): 471
Laila(Girl): 370
Lamar(Boy): 731
Lamont(Boy): 881
Lana(Girl): 668
Lance(Boy): 261
Landen(Boy): 477
Landon(Boy): 142
Lane(Boy): 299
Laney(Girl): 625
Lara(Girl): 634
Larissa(Girl): 510
Larry(Boy): 306
Latrell(Boy): 882
Laura(Girl): 106
Laurel(Girl): 673
Lauren(Girl): 13
Lauryn(Girl): 307
Lawrence(Boy): 345
Lawson(Boy): 842
Layla(Girl): 289
Layne(Boy): 689
Layton(Boy): 893
Lea(Girl): 665
Leah(Girl): 87
Leanna(Girl): 679
Lee(Boy): 517
Leila(Girl): 450
Leilani(Girl): 442
Lena(Girl): 545
Leo(Boy): 340
Leon(Boy): 492
Leonard(Boy): 562
Leonardo(Boy): 230
Leonel(Boy): 542
Leroy(Boy): 812
Lesley(Girl): 563
Leslie(Girl): 91
Lesly(Girl): 405
Leticia(Girl): 646
Levi(Boy): 167
Lewis(Boy): 594
Lexi(Girl): 403
Lexie(Girl): 555
Lexus(Girl): 768
Lia(Girl): 714
Liam(Boy): 113
Liana(Girl): 771
Libby(Girl): 977
Liberty(Girl): 483
Lila(Girl): 618
Lilian(Girl): 586
Liliana(Girl): 259
Lillian(Girl): 96
Lilliana(Girl): 788
Lillie(Girl): 653
Lilly(Girl): 333
Lily(Girl): 79
Lina(Girl): 982
Lincoln(Boy): 608
Linda(Girl): 387
Lindsay(Girl): 255
Lindsey(Girl): 122
Lisa(Girl): 362
Lisandro(Boy): 901
Lisbeth(Girl): 623
Litzy(Girl): 501
Lizbeth(Girl): 133
Lizeth(Girl): 690
Lizette(Girl): 804
Lloyd(Boy): 991
Logan(Boy): 29
Logan(Girl): 329
Lola(Girl): 754
London(Boy): 874
London(Girl): 840
Lonnie(Boy): 906
Loren(Girl): 983
Lorena(Girl): 508
Lorenzo(Boy): 297
Louis(Boy): 272
Luc(Boy): 930
Luca(Boy): 524
Lucas(Boy): 75
Lucia(Girl): 525
Luciano(Boy): 921
Lucy(Girl): 262
Luis(Boy): 57
Luisa(Girl): 952
Lukas(Boy): 317
Luke(Boy): 46
Luz(Girl): 593
Lydia(Girl): 137
Lyndsey(Girl): 891
Lyric(Girl): 744
Macey(Girl): 574
Maci(Girl): 728
Macie(Girl): 474
Mackenzie(Girl): 42
Macy(Girl): 221
Madalyn(Girl): 356
Madalynn(Girl): 899
Maddison(Girl): 499
Madeleine(Girl): 292
Madeline(Girl): 55
Madelyn(Girl): 120
Madelynn(Girl): 519
Madilyn(Girl): 567
Madisen(Girl): 843
Madison(Girl): 2
Madisyn(Girl): 418
Madyson(Girl): 443
Maegan(Girl): 903
Maeve(Girl): 710
Magdalena(Girl): 984
Maggie(Girl): 189
Maia(Girl): 533
Makaila(Girl): 851
Makayla(Girl): 49
Makena(Girl): 774
Makenna(Girl): 241
Makenzie(Girl): 198
Malachi(Boy): 210
Malakai(Boy): 897
Malcolm(Boy): 426
Maleah(Girl): 884
Malia(Girl): 426
Malik(Boy): 211
Maliyah(Girl): 904
Mallory(Girl): 253
Mandy(Girl): 942
Manuel(Boy): 164
Mara(Girl): 608
Marc(Boy): 282
Marcel(Boy): 854
Marcella(Girl): 965
Marcelo(Boy): 875
Marco(Boy): 187
Marcos(Boy): 247
Marcus(Boy): 106
Margaret(Girl): 129
Margarita(Girl): 734
Maria(Girl): 40
Mariah(Girl): 130
Mariam(Girl): 671
Mariana(Girl): 257
Marianna(Girl): 749
Mariano(Boy): 996
Maribel(Girl): 732
Marie(Girl): 429
Mariela(Girl): 676
Marilyn(Girl): 542
Marina(Girl): 383
Mario(Boy): 171
Marisa(Girl): 327
Marisol(Girl): 398
Marissa(Girl): 99
Maritza(Girl): 565
Mark(Boy): 93
Markus(Boy): 654
Marlee(Girl): 915
Marlene(Girl): 538
Marley(Girl): 630
Marlon(Boy): 511
Marquez(Boy): 922
Marquis(Boy): 501
Marquise(Boy): 661
Marshall(Boy): 368
Martha(Girl): 424
Martin(Boy): 192
Marvin(Boy): 346
Mary(Girl): 51
Maryam(Girl): 988
Mason(Boy): 53
Mateo(Boy): 355
Mathew(Boy): 273
Matteo(Boy): 793
Matthew(Boy): 4
Mattie(Girl): 772
Maura(Girl): 784
Maurice(Boy): 378
Mauricio(Boy): 353
Maverick(Boy): 799
Max(Boy): 165
Maxim(Boy): 959
Maximilian(Boy): 326
Maximillian(Boy): 709
Maximo(Boy): 931
Maximus(Boy): 314
Maxwell(Boy): 129
Maya(Girl): 90
Mayra(Girl): 502
Mckayla(Girl): 455
Mckenna(Girl): 177
Mckenzie(Girl): 143
Meadow(Girl): 858
Meagan(Girl): 451
Meaghan(Girl): 922
Megan(Girl): 22
Meghan(Girl): 174
Mekhi(Boy): 544
Melanie(Girl): 94
Melany(Girl): 685
Melina(Girl): 554
Melinda(Girl): 934
Melissa(Girl): 80
Melody(Girl): 299
Melvin(Boy): 316
Mercedes(Girl): 293
Meredith(Girl): 357
Mia(Girl): 43
Miah(Girl): 834
Micaela(Girl): 750
Micah(Boy): 174
Micah(Girl): 642
Michael(Boy): 2
Michaela(Girl): 202
Micheal(Boy): 348
Michelle(Girl): 58
Miguel(Boy): 88
Mikaela(Girl): 490
Mikayla(Girl): 125
Mike(Boy): 597
Mikel(Boy): 947
Miles(Boy): 239
Milo(Boy): 807
Milton(Boy): 695
Mina(Girl): 948
Miracle(Girl): 522
Miranda(Girl): 147
Mireya(Girl): 861
Miriam(Girl): 284
Misael(Boy): 696
Mitchel(Boy): 923
Mitchell(Boy): 176
Miya(Girl): 949
Mohamed(Boy): 503
Mohammad(Boy): 531
Mohammed(Boy): 571
Moises(Boy): 336
Mollie(Girl): 659
Molly(Girl): 107
Monica(Girl): 180
Monique(Girl): 409
Monserrat(Girl): 686
Montana(Girl): 684
Morgan(Boy): 373
Morgan(Girl): 29
Moriah(Girl): 852
Moses(Boy): 473
Moshe(Boy): 632
Muhammad(Boy): 659
Mustafa(Boy): 944
Mya(Girl): 145
Myah(Girl): 720
Myles(Boy): 301
Myra(Girl): 916
Nadia(Girl): 216
Nancy(Girl): 233
Naomi(Girl): 169
Nash(Boy): 876
Nasir(Boy): 429
Natalia(Girl): 173
Natalie(Girl): 30
Nataly(Girl): 558
Natasha(Girl): 304
Nathalie(Girl): 591
Nathan(Boy): 28
Nathanael(Boy): 455
Nathanial(Boy): 635
Nathaniel(Boy): 63
Nathen(Boy): 855
Nayeli(Girl): 263
Neal(Boy): 950
Nehemiah(Boy): 652
Neil(Boy): 574
Nelson(Boy): 413
Nestor(Boy): 850
Nevaeh(Girl): 190
Nia(Girl): 320
Nicholas(Boy): 9
Nichole(Girl): 650
Nick(Boy): 831
Nickolas(Boy): 318
Nico(Boy): 717
Nicolas(Boy): 137
Nicole(Girl): 37
Nicolette(Girl): 758
Nigel(Boy): 666
Nikhil(Boy): 890
Nikki(Girl): 740
Niko(Boy): 993
Nikolas(Boy): 359
Nina(Girl): 243
Noah(Boy): 31
Noe(Boy): 464
Noel(Boy): 450
Noelia(Girl): 883
Noelle(Girl): 401
Noemi(Girl): 594
Nolan(Boy): 172
Nora(Girl): 468
Norma(Girl): 923
Norman(Boy): 810
Nya(Girl): 643
Nyah(Girl): 615
Nyasia(Girl): 978
Nyla(Girl): 452
Octavio(Boy): 690
Odalys(Girl): 953
Oliver(Boy): 268
Olivia(Girl): 10
Omar(Boy): 151
Omari(Boy): 707
Omarion(Boy): 535
Orion(Boy): 584
Orlando(Boy): 374
Osbaldo(Boy): 976
Oscar(Boy): 121
Osvaldo(Boy): 419
Oswaldo(Boy): 885
Owen(Boy): 94
Pablo(Boy): 295
Paige(Girl): 50
Paloma(Girl): 930
Pamela(Girl): 515
Paola(Girl): 310
Paris(Girl): 464
Parker(Boy): 126
Parker(Girl): 765
Patience(Girl): 868
Patricia(Girl): 279
Patrick(Boy): 79
Paul(Boy): 118
Paula(Girl): 619
Paulina(Girl): 363
Paxton(Boy): 843
Payton(Boy): 255
Payton(Girl): 182
Pedro(Boy): 225
Penelope(Girl): 715
Perla(Girl): 415
Perry(Boy): 762
Peter(Boy): 134
Peyton(Boy): 205
Peyton(Girl): 188
Philip(Boy): 263
Phillip(Boy): 226
Phoebe(Girl): 437
Phoenix(Boy): 616
Pierce(Boy): 520
Pierre(Boy): 948
Piper(Girl): 448
Porter(Boy): 685
Pranav(Boy): 894
Precious(Girl): 423
Presley(Girl): 695
Preston(Boy): 155
Prince(Boy): 983
Princess(Girl): 859
Priscila(Girl): 881
Priscilla(Girl): 285
Quentin(Boy): 352
Quincy(Boy): 430
Quinn(Boy): 311
Quinn(Girl): 725
Quinten(Boy): 750
Quintin(Boy): 628
Quinton(Boy): 411
Rachael(Girl): 298
Rachel(Girl): 24
Rachelle(Girl): 918
Raegan(Girl): 523
Rafael(Boy): 232
Rahul(Boy): 940
Raina(Girl): 825
Ralph(Boy): 629
Ramiro(Boy): 505
Ramon(Boy): 319
Randall(Boy): 514
Randy(Boy): 293
Raphael(Boy): 680
Raquel(Girl): 391
Rashad(Boy): 596
Raul(Boy): 240
Raven(Boy): 997
Raven(Girl): 237
Ray(Boy): 582
Raymond(Boy): 177
Raymundo(Boy): 910
Rayna(Girl): 813
Reagan(Boy): 772
Reagan(Girl): 199
Reanna(Girl): 907
Rebeca(Girl): 877
Rebecca(Girl): 54
Rebekah(Girl): 211
Reece(Boy): 351
Reed(Boy): 493
Reese(Boy): 386
Reese(Girl): 463
Regan(Girl): 396
Regina(Girl): 628
Reginald(Boy): 427
Reid(Boy): 447
Reilly(Boy): 821
Reilly(Girl): 775
Remington(Boy): 883
Rene(Boy): 421
Renee(Girl): 419
Reuben(Boy): 797
Rey(Boy): 924
Reyna(Girl): 585
Reynaldo(Boy): 671
Rhett(Boy): 668
Rhiannon(Girl): 535
Rianna(Girl): 860
Ricardo(Boy): 143
Richard(Boy): 77
Rickey(Boy): 932
Ricky(Boy): 344
Rigoberto(Boy): 688
Riley(Boy): 99
Riley(Girl): 76
Rita(Girl): 924
River(Boy): 612
Riya(Girl): 955
Robert(Boy): 34
Roberto(Boy): 188
Robin(Girl): 848
Robyn(Girl): 830
Rocco(Boy): 763
Rocio(Girl): 805
Roderick(Boy): 637
Rodney(Boy): 371
Rodolfo(Boy): 504
Rodrigo(Boy): 393
Rogelio(Boy): 479
Roger(Boy): 387
Rohan(Boy): 518
Roland(Boy): 735
Rolando(Boy): 536
Roman(Boy): 286
Romeo(Boy): 569
Ronald(Boy): 227
Ronaldo(Boy): 767
Ronan(Boy): 823
Ronnie(Boy): 552
Rory(Boy): 700
Rosa(Girl): 341
Rose(Girl): 331
Rosemary(Girl): 636
Ross(Boy): 530
Rowan(Boy): 818
Roxana(Girl): 862
Roy(Boy): 440
Ruben(Boy): 219
Ruby(Girl): 208
Rudy(Boy): 565
Russell(Boy): 328
Ruth(Girl): 338
Ryan(Boy): 16
Ryan(Girl): 530
Ryann(Girl): 943
Ryder(Boy): 724
Rylan(Boy): 475
Rylee(Boy): 933
Rylee(Girl): 201
Ryleigh(Girl): 495
Ryley(Boy): 989
Rylie(Girl): 440
Sabastian(Boy): 951
Sabrina(Girl): 135
Sade(Girl): 912
Sadie(Girl): 212
Sage(Boy): 575
Sage(Girl): 425
Saige(Girl): 905
Sally(Girl): 874
Salma(Girl): 759
Salvador(Boy): 343
Salvatore(Boy): 595
Sam(Boy): 443
Samantha(Girl): 9
Samara(Girl): 925
Samir(Boy): 839
Samira(Girl): 908
Sammy(Boy): 832
Samson(Boy): 891
Samuel(Boy): 25
Sandra(Girl): 275
Sandy(Girl): 760
Santiago(Boy): 321
Santino(Boy): 905
Santos(Boy): 725
Sara(Girl): 59
Sarah(Girl): 8
Sarahi(Girl): 876
Sarai(Girl): 517
Sarina(Girl): 888
Sasha(Girl): 368
Saul(Boy): 289
Savana(Girl): 838
Savanah(Girl): 601
Savanna(Girl): 235
Savannah(Girl): 39
Savion(Boy): 572
Sawyer(Boy): 498
Scarlett(Girl): 806
Scott(Boy): 185
Seamus(Boy): 800
Sean(Boy): 59
Sebastian(Boy): 80
Selena(Girl): 247
Selina(Girl): 870
Semaj(Boy): 751
Serena(Girl): 244
Serenity(Girl): 290
Sergio(Boy): 186
Seth(Boy): 72
Shakira(Girl): 536
Shamar(Boy): 649
Shane(Boy): 130
Shania(Girl): 469
Shaniya(Girl): 736
Shannon(Boy): 742
Shannon(Girl): 184
Sharon(Girl): 512
Shaun(Boy): 402
Shawn(Boy): 152
Shawna(Girl): 897
Shayla(Girl): 314
Shaylee(Girl): 781
Shayna(Girl): 708
Shayne(Boy): 861
Shea(Boy): 783
Shea(Girl): 800
Sheila(Girl): 726
Shelby(Girl): 74
Sheldon(Boy): 686
Shemar(Boy): 970
Sheridan(Girl): 985
Shirley(Girl): 878
Shreya(Girl): 885
Shyann(Girl): 721
Shyanne(Girl): 580
Sidney(Boy): 676
Sidney(Girl): 325
Sienna(Girl): 664
Sierra(Girl): 62
Silas(Boy): 431
Simon(Boy): 242
Simone(Girl): 546
Sincere(Boy): 768
Sky(Girl): 893
Skye(Girl): 446
Skyla(Girl): 612
Skylar(Boy): 383
Skylar(Girl): 140
Skyler(Boy): 223
Skyler(Girl): 272
Sofia(Girl): 112
Solomon(Boy): 460
Sonia(Girl): 531
Sonny(Boy): 813
Sonya(Girl): 906
Sophia(Girl): 27
Sophie(Girl): 149
Spencer(Boy): 110
Stacey(Girl): 769
Stacy(Girl): 662
Stanley(Boy): 490
Stefan(Boy): 662
Stella(Girl): 500
Stephan(Boy): 757
Stephanie(Girl): 41
Stephany(Girl): 672
Stephen(Boy): 114
Stephon(Boy): 911
Sterling(Boy): 588
Steve(Boy): 454
Steven(Boy): 68
Stone(Boy): 827
Stuart(Boy): 870
Sullivan(Boy): 990
Summer(Girl): 151
Susan(Girl): 475
Susana(Girl): 756
Sydnee(Girl): 660
Sydney(Girl): 23
Sydni(Girl): 737
Sydnie(Girl): 913
Syed(Boy): 952
Sylvia(Girl): 518
Tabitha(Girl): 390
Talia(Girl): 367
Taliyah(Girl): 687
Talon(Boy): 648
Tamara(Girl): 374
Tamia(Girl): 486
Tania(Girl): 411
Taniya(Girl): 801
Tanner(Boy): 111
Tanya(Girl): 570
Tara(Girl): 295
Tariq(Boy): 738
Taryn(Girl): 467
Tate(Boy): 456
Tatiana(Girl): 287
Tatum(Girl): 392
Tatyana(Girl): 609
Tavion(Boy): 858
Taya(Girl): 931
Tayler(Girl): 691
Taylor(Boy): 190
Taylor(Girl): 18
Teagan(Girl): 624
Teresa(Girl): 376
Terrance(Boy): 442
Terrell(Boy): 474
Terrence(Boy): 558
Terry(Boy): 380
Tess(Girl): 614
Tessa(Girl): 294
Thaddeus(Boy): 746
Thalia(Girl): 607
Theodore(Boy): 300
Theresa(Girl): 513
Thomas(Boy): 36
Tia(Girl): 438
Tiana(Girl): 377
Tianna(Girl): 597
Tiara(Girl): 514
Tierra(Girl): 716
Tiffany(Girl): 141
Timothy(Boy): 70
Tina(Girl): 669
Titus(Boy): 599
Tobias(Boy): 532
Toby(Boy): 476
Todd(Boy): 469
Tomas(Boy): 462
Tommy(Boy): 342
Toni(Girl): 648
Tony(Boy): 283
Tori(Girl): 286
Trace(Boy): 519
Tracy(Girl): 826
Travis(Boy): 144
Travon(Boy): 769
Tre(Boy): 798
Trent(Boy): 231
Trenton(Boy): 180
Trever(Boy): 877
Trevin(Boy): 977
Trevion(Boy): 825
Trevon(Boy): 394
Trevor(Boy): 81
Trey(Boy): 213
Treyton(Boy): 826
Trinity(Girl): 70
Trista(Girl): 967
Tristan(Boy): 103
Tristan(Girl): 869
Tristen(Boy): 315
Tristian(Boy): 785
Tristin(Boy): 488
Triston(Boy): 465
Troy(Boy): 249
Trystan(Boy): 953
Tucker(Boy): 296
Turner(Boy): 925
Ty(Boy): 214
Tyler(Boy): 14
Tyler(Girl): 524
Tylor(Boy): 835
Tyra(Girl): 680
Tyree(Boy): 573
Tyrell(Boy): 537
Tyrese(Boy): 453
Tyrone(Boy): 507
Tyshawn(Boy): 887
Tyson(Boy): 307
Ulises(Boy): 543
Ulysses(Boy): 814
Unique(Girl): 926
Uriel(Boy): 451
Valentina(Girl): 603
Valeria(Girl): 197
Valerie(Girl): 157
Vance(Boy): 844
Vanesa(Girl): 849
Vanessa(Girl): 68
Vaughn(Boy): 934
Vernon(Boy): 926
Veronica(Girl): 172
Vicente(Boy): 559
Victor(Boy): 100
Victoria(Girl): 21
Vincent(Boy): 122
Violet(Girl): 611
Virginia(Girl): 369
Vivian(Girl): 249
Viviana(Girl): 447
Wade(Boy): 538
Walker(Boy): 407
Walter(Boy): 331
Warren(Boy): 527
Waylon(Boy): 753
Wayne(Boy): 539
Wendy(Girl): 261
Wesley(Boy): 183
Weston(Boy): 381
Whitney(Girl): 350
Will(Boy): 549
William(Boy): 11
Willie(Boy): 437
Willow(Girl): 504
Wilson(Boy): 468
Winston(Boy): 789
Wyatt(Boy): 119
Xander(Boy): 545
Xavier(Boy): 89
Ximena(Girl): 605
Xzavier(Boy): 747
Yadira(Girl): 644
Yahir(Boy): 604
Yareli(Girl): 992
Yasmin(Girl): 352
Yasmine(Girl): 461
Yazmin(Girl): 752
Yesenia(Girl): 271
Yessenia(Girl): 919
Yolanda(Girl): 974
Yosef(Boy): 836
Yousef(Boy): 998
Yuliana(Girl): 900
Yvette(Girl): 718
Yvonne(Girl): 937
Zachariah(Boy): 397
Zachary(Boy): 19
Zachery(Boy): 324
Zack(Boy): 978
Zackary(Boy): 254
Zackery(Boy): 409
Zain(Boy): 919
Zaire(Boy): 895
Zakary(Boy): 683
Zander(Boy): 533
Zane(Boy): 222
Zaria(Girl): 587
Zavier(Boy): 927
Zayne(Boy): 967
Zechariah(Boy): 655
Zion(Boy): 333
Zoe(Girl): 60
Zoey(Girl): 268
Zoie(Girl): 590
