1992
Aaron(Boy): 30
Abbey(Girl): 545
Abbie(Girl): 784
Abby(Girl): 260
Abdul(Boy): 980
Abel(Boy): 370
Abigail(Girl): 86
Abraham(Boy): 254
Adam(Boy): 36
Adan(Boy): 498
Addison(Boy): 634
Adolfo(Boy): 677
Adrian(Boy): 96
Adrian(Girl): 702
Adriana(Girl): 141
Adrianna(Girl): 289
Adrianne(Girl): 822
Adrienne(Girl): 279
Agustin(Boy): 618
Ahmad(Boy): 579
Ahmed(Boy): 724
Aidan(Boy): 633
Aileen(Girl): 795
Aimee(Girl): 314
Aisha(Girl): 571
Aja(Girl): 958
Akeem(Boy): 562
Alaina(Girl): 436
Alan(Boy): 129
Alana(Girl): 386
Alanna(Girl): 502
Alayna(Girl): 852
Albert(Boy): 205
Alberto(Boy): 225
Aldo(Boy): 836
Alec(Boy): 172
Alecia(Girl): 751
Alejandra(Girl): 149
Alejandro(Boy): 113
Alesha(Girl): 782
Alessandra(Girl): 807
Alex(Boy): 54
Alex(Girl): 617
Alexa(Girl): 140
Alexander(Boy): 23
Alexander(Girl): 927
Alexandra(Girl): 29
Alexandre(Boy): 987
Alexandrea(Girl): 508
Alexandria(Girl): 73
Alexandro(Boy): 882
Alexia(Girl): 522
Alexis(Boy): 331
Alexis(Girl): 40
Alexus(Girl): 616
Alfonso(Boy): 420
Alfred(Boy): 403
Alfredo(Boy): 274
Ali(Boy): 477
Ali(Girl): 771
Alice(Girl): 372
Alicia(Girl): 71
Alina(Girl): 639
Alisa(Girl): 513
Alisha(Girl): 162
Alison(Girl): 147
Alissa(Girl): 272
Allan(Boy): 385
Allen(Boy): 166
Allie(Girl): 561
Allison(Girl): 48
Allyson(Girl): 229
Allyssa(Girl): 763
Alma(Girl): 368
Alonso(Boy): 829
Alonzo(Boy): 506
Alphonso(Boy): 983
Alton(Boy): 769
Alvaro(Boy): 576
Alvin(Boy): 369
Alycia(Girl): 686
Alysa(Girl): 864
Alysha(Girl): 482
Alysia(Girl): 664
Alyson(Girl): 399
Alyssa(Girl): 30
Amanda(Girl): 3
Amber(Girl): 19
Amelia(Girl): 214
Amie(Girl): 860
Amir(Boy): 651
Amos(Boy): 791
Amy(Girl): 51
Ana(Girl): 137
Anais(Girl): 850
Anastasia(Girl): 352
Anderson(Boy): 852
Andre(Boy): 140
Andrea(Girl): 39
Andreas(Boy): 916
Andres(Boy): 186
Andrew(Boy): 5
Andria(Girl): 978
Andy(Boy): 252
Angel(Boy): 114
Angel(Girl): 180
Angela(Girl): 69
Angelica(Girl): 100
Angelina(Girl): 284
Angelique(Girl): 313
Angelo(Boy): 334
Angie(Girl): 652
Anika(Girl): 962
Anissa(Girl): 854
Anita(Girl): 454
Anjelica(Girl): 734
Ann(Girl): 295
Anna(Girl): 49
Anne(Girl): 182
Annette(Girl): 548
Annie(Girl): 353
Annmarie(Girl): 945
Anthony(Boy): 19
Antoine(Boy): 446
Antoinette(Girl): 476
Anton(Boy): 695
Antonia(Girl): 653
Antonio(Boy): 85
Antony(Boy): 844
Antwan(Boy): 610
Antwon(Boy): 727
April(Girl): 103
Araceli(Girl): 523
Ari(Boy): 845
Ariana(Girl): 207
Arianna(Girl): 396
Aric(Boy): 720
Ariel(Boy): 472
Ariel(Girl): 87
Arielle(Girl): 283
Arlene(Girl): 619
Armand(Boy): 988
Armando(Boy): 233
Arnold(Boy): 577
Arnulfo(Boy): 996
Aron(Boy): 555
Arron(Boy): 667
Arthur(Boy): 218
Arturo(Boy): 268
Asa(Boy): 846
Asha(Girl): 842
Ashely(Girl): 774
Asher(Boy): 966
Ashlee(Girl): 154
Ashleigh(Girl): 197
Ashley(Boy): 806
Ashley(Girl): 1
Ashli(Girl): 865
Ashlie(Girl): 505
Ashly(Girl): 590
Ashlyn(Girl): 371
Ashlynn(Girl): 817
Ashton(Boy): 391
Ashton(Girl): 354
Asia(Girl): 251
Athena(Girl): 803
Aubree(Girl): 857
Aubrey(Boy): 711
Aubrey(Girl): 252
Audra(Girl): 712
Audrey(Girl): 175
August(Boy): 814
Augustus(Boy): 891
Aurora(Girl): 680
Austen(Boy): 639
Austin(Boy): 38
Autumn(Girl): 170
Ava(Girl): 833
Avery(Boy): 461
Avery(Girl): 543
Axel(Boy): 908
Ayana(Girl): 922
Ayanna(Girl): 930
Ayla(Girl): 783
Baby(Boy): 559
Baby(Girl): 725
Bailey(Boy): 989
Bailey(Girl): 178
Barbara(Girl): 249
Barrett(Boy): 885
Barry(Boy): 459
Beatrice(Girl): 742
Beatriz(Girl): 489
Beau(Boy): 392
Becky(Girl): 993
Belinda(Girl): 735
Ben(Boy): 536
Benito(Boy): 739
Benjamin(Boy): 33
Bennett(Boy): 671
Benny(Boy): 722
Berenice(Girl): 823
Bernadette(Girl): 840
Bernard(Boy): 418
Bernardo(Boy): 824
Beth(Girl): 515
Bethany(Girl): 114
Betsy(Girl): 837
Betty(Girl): 721
Beverly(Girl): 531
Bianca(Girl): 97
Bill(Boy): 898
Billie(Girl): 890
Billy(Boy): 230
Blaine(Boy): 438
Blair(Boy): 652
Blair(Girl): 524
Blake(Boy): 84
Blake(Girl): 996
Blanca(Girl): 419
Bo(Boy): 622
Bobbi(Girl): 831
Bobbie(Girl): 764
Bobby(Boy): 221
Bonnie(Girl): 449
Brad(Boy): 462
Braden(Boy): 412
Bradford(Boy): 628
Bradley(Boy): 72
Bradly(Boy): 707
Brady(Boy): 238
Brandan(Boy): 658
Branden(Boy): 251
Brandi(Girl): 110
Brandie(Girl): 600
Brandon(Boy): 6
Brandy(Girl): 168
Brandyn(Boy): 640
Brannon(Boy): 990
Brant(Boy): 937
Braxton(Boy): 648
Brayden(Boy): 792
Brea(Girl): 875
Breana(Girl): 443
Breann(Girl): 736
Breanna(Girl): 94
Breanne(Girl): 486
Bree(Girl): 973
Brenda(Girl): 119
Brendan(Boy): 144
Brenden(Boy): 433
Brendon(Boy): 363
Brenna(Girl): 356
Brennan(Boy): 367
Brennen(Boy): 777
Brent(Boy): 160
Brenton(Boy): 541
Breonna(Girl): 932
Bret(Boy): 466
Brett(Boy): 97
Bria(Girl): 334
Brian(Boy): 31
Briana(Girl): 79
Brianda(Girl): 777
Brianna(Girl): 43
Brianne(Girl): 332
Brice(Boy): 584
Bridget(Girl): 201
Bridgette(Girl): 562
Brielle(Girl): 804
Britany(Girl): 610
Britney(Girl): 194
Britni(Girl): 877
Brittaney(Girl): 866
Brittani(Girl): 320
Brittanie(Girl): 611
Brittany(Girl): 4
Brittney(Girl): 68
Brittni(Girl): 549
Brittny(Girl): 882
Britton(Boy): 943
Brock(Boy): 306
Broderick(Boy): 903
Brody(Boy): 612
Bronson(Boy): 762
Brook(Girl): 692
Brooke(Girl): 59
Brooklyn(Girl): 552
Brooks(Boy): 672
Bruce(Boy): 291
Bryan(Boy): 57
Bryana(Girl): 998
Bryanna(Girl): 475
Bryant(Boy): 261
Bryce(Boy): 175
Bryon(Boy): 770
Bryson(Boy): 510
Byron(Boy): 314
Cade(Boy): 827
Caden(Boy): 870
Caitlin(Girl): 62
Caitlyn(Girl): 156
Cale(Boy): 863
Caleb(Boy): 74
Callie(Girl): 292
Calvin(Boy): 194
Camden(Boy): 878
Cameron(Boy): 53
Cameron(Girl): 698
Camille(Girl): 259
Camron(Boy): 818
Candace(Girl): 185
Candice(Girl): 198
Cara(Girl): 247
Carey(Boy): 961
Carina(Girl): 474
Carissa(Girl): 239
Carl(Boy): 182
Carla(Girl): 276
Carlee(Girl): 715
Carley(Girl): 409
Carli(Girl): 713
Carlie(Girl): 605
Carlo(Boy): 914
Carlos(Boy): 69
Carlton(Boy): 480
Carly(Girl): 134
Carmen(Girl): 228
Carol(Girl): 412
Carolina(Girl): 305
Caroline(Girl): 105
Carolyn(Girl): 196
Carrie(Girl): 221
Carson(Boy): 357
Carson(Girl): 950
Carter(Boy): 451
Cary(Boy): 967
Casandra(Girl): 496
Casey(Boy): 105
Casey(Girl): 109
Cassandra(Girl): 52
Cassidy(Boy): 991
Cassidy(Girl): 355
Cassie(Girl): 234
Cassondra(Girl): 878
Catalina(Girl): 895
Catherine(Girl): 78
Catrina(Girl): 988
Cayla(Girl): 568
Cecelia(Girl): 938
Cecil(Boy): 742
Cecilia(Girl): 275
Cedric(Boy): 407
Cedrick(Boy): 968
Celeste(Girl): 385
Celia(Girl): 655
Celina(Girl): 615
Cesar(Boy): 195
Chad(Boy): 108
Chadwick(Boy): 705
Chaim(Boy): 922
Chance(Boy): 329
Chandler(Boy): 409
Chandler(Girl): 541
Chandra(Girl): 967
Chanel(Girl): 393
Chanelle(Girl): 979
Channing(Boy): 886
Chantal(Girl): 719
Chantel(Girl): 405
Chantelle(Girl): 778
Charity(Girl): 500
Charlene(Girl): 506
Charles(Boy): 43
Charlie(Boy): 452
Charlotte(Girl): 287
Charmaine(Girl): 780
Chase(Boy): 116
Chasity(Girl): 362
Chastity(Girl): 989
Chaya(Girl): 959
Chaz(Boy): 511
Chelsea(Girl): 15
Chelsey(Girl): 117
Chelsi(Girl): 677
Chelsie(Girl): 227
Chelsy(Girl): 879
Cheryl(Girl): 533
Chester(Boy): 725
Cheyanne(Girl): 687
Cheyenne(Girl): 169
China(Girl): 818
Chloe(Girl): 161
Chris(Boy): 471
Christa(Girl): 344
Christen(Girl): 670
Christian(Boy): 35
Christian(Girl): 280
Christiana(Girl): 737
Christie(Girl): 518
Christin(Girl): 731
Christina(Girl): 33
Christine(Girl): 82
Christopher(Boy): 2
Christy(Girl): 357
Chrystal(Girl): 859
Chynna(Girl): 939
Ciara(Girl): 208
Ciera(Girl): 410
Cierra(Girl): 264
Cindy(Girl): 183
Claire(Girl): 158
Clara(Girl): 469
Clare(Girl): 679
Clarence(Boy): 429
Clarissa(Girl): 243
Clark(Boy): 623
Claude(Boy): 887
Claudia(Girl): 190
Clay(Boy): 483
Clayton(Boy): 167
Clifford(Boy): 415
Clifton(Boy): 538
Clint(Boy): 396
Clinton(Boy): 211
Clyde(Boy): 732
Coby(Boy): 879
Codey(Boy): 681
Codi(Boy): 856
Codie(Boy): 712
Cody(Boy): 24
Cody(Girl): 963
Colby(Boy): 197
Cole(Boy): 143
Coleman(Boy): 649
Colin(Boy): 127
Colleen(Girl): 184
Collin(Boy): 187
Colt(Boy): 691
Colten(Boy): 571
Colter(Boy): 997
Colton(Boy): 134
Conner(Boy): 296
Connie(Girl): 573
Connor(Boy): 80
Conor(Boy): 290
Conrad(Boy): 624
Constance(Girl): 654
Cooper(Boy): 546
Cora(Girl): 808
Coral(Girl): 990
Corbin(Boy): 393
Cordell(Boy): 917
Corey(Boy): 65
Corey(Girl): 790
Cori(Girl): 694
Corina(Girl): 581
Corinne(Girl): 394
Cornelius(Boy): 542
Corrine(Girl): 991
Cortez(Boy): 592
Cortney(Girl): 319
Cory(Boy): 83
Coty(Boy): 406
Courtney(Boy): 489
Courtney(Girl): 21
Coy(Boy): 998
Craig(Boy): 154
Cristal(Girl): 439
Cristian(Boy): 272
Cristina(Girl): 186
Cristopher(Boy): 767
Cruz(Boy): 801
Crystal(Girl): 50
Cullen(Boy): 600
Curtis(Boy): 142
Cynthia(Girl): 92
Cyrus(Boy): 729
Daisy(Girl): 187
Dakota(Boy): 103
Dakota(Girl): 346
Dakotah(Boy): 883
Dale(Boy): 340
Dallas(Boy): 299
Dallas(Girl): 646
Dalton(Boy): 121
Dalvin(Boy): 931
Damaris(Girl): 974
Damian(Boy): 262
Damien(Boy): 308
Damion(Boy): 580
Damon(Boy): 284
Dan(Boy): 715
Dana(Boy): 627
Dana(Girl): 144
Danae(Girl): 951
Dandre(Boy): 682
Dane(Boy): 410
Danica(Girl): 772
Daniel(Boy): 7
Daniela(Girl): 285
Daniella(Girl): 483
Danielle(Girl): 18
Danika(Girl): 940
Danny(Boy): 190
Dante(Boy): 360
Danyelle(Girl): 897
Daphne(Girl): 891
Daquan(Boy): 605
Dara(Girl): 896
Darcy(Girl): 933
Darian(Boy): 547
Darian(Girl): 704
Darien(Boy): 616
Darin(Boy): 601
Dario(Boy): 873
Darion(Boy): 749
Darius(Boy): 164
Darlene(Girl): 601
Darnell(Boy): 419
Daron(Boy): 841
Darrel(Boy): 944
Darrell(Boy): 293
Darren(Boy): 227
Darrin(Boy): 566
Darrius(Boy): 590
Darryl(Boy): 321
Darwin(Boy): 956
Daryl(Boy): 488
Dashawn(Boy): 586
Davante(Boy): 802
Dave(Boy): 976
David(Boy): 10
Davin(Boy): 847
Davion(Boy): 853
Davis(Boy): 513
Davon(Boy): 449
Davonta(Boy): 918
Davonte(Boy): 491
Dawn(Girl): 413
Dayna(Girl): 752
Dayton(Boy): 984
Dean(Boy): 315
Deandre(Boy): 277
Deangelo(Boy): 534
Deanna(Girl): 155
Deante(Boy): 900
Deborah(Girl): 300
Debra(Girl): 635
Deidra(Girl): 819
Deidre(Girl): 630
Deion(Boy): 751
Deja(Girl): 740
Dejon(Boy): 977
Dejuan(Boy): 938
Delaney(Girl): 707
Delia(Girl): 968
Demarco(Boy): 774
Demarcus(Boy): 469
Demario(Boy): 782
Demetri(Boy): 778
Demetria(Girl): 888
Demetrius(Boy): 281
Demi(Girl): 636
Denise(Girl): 188
Dennis(Boy): 150
Denver(Boy): 992
Denzel(Boy): 330
Denzell(Boy): 832
Deon(Boy): 527
Deonta(Boy): 839
Deonte(Boy): 523
Dequan(Boy): 874
Dereck(Boy): 919
Derek(Boy): 62
Derick(Boy): 486
Derik(Boy): 904
Deron(Boy): 969
Derrick(Boy): 120
Deshaun(Boy): 950
Deshawn(Boy): 444
Desirae(Girl): 477
Desiree(Girl): 121
Desmond(Boy): 265
Destinee(Girl): 553
Destini(Girl): 964
Destiny(Girl): 129
Devan(Boy): 397
Devan(Girl): 629
Devante(Boy): 199
Deven(Boy): 604
Devin(Boy): 75
Devin(Girl): 273
Devon(Boy): 123
Devon(Girl): 301
Devonta(Boy): 569
Devontae(Boy): 708
Devonte(Boy): 226
Devyn(Girl): 760
Dewayne(Boy): 662
Dexter(Boy): 474
Diamond(Girl): 219
Diana(Girl): 101
Diane(Girl): 414
Dianna(Girl): 729
Diego(Boy): 301
Dillan(Boy): 553
Dillion(Boy): 539
Dillon(Boy): 73
Dimitri(Boy): 502
Dina(Girl): 809
Dion(Boy): 528
Dionte(Boy): 825
Domenic(Boy): 999
Domingo(Boy): 923
Dominic(Boy): 137
Dominick(Boy): 317
Dominique(Boy): 180
Dominique(Girl): 116
Dominque(Boy): 674
Dominque(Girl): 810
Domonique(Boy): 901
Domonique(Girl): 716
Don(Boy): 602
Donald(Boy): 110
Donavan(Boy): 704
Donavon(Boy): 1000
Dondre(Boy): 854
Donna(Girl): 377
Donnell(Boy): 723
Donnie(Boy): 641
Donovan(Boy): 243
Donta(Boy): 970
Dontae(Boy): 815
Donte(Boy): 421
Dora(Girl): 980
Dorian(Boy): 524
Doris(Girl): 883
Dorothy(Girl): 484
Douglas(Boy): 126
Drake(Boy): 425
Drew(Boy): 181
Duane(Boy): 563
Dulce(Girl): 648
Duncan(Boy): 642
Dustin(Boy): 58
Dusty(Boy): 884
Dwayne(Boy): 352
Dwight(Boy): 495
Dylan(Boy): 28
Dyllan(Boy): 807
Dylon(Boy): 643
Earl(Boy): 458
Earnest(Boy): 909
Eboni(Girl): 824
Ebony(Girl): 213
Eddie(Boy): 259
Eddy(Boy): 819
Eden(Girl): 697
Edgar(Boy): 149
Edgardo(Boy): 692
Edith(Girl): 554
Edmund(Boy): 880
Eduardo(Boy): 132
Edward(Boy): 70
Edwin(Boy): 177
Efrain(Boy): 521
Efren(Boy): 826
Eileen(Girl): 579
Elaina(Girl): 766
Elaine(Girl): 417
Eleanor(Girl): 585
Elena(Girl): 337
Eli(Boy): 350
Eliana(Girl): 916
Elias(Boy): 341
Elijah(Boy): 203
Elisa(Girl): 457
Elisabeth(Girl): 341
Elise(Girl): 297
Eliseo(Boy): 910
Elisha(Boy): 902
Elisha(Girl): 724
Elissa(Girl): 727
Eliza(Girl): 661
Elizabeth(Girl): 9
Ella(Girl): 892
Ellen(Girl): 217
Ellie(Girl): 855
Elliot(Boy): 404
Elliott(Boy): 399
Ellis(Boy): 765
Elmer(Boy): 687
Elsa(Girl): 867
Elvin(Boy): 924
Elvis(Boy): 750
Elyse(Girl): 669
Emanuel(Boy): 365
Emerald(Girl): 917
Emerson(Boy): 993
Emilee(Girl): 501
Emilia(Girl): 934
Emilie(Girl): 591
Emilio(Boy): 386
Emily(Girl): 7
Emma(Girl): 104
Emmanuel(Boy): 224
Emmett(Boy): 803
Enrique(Boy): 271
Eric(Boy): 26
Erica(Girl): 44
Erich(Boy): 730
Erick(Boy): 222
Ericka(Girl): 380
Erik(Boy): 98
Erika(Girl): 80
Erin(Boy): 796
Erin(Girl): 46
Ernest(Boy): 337
Ernesto(Boy): 313
Ervin(Boy): 735
Erwin(Boy): 978
Esmeralda(Girl): 403
Essence(Girl): 876
Esteban(Boy): 389
Estefania(Girl): 722
Estevan(Boy): 685
Esther(Girl): 302
Ethan(Boy): 76
Eugene(Boy): 338
Eunice(Girl): 904
Eva(Girl): 340
Evan(Boy): 66
Evelyn(Girl): 202
Everett(Boy): 594
Ezekiel(Boy): 636
Ezequiel(Boy): 787
Ezra(Boy): 793
Fabian(Boy): 339
Fabiola(Girl): 767
Faith(Girl): 245
Fallon(Girl): 843
Fatima(Girl): 627
Felicia(Girl): 146
Felipe(Boy): 414
Felisha(Girl): 829
Felix(Boy): 346
Fernando(Boy): 170
Fidel(Boy): 840
Flor(Girl): 941
Floyd(Boy): 740
Forest(Boy): 820
Forrest(Boy): 316
Frances(Girl): 388
Francesca(Girl): 373
Francis(Boy): 318
Francisco(Boy): 118
Frank(Boy): 125
Frankie(Boy): 556
Franklin(Boy): 311
Fred(Boy): 573
Freddie(Boy): 619
Freddy(Boy): 525
Frederick(Boy): 275
Fredrick(Boy): 507
Gabriel(Boy): 86
Gabriel(Girl): 851
Gabriela(Girl): 139
Gabriella(Girl): 209
Gabrielle(Girl): 84
Gage(Boy): 335
Galen(Boy): 866
Garett(Boy): 932
Garret(Boy): 442
Garrett(Boy): 88
Garrick(Boy): 920
Garrison(Boy): 892
Garry(Boy): 810
Garth(Boy): 659
Gary(Boy): 139
Gavin(Boy): 266
Gene(Boy): 655
Genesis(Girl): 375
Geneva(Girl): 935
Genevieve(Girl): 521
Geoffrey(Boy): 312
George(Boy): 95
Georgia(Girl): 594
Georgina(Girl): 952
Gerald(Boy): 244
Gerard(Boy): 630
Gerardo(Boy): 228
German(Boy): 664
Giancarlo(Boy): 945
Gianna(Girl): 622
Gilbert(Boy): 378
Gilberto(Boy): 423
Gillian(Girl): 969
Gina(Girl): 164
Gino(Boy): 637
Giovanna(Girl): 975
Giovanni(Boy): 300
Giselle(Girl): 838
Gladys(Girl): 695
Glen(Boy): 526
Glenn(Boy): 342
Gloria(Girl): 250
Gonzalo(Boy): 733
Gordon(Boy): 503
Grace(Girl): 127
Graciela(Girl): 898
Grady(Boy): 808
Graham(Boy): 401
Grant(Boy): 165
Grayson(Boy): 620
Greg(Boy): 794
Gregorio(Boy): 828
Gregory(Boy): 60
Gretchen(Girl): 683
Griffin(Boy): 561
Griselda(Girl): 834
Guadalupe(Boy): 661
Guadalupe(Girl): 293
Guillermo(Boy): 361
Gunnar(Boy): 746
Gustavo(Boy): 307
Guy(Boy): 615
Gwendolyn(Girl): 684
Hailee(Girl): 792
Hailey(Girl): 160
Hakeem(Boy): 731
Haleigh(Girl): 586
Haley(Girl): 56
Hali(Girl): 726
Halie(Girl): 753
Hallie(Girl): 598
Hanna(Girl): 290
Hannah(Girl): 26
Hans(Boy): 799
Harley(Boy): 408
Harley(Girl): 525
Harold(Boy): 355
Harrison(Boy): 282
Harry(Boy): 366
Harvey(Boy): 809
Hassan(Boy): 857
Hayden(Boy): 248
Haylee(Girl): 557
Hayley(Girl): 135
Heath(Boy): 544
Heather(Girl): 31
Heaven(Girl): 787
Hector(Boy): 156
Heidi(Girl): 225
Helen(Girl): 326
Henry(Boy): 141
Herbert(Boy): 587
Heriberto(Boy): 717
Herman(Boy): 699
Hernan(Boy): 804
Hilary(Girl): 233
Hillary(Girl): 131
Holden(Boy): 693
Hollie(Girl): 665
Holly(Girl): 99
Hope(Girl): 310
Houston(Boy): 747
Howard(Boy): 467
Hugh(Boy): 830
Hugo(Boy): 379
Humberto(Boy): 520
Hunter(Boy): 135
Ian(Boy): 68
Iesha(Girl): 434
Ignacio(Boy): 613
Iliana(Girl): 820
Imani(Girl): 550
India(Girl): 390
Infant(Boy): 565
Infant(Girl): 746
Ingrid(Girl): 708
Ira(Boy): 951
Irene(Girl): 430
Iris(Girl): 448
Irma(Girl): 835
Irvin(Boy): 543
Irving(Boy): 647
Isaac(Boy): 124
Isabel(Girl): 265
Isabella(Girl): 487
Isabelle(Girl): 839
Isaiah(Boy): 212
Isaias(Boy): 783
Isamar(Girl): 984
Isiah(Boy): 512
Isidro(Boy): 925
Ismael(Boy): 381
Israel(Boy): 297
Issac(Boy): 653
Ivan(Boy): 151
Ivana(Girl): 884
Ivette(Girl): 649
Ivonne(Girl): 899
Ivy(Girl): 741
Jabari(Boy): 738
Jace(Boy): 550
Jack(Boy): 155
Jackie(Boy): 701
Jackie(Girl): 623
Jacklyn(Girl): 535
Jackson(Boy): 223
Jaclyn(Girl): 171
Jacob(Boy): 15
Jacoby(Boy): 728
Jacqueline(Girl): 76
Jacquelyn(Girl): 241
Jacques(Boy): 895
Jada(Girl): 717
Jade(Boy): 779
Jade(Girl): 181
Jaime(Boy): 215
Jaime(Girl): 376
Jaimie(Girl): 628
Jairo(Boy): 713
Jake(Boy): 119
Jakob(Boy): 481
Jaleel(Boy): 721
Jaleesa(Girl): 793
Jalen(Boy): 377
Jalisa(Girl): 492
Jamaal(Boy): 683
Jamal(Boy): 242
Jamar(Boy): 493
Jamarcus(Boy): 789
Jamel(Boy): 582
James(Boy): 9
Jameson(Boy): 719
Jami(Girl): 633
Jamie(Boy): 249
Jamie(Girl): 75
Jamil(Boy): 743
Jamila(Girl): 923
Jamison(Boy): 654
Jana(Girl): 657
Janae(Girl): 498
Janay(Girl): 811
Jane(Girl): 395
Janel(Girl): 889
Janell(Girl): 905
Janelle(Girl): 262
Janessa(Girl): 730
Janet(Girl): 231
Janette(Girl): 685
Janice(Girl): 514
Janie(Girl): 709
Janine(Girl): 733
Janna(Girl): 960
Jaquan(Boy): 585
Jaqueline(Girl): 815
Jared(Boy): 67
Jarod(Boy): 755
Jaron(Boy): 485
Jarred(Boy): 439
Jarrell(Boy): 946
Jarrett(Boy): 447
Jarrod(Boy): 384
Jarvis(Boy): 490
Jasmin(Girl): 211
Jasmine(Girl): 28
Jason(Boy): 46
Jasper(Boy): 666
Javier(Boy): 152
Javon(Boy): 499
Javonte(Boy): 684
Jay(Boy): 236
Jayme(Girl): 688
Jayson(Boy): 492
Jazmin(Girl): 255
Jazmine(Girl): 266
Jean(Boy): 533
Jean(Girl): 928
Jeanette(Girl): 322
Jeannette(Girl): 908
Jeff(Boy): 697
Jefferson(Boy): 710
Jeffery(Boy): 176
Jeffrey(Boy): 51
Jena(Girl): 546
Jenifer(Girl): 672
Jenna(Girl): 67
Jennie(Girl): 640
Jennifer(Girl): 11
Jenny(Girl): 244
Jerald(Boy): 867
Jered(Boy): 981
Jerel(Boy): 957
Jeremiah(Boy): 161
Jeremy(Boy): 47
Jerica(Girl): 936
Jermaine(Boy): 349
Jerod(Boy): 926
Jerome(Boy): 298
Jerrell(Boy): 771
Jerrica(Girl): 805
Jerrod(Boy): 688
Jerry(Boy): 183
Jess(Boy): 875
Jesse(Boy): 50
Jesse(Girl): 693
Jessenia(Girl): 965
Jessi(Girl): 966
Jessica(Girl): 2
Jessie(Boy): 273
Jessie(Girl): 256
Jessika(Girl): 673
Jessy(Boy): 756
Jesus(Boy): 78
Jevon(Boy): 911
Jill(Girl): 397
Jillian(Girl): 148
Jim(Boy): 744
Jimmie(Boy): 635
Jimmy(Boy): 200
Joan(Girl): 800
Joann(Girl): 872
Joanna(Girl): 167
Joanne(Girl): 671
Joaquin(Boy): 631
Jocelyn(Girl): 165
Jodi(Girl): 532
Jodie(Girl): 825
Jody(Boy): 896
Joe(Boy): 220
Joel(Boy): 100
Joelle(Girl): 914
Joey(Boy): 402
Johanna(Girl): 392
John(Boy): 14
Johnathan(Boy): 122
Johnathon(Boy): 279
Johnnie(Boy): 632
Johnny(Boy): 153
Jon(Boy): 240
Jonah(Boy): 694
Jonas(Boy): 905
Jonathan(Boy): 21
Jonathon(Boy): 136
Jordan(Boy): 32
Jordan(Girl): 63
Jordon(Boy): 405
Jordyn(Girl): 378
Jorge(Boy): 109
Jose(Boy): 37
Josef(Boy): 821
Joselyn(Girl): 893
Joseph(Boy): 11
Josephine(Girl): 426
Josh(Boy): 775
Joshua(Boy): 4
Josiah(Boy): 324
Josie(Girl): 620
Josue(Boy): 285
Jovan(Boy): 644
Joy(Girl): 411
Joyce(Girl): 539
Juan(Boy): 56
Juana(Girl): 827
Juanita(Girl): 542
Judith(Girl): 467
Judy(Girl): 658
Julia(Girl): 70
Julian(Boy): 133
Juliana(Girl): 441
Julianna(Girl): 584
Julianne(Girl): 450
Julie(Girl): 106
Julien(Boy): 871
Julio(Boy): 201
Julissa(Girl): 756
Julius(Boy): 453
Junior(Boy): 780
Justen(Boy): 927
Justice(Boy): 822
Justin(Boy): 18
Justina(Girl): 624
Justine(Girl): 224
Justyn(Boy): 933
Juwan(Boy): 962
Kacey(Girl): 662
Kaci(Girl): 738
Kacie(Girl): 504
Kadeem(Boy): 581
Kaela(Girl): 828
Kai(Boy): 837
Kaila(Girl): 428
Kailee(Girl): 906
Kailey(Girl): 466
Kaitlin(Girl): 113
Kaitlyn(Girl): 42
Kaitlynn(Girl): 451
Kala(Girl): 637
Kaleb(Boy): 280
Kaleigh(Girl): 435
Kalen(Boy): 939
Kaley(Girl): 470
Kali(Girl): 404
Kalie(Girl): 919
Kallie(Girl): 844
Kalyn(Girl): 758
Kameron(Boy): 398
Kandace(Girl): 946
Kandice(Girl): 920
Kara(Girl): 115
Kareem(Boy): 548
Karen(Girl): 122
Kari(Girl): 327
Karina(Girl): 159
Karissa(Girl): 309
Karl(Boy): 336
Karla(Girl): 238
Karlee(Girl): 608
Karley(Girl): 798
Karli(Girl): 572
Karlie(Girl): 720
Karly(Girl): 558
Kasandra(Girl): 696
Kasey(Boy): 501
Kasey(Girl): 203
Kasie(Girl): 992
Kassandra(Girl): 204
Kassie(Girl): 909
Katarina(Girl): 574
Kate(Girl): 325
Katelin(Girl): 634
Katelyn(Girl): 66
Katelynn(Girl): 299
Katerina(Girl): 900
Katharine(Girl): 361
Katherine(Girl): 27
Katheryn(Girl): 924
Kathleen(Girl): 108
Kathrine(Girl): 785
Kathryn(Girl): 60
Kathy(Girl): 509
Kati(Girl): 954
Katie(Girl): 54
Katlin(Girl): 718
Katlyn(Girl): 294
Katrina(Girl): 132
Katy(Girl): 519
Kaycee(Girl): 981
Kayla(Girl): 13
Kaylee(Girl): 174
Kayleigh(Girl): 407
Kayley(Girl): 972
Kaylie(Girl): 606
Kaylin(Girl): 678
Kaylyn(Girl): 595
Kaylynn(Girl): 942
Keaton(Boy): 522
Keegan(Boy): 454
Keely(Girl): 739
Keenan(Boy): 362
Kegan(Boy): 790
Keisha(Girl): 516
Keith(Boy): 102
Kelby(Boy): 855
Kelcie(Girl): 970
Kellen(Boy): 797
Kelley(Girl): 364
Kelli(Girl): 216
Kellie(Girl): 261
Kelly(Boy): 417
Kelly(Girl): 47
Kelsea(Girl): 520
Kelsey(Boy): 805
Kelsey(Girl): 23
Kelsi(Girl): 437
Kelsie(Girl): 248
Kelvin(Boy): 319
Kendall(Boy): 322
Kendall(Girl): 350
Kendra(Girl): 126
Kendrick(Boy): 351
Kenia(Girl): 961
Kenisha(Girl): 994
Kenneth(Boy): 59
Kenny(Boy): 437
Kent(Boy): 529
Kenton(Boy): 915
Kenya(Girl): 510
Keon(Boy): 773
Keri(Girl): 511
Kerri(Girl): 497
Kerry(Boy): 608
Kerry(Girl): 540
Keven(Boy): 888
Kevin(Boy): 25
Kevon(Boy): 899
Khalil(Boy): 660
Kia(Girl): 813
Kiana(Girl): 402
Kiara(Girl): 193
Kiera(Girl): 459
Kieran(Boy): 971
Kierra(Girl): 398
Kiersten(Girl): 569
Kiley(Girl): 700
Kimberlee(Girl): 868
Kimberley(Girl): 853
Kimberly(Girl): 35
Kinsey(Girl): 955
Kira(Girl): 429
Kirby(Boy): 741
Kirk(Boy): 430
Kirsten(Girl): 166
Kirstie(Girl): 559
Kirstin(Girl): 580
Kody(Boy): 253
Kolby(Boy): 706
Kolton(Boy): 838
Korey(Boy): 531
Kori(Girl): 667
Kortney(Girl): 836
Kory(Boy): 470
Kourtney(Girl): 444
Krista(Girl): 150
Kristal(Girl): 861
Kristen(Girl): 53
Kristi(Girl): 304
Kristian(Boy): 448
Kristian(Girl): 699
Kristie(Girl): 481
Kristin(Girl): 90
Kristina(Girl): 93
Kristine(Girl): 316
Kristofer(Boy): 567
Kristopher(Boy): 189
Kristy(Girl): 324
Kristyn(Girl): 641
Krysta(Girl): 674
Krystal(Girl): 128
Krystina(Girl): 947
Krystle(Girl): 786
Kurt(Boy): 344
Kurtis(Boy): 460
Kwame(Boy): 947
Kyla(Girl): 365
Kyle(Boy): 22
Kylee(Girl): 379
Kyler(Boy): 487
Kylie(Girl): 195
Kyra(Girl): 438
Lacey(Girl): 173
Laci(Girl): 880
Lacie(Girl): 659
Lacy(Girl): 424
Ladarius(Boy): 665
Lakeisha(Girl): 701
Laken(Girl): 943
Lamar(Boy): 445
Lamont(Boy): 551
Lana(Girl): 858
Lance(Boy): 204
Landon(Boy): 276
Lane(Boy): 597
Laquan(Boy): 949
Lara(Girl): 642
Larissa(Girl): 374
Laron(Boy): 979
Larry(Boy): 173
Latasha(Girl): 461
Latifah(Girl): 801
Latisha(Girl): 503
Latoya(Girl): 432
Latrice(Girl): 915
Laura(Girl): 38
Laurel(Girl): 609
Lauren(Girl): 12
Laurence(Boy): 972
Laurie(Girl): 768
Lauryn(Girl): 754
Lawrence(Boy): 192
Lazaro(Boy): 963
Lea(Girl): 632
Leah(Girl): 96
Leandra(Girl): 869
Leann(Girl): 814
Leanna(Girl): 488
Leanne(Girl): 570
Lee(Boy): 255
Leeann(Girl): 885
Leigh(Girl): 556
Leila(Girl): 971
Leland(Boy): 696
Lena(Girl): 507
Leo(Boy): 464
Leon(Boy): 388
Leonard(Boy): 327
Leonardo(Boy): 382
Leonel(Boy): 570
Leroy(Boy): 494
Lesley(Girl): 638
Leslie(Boy): 702
Leslie(Girl): 133
Lester(Boy): 668
Leticia(Girl): 321
Levi(Boy): 168
Lewis(Boy): 413
Lexus(Girl): 985
Liam(Boy): 593
Liana(Girl): 748
Liliana(Girl): 345
Lillian(Girl): 347
Lily(Girl): 471
Lincoln(Boy): 848
Linda(Girl): 192
Lindsay(Girl): 81
Lindsey(Girl): 57
Lionel(Boy): 748
Lisa(Girl): 88
Lisette(Girl): 826
Liza(Girl): 986
Lizbeth(Girl): 560
Lizeth(Girl): 956
Lizette(Girl): 681
Lloyd(Boy): 552
Logan(Boy): 89
Logan(Girl): 440
Lonnie(Boy): 540
Lora(Girl): 873
Loren(Boy): 645
Loren(Girl): 578
Lorena(Girl): 360
Lorenzo(Boy): 333
Lori(Girl): 400
Lorraine(Girl): 750
Louis(Boy): 193
Lourdes(Girl): 845
Lucas(Boy): 106
Lucero(Girl): 781
Lucia(Girl): 582
Lucy(Girl): 478
Luis(Boy): 64
Luisa(Girl): 999
Lukas(Boy): 457
Luke(Boy): 93
Luther(Boy): 906
Luz(Girl): 631
Lydia(Girl): 205
Lyle(Boy): 757
Lyndsay(Girl): 779
Lyndsey(Girl): 455
Lynette(Girl): 832
Lynn(Girl): 743
Macey(Girl): 846
Mackenzie(Boy): 411
Mackenzie(Girl): 125
Macy(Girl): 433
Madalyn(Girl): 910
Madeleine(Girl): 468
Madeline(Girl): 138
Madelyn(Girl): 575
Madison(Boy): 781
Madison(Girl): 107
Maegan(Girl): 643
Magdalena(Girl): 921
Maggie(Girl): 271
Mai(Girl): 957
Maira(Girl): 732
Makayla(Girl): 564
Makenzie(Girl): 603
Malachi(Boy): 784
Malcolm(Boy): 206
Malcom(Boy): 766
Malia(Girl): 997
Malik(Boy): 395
Mallory(Girl): 172
Mandy(Girl): 645
Manuel(Boy): 131
Mara(Girl): 613
Maranda(Girl): 493
Marc(Boy): 213
Marcel(Boy): 558
Marcela(Girl): 987
Marcella(Girl): 749
Marcelo(Boy): 985
Marco(Boy): 198
Marcos(Boy): 263
Marcus(Boy): 82
Margaret(Girl): 102
Margarita(Girl): 463
Maria(Girl): 45
Mariah(Girl): 74
Mariam(Girl): 925
Marian(Girl): 911
Mariana(Girl): 538
Maribel(Girl): 415
Maricela(Girl): 682
Marie(Girl): 240
Mariel(Girl): 773
Mariela(Girl): 472
Marilyn(Girl): 382
Marina(Girl): 277
Mario(Boy): 128
Marion(Boy): 934
Marisa(Girl): 220
Marisela(Girl): 690
Marisol(Girl): 383
Marissa(Girl): 72
Maritza(Girl): 427
Marjorie(Girl): 841
Mark(Boy): 49
Markus(Boy): 514
Marla(Girl): 1000
Marlee(Girl): 901
Marlena(Girl): 812
Marlene(Girl): 358
Marlon(Boy): 475
Marques(Boy): 921
Marquez(Boy): 811
Marquis(Boy): 295
Marquise(Boy): 549
Marquita(Girl): 874
Marshall(Boy): 304
Martez(Boy): 776
Martha(Girl): 246
Martin(Boy): 117
Martina(Girl): 902
Marty(Boy): 958
Marvin(Boy): 245
Mary(Girl): 37
Maryann(Girl): 976
Mason(Boy): 148
Mathew(Boy): 174
Matthew(Boy): 3
Maura(Girl): 691
Maureen(Girl): 592
Maurice(Boy): 246
Mauricio(Boy): 496
Max(Boy): 171
Maximilian(Boy): 611
Maximillian(Boy): 959
Maxine(Girl): 977
Maxwell(Boy): 169
Maya(Girl): 369
Mayra(Girl): 200
Mckenna(Girl): 589
Mckenzie(Girl): 291
Meagan(Girl): 157
Meaghan(Girl): 406
Megan(Girl): 10
Meghan(Girl): 91
Melanie(Girl): 98
Melina(Girl): 728
Melinda(Girl): 258
Melisa(Girl): 775
Melissa(Girl): 24
Melody(Girl): 308
Melvin(Boy): 325
Mercedes(Girl): 177
Meredith(Girl): 199
Mia(Girl): 329
Micaela(Girl): 796
Micah(Boy): 241
Micah(Girl): 769
Michael(Boy): 1
Michael(Girl): 788
Michaela(Girl): 288
Micheal(Boy): 207
Michele(Girl): 328
Michelle(Girl): 25
Mickey(Boy): 833
Miguel(Boy): 90
Mikaela(Girl): 799
Mikayla(Girl): 566
Mike(Boy): 545
Mikel(Boy): 850
Miles(Boy): 283
Milton(Boy): 560
Mindy(Girl): 567
Miranda(Girl): 89
Miriam(Girl): 270
Misael(Boy): 812
Misty(Girl): 351
Mitchel(Boy): 609
Mitchell(Boy): 91
Mohamed(Boy): 734
Mohammad(Boy): 588
Mohammed(Boy): 678
Moises(Boy): 424
Mollie(Girl): 499
Molly(Girl): 83
Monica(Girl): 77
Monika(Girl): 907
Monique(Girl): 151
Montel(Boy): 893
Montrell(Boy): 940
Morgan(Boy): 287
Morgan(Girl): 41
Moriah(Girl): 479
Morris(Boy): 868
Moses(Boy): 572
Moshe(Boy): 813
Muhammad(Boy): 907
Myles(Boy): 390
Myra(Girl): 761
Myranda(Girl): 903
Myron(Boy): 680
Nadia(Girl): 425
Nadine(Girl): 759
Najee(Boy): 928
Nakia(Girl): 931
Nancy(Girl): 143
Naomi(Girl): 253
Natalia(Girl): 366
Natalie(Girl): 61
Nataly(Girl): 929
Natasha(Girl): 120
Nathalie(Girl): 668
Nathan(Boy): 44
Nathanael(Boy): 497
Nathanial(Boy): 617
Nathaniel(Boy): 79
Neal(Boy): 508
Neil(Boy): 323
Nelson(Boy): 320
Nestor(Boy): 598
Nia(Girl): 705
Nicholas(Boy): 12
Nichole(Girl): 191
Nick(Boy): 689
Nickolas(Boy): 267
Nico(Boy): 614
Nicolas(Boy): 179
Nicole(Girl): 14
Nicolette(Girl): 343
Nigel(Boy): 516
Nikita(Girl): 650
Nikki(Girl): 311
Nikko(Boy): 889
Niko(Boy): 890
Nikolas(Boy): 478
Nikole(Girl): 948
Nina(Girl): 268
Noah(Boy): 219
Noe(Boy): 537
Noel(Boy): 434
Noel(Girl): 821
Noelle(Girl): 452
Noemi(Girl): 587
Nolan(Boy): 247
Nora(Girl): 473
Norma(Girl): 517
Norman(Boy): 504
Octavia(Girl): 597
Octavio(Boy): 709
Olga(Girl): 830
Oliver(Boy): 359
Olivia(Girl): 58
Omar(Boy): 145
Orlando(Boy): 356
Oscar(Boy): 130
Osvaldo(Boy): 656
Otis(Boy): 851
Owen(Boy): 476
Pablo(Boy): 332
Paige(Girl): 64
Pamela(Girl): 303
Paola(Girl): 490
Paris(Boy): 625
Paris(Girl): 464
Parker(Boy): 256
Patrice(Girl): 644
Patricia(Girl): 111
Patrick(Boy): 39
Paul(Boy): 55
Paula(Girl): 338
Paulina(Girl): 551
Pauline(Girl): 886
Payton(Boy): 638
Payton(Girl): 703
Pedro(Boy): 188
Perla(Girl): 576
Perry(Boy): 519
Pete(Boy): 952
Peter(Boy): 81
Peyton(Boy): 763
Peyton(Girl): 583
Philip(Boy): 138
Phillip(Boy): 107
Phoebe(Girl): 982
Pierce(Boy): 726
Pierre(Boy): 603
Porsha(Girl): 847
Precious(Girl): 442
Preston(Boy): 202
Prince(Boy): 948
Princess(Girl): 870
Priscilla(Girl): 179
Quentin(Boy): 364
Quincy(Boy): 505
Quinn(Boy): 450
Quinten(Boy): 982
Quintin(Boy): 583
Quinton(Boy): 353
Rachael(Girl): 123
Racheal(Girl): 666
Rachel(Girl): 16
Rachelle(Girl): 367
Rafael(Boy): 208
Raheem(Boy): 509
Rakeem(Boy): 772
Ralph(Boy): 441
Ramiro(Boy): 456
Ramon(Boy): 250
Randal(Boy): 859
Randall(Boy): 235
Randi(Girl): 359
Randolph(Boy): 788
Randy(Boy): 158
Raphael(Boy): 578
Raquel(Girl): 242
Rashad(Boy): 416
Rashawn(Boy): 690
Rasheed(Boy): 864
Raul(Boy): 209
Raven(Girl): 152
Ray(Boy): 394
Raymond(Boy): 104
Raymundo(Boy): 800
Rebeca(Girl): 711
Rebecca(Girl): 20
Rebekah(Girl): 145
Reece(Boy): 700
Reed(Boy): 530
Reese(Boy): 798
Regan(Girl): 894
Regina(Girl): 331
Reginald(Boy): 234
Reid(Boy): 455
Remington(Boy): 953
Rene(Boy): 328
Renee(Girl): 215
Reuben(Boy): 670
Rex(Boy): 718
Reyna(Girl): 744
Reynaldo(Boy): 606
Rhett(Boy): 758
Rhiannon(Girl): 676
Rhonda(Girl): 770
Ricardo(Boy): 115
Richard(Boy): 40
Rick(Boy): 575
Rickey(Boy): 564
Ricky(Boy): 191
Rico(Boy): 675
Rigoberto(Boy): 599
Rikki(Girl): 794
Riley(Boy): 264
Riley(Girl): 555
Rita(Girl): 588
Robbie(Boy): 858
Robert(Boy): 17
Roberto(Boy): 159
Robin(Boy): 596
Robin(Girl): 263
Robyn(Girl): 348
Rocco(Boy): 941
Rochelle(Girl): 445
Rocio(Girl): 529
Rocky(Boy): 752
Roderick(Boy): 431
Rodney(Boy): 210
Rodolfo(Boy): 383
Rodrick(Boy): 881
Rodrigo(Boy): 468
Rogelio(Boy): 435
Roger(Boy): 214
Roland(Boy): 535
Rolando(Boy): 500
Roman(Boy): 374
Ron(Boy): 912
Ronald(Boy): 112
Ronnie(Boy): 309
Roosevelt(Boy): 960
Rory(Boy): 626
Rosa(Girl): 235
Rose(Girl): 318
Rosemary(Girl): 563
Ross(Boy): 231
Roxana(Girl): 757
Roxanne(Girl): 431
Roy(Boy): 286
Royce(Boy): 736
Ruben(Boy): 178
Rubi(Girl): 926
Ruby(Girl): 274
Rudolph(Boy): 994
Rudy(Boy): 387
Russell(Boy): 185
Rusty(Boy): 816
Ruth(Girl): 323
Ryan(Boy): 13
Ryan(Girl): 604
Ryne(Boy): 676
Sabrina(Girl): 112
Sade(Girl): 651
Sadie(Girl): 421
Sage(Boy): 745
Salina(Girl): 944
Sally(Girl): 495
Salvador(Boy): 292
Salvatore(Boy): 557
Sam(Boy): 400
Samantha(Girl): 6
Samir(Boy): 973
Sammy(Boy): 629
Samuel(Boy): 41
Sandra(Girl): 153
Sandy(Girl): 462
Santana(Girl): 848
Santiago(Boy): 517
Santos(Boy): 753
Sara(Girl): 36
Sarah(Girl): 5
Sarai(Girl): 797
Sasha(Girl): 296
Saul(Boy): 375
Savanna(Girl): 458
Savannah(Girl): 142
Sawyer(Boy): 595
Scarlett(Girl): 949
Scott(Boy): 61
Scotty(Boy): 768
Sean(Boy): 42
Sebastian(Boy): 229
Selena(Girl): 607
Selene(Girl): 995
Selina(Girl): 625
Serena(Girl): 491
Sergio(Boy): 157
Seth(Boy): 94
Shaina(Girl): 418
Shakira(Girl): 745
Shana(Girl): 423
Shanae(Girl): 663
Shane(Boy): 77
Shanelle(Girl): 953
Shanequa(Girl): 856
Shanice(Girl): 163
Shaniece(Girl): 937
Shanika(Girl): 806
Shaniqua(Girl): 420
Shanna(Girl): 512
Shannon(Boy): 465
Shannon(Girl): 65
Shante(Girl): 881
Shantel(Girl): 536
Shaquille(Boy): 426
Sharon(Girl): 298
Shaun(Boy): 288
Shauna(Girl): 460
Shawn(Boy): 71
Shawna(Girl): 306
Shawnee(Girl): 871
Shayla(Girl): 317
Shayna(Girl): 391
Shayne(Boy): 554
Shea(Boy): 785
Shea(Girl): 765
Sheena(Girl): 621
Sheila(Girl): 401
Shelbi(Girl): 480
Shelbie(Girl): 527
Shelby(Boy): 473
Shelby(Girl): 34
Sheldon(Boy): 380
Shelley(Girl): 776
Shelly(Girl): 647
Shelton(Boy): 876
Sherman(Boy): 795
Sherry(Girl): 710
Shirley(Girl): 530
Sidney(Boy): 518
Sidney(Girl): 618
Sierra(Girl): 130
Silas(Boy): 817
Silvia(Girl): 614
Simon(Boy): 348
Simone(Girl): 408
Skye(Girl): 723
Skylar(Boy): 463
Skylar(Girl): 565
Skyler(Boy): 258
Skyler(Girl): 689
Sofia(Girl): 528
Solomon(Boy): 646
Sonia(Girl): 330
Sonja(Girl): 983
Sonny(Boy): 754
Sonya(Girl): 593
Sophia(Girl): 212
Sophie(Girl): 485
Spencer(Boy): 99
Spenser(Boy): 831
Stacey(Boy): 986
Stacey(Girl): 230
Staci(Girl): 537
Stacie(Girl): 526
Stacy(Boy): 869
Stacy(Girl): 232
Stanley(Boy): 343
Stefan(Boy): 376
Stefani(Girl): 918
Stefanie(Girl): 339
Stephan(Boy): 436
Stephanie(Girl): 8
Stephany(Girl): 453
Stephen(Boy): 45
Stephon(Boy): 663
Sterling(Boy): 440
Stetson(Boy): 942
Steve(Boy): 302
Steven(Boy): 29
Stevie(Boy): 865
Stevie(Girl): 599
Stewart(Boy): 679
Storm(Boy): 894
Stormy(Girl): 802
Stuart(Boy): 427
Summer(Girl): 254
Susan(Girl): 210
Susana(Girl): 547
Susanna(Girl): 912
Suzanne(Girl): 446
Sydney(Girl): 124
Sylvia(Girl): 363
Symone(Girl): 862
Tabatha(Girl): 602
Tabitha(Girl): 189
Talia(Girl): 494
Talon(Boy): 842
Tamara(Girl): 223
Tamika(Girl): 789
Tammy(Girl): 534
Tania(Girl): 384
Tanisha(Girl): 387
Tanner(Boy): 101
Tanya(Girl): 267
Tara(Girl): 118
Tariq(Boy): 929
Taryn(Girl): 370
Tasha(Girl): 333
Tate(Boy): 686
Tatiana(Girl): 269
Tatyana(Girl): 863
Tavon(Boy): 930
Tayler(Boy): 860
Tayler(Girl): 416
Taylor(Boy): 52
Taylor(Girl): 17
Ted(Boy): 759
Teddy(Boy): 954
Terence(Boy): 482
Teresa(Girl): 206
Terra(Girl): 747
Terrance(Boy): 232
Terrell(Boy): 310
Terrence(Boy): 270
Terri(Girl): 706
Terry(Boy): 196
Tess(Girl): 465
Tessa(Girl): 236
Tevin(Boy): 162
Thaddeus(Boy): 657
Thalia(Girl): 755
Theodore(Boy): 260
Theresa(Girl): 226
Theron(Boy): 995
Thomas(Boy): 27
Tia(Girl): 286
Tiana(Girl): 336
Tianna(Girl): 577
Tiara(Girl): 237
Tiera(Girl): 762
Tierra(Girl): 349
Tiffani(Girl): 447
Tiffanie(Girl): 791
Tiffany(Girl): 32
Timmy(Boy): 877
Timothy(Boy): 34
Tina(Girl): 312
Titus(Boy): 834
Tobias(Boy): 835
Toby(Boy): 607
Todd(Boy): 216
Tom(Boy): 861
Tomas(Boy): 484
Tommy(Boy): 303
Toni(Girl): 315
Tony(Boy): 163
Tonya(Girl): 456
Tori(Girl): 218
Tory(Boy): 716
Trace(Boy): 955
Tracey(Girl): 596
Traci(Girl): 660
Tracy(Boy): 591
Tracy(Girl): 278
Trae(Boy): 823
Travis(Boy): 48
Travon(Boy): 669
Tre(Boy): 428
Trent(Boy): 257
Trenton(Boy): 239
Trever(Boy): 698
Trevon(Boy): 515
Trevor(Boy): 63
Trey(Boy): 269
Tricia(Girl): 656
Trisha(Girl): 335
Trista(Girl): 887
Tristan(Boy): 371
Troy(Boy): 146
Tucker(Boy): 443
Ty(Boy): 345
Tyesha(Girl): 816
Tyler(Boy): 8
Tyler(Girl): 281
Tylor(Boy): 422
Tyquan(Boy): 964
Tyree(Boy): 479
Tyrel(Boy): 935
Tyrell(Boy): 354
Tyron(Boy): 849
Tyrone(Boy): 289
Tyshawn(Boy): 936
Tyson(Boy): 532
Ulises(Boy): 760
Ulysses(Boy): 862
Unknown(Boy): 843
Uriel(Boy): 589
Valencia(Girl): 913
Valeria(Girl): 389
Valerie(Girl): 136
Van(Boy): 974
Vance(Boy): 673
Vanessa(Girl): 55
Vaughn(Boy): 761
Vernon(Boy): 568
Veronica(Girl): 95
Vicente(Boy): 574
Victor(Boy): 87
Victoria(Girl): 22
Vince(Boy): 975
Vincent(Boy): 92
Virginia(Girl): 257
Vivian(Girl): 307
Viviana(Girl): 544
Wade(Boy): 347
Walker(Boy): 737
Wallace(Boy): 897
Walter(Boy): 217
Warren(Boy): 358
Waylon(Boy): 913
Wayne(Boy): 294
Wendell(Boy): 764
Wendy(Girl): 222
Wesley(Boy): 111
Westley(Boy): 872
Weston(Boy): 372
Whitley(Girl): 849
Whitney(Girl): 85
Wilfredo(Boy): 786
Will(Boy): 650
William(Boy): 20
Willie(Boy): 237
Willis(Boy): 965
Wilson(Boy): 432
Winston(Boy): 621
Wyatt(Boy): 368
Xavier(Boy): 147
Yadira(Girl): 626
Yasmin(Girl): 612
Yasmine(Girl): 675
Yesenia(Girl): 176
Yessenia(Girl): 714
Yolanda(Girl): 422
Yvette(Girl): 342
Yvonne(Girl): 381
Zachariah(Boy): 305
Zachary(Boy): 16
Zachery(Boy): 184
Zackary(Boy): 278
Zackery(Boy): 326
Zakary(Boy): 714
Zane(Boy): 373
Zechariah(Boy): 703
Zoe(Girl): 282
