2000
Aaliyah(Girl): 211
Aaron(Boy): 41
Abagail(Girl): 953
Abbey(Girl): 425
Abbie(Girl): 591
Abbigail(Girl): 551
Abby(Girl): 205
Abdullah(Boy): 870
Abel(Boy): 352
Abigail(Girl): 14
Abigale(Girl): 954
Abigayle(Girl): 715
Abraham(Boy): 213
Abram(Boy): 796
Abril(Girl): 863
Adam(Boy): 45
Adan(Boy): 502
Addison(Boy): 514
Addison(Girl): 322
Adeline(Girl): 806
Aden(Boy): 889
Adolfo(Boy): 546
Adonis(Boy): 755
Adrian(Boy): 78
Adrian(Girl): 997
Adriana(Girl): 127
Adrianna(Girl): 215
Adrien(Boy): 937
Adrienne(Girl): 530
Agustin(Boy): 578
Ahmad(Boy): 454
Ahmed(Boy): 491
Aidan(Boy): 114
Aiden(Boy): 324
Aileen(Girl): 526
Aimee(Girl): 556
Aisha(Girl): 691
Aiyana(Girl): 800
Aja(Girl): 940
Alaina(Girl): 315
Alan(Boy): 161
Alana(Girl): 254
Alanna(Girl): 496
Alayna(Girl): 426
Albert(Boy): 284
Alberto(Boy): 270
Alden(Boy): 854
Aldo(Boy): 663
Aleah(Girl): 603
Alec(Boy): 156
Alejandra(Girl): 174
Alejandro(Boy): 89
Alek(Boy): 970
Alena(Girl): 722
Alessandra(Girl): 672
Alessandro(Boy): 936
Alex(Boy): 62
Alex(Girl): 918
Alexa(Girl): 87
Alexander(Boy): 20
Alexandra(Girl): 36
Alexandrea(Girl): 733
Alexandria(Girl): 91
Alexandro(Boy): 801
Alexia(Girl): 165
Alexis(Boy): 144
Alexis(Girl): 6
Alexus(Girl): 251
Alexys(Girl): 842
Alexzander(Boy): 966
Alfonso(Boy): 489
Alfred(Boy): 577
Alfredo(Boy): 301
Ali(Boy): 380
Ali(Girl): 925
Alia(Girl): 731
Alice(Girl): 421
Alicia(Girl): 121
Alina(Girl): 465
Alisa(Girl): 609
Alisha(Girl): 401
Alison(Girl): 231
Alissa(Girl): 279
Alivia(Girl): 562
Aliya(Girl): 718
Aliyah(Girl): 287
Aliza(Girl): 944
Alize(Girl): 796
Allan(Boy): 484
Allen(Boy): 251
Allie(Girl): 392
Allison(Girl): 44
Ally(Girl): 604
Allyson(Girl): 243
Allyssa(Girl): 803
Alma(Girl): 491
Alondra(Girl): 182
Alonso(Boy): 638
Alonzo(Boy): 517
Alvaro(Boy): 511
Alvin(Boy): 469
Alycia(Girl): 926
Alysa(Girl): 766
Alysha(Girl): 911
Alyson(Girl): 461
Alyssa(Girl): 12
Amanda(Girl): 32
Amani(Girl): 746
Amara(Girl): 801
Amari(Boy): 681
Amari(Girl): 511
Amaya(Girl): 196
Amber(Girl): 46
Amelia(Girl): 207
America(Girl): 712
Amina(Girl): 983
Amir(Boy): 414
Amira(Girl): 833
Amiya(Girl): 936
Amy(Girl): 107
Amya(Girl): 568
Ana(Girl): 136
Anahi(Girl): 365
Anastasia(Girl): 309
Anaya(Girl): 900
Anderson(Boy): 779
Andre(Boy): 197
Andrea(Girl): 55
Andreas(Boy): 954
Andres(Boy): 165
Andrew(Boy): 7
Andy(Boy): 211
Angel(Boy): 67
Angel(Girl): 119
Angela(Girl): 79
Angelica(Girl): 138
Angelina(Girl): 157
Angelique(Girl): 466
Angelo(Boy): 303
Angie(Girl): 499
Anika(Girl): 625
Anissa(Girl): 753
Anita(Girl): 736
Aniya(Girl): 578
Aniyah(Girl): 724
Anjali(Girl): 932
Ann(Girl): 493
Anna(Girl): 22
Annabel(Girl): 942
Annabelle(Girl): 463
Annalise(Girl): 823
Annamarie(Girl): 974
Anne(Girl): 298
Annette(Girl): 744
Annie(Girl): 306
Annika(Girl): 446
Ansley(Girl): 761
Anthony(Boy): 17
Antoine(Boy): 591
Antoinette(Girl): 970
Anton(Boy): 699
Antonia(Girl): 613
Antonio(Boy): 82
Antony(Boy): 784
Antwan(Boy): 708
Anya(Girl): 586
April(Girl): 214
Araceli(Girl): 598
Aracely(Girl): 914
Arely(Girl): 906
Ari(Boy): 788
Aria(Girl): 957
Ariana(Girl): 109
Arianna(Girl): 128
Aric(Boy): 978
Ariel(Boy): 550
Ariel(Girl): 184
Arielle(Girl): 544
Arlene(Girl): 797
Armando(Boy): 237
Armani(Boy): 650
Armani(Girl): 752
Arnold(Boy): 763
Aron(Boy): 597
Arthur(Boy): 316
Arturo(Boy): 291
Aryanna(Girl): 898
Asa(Boy): 657
Asha(Girl): 884
Asher(Boy): 579
Ashlee(Girl): 314
Ashleigh(Girl): 337
Ashley(Girl): 4
Ashly(Girl): 945
Ashlyn(Girl): 178
Ashlynn(Girl): 387
Ashton(Boy): 254
Ashton(Girl): 353
Ashtyn(Girl): 964
Asia(Girl): 220
Aspen(Girl): 570
Athena(Girl): 528
Aubree(Girl): 755
Aubrey(Boy): 844
Aubrey(Girl): 223
Audrey(Girl): 115
August(Boy): 613
Augustus(Boy): 955
Aurora(Girl): 488
Austen(Boy): 704
Austin(Boy): 23
Austyn(Boy): 789
Autumn(Girl): 77
Ava(Girl): 180
Avery(Boy): 245
Avery(Girl): 176
Axel(Boy): 364
Ayana(Girl): 696
Ayanna(Girl): 432
Ayden(Boy): 666
Ayla(Girl): 874
Aylin(Girl): 725
Baby(Boy): 645
Baby(Girl): 847
Bailee(Girl): 428
Bailey(Boy): 202
Bailey(Girl): 68
Barbara(Girl): 521
Barrett(Boy): 982
Barry(Boy): 678
Baylee(Girl): 339
Beatrice(Girl): 971
Beatriz(Girl): 678
Beau(Boy): 465
Belen(Girl): 937
Bella(Girl): 748
Ben(Boy): 561
Benito(Boy): 893
Benjamin(Boy): 26
Bennett(Boy): 441
Benny(Boy): 836
Berenice(Girl): 818
Bernard(Boy): 654
Bernardo(Boy): 897
Bethany(Girl): 151
Bianca(Girl): 170
Billy(Boy): 385
Blaine(Boy): 455
Blair(Girl): 972
Blaise(Boy): 943
Blake(Boy): 80
Blanca(Girl): 644
Blaze(Boy): 877
Bo(Boy): 975
Bobby(Boy): 363
Bonnie(Girl): 922
Brad(Boy): 631
Braden(Boy): 204
Bradley(Boy): 131
Bradly(Boy): 931
Brady(Boy): 190
Braeden(Boy): 451
Braedon(Boy): 793
Braiden(Boy): 983
Brandan(Boy): 858
Branden(Boy): 337
Brandi(Girl): 388
Brandon(Boy): 12
Brandy(Girl): 399
Brandyn(Boy): 971
Branson(Boy): 979
Brant(Boy): 984
Braxton(Boy): 336
Brayan(Boy): 485
Brayden(Boy): 199
Braydon(Boy): 558
Breana(Girl): 542
Breanna(Girl): 80
Breanne(Girl): 979
Brenda(Girl): 172
Brendan(Boy): 101
Brenden(Boy): 243
Brendon(Boy): 348
Brenna(Girl): 310
Brennan(Boy): 276
Brennen(Boy): 548
Brennon(Boy): 980
Brent(Boy): 318
Brenton(Boy): 717
Breonna(Girl): 975
Bret(Boy): 658
Brett(Boy): 163
Bria(Girl): 661
Brian(Boy): 43
Briana(Girl): 83
Brianna(Girl): 15
Brianne(Girl): 679
Brice(Boy): 572
Bridget(Girl): 273
Bridgette(Girl): 875
Brielle(Girl): 702
Brionna(Girl): 915
Brisa(Girl): 481
Britney(Girl): 137
Brittany(Girl): 61
Brittney(Girl): 147
Brock(Boy): 268
Brodie(Boy): 944
Brody(Boy): 338
Bronson(Boy): 871
Brook(Girl): 813
Brooke(Girl): 51
Brooklyn(Girl): 177
Brooklynn(Girl): 516
Brooks(Boy): 705
Bruce(Boy): 432
Bruno(Boy): 967
Bryan(Boy): 70
Bryana(Girl): 912
Bryanna(Girl): 331
Bryant(Boy): 317
Bryce(Boy): 92
Brycen(Boy): 790
Brynn(Girl): 614
Bryson(Boy): 269
Byron(Boy): 438
Cade(Boy): 216
Caden(Boy): 239
Caitlin(Girl): 75
Caitlyn(Girl): 118
Caitlynn(Girl): 822
Cale(Boy): 837
Caleb(Boy): 38
Caleigh(Girl): 880
Cali(Girl): 816
Calista(Girl): 626
Callie(Girl): 321
Calvin(Boy): 214
Camden(Boy): 361
Cameron(Boy): 31
Cameron(Girl): 201
Camila(Girl): 659
Camille(Girl): 269
Camren(Boy): 860
Camron(Boy): 412
Camryn(Girl): 183
Candace(Girl): 601
Candice(Girl): 716
Cara(Girl): 393
Carina(Girl): 566
Carissa(Girl): 411
Carl(Boy): 304
Carla(Girl): 404
Carlee(Girl): 629
Carley(Girl): 410
Carli(Girl): 740
Carlie(Girl): 500
Carlo(Boy): 901
Carlos(Boy): 66
Carlton(Boy): 749
Carly(Girl): 169
Carmen(Girl): 271
Carol(Girl): 726
Carolina(Girl): 267
Caroline(Girl): 65
Carolyn(Girl): 308
Carrie(Girl): 503
Carson(Boy): 119
Carson(Girl): 655
Carter(Boy): 152
Casandra(Girl): 719
Casey(Boy): 193
Casey(Girl): 208
Cassandra(Girl): 100
Cassidy(Girl): 105
Cassie(Girl): 347
Catalina(Girl): 763
Catherine(Girl): 81
Cayden(Boy): 625
Cayla(Girl): 596
Cecelia(Girl): 778
Cecilia(Girl): 283
Cedric(Boy): 464
Celeste(Girl): 274
Celia(Girl): 620
Celina(Girl): 767
Celine(Girl): 676
Cesar(Boy): 170
Chad(Boy): 235
Chaim(Boy): 867
Chance(Boy): 212
Chandler(Boy): 174
Chandler(Girl): 711
Chanel(Girl): 819
Chantel(Girl): 885
Charity(Girl): 459
Charles(Boy): 51
Charlie(Boy): 452
Charlotte(Girl): 289
Chase(Boy): 77
Chasity(Girl): 492
Chaya(Girl): 779
Chaz(Boy): 700
Chelsea(Girl): 140
Chelsey(Girl): 475
Cheyanne(Girl): 370
Cheyenne(Girl): 99
Chloe(Girl): 38
Chris(Boy): 395
Christa(Girl): 783
Christian(Boy): 22
Christian(Girl): 576
Christiana(Girl): 802
Christina(Girl): 73
Christine(Girl): 217
Christopher(Boy): 5
Christy(Girl): 667
Chyna(Girl): 527
Ciara(Girl): 282
Cielo(Girl): 894
Ciera(Girl): 550
Cierra(Girl): 230
Cindy(Girl): 262
Citlalli(Girl): 809
Claire(Girl): 86
Clara(Girl): 354
Clare(Girl): 537
Clarence(Boy): 616
Clarissa(Girl): 325
Clark(Boy): 764
Claudia(Girl): 200
Clay(Boy): 397
Clayton(Boy): 151
Clifford(Boy): 753
Clifton(Boy): 740
Clint(Boy): 917
Clinton(Boy): 634
Coby(Boy): 529
Cody(Boy): 60
Colby(Boy): 233
Cole(Boy): 71
Coleman(Boy): 544
Colin(Boy): 117
Colleen(Girl): 455
Collin(Boy): 129
Colt(Boy): 814
Colten(Boy): 531
Colton(Boy): 110
Conner(Boy): 191
Connor(Boy): 50
Conor(Boy): 365
Conrad(Boy): 709
Cooper(Boy): 240
Cora(Girl): 482
Corbin(Boy): 292
Cordell(Boy): 640
Corey(Boy): 149
Corinne(Girl): 546
Cornelius(Boy): 791
Cortez(Boy): 741
Cortney(Girl): 824
Cory(Boy): 227
Courtney(Boy): 859
Courtney(Girl): 59
Craig(Boy): 339
Cristal(Girl): 535
Cristian(Boy): 160
Cristina(Girl): 338
Cristobal(Boy): 810
Cristopher(Boy): 606
Cruz(Boy): 647
Crystal(Girl): 132
Cullen(Boy): 569
Curtis(Boy): 265
Cydney(Girl): 946
Cynthia(Girl): 164
Cyrus(Boy): 541
Daija(Girl): 958
Daisha(Girl): 933
Daisy(Girl): 141
Dakota(Boy): 88
Dakota(Girl): 295
Dale(Boy): 536
Dallas(Boy): 309
Dallas(Girl): 901
Dallin(Boy): 744
Dalton(Boy): 91
Damaris(Girl): 734
Damian(Boy): 205
Damien(Boy): 258
Damion(Boy): 434
Damon(Boy): 289
Dan(Boy): 945
Dana(Girl): 311
Dandre(Boy): 565
Dane(Boy): 424
Dangelo(Boy): 530
Daniel(Boy): 9
Daniela(Girl): 156
Daniella(Girl): 364
Danielle(Girl): 48
Danny(Boy): 287
Dante(Boy): 247
Daphne(Girl): 632
Daquan(Boy): 580
Darby(Girl): 868
Darian(Boy): 415
Darian(Girl): 869
Dariana(Girl): 836
Darien(Boy): 556
Darin(Boy): 780
Dario(Boy): 807
Darion(Boy): 655
Darius(Boy): 220
Darlene(Girl): 825
Darnell(Boy): 656
Darrell(Boy): 470
Darren(Boy): 297
Darrin(Boy): 862
Darrion(Boy): 868
Darrius(Boy): 676
Darryl(Boy): 551
Daryl(Boy): 738
Dashawn(Boy): 602
Dasia(Girl): 827
David(Boy): 16
Davin(Boy): 747
Davion(Boy): 475
Davis(Boy): 381
Davon(Boy): 499
Davonte(Boy): 855
Dawn(Girl): 913
Dawson(Boy): 168
Dayana(Girl): 881
Dayna(Girl): 965
Dayne(Boy): 994
Dayton(Boy): 562
Dean(Boy): 378
Deandre(Boy): 293
Deangelo(Boy): 649
Deanna(Girl): 304
Deasia(Girl): 909
Deborah(Girl): 497
Declan(Boy): 545
Deion(Boy): 890
Deja(Girl): 335
Dejah(Girl): 927
Delaney(Girl): 206
Delia(Girl): 959
Delilah(Girl): 673
Demarco(Boy): 972
Demarcus(Boy): 622
Demetrius(Boy): 382
Denise(Girl): 328
Dennis(Boy): 252
Denver(Boy): 894
Denzel(Boy): 774
Deon(Boy): 608
Deondre(Boy): 785
Deontae(Boy): 881
Deonte(Boy): 605
Derek(Boy): 121
Derick(Boy): 615
Derrick(Boy): 218
Deshaun(Boy): 820
Deshawn(Boy): 487
Desirae(Girl): 612
Desiree(Girl): 181
Desmond(Boy): 375
Destany(Girl): 947
Destin(Boy): 742
Destinee(Girl): 326
Destiney(Girl): 563
Destini(Girl): 569
Destiny(Girl): 24
Devan(Boy): 494
Devante(Boy): 759
Deven(Boy): 479
Devin(Boy): 69
Devin(Girl): 525
Devon(Boy): 133
Devon(Girl): 658
Devonte(Boy): 500
Devyn(Boy): 598
Devyn(Girl): 699
Dewayne(Boy): 861
Dexter(Boy): 756
Diamond(Girl): 162
Diana(Girl): 106
Diane(Girl): 713
Dianna(Girl): 846
Diego(Boy): 147
Dillan(Boy): 673
Dillion(Boy): 989
Dillon(Boy): 169
Dimitri(Boy): 733
Dion(Boy): 710
Domenic(Boy): 905
Dominic(Boy): 118
Dominick(Boy): 271
Dominik(Boy): 832
Dominique(Boy): 524
Dominique(Girl): 258
Don(Boy): 828
Donald(Boy): 217
Donavan(Boy): 734
Donavon(Boy): 963
Donna(Girl): 660
Donnell(Boy): 998
Donnie(Boy): 946
Donovan(Boy): 206
Dontae(Boy): 985
Donte(Boy): 522
Dorian(Boy): 399
Dorothy(Girl): 747
Douglas(Boy): 274
Drake(Boy): 261
Draven(Boy): 735
Drew(Boy): 188
Drew(Girl): 804
Duane(Boy): 863
Dulce(Girl): 600
Duncan(Boy): 448
Dustin(Boy): 148
Dwayne(Boy): 539
Dwight(Boy): 768
Dylan(Boy): 24
Dylon(Boy): 752
Ean(Boy): 968
Earl(Boy): 712
Easton(Boy): 581
Ebony(Girl): 552
Eddie(Boy): 350
Eden(Girl): 522
Edgar(Boy): 177
Edith(Girl): 564
Eduardo(Boy): 124
Edward(Boy): 108
Edwin(Boy): 196
Efrain(Boy): 552
Efren(Boy): 878
Eileen(Girl): 627
Elaina(Girl): 504
Elaine(Girl): 577
Eleanor(Girl): 374
Elena(Girl): 234
Eli(Boy): 236
Elian(Boy): 427
Eliana(Girl): 536
Elias(Boy): 242
Elijah(Boy): 52
Elisa(Girl): 519
Elisabeth(Girl): 390
Elise(Girl): 253
Eliseo(Boy): 928
Elisha(Boy): 653
Elissa(Girl): 794
Eliza(Girl): 380
Elizabeth(Girl): 10
Ella(Girl): 265
Ellen(Girl): 451
Ellie(Girl): 360
Elliot(Boy): 468
Elliott(Boy): 537
Ellis(Boy): 786
Elmer(Boy): 864
Elsa(Girl): 910
Elvis(Boy): 593
Elyse(Girl): 817
Elyssa(Girl): 877
Emanuel(Boy): 329
Emely(Girl): 464
Emerald(Girl): 966
Emerson(Boy): 911
Emilee(Girl): 333
Emilia(Girl): 624
Emiliano(Boy): 637
Emilie(Girl): 483
Emilio(Boy): 347
Emily(Girl): 1
Emma(Girl): 17
Emmalee(Girl): 929
Emmanuel(Boy): 195
Emmett(Boy): 739
Enrique(Boy): 221
Eric(Boy): 42
Erica(Girl): 102
Erick(Boy): 189
Ericka(Girl): 636
Erik(Boy): 143
Erika(Girl): 123
Erin(Girl): 60
Ernest(Boy): 512
Ernesto(Boy): 346
Eryn(Girl): 855
Esmeralda(Girl): 195
Esperanza(Girl): 529
Essence(Girl): 580
Esteban(Boy): 334
Estefania(Girl): 928
Estevan(Boy): 745
Esther(Girl): 330
Estrella(Girl): 693
Ethan(Boy): 25
Eugene(Boy): 504
Eva(Girl): 294
Evan(Boy): 55
Eve(Girl): 538
Evelyn(Girl): 150
Everett(Boy): 585
Ezekiel(Boy): 358
Ezequiel(Boy): 596
Ezra(Boy): 435
Fabian(Boy): 285
Fabiola(Girl): 951
Faith(Girl): 66
Fatima(Girl): 242
Felicia(Girl): 484
Felicity(Girl): 445
Felipe(Boy): 425
Felix(Boy): 376
Fernanda(Girl): 567
Fernando(Boy): 150
Fidel(Boy): 882
Finn(Boy): 833
Fiona(Girl): 460
Forrest(Boy): 696
Frances(Girl): 575
Francesca(Girl): 405
Francesco(Boy): 995
Francis(Boy): 436
Francisco(Boy): 139
Frank(Boy): 208
Frankie(Boy): 728
Franklin(Boy): 449
Fred(Boy): 960
Freddie(Boy): 932
Freddy(Boy): 609
Frederick(Boy): 396
Fredrick(Boy): 720
Gabriel(Boy): 44
Gabriel(Girl): 780
Gabriela(Girl): 117
Gabriella(Girl): 98
Gabrielle(Girl): 49
Gage(Boy): 166
Gaige(Boy): 883
Garett(Boy): 766
Garret(Boy): 420
Garrett(Boy): 74
Garrison(Boy): 667
Gary(Boy): 275
Gaven(Boy): 845
Gavin(Boy): 85
Genaro(Boy): 976
Genesis(Girl): 247
Genevieve(Girl): 507
Geoffrey(Boy): 651
George(Boy): 130
Georgia(Girl): 334
Gerald(Boy): 383
Gerard(Boy): 823
Gerardo(Boy): 209
German(Boy): 694
Gia(Girl): 948
Giancarlo(Boy): 815
Gianna(Girl): 240
Gianni(Boy): 729
Gideon(Boy): 891
Gilbert(Boy): 527
Gilberto(Boy): 480
Gillian(Girl): 324
Gina(Girl): 356
Gino(Boy): 902
Giovani(Boy): 999
Giovanna(Girl): 810
Giovanni(Boy): 201
Giovanny(Boy): 829
Giselle(Girl): 212
Gisselle(Girl): 367
Glen(Boy): 769
Glenn(Boy): 590
Gloria(Girl): 358
Gonzalo(Boy): 695
Gordon(Boy): 641
Grace(Girl): 19
Gracie(Girl): 244
Graciela(Girl): 814
Grady(Boy): 746
Graham(Boy): 406
Grant(Boy): 123
Grayson(Boy): 313
Gregory(Boy): 138
Greta(Girl): 756
Gretchen(Girl): 742
Greyson(Boy): 706
Griffin(Boy): 231
Guadalupe(Boy): 703
Guadalupe(Girl): 245
Guillermo(Boy): 392
Gunnar(Boy): 574
Gunner(Boy): 715
Gustavo(Boy): 260
Guy(Boy): 811
Gwendolyn(Girl): 732
Hadley(Girl): 919
Hailee(Girl): 384
Hailey(Girl): 35
Hailie(Girl): 771
Haleigh(Girl): 372
Haley(Girl): 28
Halie(Girl): 561
Halle(Girl): 442
Hallie(Girl): 297
Hamza(Boy): 794
Hana(Girl): 638
Hanna(Girl): 171
Hannah(Girl): 2
Harley(Boy): 446
Harley(Girl): 382
Harmony(Girl): 720
Harold(Boy): 535
Harrison(Boy): 184
Harry(Boy): 513
Hassan(Boy): 685
Haven(Girl): 772
Hayden(Boy): 128
Hayden(Girl): 685
Haylee(Girl): 259
Hayley(Girl): 148
Haylie(Girl): 639
Hazel(Girl): 893
Heath(Boy): 851
Heather(Girl): 126
Heaven(Girl): 340
Hector(Boy): 185
Heidi(Girl): 351
Helen(Girl): 345
Helena(Girl): 662
Henry(Boy): 126
Herbert(Boy): 964
Heriberto(Boy): 912
Hernan(Boy): 974
Hillary(Girl): 878
Holden(Boy): 453
Holly(Girl): 189
Hope(Girl): 146
Houston(Boy): 777
Howard(Boy): 664
Hudson(Boy): 587
Hugh(Boy): 906
Hugo(Boy): 400
Humberto(Boy): 575
Hunter(Boy): 35
Hunter(Girl): 402
Ian(Boy): 73
Ibrahim(Boy): 692
Ignacio(Boy): 642
Iliana(Girl): 820
Imani(Girl): 305
India(Girl): 395
Infant(Boy): 770
Ingrid(Girl): 856
Irene(Girl): 468
Iris(Girl): 412
Irvin(Boy): 662
Irving(Boy): 838
Isaac(Boy): 53
Isaak(Boy): 996
Isabel(Girl): 93
Isabela(Girl): 849
Isabella(Girl): 45
Isabelle(Girl): 144
Isai(Boy): 938
Isaiah(Boy): 47
Isaias(Boy): 566
Isiah(Boy): 342
Isidro(Boy): 947
Isis(Girl): 555
Ismael(Boy): 340
Israel(Boy): 244
Issac(Boy): 457
Itzel(Girl): 594
Ivan(Boy): 153
Ivana(Girl): 864
Ivy(Girl): 352
Iyana(Girl): 990
Izabella(Girl): 798
Izaiah(Boy): 659
Jabari(Boy): 847
Jace(Boy): 310
Jacey(Girl): 721
Jack(Boy): 46
Jackeline(Girl): 729
Jackie(Boy): 808
Jacklyn(Girl): 807
Jackson(Boy): 72
Jaclyn(Girl): 452
Jacob(Boy): 1
Jacoby(Boy): 824
Jacqueline(Girl): 63
Jacquelyn(Girl): 359
Jada(Girl): 84
Jade(Girl): 116
Jaden(Boy): 154
Jaden(Girl): 385
Jadon(Boy): 515
Jadyn(Girl): 640
Jaeden(Boy): 948
Jaelyn(Girl): 616
Jaida(Girl): 692
Jaiden(Boy): 603
Jaiden(Girl): 738
Jailyn(Girl): 984
Jaime(Boy): 262
Jaime(Girl): 737
Jairo(Boy): 661
Jakayla(Girl): 930
Jake(Boy): 96
Jakob(Boy): 173
Jaleel(Boy): 1000
Jalen(Boy): 106
Jalon(Boy): 956
Jalyn(Girl): 688
Jamal(Boy): 366
Jamar(Boy): 617
Jamarcus(Boy): 977
Jamari(Boy): 743
Jamel(Boy): 799
James(Boy): 18
Jameson(Boy): 736
Jamie(Boy): 501
Jamie(Girl): 155
Jamil(Boy): 834
Jamir(Boy): 957
Jamison(Boy): 629
Jan(Boy): 835
Jana(Girl): 938
Janae(Girl): 470
Jane(Girl): 435
Janelle(Girl): 471
Janessa(Girl): 686
Janet(Girl): 413
Janice(Girl): 743
Janiya(Girl): 955
Jaquan(Boy): 445
Jaquelin(Girl): 770
Jaqueline(Girl): 268
Jared(Boy): 56
Jaren(Boy): 686
Jarod(Boy): 416
Jaron(Boy): 583
Jarred(Boy): 472
Jarrett(Boy): 299
Jarrod(Boy): 534
Jarvis(Boy): 765
Jasmin(Girl): 193
Jasmine(Girl): 27
Jasmyn(Girl): 870
Jason(Boy): 39
Jasper(Boy): 592
Javier(Boy): 155
Javion(Boy): 949
Javon(Boy): 371
Javonte(Boy): 965
Jaxon(Boy): 477
Jaxson(Boy): 839
Jay(Boy): 328
Jayce(Boy): 604
Jaycee(Girl): 852
Jayda(Girl): 438
Jayde(Girl): 985
Jayden(Boy): 194
Jayden(Girl): 495
Jaydon(Boy): 713
Jayla(Girl): 261
Jaylan(Boy): 632
Jaylen(Boy): 224
Jaylin(Boy): 460
Jaylin(Girl): 871
Jaylon(Boy): 430
Jayson(Boy): 370
Jazlyn(Girl): 664
Jazmin(Girl): 226
Jazmine(Girl): 237
Jazmyn(Girl): 665
Jazmyne(Girl): 923
Jean(Boy): 628
Jeanette(Girl): 787
Jeff(Boy): 929
Jefferson(Boy): 716
Jeffery(Boy): 333
Jeffrey(Boy): 104
Jena(Girl): 989
Jenifer(Girl): 710
Jenna(Girl): 64
Jennifer(Girl): 26
Jenny(Girl): 361
Jeremiah(Boy): 103
Jeremy(Boy): 84
Jermaine(Boy): 444
Jerome(Boy): 495
Jerry(Boy): 264
Jesse(Boy): 90
Jesse(Girl): 811
Jessica(Girl): 8
Jessie(Boy): 447
Jessie(Girl): 400
Jesus(Boy): 76
Jett(Boy): 643
Jevon(Boy): 635
Jewel(Girl): 607
Jill(Girl): 986
Jillian(Girl): 120
Jimmie(Boy): 950
Jimmy(Boy): 272
Joan(Boy): 913
Joana(Girl): 916
Joanna(Girl): 238
Joanne(Girl): 943
Joaquin(Boy): 563
Jocelyn(Girl): 122
Joe(Boy): 315
Joel(Boy): 112
Joelle(Girl): 902
Joey(Boy): 488
Johan(Boy): 903
Johanna(Girl): 469
John(Boy): 14
Johnathan(Boy): 157
Johnathon(Boy): 377
Johnnie(Boy): 951
Johnny(Boy): 234
Jolie(Girl): 821
Jon(Boy): 354
Jonah(Boy): 192
Jonas(Boy): 526
Jonathan(Boy): 21
Jonathon(Boy): 226
Jordan(Boy): 36
Jordan(Girl): 50
Jorden(Boy): 781
Jordon(Boy): 467
Jordy(Boy): 802
Jordyn(Girl): 186
Jorge(Boy): 107
Jose(Boy): 34
Josef(Boy): 812
Joselyn(Girl): 650
Joseph(Boy): 8
Josephine(Girl): 288
Josh(Boy): 821
Joshua(Boy): 4
Josiah(Boy): 181
Josie(Girl): 327
Josue(Boy): 248
Jovan(Boy): 682
Jovani(Boy): 873
Jovany(Boy): 986
Joy(Girl): 458
Joyce(Girl): 669
Juan(Boy): 48
Juanita(Girl): 837
Judah(Boy): 816
Jude(Boy): 679
Judith(Girl): 617
Julia(Girl): 29
Julian(Boy): 87
Juliana(Girl): 241
Julianna(Girl): 249
Julianne(Girl): 515
Julie(Girl): 190
Julien(Boy): 636
Juliet(Girl): 623
Juliette(Girl): 657
Julio(Boy): 256
Julissa(Girl): 369
Julius(Boy): 483
Junior(Boy): 674
Justice(Boy): 388
Justice(Girl): 547
Justin(Boy): 19
Justine(Girl): 473
Justus(Boy): 693
Justyn(Boy): 856
Kacey(Girl): 843
Kaci(Girl): 952
Kacie(Girl): 633
Kade(Boy): 418
Kaden(Boy): 273
Kadin(Boy): 852
Kaela(Girl): 872
Kaelyn(Girl): 651
Kai(Boy): 404
Kaia(Girl): 903
Kaiden(Boy): 840
Kaila(Girl): 462
Kailee(Girl): 502
Kailey(Girl): 302
Kailyn(Girl): 592
Kaitlin(Girl): 158
Kaitlyn(Girl): 30
Kaitlynn(Girl): 368
Kale(Boy): 987
Kaleb(Boy): 141
Kaleigh(Girl): 414
Kaley(Girl): 520
Kali(Girl): 427
Kallie(Girl): 773
Kalyn(Girl): 858
Kameron(Boy): 266
Kameron(Girl): 960
Kamren(Boy): 973
Kamron(Boy): 677
Kamryn(Girl): 336
Kane(Boy): 594
Kara(Girl): 192
Kareem(Boy): 619
Karen(Girl): 154
Kari(Girl): 784
Karina(Girl): 159
Karissa(Girl): 434
Karl(Boy): 564
Karla(Girl): 203
Karlee(Girl): 610
Karley(Girl): 830
Karli(Girl): 635
Karlie(Girl): 670
Karly(Girl): 697
Karson(Boy): 725
Kasandra(Girl): 768
Kasey(Boy): 760
Kasey(Girl): 386
Kassandra(Girl): 284
Kassidy(Girl): 312
Katarina(Girl): 646
Kate(Girl): 225
Katelin(Girl): 618
Katelyn(Girl): 54
Katelynn(Girl): 229
Katerina(Girl): 917
Katharine(Girl): 668
Katherine(Girl): 33
Kathleen(Girl): 204
Kathryn(Girl): 89
Kathy(Girl): 653
Katia(Girl): 873
Katie(Girl): 97
Katlyn(Girl): 329
Katlynn(Girl): 987
Katrina(Girl): 236
Katy(Girl): 961
Kavon(Boy): 939
Kaya(Girl): 757
Kayden(Boy): 782
Kayla(Girl): 13
Kaylah(Girl): 785
Kaylan(Girl): 988
Kaylee(Girl): 72
Kayleigh(Girl): 348
Kayley(Girl): 645
Kayli(Girl): 758
Kaylie(Girl): 381
Kaylin(Girl): 449
Kaylyn(Girl): 588
Kaylynn(Girl): 749
Keagan(Boy): 730
Keanu(Boy): 771
Keara(Girl): 857
Keaton(Boy): 353
Keegan(Boy): 283
Keeley(Girl): 991
Keely(Girl): 608
Keenan(Boy): 532
Keira(Girl): 949
Keith(Boy): 222
Kellen(Boy): 668
Kelli(Girl): 539
Kellie(Girl): 647
Kelly(Boy): 803
Kelly(Girl): 111
Kelsey(Girl): 88
Kelsi(Girl): 754
Kelsie(Girl): 439
Kelton(Boy): 857
Kelvin(Boy): 389
Kendall(Boy): 359
Kendall(Girl): 191
Kendra(Girl): 187
Kendrick(Boy): 456
Kenia(Girl): 992
Kenna(Girl): 993
Kennedi(Girl): 788
Kennedy(Boy): 952
Kennedy(Girl): 139
Kenneth(Boy): 94
Kenny(Boy): 431
Kent(Boy): 772
Kenya(Girl): 508
Kenyon(Boy): 773
Kenzie(Girl): 687
Keon(Boy): 644
Keshaun(Boy): 925
Keshawn(Boy): 554
Keven(Boy): 809
Kevin(Boy): 32
Kevon(Boy): 393
Keyon(Boy): 757
Keyshawn(Boy): 519
Khalid(Boy): 783
Khalil(Boy): 405
Kian(Boy): 940
Kiana(Girl): 276
Kianna(Girl): 628
Kiara(Girl): 130
Kiarra(Girl): 839
Kiera(Girl): 444
Kieran(Boy): 528
Kierra(Girl): 376
Kiersten(Girl): 443
Kiley(Girl): 450
Kimberly(Girl): 58
Kinsey(Girl): 876
Kira(Girl): 292
Kirk(Boy): 848
Kirsten(Girl): 255
Kirstin(Girl): 967
Kobe(Boy): 238
Koby(Boy): 533
Kody(Boy): 349
Kolby(Boy): 542
Kole(Boy): 687
Kolton(Boy): 612
Korbin(Boy): 961
Korey(Boy): 822
Kori(Girl): 973
Kory(Boy): 737
Kourtney(Girl): 680
Krista(Girl): 408
Kristen(Girl): 142
Kristian(Boy): 421
Kristin(Girl): 301
Kristina(Girl): 218
Kristine(Girl): 739
Kristofer(Boy): 830
Kristopher(Boy): 294
Kristy(Girl): 834
Krystal(Girl): 346
Kurt(Boy): 610
Kurtis(Boy): 721
Kyla(Girl): 235
Kylan(Boy): 990
Kyle(Boy): 37
Kylee(Girl): 197
Kyleigh(Girl): 584
Kyler(Boy): 306
Kylie(Girl): 104
Kyra(Girl): 202
Lacey(Girl): 371
Ladarius(Boy): 921
Laila(Girl): 643
Laisha(Girl): 980
Lamar(Boy): 639
Lamont(Boy): 775
Lance(Boy): 267
Landen(Boy): 714
Landon(Boy): 200
Lane(Boy): 296
Laney(Girl): 703
Lara(Girl): 848
Larissa(Girl): 485
Larry(Boy): 280
Latrell(Boy): 688
Laura(Girl): 85
Laurel(Girl): 565
Lauren(Girl): 11
Lauryn(Girl): 224
Lawrence(Boy): 323
Lawson(Boy): 959
Layla(Girl): 407
Layne(Boy): 778
Lea(Girl): 663
Leah(Girl): 96
Leann(Girl): 981
Leanna(Girl): 615
Lee(Boy): 471
Leila(Girl): 595
Leilani(Girl): 523
Lena(Girl): 557
Leo(Boy): 390
Leon(Boy): 503
Leonard(Boy): 508
Leonardo(Boy): 253
Leonel(Boy): 523
Leroy(Boy): 722
Lesley(Girl): 429
Leslie(Girl): 90
Lesly(Girl): 389
Leticia(Girl): 558
Levi(Boy): 172
Lewis(Boy): 573
Lexi(Girl): 441
Lexie(Girl): 554
Lexus(Girl): 671
Lia(Girl): 762
Liam(Boy): 140
Liana(Girl): 808
Lila(Girl): 751
Lilian(Girl): 706
Liliana(Girl): 300
Lillian(Girl): 129
Lilliana(Girl): 934
Lillie(Girl): 759
Lilly(Girl): 431
Lily(Girl): 124
Lincoln(Boy): 711
Linda(Girl): 357
Lindsay(Girl): 179
Lindsey(Girl): 103
Lionel(Boy): 997
Lisa(Girl): 296
Lisette(Girl): 859
Litzy(Girl): 396
Lizbeth(Girl): 363
Lizeth(Girl): 677
Lizette(Girl): 707
Lloyd(Boy): 922
Logan(Boy): 40
Logan(Girl): 318
London(Boy): 895
London(Girl): 828
Lonnie(Boy): 825
Loren(Girl): 704
Lorena(Girl): 517
Lorenzo(Boy): 314
Lori(Girl): 865
Louis(Boy): 279
Lourdes(Girl): 962
Luca(Boy): 626
Lucas(Boy): 83
Lucia(Girl): 490
Luciano(Boy): 879
Lucy(Girl): 323
Luis(Boy): 49
Luisa(Girl): 976
Lukas(Boy): 367
Luke(Boy): 59
Luz(Girl): 533
Lydia(Girl): 149
Lyndsey(Girl): 637
Lyric(Girl): 799
Macey(Girl): 512
Maci(Girl): 764
Macie(Girl): 487
Mackenzie(Boy): 697
Mackenzie(Girl): 43
Macy(Girl): 232
Madalyn(Girl): 383
Maddison(Girl): 436
Madeleine(Girl): 278
Madeline(Girl): 56
Madelyn(Girl): 125
Madelynn(Girl): 541
Madilyn(Girl): 641
Madisen(Girl): 652
Madison(Girl): 3
Madisyn(Girl): 453
Madyson(Girl): 472
Maegan(Girl): 774
Maeve(Girl): 775
Magdalena(Girl): 899
Maggie(Girl): 198
Maia(Girl): 548
Maiya(Girl): 994
Makayla(Girl): 67
Makenna(Girl): 277
Makenzie(Girl): 199
Malachi(Boy): 351
Malcolm(Boy): 368
Malia(Girl): 498
Malik(Boy): 176
Mallory(Girl): 213
Mandy(Girl): 995
Manuel(Boy): 159
Mara(Girl): 606
Maranda(Girl): 866
Marc(Boy): 228
Marcel(Boy): 750
Marcelo(Boy): 849
Marco(Boy): 182
Marcos(Boy): 241
Marcus(Boy): 99
Margaret(Girl): 110
Margarita(Girl): 654
Maria(Girl): 41
Mariah(Girl): 76
Mariam(Girl): 683
Marian(Girl): 735
Mariana(Girl): 332
Marianna(Girl): 795
Mariano(Boy): 920
Maribel(Girl): 648
Marie(Girl): 373
Mariela(Girl): 745
Marilyn(Girl): 510
Marina(Girl): 350
Mario(Boy): 167
Marisa(Girl): 303
Marisol(Girl): 394
Marissa(Girl): 78
Maritza(Girl): 553
Mark(Boy): 79
Markus(Boy): 624
Marlee(Girl): 968
Marlen(Girl): 998
Marlene(Girl): 513
Marley(Girl): 695
Marlon(Boy): 506
Marques(Boy): 914
Marquez(Boy): 787
Marquis(Boy): 422
Marquise(Boy): 588
Marshall(Boy): 344
Martha(Girl): 375
Martin(Boy): 175
Martina(Girl): 920
Marvin(Boy): 341
Mary(Girl): 47
Maryam(Girl): 921
Mason(Boy): 64
Mateo(Boy): 429
Mathew(Boy): 250
Matteo(Boy): 896
Matthew(Boy): 3
Mattie(Girl): 781
Maura(Girl): 750
Maurice(Boy): 345
Mauricio(Boy): 413
Maverick(Boy): 865
Max(Boy): 164
Maxim(Boy): 962
Maximilian(Boy): 391
Maximillian(Boy): 702
Maximus(Boy): 853
Maxwell(Boy): 113
Maya(Girl): 113
Mayra(Girl): 478
Mckayla(Girl): 430
Mckenna(Girl): 188
Mckenzie(Girl): 133
Meagan(Girl): 355
Meaghan(Girl): 689
Megan(Girl): 18
Meghan(Girl): 134
Mekhi(Boy): 933
Melanie(Girl): 114
Melina(Girl): 543
Melinda(Girl): 698
Melisa(Girl): 999
Melissa(Girl): 71
Melody(Girl): 398
Melvin(Boy): 459
Mercedes(Girl): 285
Meredith(Girl): 293
Mia(Girl): 94
Micaela(Girl): 611
Micah(Boy): 186
Micah(Girl): 642
Michael(Boy): 2
Michaela(Girl): 153
Micheal(Boy): 302
Michele(Girl): 891
Michelle(Girl): 52
Miguel(Boy): 86
Mikaela(Girl): 379
Mikayla(Girl): 108
Mike(Boy): 599
Mikel(Boy): 850
Miles(Boy): 257
Milton(Boy): 652
Miracle(Girl): 524
Miranda(Girl): 112
Mireya(Girl): 895
Miriam(Girl): 281
Misael(Boy): 689
Misty(Girl): 907
Mitchel(Boy): 751
Mitchell(Boy): 132
Mohamed(Boy): 473
Mohammad(Boy): 466
Mohammed(Boy): 520
Moises(Boy): 322
Mollie(Girl): 581
Molly(Girl): 95
Monica(Girl): 167
Monique(Girl): 342
Monserrat(Girl): 860
Montana(Girl): 593
Morgan(Boy): 332
Morgan(Girl): 25
Moriah(Girl): 674
Moses(Boy): 461
Moshe(Boy): 660
Muhammad(Boy): 620
Mya(Girl): 175
Myah(Girl): 831
Myles(Boy): 290
Myra(Girl): 935
Myron(Boy): 923
Nadia(Girl): 256
Nadine(Girl): 888
Nancy(Girl): 233
Naomi(Girl): 185
Nash(Boy): 918
Nasir(Boy): 560
Natalia(Girl): 219
Natalie(Girl): 34
Nataly(Girl): 700
Natasha(Girl): 280
Nathalie(Girl): 571
Nathan(Boy): 30
Nathanael(Boy): 408
Nathanial(Boy): 584
Nathaniel(Boy): 61
Nathen(Boy): 874
Nayeli(Girl): 605
Neal(Boy): 892
Neha(Girl): 969
Nehemiah(Boy): 698
Neil(Boy): 496
Nelson(Boy): 417
Nestor(Boy): 727
Nia(Girl): 307
Nicholas(Boy): 6
Nichole(Girl): 494
Nick(Boy): 767
Nicklaus(Boy): 988
Nickolas(Boy): 281
Nico(Boy): 841
Nicolas(Boy): 137
Nicole(Girl): 31
Nicolette(Girl): 589
Nigel(Boy): 576
Nikhil(Boy): 866
Nikita(Girl): 882
Nikki(Girl): 585
Nikolas(Boy): 357
Nina(Girl): 221
Noah(Boy): 27
Noe(Boy): 490
Noel(Boy): 407
Noelia(Girl): 782
Noelle(Girl): 403
Noemi(Girl): 602
Nolan(Boy): 180
Nora(Girl): 501
Norma(Girl): 904
Norman(Boy): 671
Nya(Girl): 786
Nyah(Girl): 789
Nyasia(Girl): 931
Octavio(Boy): 683
Odalys(Girl): 956
Oliver(Boy): 305
Olivia(Girl): 16
Omar(Boy): 146
Omari(Boy): 924
Orion(Boy): 553
Orlando(Boy): 401
Oscar(Boy): 122
Osvaldo(Boy): 540
Owen(Boy): 145
Pablo(Boy): 298
Paige(Girl): 69
Paloma(Girl): 896
Pamela(Girl): 456
Paola(Girl): 320
Paris(Boy): 817
Paris(Girl): 474
Parker(Boy): 127
Parker(Girl): 867
Patience(Girl): 897
Patricia(Girl): 228
Patrick(Boy): 68
Paul(Boy): 100
Paula(Girl): 572
Paulina(Girl): 477
Paxton(Boy): 941
Payton(Boy): 219
Payton(Girl): 163
Pedro(Boy): 210
Perla(Girl): 518
Perry(Boy): 684
Peter(Boy): 125
Peyton(Boy): 183
Peyton(Girl): 168
Philip(Boy): 255
Phillip(Boy): 198
Phoebe(Girl): 440
Phoenix(Boy): 875
Pierce(Boy): 498
Pierre(Boy): 926
Piper(Girl): 509
Porter(Boy): 804
Precious(Girl): 437
Presley(Girl): 790
Preston(Boy): 142
Prince(Boy): 887
Princess(Girl): 815
Priscilla(Girl): 275
Quentin(Boy): 325
Quincy(Boy): 507
Quinn(Boy): 311
Quinn(Girl): 769
Quinten(Boy): 691
Quintin(Boy): 570
Quinton(Boy): 379
Rachael(Girl): 227
Rachel(Girl): 21
Rachelle(Girl): 805
Raegan(Girl): 621
Rafael(Boy): 230
Raheem(Boy): 919
Rahul(Boy): 818
Raina(Girl): 963
Ralph(Boy): 586
Ramiro(Boy): 497
Ramon(Boy): 319
Randall(Boy): 442
Randi(Girl): 861
Randy(Boy): 278
Raphael(Boy): 621
Raquel(Girl): 341
Rashad(Boy): 646
Rashawn(Boy): 842
Rasheed(Boy): 942
Raul(Boy): 223
Raven(Boy): 898
Raven(Girl): 216
Ray(Boy): 516
Raymond(Boy): 162
Raymundo(Boy): 813
Rayna(Girl): 996
Reagan(Boy): 876
Reagan(Girl): 286
Reanna(Girl): 862
Rebeca(Girl): 708
Rebecca(Girl): 39
Rebekah(Girl): 173
Reece(Boy): 386
Reed(Boy): 450
Reese(Boy): 419
Reese(Girl): 886
Regan(Girl): 467
Regina(Girl): 531
Reginald(Boy): 372
Reid(Boy): 439
Reilly(Boy): 826
Reilly(Girl): 792
Reina(Girl): 850
Remington(Boy): 792
Rene(Boy): 387
Renee(Girl): 362
Reuben(Boy): 805
Rey(Boy): 981
Reyna(Girl): 587
Reynaldo(Boy): 758
Rhett(Boy): 675
Rhianna(Girl): 982
Rhiannon(Girl): 454
Ricardo(Boy): 134
Richard(Boy): 65
Rick(Boy): 930
Rickey(Boy): 888
Ricky(Boy): 295
Rigoberto(Boy): 680
Riley(Boy): 109
Riley(Girl): 131
Rita(Girl): 883
River(Boy): 611
Robert(Boy): 29
Roberto(Boy): 187
Robin(Girl): 599
Robyn(Girl): 684
Rocio(Girl): 776
Rocky(Boy): 908
Roderick(Boy): 614
Rodney(Boy): 343
Rodolfo(Boy): 423
Rodrigo(Boy): 384
Rogelio(Boy): 481
Roger(Boy): 373
Rohan(Boy): 618
Roland(Boy): 690
Rolando(Boy): 518
Roman(Boy): 321
Romeo(Boy): 607
Ronald(Boy): 203
Ronaldo(Boy): 886
Ronnie(Boy): 482
Rory(Boy): 630
Rosa(Girl): 316
Rosalinda(Girl): 701
Rose(Girl): 299
Rosemary(Girl): 634
Ross(Boy): 433
Rowan(Boy): 969
Roxanne(Girl): 950
Roy(Boy): 402
Royce(Boy): 884
Ruben(Boy): 207
Ruby(Girl): 260
Rudy(Boy): 557
Russell(Boy): 320
Ruth(Girl): 344
Ryan(Boy): 13
Ryan(Girl): 579
Ryann(Girl): 840
Ryder(Boy): 795
Rylan(Boy): 567
Rylee(Girl): 290
Ryleigh(Girl): 835
Ryley(Boy): 904
Rylie(Girl): 631
Sabastian(Boy): 934
Sabrina(Girl): 92
Sadie(Girl): 246
Sage(Boy): 543
Sage(Girl): 489
Saige(Girl): 939
Sally(Girl): 705
Salma(Girl): 675
Salvador(Boy): 330
Salvatore(Boy): 582
Sam(Boy): 462
Samantha(Girl): 7
Samara(Girl): 889
Samir(Boy): 831
Sammy(Boy): 761
Samson(Boy): 899
Samuel(Boy): 28
Sandra(Girl): 257
Sandy(Girl): 649
Santiago(Boy): 360
Santos(Boy): 748
Sara(Girl): 57
Sarah(Girl): 5
Sarai(Girl): 560
Sarina(Girl): 826
Sasha(Girl): 476
Saul(Boy): 286
Savana(Girl): 730
Savanah(Girl): 590
Savanna(Girl): 210
Savannah(Girl): 37
Savion(Boy): 819
Sawyer(Boy): 458
Scarlett(Girl): 941
Scott(Boy): 158
Seamus(Boy): 827
Sean(Boy): 57
Sebastian(Boy): 81
Selena(Girl): 194
Selina(Girl): 812
Serena(Girl): 209
Serenity(Girl): 433
Sergio(Boy): 179
Seth(Boy): 63
Shaina(Girl): 793
Shakira(Girl): 844
Shamar(Boy): 549
Shane(Boy): 116
Shania(Girl): 291
Shaniya(Girl): 924
Shannon(Boy): 723
Shannon(Girl): 152
Sharon(Girl): 420
Shaun(Boy): 355
Shawn(Boy): 135
Shawna(Girl): 694
Shayla(Girl): 313
Shaylee(Girl): 832
Shayna(Girl): 582
Shayne(Boy): 724
Shea(Boy): 935
Shea(Girl): 723
Sheila(Girl): 690
Shelby(Girl): 70
Sheldon(Boy): 623
Shemar(Boy): 672
Sheridan(Girl): 845
Shirley(Girl): 851
Shyann(Girl): 765
Shyanne(Girl): 532
Sidney(Boy): 595
Sidney(Girl): 264
Sienna(Girl): 619
Sierra(Girl): 53
Silas(Boy): 600
Silvia(Girl): 853
Simeon(Boy): 909
Simon(Boy): 263
Simone(Girl): 583
Sincere(Boy): 846
Sky(Girl): 1000
Skye(Girl): 480
Skyla(Girl): 666
Skylar(Boy): 356
Skylar(Girl): 135
Skyler(Boy): 229
Skyler(Girl): 250
Sofia(Girl): 161
Solomon(Boy): 463
Sonia(Girl): 506
Sonny(Boy): 869
Sonya(Girl): 892
Sophia(Girl): 42
Sophie(Girl): 160
Spencer(Boy): 98
Stacey(Girl): 682
Stacy(Girl): 597
Stanley(Boy): 505
Stefan(Boy): 571
Stefanie(Girl): 887
Stella(Girl): 656
Stephan(Boy): 718
Stephanie(Girl): 40
Stephany(Girl): 727
Stephen(Boy): 95
Stephon(Boy): 726
Sterling(Boy): 568
Steve(Boy): 394
Steven(Boy): 54
Stone(Boy): 719
Stuart(Boy): 665
Summer(Girl): 145
Susan(Girl): 422
Susana(Girl): 717
Sydnee(Girl): 540
Sydney(Girl): 23
Sydni(Girl): 559
Sydnie(Girl): 681
Syed(Boy): 754
Sylvia(Girl): 505
Tabitha(Girl): 319
Talia(Girl): 378
Talon(Boy): 701
Tamara(Girl): 417
Tamia(Girl): 424
Tania(Girl): 457
Tanner(Boy): 93
Tanya(Girl): 573
Tara(Girl): 239
Tariq(Boy): 648
Taryn(Girl): 447
Tate(Boy): 437
Tatiana(Girl): 252
Tatianna(Girl): 854
Tatum(Girl): 419
Tatyana(Girl): 397
Taya(Girl): 905
Tayler(Girl): 514
Taylor(Boy): 136
Taylor(Girl): 9
Teagan(Girl): 838
Terence(Boy): 797
Teresa(Girl): 343
Terrance(Boy): 403
Terrell(Boy): 409
Terrence(Boy): 486
Terry(Boy): 331
Tess(Girl): 549
Tessa(Girl): 266
Tevin(Boy): 800
Thaddeus(Boy): 762
Thalia(Girl): 630
Theodore(Boy): 312
Theresa(Girl): 416
Thomas(Boy): 33
Tia(Girl): 406
Tiana(Girl): 349
Tianna(Girl): 486
Tiara(Girl): 377
Tierra(Girl): 534
Tiffany(Girl): 101
Timothy(Boy): 58
Tina(Girl): 574
Titus(Boy): 633
Tobias(Boy): 589
Toby(Boy): 538
Todd(Boy): 426
Tomas(Boy): 476
Tommy(Boy): 307
Toni(Girl): 545
Tony(Boy): 282
Tori(Girl): 263
Trace(Boy): 547
Tracy(Girl): 709
Travis(Boy): 115
Travon(Boy): 669
Tre(Boy): 627
Trent(Boy): 232
Trenton(Boy): 178
Trever(Boy): 806
Trevion(Boy): 910
Trevon(Boy): 362
Trevor(Boy): 75
Trey(Boy): 215
Treyvon(Boy): 991
Trinity(Girl): 74
Trisha(Girl): 908
Tristan(Boy): 105
Tristen(Boy): 327
Tristian(Boy): 731
Tristin(Boy): 521
Triston(Boy): 443
Troy(Boy): 225
Trystan(Boy): 907
Tucker(Boy): 288
Turner(Boy): 900
Ty(Boy): 259
Tyler(Boy): 10
Tyler(Girl): 415
Tylor(Boy): 601
Tyra(Girl): 448
Tyree(Boy): 493
Tyreek(Boy): 915
Tyrek(Boy): 880
Tyrell(Boy): 492
Tyrese(Boy): 326
Tyrique(Boy): 953
Tyrone(Boy): 411
Tyshawn(Boy): 885
Tyson(Boy): 335
Ulises(Boy): 555
Ulysses(Boy): 776
Unique(Girl): 890
Uriel(Boy): 478
Valentin(Boy): 958
Valentina(Girl): 714
Valeria(Girl): 222
Valerie(Girl): 166
Vanessa(Girl): 62
Vaughn(Boy): 916
Vernon(Boy): 843
Veronica(Girl): 143
Vicente(Boy): 559
Victor(Boy): 97
Victoria(Girl): 20
Vincent(Boy): 120
Vincenzo(Boy): 992
Violet(Girl): 741
Virginia(Girl): 366
Vivian(Girl): 272
Viviana(Girl): 391
Wade(Boy): 474
Walker(Boy): 428
Walter(Boy): 308
Warren(Boy): 440
Wayne(Boy): 509
Wendy(Girl): 317
Wesley(Boy): 171
Weston(Boy): 398
Whitney(Girl): 270
Will(Boy): 510
William(Boy): 11
Willie(Boy): 410
Willow(Girl): 760
Wilson(Boy): 525
Winston(Boy): 707
Wyatt(Boy): 111
Xander(Boy): 927
Xavier(Boy): 102
Xzavier(Boy): 872
Yadira(Girl): 791
Yamilet(Girl): 841
Yasmeen(Girl): 977
Yasmin(Girl): 423
Yasmine(Girl): 418
Yazmin(Girl): 879
Yesenia(Girl): 248
Yessenia(Girl): 978
Yolanda(Girl): 777
Yvette(Girl): 622
Yvonne(Girl): 829
Zachariah(Boy): 374
Zachary(Boy): 15
Zachery(Boy): 277
Zackary(Boy): 249
Zackery(Boy): 369
Zaire(Boy): 798
Zakary(Boy): 732
Zander(Boy): 993
Zane(Boy): 246
Zaria(Girl): 479
Zechariah(Boy): 670
Zion(Boy): 300
Zoe(Girl): 82
Zoey(Girl): 409
Zoie(Girl): 728
